#@ # 
#@ # Running fc_shell Version V-2023.12-SP4 for linux64 -- Jun 03, 2024
#@ # Date:   Fri Jul 24 14:41:09 2026
#@ # Run by: MulukuriVNath@mavenserver-RH3
#@ 

start_gui
gui_set_pref_value -category {SelectByNamePalette} -key {ObjectType} -value {Logical Cells}
set_host_options -max_cores 8
set DESIGN_NAME           "bms_system_3lmu_top_enhanced"
set WORK_DIR              "/home1/IITR_PD3/MulukuriVNath/Documents/16S_Satellite_BMS_With_Active_Balancing/PnR/trial_1/work"
set OUTPUTS_DIR           "/home1/IITR_PD3/MulukuriVNath/Documents/16S_Satellite_BMS_With_Active_Balancing/PnR/trial_1/outputs"
set SCRIPT_DIR            "/home1/IITR_PD3/MulukuriVNath/Documents/16S_Satellite_BMS_With_Active_Balancing/PnR/trial_1/scripts"
set REFERENCE_LIBRARY     "/home1/14_nmts/14_nmts/stdcell_hvt/ndm/saed14hvt_frame_only.ndm \
/home1/14_nmts/14_nmts/stdcell_slvt/ndm/saed14slvt_frame_only.ndm \
/home1/14_nmts/14_nmts/stdcell_rvt/ndm/saed14rvt_frame_only.ndm \
/home1/14_nmts/14_nmts/stdcell_lvt/ndm/saed14lvt_frame_only.ndm"

set LINK_LIBRARY          "/home1/14_nmts/14_nmts/stdcell_lvt/db_ccs/saed14lvt_ff0p7vm40c.db \
/home1/14_nmts/14_nmts/stdcell_rvt/db_ccs/saed14rvt_ff0p7vm40c.db \
/home1/14_nmts/14_nmts/stdcell_rvt/db_ccs/saed14rvt_ss0p6v125c.db \
/home1/14_nmts/14_nmts/stdcell_lvt/db_ccs/saed14lvt_ss0p6v125c.db "

set TECH_FILE             "/home1/14_nmts/14_nmts/tech/milkyway/saed14nm_1p9m_mw.tf"
set VERILOG_NETLIST_FILES "/home1/IITR_PD3/MulukuriVNath/Documents/16S_Satellite_BMS_With_Active_Balancing/synthesis/top/outputs/bms_system_3lmu_top_enhanced.mapped.v"
set UPF_FILE              "/home1/IITR_PD3/MulukuriVNath/Documents/16S_Satellite_BMS_With_Active_Balancing/PnR/trial_1/scripts/bms_system_3lmu_top_enhanced.golden.upf"
set UPF_SUPPLEMENTAL_FILE "/home1/IITR_PD3/MulukuriVNath/Documents/16S_Satellite_BMS_With_Active_Balancing/PnR/trial_1/scripts/bms_system_3lmu_top_enhanced.supplemental.upf"
set SDC_FILE              "/home1/IITR_PD3/MulukuriVNath/Documents/16S_Satellite_BMS_With_Active_Balancing/PnR/trial_1/scripts/bms_system_3lmu_top_enhanced.sdc"
set DESIGN_LIBRARY        "${WORK_DIR}/${DESIGN_NAME}_fc_lib"
set_app_options -name mv.upf.enable_golden_upf -value true
set_app_var
set_app_options -name mv.upf.enable_golden_upf -value true
create_lib -ref_libs $REFERENCE_LIBRARY -technology $TECH_FILE$DESIGN_LIBRARY
create_lib -ref_libs $REFERENCE_LIBRARY -technology $TECH_FILE$DESIGN_LIBRARY
read_verilog ${VERILOG_NETLIST_FILES}
link_block
current_design ${DESIGN_NAME}
link
save_block -as ${DESIGN_NAME}/01_imported
if {[file exists [which $UPF_FILE]]} {
puts "FC-info: Loading Golden UPF file: $UPF_FILE"
load_upf $UPF_FILE
if {[file exists [which $UPF_FILE]]} {
puts "FC-info: Loading Golden UPF file: $UPF_FILE"
load_upf $UPF_FILE
if {[file exists [which $UPF_SUPPLEMENTAL_FILE]]} {
    puts "FC-info: Loading Supplemental UPF file: $UPF_SUPPLEMENTAL_FILE"
    load_upf -supplemental $UPF_SUPPLEMENTAL_FILE
}
# Commit multi-voltage power architecture into FC database
puts "FC-info: Committing Multi-Voltage Power Intent..."
commit_upf
if {[file exists [which $UPF_SUPPLEMENTAL_FILE]]} {
    puts "FC-info: Loading Supplemental UPF file: $UPF_SUPPLEMENTAL_FILE"
    load_upf -supplemental $UPF_SUPPLEMENTAL_FILE
}

# Commit multi-voltage power architecture into FC database
puts "FC-info: Committing Multi-Voltage Power Intent..."
commit_upf


} else {
puts "FC-error: UPF File ($UPF_FILE) not found!"
}
set_voltage 0.6 -object_list {VDD VDD_LMU0_SW VDD_LMU1_SW VDD_LMU2_SW}
set_voltage 0.0 -object_list {VSS}
set parasitic1				"tlup_max" ;# name of parasitic tech model 1
set tluplus_file($parasitic1)           "/home1/14_nmts/14_nmts/tech/star_rc/max/saed14nm_1p9m_Cmax.tluplus" ;# TLU+ files to read for parasitic 1
set layer_map_file($parasitic1)         "/home1/14_nmts/14_nmts/tech/star_rc/saed14nm_tf_itf_tluplus.map" ;# layer mapping file between ITF and tech for parasitic 1
set parasitic2				"tlup_min" ;# name of parasitic tech model 2
set tluplus_file($parasitic2)           "/home1/14_nmts/14_nmts/tech/star_rc/min/saed14nm_1p9m_Cmin.tluplus" ;# TLU+ files to read for parasitic 2
set layer_map_file($parasitic2)         "/home1/14_nmts/14_nmts/tech/star_rc/saed14nm_tf_itf_tluplus.map" ;# layer mapping file between ITF and tech for parasitic 2
start_gui
initialize_floorplan -core_utilization 0.6 -macro_utilization 0.5 -keep_pg_route -keep_detail_route -side_ratio {2 2} -keep_placement {all std_cell macro block io physical_only}
initialize_floorplan -control_type die -core_utilization 0.6 -macro_utilization 0.5 -side_ratio {10 10}
initialize_floorplan
man DPI-110man DPI-110
man CMD-012
initialize_floorplan -core_utilization 0.6 -macro_utilization 0.4 -shape T -side_ratio {10 10 10 10 10 10} -keep_placement {all std_cell macro block io physical_only}
gui_set_setting -window [gui_get_current_window -types Schematic -mru] -setting schematic:background_color -value black
gui_set_setting -window [gui_get_current_window -types Schematic -mru] -setting zoomFitFactor -value 0.0
gui_scroll -window [gui_get_current_window -view] -vrel .2
gui_scroll -window [gui_get_current_window -view] -vrel .2
gui_zoom -window [gui_get_current_window -view] -full
gui_zoom -window [gui_get_current_window -view] -full
gui_zoom -window [gui_get_current_window -view] -full
gui_zoom -window [gui_get_current_window -view] -full
gui_zoom -window [gui_get_current_window -view] -full
gui_zoom -window [gui_get_current_window -view] -full
gui_zoom -window [gui_get_current_window -view] -full
gui_zoom -window [gui_get_current_window -view] -full
undo
undo
undo
undo
undo
undo
