Information: Updating design information... (UID-85)
Warning: Design 'bms_system_3lmu_top_enhanced' contains 4 high-fanout nets. A fanout number of 1000 will be used for delay calculations involving these nets. (TIM-134)
 
****************************************
Report : timing
        -path full
        -delay max
        -group reg2reg
        -max_paths 1
Design : bms_system_3lmu_top_enhanced
Version: T-2022.03-SP4
Date   : Sat Jul  4 22:11:01 2026
****************************************

 # A fanout number of 1000 was used for high fanout net computations.
Wire Load Model Mode: top

  Startpoint: u_lmu1/u_lmu/u_adc/cell_v_bus_reg_4_
              (rising edge-triggered flip-flop clocked by sys_clk)
  Endpoint: u_lmu1/u_lmu/u_bal/dwell_cnt_reg_1_
            (rising edge-triggered flip-flop clocked by sys_clk)
  Path Group: reg2reg
  Path Type: max

  Des/Clust/Port     Wire Load Model       Library
  ------------------------------------------------
  bms_system_3lmu_top_enhanced
                     16000                 saed14rvt_ss0p6v125c

  Point                                                   Incr       Path      Voltage
  ------------------------------------------------------------------------------------
  clock sys_clk (rise edge)                               0.00       0.00      
  clock network delay (ideal)                             0.00       0.00      
  u_lmu1/u_lmu/u_adc/cell_v_bus_reg_4_/CK (SAEDRVT14_FSDPRBQ_V2LP_1)
                                                          0.00       0.00 r    0.60
  u_lmu1/u_lmu/u_adc/cell_v_bus_reg_4_/Q (SAEDRVT14_FSDPRBQ_V2LP_1)
                                                          0.08       0.08 r    0.60
  u_lmu1/u_lmu/u_adc/cell_v_bus[4] (bms_adc_if_1)         0.00       0.08 r    
  u_lmu1/u_lmu/u_bal/cell_v_bus[4] (bms_active_balancer_1)
                                                          0.00       0.08 r    
  u_lmu1/u_lmu/u_bal/lt_x_4/B[4] (bms_active_balancer_1_DW_cmp_J33_1)
                                                          0.00       0.08 r    
  u_lmu1/u_lmu/u_bal/lt_x_4/U364/X (SAEDRVT14_INV_0P5)
                                                          0.03       0.12 f    0.60
  u_lmu1/u_lmu/u_bal/lt_x_4/U371/X (SAEDRVT14_ND2_CDC_1)
                                                          0.02       0.14 r    0.60
  u_lmu1/u_lmu/u_bal/lt_x_4/U373/X (SAEDRVT14_OAI21_0P5)
                                                          0.03       0.16 f    0.60
  u_lmu1/u_lmu/u_bal/lt_x_4/U377/X (SAEDRVT14_AOI21_0P75)
                                                          0.02       0.19 r    0.60
  u_lmu1/u_lmu/u_bal/lt_x_4/U378/X (SAEDRVT14_OAI21_0P5)
                                                          0.02       0.20 f    0.60
  u_lmu1/u_lmu/u_bal/lt_x_4/U350/X (SAEDRVT14_AO21_U_0P5)
                                                          0.03       0.23 f    0.60
  u_lmu1/u_lmu/u_bal/lt_x_4/U351/X (SAEDRVT14_INV_0P5)
                                                          0.02       0.24 r    0.60
  u_lmu1/u_lmu/u_bal/lt_x_4/GE_LT_GT_LE (bms_active_balancer_1_DW_cmp_J33_1)
                                                          0.00       0.24 r    
  u_lmu1/u_lmu/u_bal/U136/CKOUT (SAEDRVT14_CLKSPLT_1)     0.04       0.28 r    0.60
  u_lmu1/u_lmu/u_bal/U58/X (SAEDRVT14_INV_0P5)            0.01       0.29 f    0.60
  u_lmu1/u_lmu/u_bal/U59/X (SAEDRVT14_INV_0P5)            0.02       0.31 r    0.60
  u_lmu1/u_lmu/u_bal/U1461/X (SAEDRVT14_MUX2_U_0P5)       0.04       0.36 f    0.60
  u_lmu1/u_lmu/u_bal/lt_x_6/B[4] (bms_active_balancer_1_DW_cmp_J39_1)
                                                          0.00       0.36 f    
  u_lmu1/u_lmu/u_bal/lt_x_6/U365/X (SAEDRVT14_INV_0P5)
                                                          0.02       0.37 r    0.60
  u_lmu1/u_lmu/u_bal/lt_x_6/U372/X (SAEDRVT14_ND2_CDC_1)
                                                          0.02       0.39 f    0.60
  u_lmu1/u_lmu/u_bal/lt_x_6/U374/X (SAEDRVT14_OAI21_0P5)
                                                          0.02       0.41 r    0.60
  u_lmu1/u_lmu/u_bal/lt_x_6/U378/X (SAEDRVT14_AOI21_0P75)
                                                          0.02       0.44 f    0.60
  u_lmu1/u_lmu/u_bal/lt_x_6/U379/X (SAEDRVT14_OAI21_0P5)
                                                          0.01       0.45 r    0.60
  u_lmu1/u_lmu/u_bal/lt_x_6/U351/X (SAEDRVT14_AO21_U_0P5)
                                                          0.03       0.47 r    0.60
  u_lmu1/u_lmu/u_bal/lt_x_6/U352/X (SAEDRVT14_INV_0P5)
                                                          0.02       0.49 f    0.60
  u_lmu1/u_lmu/u_bal/lt_x_6/GE_LT_GT_LE (bms_active_balancer_1_DW_cmp_J39_1)
                                                          0.00       0.49 f    
  u_lmu1/u_lmu/u_bal/U406/CKOUTB (SAEDRVT14_CLKSPLT_1)
                                                          0.06       0.55 r    0.60
  u_lmu1/u_lmu/u_bal/U395/X (SAEDRVT14_INV_0P5)           0.03       0.58 f    0.60
  u_lmu1/u_lmu/u_bal/U1366/X (SAEDRVT14_ND2B_U_0P5)       0.02       0.60 r    0.60
  u_lmu1/u_lmu/u_bal/U1367/X (SAEDRVT14_OA21_1)           0.03       0.63 r    0.60
  u_lmu1/u_lmu/u_bal/lt_x_8/B[9] (bms_active_balancer_1_DW_cmp_1)
                                                          0.00       0.63 r    
  u_lmu1/u_lmu/u_bal/lt_x_8/U382/X (SAEDRVT14_INV_0P5)
                                                          0.01       0.64 f    0.60
  u_lmu1/u_lmu/u_bal/lt_x_8/U337/X (SAEDLVT14_NR2_MM_0P5)
                                                          0.02       0.66 r    0.60
  u_lmu1/u_lmu/u_bal/lt_x_8/U395/X (SAEDRVT14_OAI21_0P5)
                                                          0.03       0.69 f    0.60
  u_lmu1/u_lmu/u_bal/lt_x_8/U399/X (SAEDRVT14_AOI21_0P75)
                                                          0.02       0.71 r    0.60
  u_lmu1/u_lmu/u_bal/lt_x_8/U407/X (SAEDRVT14_OAI21_0P5)
                                                          0.02       0.73 f    0.60
  u_lmu1/u_lmu/u_bal/lt_x_8/U353/X (SAEDRVT14_AO21_U_0P5)
                                                          0.02       0.75 f    0.60
  u_lmu1/u_lmu/u_bal/lt_x_8/U354/X (SAEDRVT14_INV_0P5)
                                                          0.02       0.77 r    0.60
  u_lmu1/u_lmu/u_bal/lt_x_8/GE_LT_GT_LE (bms_active_balancer_1_DW_cmp_1)
                                                          0.00       0.77 r    
  u_lmu1/u_lmu/u_bal/U401/CKOUTB (SAEDRVT14_CLKSPLT_1)
                                                          0.06       0.83 f    0.60
  u_lmu1/u_lmu/u_bal/U378/X (SAEDRVT14_INV_0P5)           0.02       0.85 r    0.60
  u_lmu1/u_lmu/u_bal/U1349/X (SAEDRVT14_ND2B_U_0P5)       0.02       0.87 f    0.60
  u_lmu1/u_lmu/u_bal/U515/X (SAEDRVT14_INV_0P5)           0.01       0.88 r    0.60
  u_lmu1/u_lmu/u_bal/U518/X (SAEDRVT14_NR2_1)             0.01       0.90 f    0.60
  u_lmu1/u_lmu/u_bal/U284/X (SAEDRVT14_OR2_MM_1P5)        0.03       0.92 f    0.60
  u_lmu1/u_lmu/u_bal/lt_x_10/B[10] (bms_active_balancer_1_DW_cmp_J36_1)
                                                          0.00       0.92 f    
  u_lmu1/u_lmu/u_bal/lt_x_10/U384/X (SAEDRVT14_INV_0P5)
                                                          0.01       0.93 r    0.60
  u_lmu1/u_lmu/u_bal/lt_x_10/U396/X (SAEDRVT14_ND2_CDC_1)
                                                          0.02       0.95 f    0.60
  u_lmu1/u_lmu/u_bal/lt_x_10/U398/X (SAEDRVT14_OAI21_0P5)
                                                          0.02       0.98 r    0.60
  u_lmu1/u_lmu/u_bal/lt_x_10/U399/X (SAEDRVT14_AOI21_0P75)
                                                          0.01       0.99 f    0.60
  u_lmu1/u_lmu/u_bal/lt_x_10/U407/X (SAEDRVT14_OAI21_0P5)
                                                          0.02       1.01 r    0.60
  u_lmu1/u_lmu/u_bal/lt_x_10/U353/X (SAEDRVT14_AO21_U_0P5)
                                                          0.02       1.02 r    0.60
  u_lmu1/u_lmu/u_bal/lt_x_10/U354/X (SAEDRVT14_INV_0P5)
                                                          0.02       1.04 f    0.60
  u_lmu1/u_lmu/u_bal/lt_x_10/GE_LT_GT_LE (bms_active_balancer_1_DW_cmp_J36_1)
                                                          0.00       1.04 f    
  u_lmu1/u_lmu/u_bal/U407/CKOUTB (SAEDRVT14_CLKSPLT_1)
                                                          0.06       1.10 r    0.60
  u_lmu1/u_lmu/u_bal/U391/X (SAEDRVT14_INV_0P5)           0.03       1.13 f    0.60
  u_lmu1/u_lmu/u_bal/U1370/X (SAEDRVT14_ND2B_U_0P5)       0.02       1.15 r    0.60
  u_lmu1/u_lmu/u_bal/U1371/X (SAEDRVT14_OA21_1)           0.03       1.18 r    0.60
  u_lmu1/u_lmu/u_bal/lt_x_12/B[9] (bms_active_balancer_1_DW_cmp_J38_1)
                                                          0.00       1.18 r    
  u_lmu1/u_lmu/u_bal/lt_x_12/U382/X (SAEDRVT14_INV_0P5)
                                                          0.01       1.19 f    0.60
  u_lmu1/u_lmu/u_bal/lt_x_12/U337/X (SAEDLVT14_NR2_MM_0P5)
                                                          0.02       1.21 r    0.60
  u_lmu1/u_lmu/u_bal/lt_x_12/U395/X (SAEDRVT14_OAI21_0P5)
                                                          0.03       1.24 f    0.60
  u_lmu1/u_lmu/u_bal/lt_x_12/U399/X (SAEDRVT14_AOI21_0P75)
                                                          0.02       1.26 r    0.60
  u_lmu1/u_lmu/u_bal/lt_x_12/U407/X (SAEDRVT14_OAI21_0P5)
                                                          0.02       1.28 f    0.60
  u_lmu1/u_lmu/u_bal/lt_x_12/U353/X (SAEDRVT14_AO21_U_0P5)
                                                          0.02       1.30 f    0.60
  u_lmu1/u_lmu/u_bal/lt_x_12/U354/X (SAEDRVT14_INV_0P5)
                                                          0.03       1.32 r    0.60
  u_lmu1/u_lmu/u_bal/lt_x_12/GE_LT_GT_LE (bms_active_balancer_1_DW_cmp_J38_1)
                                                          0.00       1.32 r    
  u_lmu1/u_lmu/u_bal/U402/CKOUTB (SAEDRVT14_CLKSPLT_1)
                                                          0.07       1.40 f    0.60
  u_lmu1/u_lmu/u_bal/U403/X (SAEDRVT14_INV_0P5)           0.03       1.42 r    0.60
  u_lmu1/u_lmu/u_bal/U1469/X (SAEDRVT14_OA21_1)           0.04       1.46 r    0.60
  u_lmu1/u_lmu/u_bal/lt_x_14/B[4] (bms_active_balancer_1_DW_cmp_J34_1)
                                                          0.00       1.46 r    
  u_lmu1/u_lmu/u_bal/lt_x_14/U367/X (SAEDRVT14_INV_0P5)
                                                          0.01       1.48 f    0.60
  u_lmu1/u_lmu/u_bal/lt_x_14/U373/X (SAEDRVT14_ND2_CDC_1)
                                                          0.02       1.49 r    0.60
  u_lmu1/u_lmu/u_bal/lt_x_14/U375/X (SAEDRVT14_OAI21_0P5)
                                                          0.03       1.52 f    0.60
  u_lmu1/u_lmu/u_bal/lt_x_14/U379/X (SAEDRVT14_AOI21_0P75)
                                                          0.02       1.54 r    0.60
  u_lmu1/u_lmu/u_bal/lt_x_14/U380/X (SAEDRVT14_OAI21_0P5)
                                                          0.02       1.56 f    0.60
  u_lmu1/u_lmu/u_bal/lt_x_14/U353/X (SAEDRVT14_AO21_U_0P5)
                                                          0.03       1.58 f    0.60
  u_lmu1/u_lmu/u_bal/lt_x_14/U354/X (SAEDRVT14_INV_0P5)
                                                          0.03       1.61 r    0.60
  u_lmu1/u_lmu/u_bal/lt_x_14/GE_LT_GT_LE (bms_active_balancer_1_DW_cmp_J34_1)
                                                          0.00       1.61 r    
  u_lmu1/u_lmu/u_bal/U414/CKOUT (SAEDRVT14_CLKSPLT_1)     0.06       1.67 r    0.60
  u_lmu1/u_lmu/u_bal/U131/X (SAEDRVT14_INV_0P5)           0.01       1.68 f    0.60
  u_lmu1/u_lmu/u_bal/U133/X (SAEDRVT14_INV_0P5)           0.02       1.70 r    0.60
  u_lmu1/u_lmu/u_bal/U226/X (SAEDRVT14_AN2_MM_0P5)        0.03       1.74 r    0.60
  u_lmu1/u_lmu/u_bal/U510/X (SAEDRVT14_NR2_1)             0.01       1.75 f    0.60
  u_lmu1/u_lmu/u_bal/U288/X (SAEDRVT14_OR2_MM_1P5)        0.03       1.78 f    0.60
  u_lmu1/u_lmu/u_bal/lt_x_16/B[3] (bms_active_balancer_1_DW_cmp_J35_1)
                                                          0.00       1.78 f    
  u_lmu1/u_lmu/u_bal/lt_x_16/U362/X (SAEDRVT14_INV_0P5)
                                                          0.01       1.79 r    0.60
  u_lmu1/u_lmu/u_bal/lt_x_16/U351/X (SAEDRVT14_NR2_1)     0.01       1.80 f    0.60
  u_lmu1/u_lmu/u_bal/lt_x_16/U334/X (SAEDRVT14_NR2_1)     0.02       1.82 r    0.60
  u_lmu1/u_lmu/u_bal/lt_x_16/U366/X (SAEDRVT14_AOI21_0P75)
                                                          0.02       1.84 f    0.60
  u_lmu1/u_lmu/u_bal/lt_x_16/U380/X (SAEDRVT14_OAI21_0P5)
                                                          0.02       1.86 r    0.60
  u_lmu1/u_lmu/u_bal/lt_x_16/U353/X (SAEDRVT14_AO21_U_0P5)
                                                          0.03       1.89 r    0.60
  u_lmu1/u_lmu/u_bal/lt_x_16/U354/X (SAEDRVT14_INV_0P5)
                                                          0.02       1.90 f    0.60
  u_lmu1/u_lmu/u_bal/lt_x_16/GE_LT_GT_LE (bms_active_balancer_1_DW_cmp_J35_1)
                                                          0.00       1.90 f    
  u_lmu1/u_lmu/u_bal/U425/CKOUTB (SAEDRVT14_CLKSPLT_1)
                                                          0.06       1.96 r    0.60
  u_lmu1/u_lmu/u_bal/U397/X (SAEDRVT14_INV_0P5)           0.02       1.99 f    0.60
  u_lmu1/u_lmu/u_bal/U1376/X (SAEDRVT14_ND2_CDC_1)        0.02       2.01 r    0.60
  u_lmu1/u_lmu/u_bal/U1377/X (SAEDRVT14_OA21_1)           0.03       2.04 r    0.60
  u_lmu1/u_lmu/u_bal/lt_x_18/B[9] (bms_active_balancer_1_DW_cmp_J33_0)
                                                          0.00       2.04 r    
  u_lmu1/u_lmu/u_bal/lt_x_18/U381/X (SAEDRVT14_INV_0P5)
                                                          0.01       2.05 f    0.60
  u_lmu1/u_lmu/u_bal/lt_x_18/U337/X (SAEDLVT14_NR2_MM_0P5)
                                                          0.02       2.07 r    0.60
  u_lmu1/u_lmu/u_bal/lt_x_18/U395/X (SAEDRVT14_OAI21_0P5)
                                                          0.03       2.09 f    0.60
  u_lmu1/u_lmu/u_bal/lt_x_18/U399/X (SAEDRVT14_AOI21_0P75)
                                                          0.02       2.11 r    0.60
  u_lmu1/u_lmu/u_bal/lt_x_18/U407/X (SAEDRVT14_OAI21_0P5)
                                                          0.02       2.13 f    0.60
  u_lmu1/u_lmu/u_bal/lt_x_18/U352/X (SAEDRVT14_AO21_U_0P5)
                                                          0.02       2.16 f    0.60
  u_lmu1/u_lmu/u_bal/lt_x_18/U353/X (SAEDRVT14_INV_0P5)
                                                          0.02       2.17 r    0.60
  u_lmu1/u_lmu/u_bal/lt_x_18/GE_LT_GT_LE (bms_active_balancer_1_DW_cmp_J33_0)
                                                          0.00       2.17 r    
  u_lmu1/u_lmu/u_bal/U83/CKOUT (SAEDRVT14_CLKSPLT_1)      0.04       2.21 r    0.60
  u_lmu1/u_lmu/u_bal/U423/CKOUT (SAEDRVT14_CLKSPLT_1)     0.03       2.24 r    0.60
  u_lmu1/u_lmu/u_bal/U85/X (SAEDRVT14_INV_0P5)            0.01       2.26 f    0.60
  u_lmu1/u_lmu/u_bal/U86/X (SAEDRVT14_INV_0P5)            0.02       2.28 r    0.60
  u_lmu1/u_lmu/u_bal/U219/X (SAEDRVT14_AN2_MM_0P5)        0.03       2.31 r    0.60
  u_lmu1/u_lmu/u_bal/U489/X (SAEDLVT14_NR2_MM_0P5)        0.01       2.32 f    0.60
  u_lmu1/u_lmu/u_bal/U299/X (SAEDRVT14_OR2_MM_1P5)        0.03       2.35 f    0.60
  u_lmu1/u_lmu/u_bal/lt_x_20/B[14] (bms_active_balancer_1_DW_cmp_J37_0)
                                                          0.00       2.35 f    
  u_lmu1/u_lmu/u_bal/lt_x_20/U390/X (SAEDRVT14_INV_0P5)
                                                          0.01       2.36 r    0.60
  u_lmu1/u_lmu/u_bal/lt_x_20/U346/X (SAEDRVT14_NR2_1)     0.01       2.37 f    0.60
  u_lmu1/u_lmu/u_bal/lt_x_20/U342/X (SAEDRVT14_NR2_1)     0.02       2.39 r    0.60
  u_lmu1/u_lmu/u_bal/lt_x_20/U392/X (SAEDRVT14_ND2_CDC_1)
                                                          0.02       2.40 f    0.60
  u_lmu1/u_lmu/u_bal/lt_x_20/U355/X (SAEDRVT14_NR2_1)     0.02       2.42 r    0.60
  u_lmu1/u_lmu/u_bal/lt_x_20/U353/X (SAEDRVT14_AO21_U_0P5)
                                                          0.03       2.45 r    0.60
  u_lmu1/u_lmu/u_bal/lt_x_20/U354/X (SAEDRVT14_INV_0P5)
                                                          0.03       2.48 f    0.60
  u_lmu1/u_lmu/u_bal/lt_x_20/GE_LT_GT_LE (bms_active_balancer_1_DW_cmp_J37_0)
                                                          0.00       2.48 f    
  u_lmu1/u_lmu/u_bal/U417/CKOUTB (SAEDRVT14_CLKSPLT_1)
                                                          0.09       2.56 r    0.60
  u_lmu1/u_lmu/u_bal/U418/X (SAEDRVT14_INV_0P5)           0.04       2.60 f    0.60
  u_lmu1/u_lmu/u_bal/U1270/X (SAEDRVT14_ND2_CDC_1)        0.02       2.62 r    0.60
  u_lmu1/u_lmu/u_bal/U1271/X (SAEDRVT14_OA21_1)           0.03       2.65 r    0.60
  u_lmu1/u_lmu/u_bal/lt_x_22/B[14] (bms_active_balancer_1_DW_cmp_J39_0)
                                                          0.00       2.65 r    
  u_lmu1/u_lmu/u_bal/lt_x_22/U389/X (SAEDRVT14_INV_0P5)
                                                          0.01       2.66 f    0.60
  u_lmu1/u_lmu/u_bal/lt_x_22/U403/X (SAEDRVT14_ND2_CDC_1)
                                                          0.02       2.68 r    0.60
  u_lmu1/u_lmu/u_bal/lt_x_22/U405/X (SAEDRVT14_OAI21_0P5)
                                                          0.03       2.70 f    0.60
  u_lmu1/u_lmu/u_bal/lt_x_22/U406/X (SAEDRVT14_AOI21_0P75)
                                                          0.02       2.72 r    0.60
  u_lmu1/u_lmu/u_bal/lt_x_22/U407/X (SAEDRVT14_OAI21_0P5)
                                                          0.02       2.73 f    0.60
  u_lmu1/u_lmu/u_bal/lt_x_22/U352/X (SAEDRVT14_AO21_U_0P5)
                                                          0.02       2.76 f    0.60
  u_lmu1/u_lmu/u_bal/lt_x_22/U353/X (SAEDRVT14_INV_0P5)
                                                          0.02       2.78 r    0.60
  u_lmu1/u_lmu/u_bal/lt_x_22/GE_LT_GT_LE (bms_active_balancer_1_DW_cmp_J39_0)
                                                          0.00       2.78 r    
  u_lmu1/u_lmu/u_bal/U426/CKOUTB (SAEDRVT14_CLKSPLT_1)
                                                          0.06       2.84 f    0.60
  u_lmu1/u_lmu/u_bal/U427/X (SAEDRVT14_INV_0P5)           0.03       2.86 r    0.60
  u_lmu1/u_lmu/u_bal/U1294/X (SAEDRVT14_OA21_1)           0.04       2.91 r    0.60
  u_lmu1/u_lmu/u_bal/lt_x_24/B[13] (bms_active_balancer_1_DW_cmp_0)
                                                          0.00       2.91 r    
  u_lmu1/u_lmu/u_bal/lt_x_24/U388/X (SAEDRVT14_INV_0P5)
                                                          0.01       2.92 f    0.60
  u_lmu1/u_lmu/u_bal/lt_x_24/U336/X (SAEDLVT14_NR2_MM_0P5)
                                                          0.02       2.94 r    0.60
  u_lmu1/u_lmu/u_bal/lt_x_24/U389/X (SAEDRVT14_NR2_1)     0.02       2.96 f    0.60
  u_lmu1/u_lmu/u_bal/lt_x_24/U392/X (SAEDRVT14_ND2_CDC_1)
                                                          0.02       2.98 r    0.60
  u_lmu1/u_lmu/u_bal/lt_x_24/U407/X (SAEDRVT14_OAI21_0P5)
                                                          0.02       3.00 f    0.60
  u_lmu1/u_lmu/u_bal/lt_x_24/U353/X (SAEDRVT14_AO21_U_0P5)
                                                          0.02       3.02 f    0.60
  u_lmu1/u_lmu/u_bal/lt_x_24/U354/X (SAEDRVT14_INV_0P5)
                                                          0.04       3.06 r    0.60
  u_lmu1/u_lmu/u_bal/lt_x_24/GE_LT_GT_LE (bms_active_balancer_1_DW_cmp_0)
                                                          0.00       3.06 r    
  u_lmu1/u_lmu/u_bal/U424/CKOUT (SAEDRVT14_CLKSPLT_1)     0.08       3.14 r    0.60
  u_lmu1/u_lmu/u_bal/U172/X (SAEDRVT14_INV_0P5)           0.01       3.15 f    0.60
  u_lmu1/u_lmu/u_bal/U173/X (SAEDRVT14_INV_0P5)           0.02       3.17 r    0.60
  u_lmu1/u_lmu/u_bal/U210/X (SAEDRVT14_AN2_MM_1)          0.03       3.20 r    0.60
  u_lmu1/u_lmu/u_bal/U468/X (SAEDLVT14_NR2_MM_0P5)        0.01       3.22 f    0.60
  u_lmu1/u_lmu/u_bal/U300/X (SAEDRVT14_OR2_MM_1P5)        0.03       3.24 f    0.60
  u_lmu1/u_lmu/u_bal/lt_x_26/B[14] (bms_active_balancer_1_DW_cmp_J36_0)
                                                          0.00       3.24 f    
  u_lmu1/u_lmu/u_bal/lt_x_26/U389/X (SAEDRVT14_INV_0P5)
                                                          0.01       3.25 r    0.60
  u_lmu1/u_lmu/u_bal/lt_x_26/U390/X (SAEDRVT14_NR2_1)     0.01       3.26 f    0.60
  u_lmu1/u_lmu/u_bal/lt_x_26/U342/X (SAEDRVT14_NR2_1)     0.02       3.28 r    0.60
  u_lmu1/u_lmu/u_bal/lt_x_26/U392/X (SAEDRVT14_ND2_CDC_1)
                                                          0.02       3.30 f    0.60
  u_lmu1/u_lmu/u_bal/lt_x_26/U354/X (SAEDRVT14_NR2_1)     0.02       3.32 r    0.60
  u_lmu1/u_lmu/u_bal/lt_x_26/U352/X (SAEDRVT14_AO21_U_0P5)
                                                          0.03       3.34 r    0.60
  u_lmu1/u_lmu/u_bal/lt_x_26/U353/X (SAEDRVT14_INV_0P5)
                                                          0.02       3.36 f    0.60
  u_lmu1/u_lmu/u_bal/lt_x_26/GE_LT_GT_LE (bms_active_balancer_1_DW_cmp_J36_0)
                                                          0.00       3.36 f    
  u_lmu1/u_lmu/u_bal/U428/CKOUTB (SAEDRVT14_CLKSPLT_1)
                                                          0.07       3.43 r    0.60
  u_lmu1/u_lmu/u_bal/U381/X (SAEDRVT14_INV_0P5)           0.03       3.46 f    0.60
  u_lmu1/u_lmu/u_bal/U383/X (SAEDRVT14_ND2_CDC_1)         0.03       3.49 r    0.60
  u_lmu1/u_lmu/u_bal/U1254/X (SAEDRVT14_OA21_1)           0.03       3.52 r    0.60
  u_lmu1/u_lmu/u_bal/lt_x_28/B[15] (bms_active_balancer_1_DW_cmp_J38_0)
                                                          0.00       3.52 r    
  u_lmu1/u_lmu/u_bal/lt_x_28/U391/X (SAEDRVT14_INV_0P5)
                                                          0.01       3.53 f    0.60
  u_lmu1/u_lmu/u_bal/lt_x_28/U342/X (SAEDLVT14_NR2_MM_0P5)
                                                          0.02       3.55 r    0.60
  u_lmu1/u_lmu/u_bal/lt_x_28/U341/X (SAEDRVT14_NR2_1)     0.03       3.57 f    0.60
  u_lmu1/u_lmu/u_bal/lt_x_28/U392/X (SAEDRVT14_ND2_CDC_1)
                                                          0.02       3.59 r    0.60
  u_lmu1/u_lmu/u_bal/lt_x_28/U407/X (SAEDRVT14_OAI21_0P5)
                                                          0.02       3.61 f    0.60
  u_lmu1/u_lmu/u_bal/lt_x_28/U353/X (SAEDRVT14_AO21_U_0P5)
                                                          0.02       3.63 f    0.60
  u_lmu1/u_lmu/u_bal/lt_x_28/U354/X (SAEDRVT14_INV_0P5)
                                                          0.02       3.65 r    0.60
  u_lmu1/u_lmu/u_bal/lt_x_28/GE_LT_GT_LE (bms_active_balancer_1_DW_cmp_J38_0)
                                                          0.00       3.65 r    
  u_lmu1/u_lmu/u_bal/U430/CKOUTB (SAEDRVT14_CLKSPLT_1)
                                                          0.06       3.71 f    0.60
  u_lmu1/u_lmu/u_bal/U399/X (SAEDRVT14_INV_0P5)           0.03       3.74 r    0.60
  u_lmu1/u_lmu/u_bal/U1482/X (SAEDRVT14_ND2_CDC_1)        0.03       3.77 f    0.60
  u_lmu1/u_lmu/u_bal/U1483/X (SAEDRVT14_OA21_1)           0.02       3.79 f    0.60
  u_lmu1/u_lmu/u_bal/lt_x_30/B[4] (bms_active_balancer_1_DW_cmp_J34_0)
                                                          0.00       3.79 f    
  u_lmu1/u_lmu/u_bal/lt_x_30/U366/X (SAEDRVT14_INV_0P5)
                                                          0.01       3.80 r    0.60
  u_lmu1/u_lmu/u_bal/lt_x_30/U372/X (SAEDRVT14_ND2_CDC_1)
                                                          0.02       3.82 f    0.60
  u_lmu1/u_lmu/u_bal/lt_x_30/U374/X (SAEDRVT14_OAI21_0P5)
                                                          0.02       3.84 r    0.60
  u_lmu1/u_lmu/u_bal/lt_x_30/U378/X (SAEDRVT14_AOI21_0P75)
                                                          0.02       3.87 f    0.60
  u_lmu1/u_lmu/u_bal/lt_x_30/U379/X (SAEDRVT14_OAI21_0P5)
                                                          0.01       3.88 r    0.60
  u_lmu1/u_lmu/u_bal/lt_x_30/U352/X (SAEDRVT14_AO21_U_0P5)
                                                          0.03       3.90 r    0.60
  u_lmu1/u_lmu/u_bal/lt_x_30/U353/X (SAEDRVT14_INV_0P5)
                                                          0.02       3.93 f    0.60
  u_lmu1/u_lmu/u_bal/lt_x_30/GE_LT_GT_LE (bms_active_balancer_1_DW_cmp_J34_0)
                                                          0.00       3.93 f    
  u_lmu1/u_lmu/u_bal/U431/CKOUTB (SAEDRVT14_CLKSPLT_1)
                                                          0.07       4.00 r    0.60
  u_lmu1/u_lmu/u_bal/U432/X (SAEDRVT14_INV_0P5)           0.03       4.03 f    0.60
  u_lmu1/u_lmu/u_bal/U1256/X (SAEDRVT14_ND2B_U_0P5)       0.03       4.06 r    0.60
  u_lmu1/u_lmu/u_bal/U1257/X (SAEDRVT14_OA21_1)           0.03       4.09 r    0.60
  u_lmu1/u_lmu/u_bal/lt_x_32/B[15] (bms_active_balancer_1_DW_cmp_J35_0)
                                                          0.00       4.09 r    
  u_lmu1/u_lmu/u_bal/lt_x_32/U391/X (SAEDRVT14_INV_0P5)
                                                          0.01       4.10 f    0.60
  u_lmu1/u_lmu/u_bal/lt_x_32/U345/X (SAEDLVT14_NR2_MM_0P5)
                                                          0.02       4.12 r    0.60
  u_lmu1/u_lmu/u_bal/lt_x_32/U344/X (SAEDRVT14_NR2_1)     0.03       4.14 f    0.60
  u_lmu1/u_lmu/u_bal/lt_x_32/U392/X (SAEDRVT14_ND2_CDC_1)
                                                          0.02       4.16 r    0.60
  u_lmu1/u_lmu/u_bal/lt_x_32/U407/X (SAEDRVT14_OAI21_0P5)
                                                          0.02       4.18 f    0.60
  u_lmu1/u_lmu/u_bal/lt_x_32/U350/X (SAEDRVT14_AO21_U_0P5)
                                                          0.02       4.21 f    0.60
  u_lmu1/u_lmu/u_bal/lt_x_32/U351/X (SAEDRVT14_INV_0P5)
                                                          0.02       4.22 r    0.60
  u_lmu1/u_lmu/u_bal/lt_x_32/GE_LT_GT_LE (bms_active_balancer_1_DW_cmp_J35_0)
                                                          0.00       4.22 r    
  u_lmu1/u_lmu/u_bal/U138/CKOUTB (SAEDRVT14_CLKSPLT_1)
                                                          0.07       4.30 f    0.60
  u_lmu1/u_lmu/u_bal/U1626/X (SAEDRVT14_AO21B_0P5)        0.04       4.34 f    0.60
  u_lmu1/u_lmu/u_bal/sub_x_34/B[1] (bms_active_balancer_1_DW01_sub_J47_0)
                                                          0.00       4.34 f    
  u_lmu1/u_lmu/u_bal/sub_x_34/U67/X (SAEDRVT14_INV_0P5)
                                                          0.01       4.35 r    0.60
  u_lmu1/u_lmu/u_bal/sub_x_34/U52/CO (SAEDRVT14_ADDF_V2_0P5)
                                                          0.06       4.41 r    0.60
  u_lmu1/u_lmu/u_bal/sub_x_34/U53/CO (SAEDRVT14_ADDF_V2_0P5)
                                                          0.03       4.44 r    0.60
  u_lmu1/u_lmu/u_bal/sub_x_34/U54/CO (SAEDRVT14_ADDF_V2_0P5)
                                                          0.03       4.48 r    0.60
  u_lmu1/u_lmu/u_bal/sub_x_34/U42/CO (SAEDRVT14_ADDF_V2_0P5)
                                                          0.03       4.51 r    0.60
  u_lmu1/u_lmu/u_bal/sub_x_34/U43/CO (SAEDRVT14_ADDF_V2_0P5)
                                                          0.03       4.55 r    0.60
  u_lmu1/u_lmu/u_bal/sub_x_34/U48/CO (SAEDRVT14_ADDF_V2_0P5)
                                                          0.03       4.58 r    0.60
  u_lmu1/u_lmu/u_bal/sub_x_34/U49/CO (SAEDRVT14_ADDF_V2_0P5)
                                                          0.03       4.62 r    0.60
  u_lmu1/u_lmu/u_bal/sub_x_34/U50/CO (SAEDRVT14_ADDF_V2_0P5)
                                                          0.03       4.65 r    0.60
  u_lmu1/u_lmu/u_bal/sub_x_34/U51/CO (SAEDRVT14_ADDF_V2_0P5)
                                                          0.03       4.69 r    0.60
  u_lmu1/u_lmu/u_bal/sub_x_34/U44/CO (SAEDRVT14_ADDF_V2_0P5)
                                                          0.03       4.72 r    0.60
  u_lmu1/u_lmu/u_bal/sub_x_34/U45/CO (SAEDRVT14_ADDF_V2_0P5)
                                                          0.03       4.76 r    0.60
  u_lmu1/u_lmu/u_bal/sub_x_34/U46/CO (SAEDRVT14_ADDF_V2_0P5)
                                                          0.03       4.79 r    0.60
  u_lmu1/u_lmu/u_bal/sub_x_34/U47/CO (SAEDRVT14_ADDF_V2_0P5)
                                                          0.04       4.83 r    0.60
  u_lmu1/u_lmu/u_bal/sub_x_34/U71/CO (SAEDRVT14_ADDF_V1_0P5)
                                                          0.05       4.88 r    0.60
  u_lmu1/u_lmu/u_bal/sub_x_34/U39/X (SAEDRVT14_EO2_1)     0.03       4.91 r    0.60
  u_lmu1/u_lmu/u_bal/sub_x_34/DIFF[15] (bms_active_balancer_1_DW01_sub_J47_0)
                                                          0.00       4.91 r    
  u_lmu1/u_lmu/u_bal/U441/X (SAEDLVT14_NR2_MM_0P5)        0.01       4.92 f    0.60
  u_lmu1/u_lmu/u_bal/U735/X (SAEDRVT14_ND3_0P5)           0.03       4.95 r    0.60
  u_lmu1/u_lmu/u_bal/U740/X (SAEDRVT14_OAI21_0P5)         0.02       4.97 f    0.60
  u_lmu1/u_lmu/u_bal/U762/X (SAEDRVT14_ND3B_0P75)         0.05       5.02 f    0.60
  u_lmu1/u_lmu/u_bal/U730/X (SAEDRVT14_INV_0P5)           0.02       5.04 r    0.60
  u_lmu1/u_lmu/u_bal/U731/X (SAEDRVT14_INV_0P5)           0.02       5.05 f    0.60
  u_lmu1/u_lmu/u_bal/U46/X (SAEDRVT14_INV_0P5)            0.02       5.07 r    0.60
  u_lmu1/u_lmu/u_bal/U48/X (SAEDRVT14_INV_0P5)            0.02       5.09 f    0.60
  u_lmu1/u_lmu/u_bal/U824/X (SAEDRVT14_NR2_1)             0.02       5.10 r    0.60
  u_lmu1/u_lmu/u_bal/dwell_cnt_reg_1_/D (SAEDRVT14_FSDPRBQ_V2LP_1)
                                                          0.00       5.11 r    0.60
  data arrival time                                                  5.11      

  clock sys_clk (rise edge)                              10.00      10.00      
  clock network delay (ideal)                             0.00      10.00      
  clock uncertainty                                      -0.15       9.85      
  u_lmu1/u_lmu/u_bal/dwell_cnt_reg_1_/CK (SAEDRVT14_FSDPRBQ_V2LP_1)
                                                          0.00       9.85 r    
  library setup time                                     -0.02       9.83      
  data required time                                                 9.83      
  ------------------------------------------------------------------------------------
  data required time                                                 9.83      
  data arrival time                                                 -5.11      
  ------------------------------------------------------------------------------------
  slack (MET)                                                        4.72      


1
