Information: Checking out the license 'DesignWare'. (SEC-104)
  Allocating blocks in 'DW_div_uns_a_width16_b_width2'
  Allocating blocks in 'DW_div_a_width16_b_width2_tc_mode0_rem_mode1'
Warning: Design 'DW_div_uns_a_width16_b_width2' inherited license information from design 'DW_div_a_width16_b_width2_tc_mode0_rem_mode1'. (DDB-74)
  Allocating blocks in 'DW_div_uns_a_width16_b_width15'
  Allocating blocks in 'DW_div_a_width16_b_width15_tc_mode0_rem_mode1'
Warning: Design 'DW_div_uns_a_width16_b_width15' inherited license information from design 'DW_div_a_width16_b_width15_tc_mode0_rem_mode1'. (DDB-74)
  Allocating blocks in 'DW_div_uns_a_width32_b_width17'
  Allocating blocks in 'DW_div_a_width32_b_width17_tc_mode0_rem_mode1'
Warning: Design 'DW_div_uns_a_width32_b_width17' inherited license information from design 'DW_div_a_width32_b_width17_tc_mode0_rem_mode1'. (DDB-74)
Information: Updating design information... (UID-85)
Warning: Design 'bms_system_3lmu_top_enhanced' contains 13 high-fanout nets. A fanout number of 1000 will be used for delay calculations involving these nets. (TIM-134)

Information: Checking generated_clocks...

Information: Checking loops...

Information: Checking no_input_delay...

Information: Checking unconstrained_endpoints...

Warning: The following end-points are not constrained for maximum delay.

End point
---------------
u_lmu0/u_lmu/u_comm/u_can/frame_data_reg[0]/synch_enable
u_lmu0/u_lmu/u_comm/u_can/frame_data_reg[1]/synch_enable
u_lmu0/u_lmu/u_comm/u_can/frame_data_reg[2]/synch_enable
u_lmu0/u_lmu/u_comm/u_can/frame_data_reg[3]/synch_enable
u_lmu0/u_lmu/u_comm/u_can/frame_data_reg[4]/synch_enable
u_lmu0/u_lmu/u_comm/u_can/frame_data_reg[5]/synch_enable
u_lmu0/u_lmu/u_comm/u_can/frame_data_reg[6]/synch_enable
u_lmu0/u_lmu/u_comm/u_can/frame_data_reg[7]/synch_enable
u_lmu0/u_lmu/u_comm/u_can/frame_data_reg[8]/synch_enable
u_lmu0/u_lmu/u_comm/u_can/frame_data_reg[9]/synch_enable
u_lmu0/u_lmu/u_comm/u_can/frame_data_reg[10]/synch_enable
u_lmu0/u_lmu/u_comm/u_can/frame_data_reg[11]/synch_enable
u_lmu0/u_lmu/u_comm/u_can/frame_data_reg[12]/synch_enable
u_lmu0/u_lmu/u_comm/u_can/frame_data_reg[13]/synch_enable
u_lmu0/u_lmu/u_comm/u_can/frame_data_reg[14]/synch_enable
u_lmu0/u_lmu/u_comm/u_can/frame_data_reg[15]/synch_enable
u_lmu0/u_lmu/u_comm/u_can/frame_data_reg[16]/synch_enable
u_lmu0/u_lmu/u_comm/u_can/frame_data_reg[17]/synch_enable
u_lmu0/u_lmu/u_comm/u_can/frame_data_reg[18]/synch_enable
u_lmu0/u_lmu/u_comm/u_can/frame_data_reg[19]/synch_enable
u_lmu0/u_lmu/u_comm/u_can/frame_data_reg[20]/synch_enable
u_lmu0/u_lmu/u_comm/u_can/frame_data_reg[21]/synch_enable
u_lmu0/u_lmu/u_comm/u_can/frame_data_reg[22]/synch_enable
u_lmu0/u_lmu/u_comm/u_can/frame_data_reg[23]/synch_enable
u_lmu0/u_lmu/u_comm/u_can/frame_data_reg[24]/synch_enable
u_lmu0/u_lmu/u_comm/u_can/frame_data_reg[25]/synch_enable
u_lmu0/u_lmu/u_comm/u_can/frame_data_reg[26]/synch_enable
u_lmu0/u_lmu/u_comm/u_can/frame_data_reg[27]/synch_enable
u_lmu0/u_lmu/u_comm/u_can/frame_data_reg[28]/synch_enable
u_lmu0/u_lmu/u_comm/u_can/frame_data_reg[29]/synch_enable
u_lmu0/u_lmu/u_comm/u_can/frame_data_reg[30]/synch_enable
u_lmu0/u_lmu/u_comm/u_can/frame_data_reg[31]/synch_enable
u_lmu0/u_lmu/u_comm/u_can/frame_data_reg[32]/synch_enable
u_lmu0/u_lmu/u_comm/u_can/frame_data_reg[33]/synch_enable
u_lmu0/u_lmu/u_comm/u_can/frame_data_reg[34]/synch_enable
u_lmu0/u_lmu/u_comm/u_can/frame_data_reg[35]/synch_enable
u_lmu0/u_lmu/u_comm/u_can/frame_data_reg[36]/synch_enable
u_lmu0/u_lmu/u_comm/u_can/frame_data_reg[37]/synch_enable
u_lmu0/u_lmu/u_comm/u_can/frame_data_reg[38]/synch_enable
u_lmu0/u_lmu/u_comm/u_can/frame_data_reg[39]/synch_enable
u_lmu0/u_lmu/u_comm/u_can/frame_data_reg[40]/synch_enable
u_lmu0/u_lmu/u_comm/u_can/frame_data_reg[41]/synch_enable
u_lmu0/u_lmu/u_comm/u_can/frame_data_reg[42]/synch_enable
u_lmu0/u_lmu/u_comm/u_can/frame_data_reg[43]/synch_enable
u_lmu0/u_lmu/u_comm/u_can/frame_data_reg[44]/synch_enable
u_lmu0/u_lmu/u_comm/u_can/frame_data_reg[45]/synch_enable
u_lmu0/u_lmu/u_comm/u_can/frame_data_reg[46]/synch_enable
u_lmu0/u_lmu/u_comm/u_can/frame_data_reg[47]/synch_enable
u_lmu0/u_lmu/u_comm/u_can/frame_data_reg[48]/synch_enable
u_lmu0/u_lmu/u_comm/u_can/frame_data_reg[49]/synch_enable
u_lmu0/u_lmu/u_comm/u_can/frame_data_reg[50]/synch_enable
u_lmu0/u_lmu/u_comm/u_can/frame_data_reg[51]/synch_enable
u_lmu0/u_lmu/u_comm/u_can/frame_data_reg[52]/synch_enable
u_lmu0/u_lmu/u_comm/u_can/frame_data_reg[53]/synch_enable
u_lmu0/u_lmu/u_comm/u_can/frame_data_reg[54]/synch_enable
u_lmu0/u_lmu/u_comm/u_can/frame_data_reg[55]/synch_enable
u_lmu0/u_lmu/u_comm/u_can/frame_data_reg[56]/synch_enable
u_lmu0/u_lmu/u_comm/u_can/frame_data_reg[57]/synch_enable
u_lmu0/u_lmu/u_comm/u_can/frame_data_reg[58]/synch_enable
u_lmu0/u_lmu/u_comm/u_can/frame_data_reg[59]/synch_enable
u_lmu0/u_lmu/u_comm/u_can/frame_data_reg[60]/synch_enable
u_lmu0/u_lmu/u_comm/u_can/frame_data_reg[61]/synch_enable
u_lmu0/u_lmu/u_comm/u_can/frame_data_reg[62]/synch_enable
u_lmu0/u_lmu/u_comm/u_can/frame_data_reg[63]/synch_enable
u_lmu0/u_lmu/u_comm/u_can/frame_valid_reg/next_state
u_lmu0/u_lmu/u_comm/u_spi/bit_cnt_reg[0]/next_state
u_lmu0/u_lmu/u_comm/u_spi/bit_cnt_reg[1]/next_state
u_lmu0/u_lmu/u_comm/u_spi/bit_cnt_reg[2]/next_state
u_lmu0/u_lmu/u_comm/u_spi/rx_byte_reg[0]/synch_enable
u_lmu0/u_lmu/u_comm/u_spi/rx_byte_reg[1]/next_state
u_lmu0/u_lmu/u_comm/u_spi/rx_byte_reg[1]/synch_enable
u_lmu0/u_lmu/u_comm/u_spi/rx_byte_reg[2]/next_state
u_lmu0/u_lmu/u_comm/u_spi/rx_byte_reg[2]/synch_enable
u_lmu0/u_lmu/u_comm/u_spi/rx_byte_reg[3]/next_state
u_lmu0/u_lmu/u_comm/u_spi/rx_byte_reg[3]/synch_enable
u_lmu0/u_lmu/u_comm/u_spi/rx_byte_reg[4]/next_state
u_lmu0/u_lmu/u_comm/u_spi/rx_byte_reg[4]/synch_enable
u_lmu0/u_lmu/u_comm/u_spi/rx_byte_reg[5]/next_state
u_lmu0/u_lmu/u_comm/u_spi/rx_byte_reg[5]/synch_enable
u_lmu0/u_lmu/u_comm/u_spi/rx_byte_reg[6]/next_state
u_lmu0/u_lmu/u_comm/u_spi/rx_byte_reg[6]/synch_enable
u_lmu0/u_lmu/u_comm/u_spi/rx_byte_reg[7]/next_state
u_lmu0/u_lmu/u_comm/u_spi/rx_byte_reg[7]/synch_enable
u_lmu0/u_lmu/u_comm/u_spi/rx_shift_reg[1]/next_state
u_lmu0/u_lmu/u_comm/u_spi/rx_shift_reg[2]/next_state
u_lmu0/u_lmu/u_comm/u_spi/rx_shift_reg[3]/next_state
u_lmu0/u_lmu/u_comm/u_spi/rx_shift_reg[4]/next_state
u_lmu0/u_lmu/u_comm/u_spi/rx_shift_reg[5]/next_state
u_lmu0/u_lmu/u_comm/u_spi/rx_shift_reg[6]/next_state
u_lmu0/u_lmu/u_comm/u_spi/rx_valid_reg/next_state
u_lmu0/u_lmu/u_comm/u_spi/tx_shift_reg[0]/next_state
u_lmu0/u_lmu/u_comm/u_spi/tx_shift_reg[1]/next_state
u_lmu0/u_lmu/u_comm/u_spi/tx_shift_reg[2]/next_state
u_lmu0/u_lmu/u_comm/u_spi/tx_shift_reg[3]/next_state
u_lmu0/u_lmu/u_comm/u_spi/tx_shift_reg[4]/next_state
u_lmu0/u_lmu/u_comm/u_spi/tx_shift_reg[5]/next_state
u_lmu0/u_lmu/u_comm/u_spi/tx_shift_reg[6]/next_state
u_lmu0/u_lmu/u_comm/u_spi/tx_shift_reg[7]/next_state
u_lmu0/u_lmu/u_comm/u_uart/busy_reg/next_state
u_lmu0/u_lmu/u_comm/u_uart/tx_ready_reg/next_state
u_lmu1/u_lmu/u_comm/u_can/frame_data_reg[0]/synch_enable
u_lmu1/u_lmu/u_comm/u_can/frame_data_reg[1]/synch_enable
u_lmu1/u_lmu/u_comm/u_can/frame_data_reg[2]/synch_enable
u_lmu1/u_lmu/u_comm/u_can/frame_data_reg[3]/synch_enable
u_lmu1/u_lmu/u_comm/u_can/frame_data_reg[4]/synch_enable
u_lmu1/u_lmu/u_comm/u_can/frame_data_reg[5]/synch_enable
u_lmu1/u_lmu/u_comm/u_can/frame_data_reg[6]/synch_enable
u_lmu1/u_lmu/u_comm/u_can/frame_data_reg[7]/synch_enable
u_lmu1/u_lmu/u_comm/u_can/frame_data_reg[8]/synch_enable
u_lmu1/u_lmu/u_comm/u_can/frame_data_reg[9]/synch_enable
u_lmu1/u_lmu/u_comm/u_can/frame_data_reg[10]/synch_enable
u_lmu1/u_lmu/u_comm/u_can/frame_data_reg[11]/synch_enable
u_lmu1/u_lmu/u_comm/u_can/frame_data_reg[12]/synch_enable
u_lmu1/u_lmu/u_comm/u_can/frame_data_reg[13]/synch_enable
u_lmu1/u_lmu/u_comm/u_can/frame_data_reg[14]/synch_enable
u_lmu1/u_lmu/u_comm/u_can/frame_data_reg[15]/synch_enable
u_lmu1/u_lmu/u_comm/u_can/frame_data_reg[16]/synch_enable
u_lmu1/u_lmu/u_comm/u_can/frame_data_reg[17]/synch_enable
u_lmu1/u_lmu/u_comm/u_can/frame_data_reg[18]/synch_enable
u_lmu1/u_lmu/u_comm/u_can/frame_data_reg[19]/synch_enable
u_lmu1/u_lmu/u_comm/u_can/frame_data_reg[20]/synch_enable
u_lmu1/u_lmu/u_comm/u_can/frame_data_reg[21]/synch_enable
u_lmu1/u_lmu/u_comm/u_can/frame_data_reg[22]/synch_enable
u_lmu1/u_lmu/u_comm/u_can/frame_data_reg[23]/synch_enable
u_lmu1/u_lmu/u_comm/u_can/frame_data_reg[24]/synch_enable
u_lmu1/u_lmu/u_comm/u_can/frame_data_reg[25]/synch_enable
u_lmu1/u_lmu/u_comm/u_can/frame_data_reg[26]/synch_enable
u_lmu1/u_lmu/u_comm/u_can/frame_data_reg[27]/synch_enable
u_lmu1/u_lmu/u_comm/u_can/frame_data_reg[28]/synch_enable
u_lmu1/u_lmu/u_comm/u_can/frame_data_reg[29]/synch_enable
u_lmu1/u_lmu/u_comm/u_can/frame_data_reg[30]/synch_enable
u_lmu1/u_lmu/u_comm/u_can/frame_data_reg[31]/synch_enable
u_lmu1/u_lmu/u_comm/u_can/frame_data_reg[32]/synch_enable
u_lmu1/u_lmu/u_comm/u_can/frame_data_reg[33]/synch_enable
u_lmu1/u_lmu/u_comm/u_can/frame_data_reg[34]/synch_enable
u_lmu1/u_lmu/u_comm/u_can/frame_data_reg[35]/synch_enable
u_lmu1/u_lmu/u_comm/u_can/frame_data_reg[36]/synch_enable
u_lmu1/u_lmu/u_comm/u_can/frame_data_reg[37]/synch_enable
u_lmu1/u_lmu/u_comm/u_can/frame_data_reg[38]/synch_enable
u_lmu1/u_lmu/u_comm/u_can/frame_data_reg[39]/synch_enable
u_lmu1/u_lmu/u_comm/u_can/frame_data_reg[40]/synch_enable
u_lmu1/u_lmu/u_comm/u_can/frame_data_reg[41]/synch_enable
u_lmu1/u_lmu/u_comm/u_can/frame_data_reg[42]/synch_enable
u_lmu1/u_lmu/u_comm/u_can/frame_data_reg[43]/synch_enable
u_lmu1/u_lmu/u_comm/u_can/frame_data_reg[44]/synch_enable
u_lmu1/u_lmu/u_comm/u_can/frame_data_reg[45]/synch_enable
u_lmu1/u_lmu/u_comm/u_can/frame_data_reg[46]/synch_enable
u_lmu1/u_lmu/u_comm/u_can/frame_data_reg[47]/synch_enable
u_lmu1/u_lmu/u_comm/u_can/frame_data_reg[48]/synch_enable
u_lmu1/u_lmu/u_comm/u_can/frame_data_reg[49]/synch_enable
u_lmu1/u_lmu/u_comm/u_can/frame_data_reg[50]/synch_enable
u_lmu1/u_lmu/u_comm/u_can/frame_data_reg[51]/synch_enable
u_lmu1/u_lmu/u_comm/u_can/frame_data_reg[52]/synch_enable
u_lmu1/u_lmu/u_comm/u_can/frame_data_reg[53]/synch_enable
u_lmu1/u_lmu/u_comm/u_can/frame_data_reg[54]/synch_enable
u_lmu1/u_lmu/u_comm/u_can/frame_data_reg[55]/synch_enable
u_lmu1/u_lmu/u_comm/u_can/frame_data_reg[56]/synch_enable
u_lmu1/u_lmu/u_comm/u_can/frame_data_reg[57]/synch_enable
u_lmu1/u_lmu/u_comm/u_can/frame_data_reg[58]/synch_enable
u_lmu1/u_lmu/u_comm/u_can/frame_data_reg[59]/synch_enable
u_lmu1/u_lmu/u_comm/u_can/frame_data_reg[60]/synch_enable
u_lmu1/u_lmu/u_comm/u_can/frame_data_reg[61]/synch_enable
u_lmu1/u_lmu/u_comm/u_can/frame_data_reg[62]/synch_enable
u_lmu1/u_lmu/u_comm/u_can/frame_data_reg[63]/synch_enable
u_lmu1/u_lmu/u_comm/u_can/frame_valid_reg/next_state
u_lmu1/u_lmu/u_comm/u_spi/bit_cnt_reg[0]/next_state
u_lmu1/u_lmu/u_comm/u_spi/bit_cnt_reg[1]/next_state
u_lmu1/u_lmu/u_comm/u_spi/bit_cnt_reg[2]/next_state
u_lmu1/u_lmu/u_comm/u_spi/rx_byte_reg[0]/synch_enable
u_lmu1/u_lmu/u_comm/u_spi/rx_byte_reg[1]/next_state
u_lmu1/u_lmu/u_comm/u_spi/rx_byte_reg[1]/synch_enable
u_lmu1/u_lmu/u_comm/u_spi/rx_byte_reg[2]/next_state
u_lmu1/u_lmu/u_comm/u_spi/rx_byte_reg[2]/synch_enable
u_lmu1/u_lmu/u_comm/u_spi/rx_byte_reg[3]/next_state
u_lmu1/u_lmu/u_comm/u_spi/rx_byte_reg[3]/synch_enable
u_lmu1/u_lmu/u_comm/u_spi/rx_byte_reg[4]/next_state
u_lmu1/u_lmu/u_comm/u_spi/rx_byte_reg[4]/synch_enable
u_lmu1/u_lmu/u_comm/u_spi/rx_byte_reg[5]/next_state
u_lmu1/u_lmu/u_comm/u_spi/rx_byte_reg[5]/synch_enable
u_lmu1/u_lmu/u_comm/u_spi/rx_byte_reg[6]/next_state
u_lmu1/u_lmu/u_comm/u_spi/rx_byte_reg[6]/synch_enable
u_lmu1/u_lmu/u_comm/u_spi/rx_byte_reg[7]/next_state
u_lmu1/u_lmu/u_comm/u_spi/rx_byte_reg[7]/synch_enable
u_lmu1/u_lmu/u_comm/u_spi/rx_shift_reg[1]/next_state
u_lmu1/u_lmu/u_comm/u_spi/rx_shift_reg[2]/next_state
u_lmu1/u_lmu/u_comm/u_spi/rx_shift_reg[3]/next_state
u_lmu1/u_lmu/u_comm/u_spi/rx_shift_reg[4]/next_state
u_lmu1/u_lmu/u_comm/u_spi/rx_shift_reg[5]/next_state
u_lmu1/u_lmu/u_comm/u_spi/rx_shift_reg[6]/next_state
u_lmu1/u_lmu/u_comm/u_spi/rx_valid_reg/next_state
u_lmu1/u_lmu/u_comm/u_spi/tx_shift_reg[0]/next_state
u_lmu1/u_lmu/u_comm/u_spi/tx_shift_reg[1]/next_state
u_lmu1/u_lmu/u_comm/u_spi/tx_shift_reg[2]/next_state
u_lmu1/u_lmu/u_comm/u_spi/tx_shift_reg[3]/next_state
u_lmu1/u_lmu/u_comm/u_spi/tx_shift_reg[4]/next_state
u_lmu1/u_lmu/u_comm/u_spi/tx_shift_reg[5]/next_state
u_lmu1/u_lmu/u_comm/u_spi/tx_shift_reg[6]/next_state
u_lmu1/u_lmu/u_comm/u_spi/tx_shift_reg[7]/next_state
u_lmu1/u_lmu/u_comm/u_uart/busy_reg/next_state
u_lmu1/u_lmu/u_comm/u_uart/tx_ready_reg/next_state
u_lmu2/u_lmu/u_comm/u_can/frame_data_reg[0]/synch_enable
u_lmu2/u_lmu/u_comm/u_can/frame_data_reg[1]/synch_enable
u_lmu2/u_lmu/u_comm/u_can/frame_data_reg[2]/synch_enable
u_lmu2/u_lmu/u_comm/u_can/frame_data_reg[3]/synch_enable
u_lmu2/u_lmu/u_comm/u_can/frame_data_reg[4]/synch_enable
u_lmu2/u_lmu/u_comm/u_can/frame_data_reg[5]/synch_enable
u_lmu2/u_lmu/u_comm/u_can/frame_data_reg[6]/synch_enable
u_lmu2/u_lmu/u_comm/u_can/frame_data_reg[7]/synch_enable
u_lmu2/u_lmu/u_comm/u_can/frame_data_reg[8]/synch_enable
u_lmu2/u_lmu/u_comm/u_can/frame_data_reg[9]/synch_enable
u_lmu2/u_lmu/u_comm/u_can/frame_data_reg[10]/synch_enable
u_lmu2/u_lmu/u_comm/u_can/frame_data_reg[11]/synch_enable
u_lmu2/u_lmu/u_comm/u_can/frame_data_reg[12]/synch_enable
u_lmu2/u_lmu/u_comm/u_can/frame_data_reg[13]/synch_enable
u_lmu2/u_lmu/u_comm/u_can/frame_data_reg[14]/synch_enable
u_lmu2/u_lmu/u_comm/u_can/frame_data_reg[15]/synch_enable
u_lmu2/u_lmu/u_comm/u_can/frame_data_reg[16]/synch_enable
u_lmu2/u_lmu/u_comm/u_can/frame_data_reg[17]/synch_enable
u_lmu2/u_lmu/u_comm/u_can/frame_data_reg[18]/synch_enable
u_lmu2/u_lmu/u_comm/u_can/frame_data_reg[19]/synch_enable
u_lmu2/u_lmu/u_comm/u_can/frame_data_reg[20]/synch_enable
u_lmu2/u_lmu/u_comm/u_can/frame_data_reg[21]/synch_enable
u_lmu2/u_lmu/u_comm/u_can/frame_data_reg[22]/synch_enable
u_lmu2/u_lmu/u_comm/u_can/frame_data_reg[23]/synch_enable
u_lmu2/u_lmu/u_comm/u_can/frame_data_reg[24]/synch_enable
u_lmu2/u_lmu/u_comm/u_can/frame_data_reg[25]/synch_enable
u_lmu2/u_lmu/u_comm/u_can/frame_data_reg[26]/synch_enable
u_lmu2/u_lmu/u_comm/u_can/frame_data_reg[27]/synch_enable
u_lmu2/u_lmu/u_comm/u_can/frame_data_reg[28]/synch_enable
u_lmu2/u_lmu/u_comm/u_can/frame_data_reg[29]/synch_enable
u_lmu2/u_lmu/u_comm/u_can/frame_data_reg[30]/synch_enable
u_lmu2/u_lmu/u_comm/u_can/frame_data_reg[31]/synch_enable
u_lmu2/u_lmu/u_comm/u_can/frame_data_reg[32]/synch_enable
u_lmu2/u_lmu/u_comm/u_can/frame_data_reg[33]/synch_enable
u_lmu2/u_lmu/u_comm/u_can/frame_data_reg[34]/synch_enable
u_lmu2/u_lmu/u_comm/u_can/frame_data_reg[35]/synch_enable
u_lmu2/u_lmu/u_comm/u_can/frame_data_reg[36]/synch_enable
u_lmu2/u_lmu/u_comm/u_can/frame_data_reg[37]/synch_enable
u_lmu2/u_lmu/u_comm/u_can/frame_data_reg[38]/synch_enable
u_lmu2/u_lmu/u_comm/u_can/frame_data_reg[39]/synch_enable
u_lmu2/u_lmu/u_comm/u_can/frame_data_reg[40]/synch_enable
u_lmu2/u_lmu/u_comm/u_can/frame_data_reg[41]/synch_enable
u_lmu2/u_lmu/u_comm/u_can/frame_data_reg[42]/synch_enable
u_lmu2/u_lmu/u_comm/u_can/frame_data_reg[43]/synch_enable
u_lmu2/u_lmu/u_comm/u_can/frame_data_reg[44]/synch_enable
u_lmu2/u_lmu/u_comm/u_can/frame_data_reg[45]/synch_enable
u_lmu2/u_lmu/u_comm/u_can/frame_data_reg[46]/synch_enable
u_lmu2/u_lmu/u_comm/u_can/frame_data_reg[47]/synch_enable
u_lmu2/u_lmu/u_comm/u_can/frame_data_reg[48]/synch_enable
u_lmu2/u_lmu/u_comm/u_can/frame_data_reg[49]/synch_enable
u_lmu2/u_lmu/u_comm/u_can/frame_data_reg[50]/synch_enable
u_lmu2/u_lmu/u_comm/u_can/frame_data_reg[51]/synch_enable
u_lmu2/u_lmu/u_comm/u_can/frame_data_reg[52]/synch_enable
u_lmu2/u_lmu/u_comm/u_can/frame_data_reg[53]/synch_enable
u_lmu2/u_lmu/u_comm/u_can/frame_data_reg[54]/synch_enable
u_lmu2/u_lmu/u_comm/u_can/frame_data_reg[55]/synch_enable
u_lmu2/u_lmu/u_comm/u_can/frame_data_reg[56]/synch_enable
u_lmu2/u_lmu/u_comm/u_can/frame_data_reg[57]/synch_enable
u_lmu2/u_lmu/u_comm/u_can/frame_data_reg[58]/synch_enable
u_lmu2/u_lmu/u_comm/u_can/frame_data_reg[59]/synch_enable
u_lmu2/u_lmu/u_comm/u_can/frame_data_reg[60]/synch_enable
u_lmu2/u_lmu/u_comm/u_can/frame_data_reg[61]/synch_enable
u_lmu2/u_lmu/u_comm/u_can/frame_data_reg[62]/synch_enable
u_lmu2/u_lmu/u_comm/u_can/frame_data_reg[63]/synch_enable
u_lmu2/u_lmu/u_comm/u_can/frame_valid_reg/next_state
u_lmu2/u_lmu/u_comm/u_spi/bit_cnt_reg[0]/next_state
u_lmu2/u_lmu/u_comm/u_spi/bit_cnt_reg[1]/next_state
u_lmu2/u_lmu/u_comm/u_spi/bit_cnt_reg[2]/next_state
u_lmu2/u_lmu/u_comm/u_spi/rx_byte_reg[0]/synch_enable
u_lmu2/u_lmu/u_comm/u_spi/rx_byte_reg[1]/next_state
u_lmu2/u_lmu/u_comm/u_spi/rx_byte_reg[1]/synch_enable
u_lmu2/u_lmu/u_comm/u_spi/rx_byte_reg[2]/next_state
u_lmu2/u_lmu/u_comm/u_spi/rx_byte_reg[2]/synch_enable
u_lmu2/u_lmu/u_comm/u_spi/rx_byte_reg[3]/next_state
u_lmu2/u_lmu/u_comm/u_spi/rx_byte_reg[3]/synch_enable
u_lmu2/u_lmu/u_comm/u_spi/rx_byte_reg[4]/next_state
u_lmu2/u_lmu/u_comm/u_spi/rx_byte_reg[4]/synch_enable
u_lmu2/u_lmu/u_comm/u_spi/rx_byte_reg[5]/next_state
u_lmu2/u_lmu/u_comm/u_spi/rx_byte_reg[5]/synch_enable
u_lmu2/u_lmu/u_comm/u_spi/rx_byte_reg[6]/next_state
u_lmu2/u_lmu/u_comm/u_spi/rx_byte_reg[6]/synch_enable
u_lmu2/u_lmu/u_comm/u_spi/rx_byte_reg[7]/next_state
u_lmu2/u_lmu/u_comm/u_spi/rx_byte_reg[7]/synch_enable
u_lmu2/u_lmu/u_comm/u_spi/rx_shift_reg[1]/next_state
u_lmu2/u_lmu/u_comm/u_spi/rx_shift_reg[2]/next_state
u_lmu2/u_lmu/u_comm/u_spi/rx_shift_reg[3]/next_state
u_lmu2/u_lmu/u_comm/u_spi/rx_shift_reg[4]/next_state
u_lmu2/u_lmu/u_comm/u_spi/rx_shift_reg[5]/next_state
u_lmu2/u_lmu/u_comm/u_spi/rx_shift_reg[6]/next_state
u_lmu2/u_lmu/u_comm/u_spi/rx_valid_reg/next_state
u_lmu2/u_lmu/u_comm/u_spi/tx_shift_reg[0]/next_state
u_lmu2/u_lmu/u_comm/u_spi/tx_shift_reg[1]/next_state
u_lmu2/u_lmu/u_comm/u_spi/tx_shift_reg[2]/next_state
u_lmu2/u_lmu/u_comm/u_spi/tx_shift_reg[3]/next_state
u_lmu2/u_lmu/u_comm/u_spi/tx_shift_reg[4]/next_state
u_lmu2/u_lmu/u_comm/u_spi/tx_shift_reg[5]/next_state
u_lmu2/u_lmu/u_comm/u_spi/tx_shift_reg[6]/next_state
u_lmu2/u_lmu/u_comm/u_spi/tx_shift_reg[7]/next_state
u_lmu2/u_lmu/u_comm/u_uart/busy_reg/next_state
u_lmu2/u_lmu/u_comm/u_uart/tx_ready_reg/next_state
u_mcu/pack_soc_avg_reg[15]/next_state
u_mcu/pack_soh_avg_reg[15]/next_state

Information: Checking pulse_clock_cell_type...

Information: Checking no_driving_cell...

Information: Checking partial_input_delay...
1
