 
****************************************
check_design summary:
Version:     T-2022.03-SP4
Date:        Sat Jul  4 21:59:40 2026
****************************************

                   Name                                            Total
--------------------------------------------------------------------------------
Inputs/Outputs                                                     24
    Unconnected ports (LINT-28)                                    24

Cells                                                             107
    Cells do not drive (LINT-1)                                    23
    Connected to power or ground (LINT-32)                         75
    Nets connected to multiple pins on same cell (LINT-33)          9

Nets                                                              441
    Unloaded nets (LINT-2)                                        441
--------------------------------------------------------------------------------

Warning: In design 'bms_master_control_unit_enhanced', cell 'C531' does not drive any nets. (LINT-1)
Warning: In design 'bms_satellite_top', cell 'u_log' does not drive any nets. (LINT-1)
Warning: In design 'bms_satellite_top', cell 'B_1' does not drive any nets. (LINT-1)
Warning: In design 'bms_spi_master', cell 'C626' does not drive any nets. (LINT-1)
Warning: In design 'bms_spi_master', cell 'C627' does not drive any nets. (LINT-1)
Warning: In design 'bms_current_limit_supervisor', cell 'B_2' does not drive any nets. (LINT-1)
Warning: In design 'bms_adc_if', cell 'C3359' does not drive any nets. (LINT-1)
Warning: In design 'bms_isolation_monitor', cell 'C73' does not drive any nets. (LINT-1)
Warning: In design 'bms_fault_processor', cell 'C797' does not drive any nets. (LINT-1)
Warning: In design 'bms_soc_soh_engine', cell 'C1030' does not drive any nets. (LINT-1)
Warning: In design 'bms_soc_soh_engine', cell 'C1035' does not drive any nets. (LINT-1)
Warning: In design 'bms_soc_soh_engine', cell 'C1040' does not drive any nets. (LINT-1)
Warning: In design 'bms_soc_soh_engine', cell 'C1043' does not drive any nets. (LINT-1)
Warning: In design 'bms_soc_soh_engine', cell 'C1046' does not drive any nets. (LINT-1)
Warning: In design 'bms_active_balancer', cell 'C1770' does not drive any nets. (LINT-1)
Warning: In design 'bms_active_balancer', cell 'C1777' does not drive any nets. (LINT-1)
Warning: In design 'bms_fault_logger', cell 'C1614' does not drive any nets. (LINT-1)
Warning: In design 'bms_uart_tx', cell 'C389' does not drive any nets. (LINT-1)
Warning: In design 'bms_uart_tx', cell 'C396' does not drive any nets. (LINT-1)
Warning: In design 'bms_uart_tx', cell 'C397' does not drive any nets. (LINT-1)
Warning: In design 'bms_uart_tx', cell 'C401' does not drive any nets. (LINT-1)
Warning: In design 'bms_spi_slave', cell 'C230' does not drive any nets. (LINT-1)
Warning: In design 'bms_spi_slave', cell 'C239' does not drive any nets. (LINT-1)
Warning: In design 'bms_system_3lmu_top_enhanced', net 'dummy_passive1[0]' driven by pin 'u_lmu1/passive_sw[0]' has no loads. (LINT-2)
Warning: In design 'bms_system_3lmu_top_enhanced', net 'dummy_passive1[1]' driven by pin 'u_lmu1/passive_sw[1]' has no loads. (LINT-2)
Warning: In design 'bms_system_3lmu_top_enhanced', net 'dummy_passive1[2]' driven by pin 'u_lmu1/passive_sw[2]' has no loads. (LINT-2)
Warning: In design 'bms_system_3lmu_top_enhanced', net 'dummy_passive1[3]' driven by pin 'u_lmu1/passive_sw[3]' has no loads. (LINT-2)
Warning: In design 'bms_system_3lmu_top_enhanced', net 'dummy_passive1[4]' driven by pin 'u_lmu1/passive_sw[4]' has no loads. (LINT-2)
Warning: In design 'bms_system_3lmu_top_enhanced', net 'dummy_passive1[5]' driven by pin 'u_lmu1/passive_sw[5]' has no loads. (LINT-2)
Warning: In design 'bms_system_3lmu_top_enhanced', net 'dummy_passive1[6]' driven by pin 'u_lmu1/passive_sw[6]' has no loads. (LINT-2)
Warning: In design 'bms_system_3lmu_top_enhanced', net 'dummy_passive1[7]' driven by pin 'u_lmu1/passive_sw[7]' has no loads. (LINT-2)
Warning: In design 'bms_system_3lmu_top_enhanced', net 'dummy_passive1[8]' driven by pin 'u_lmu1/passive_sw[8]' has no loads. (LINT-2)
Warning: In design 'bms_system_3lmu_top_enhanced', net 'dummy_passive1[9]' driven by pin 'u_lmu1/passive_sw[9]' has no loads. (LINT-2)
Warning: In design 'bms_system_3lmu_top_enhanced', net 'dummy_passive1[10]' driven by pin 'u_lmu1/passive_sw[10]' has no loads. (LINT-2)
Warning: In design 'bms_system_3lmu_top_enhanced', net 'dummy_passive1[11]' driven by pin 'u_lmu1/passive_sw[11]' has no loads. (LINT-2)
Warning: In design 'bms_system_3lmu_top_enhanced', net 'dummy_passive1[12]' driven by pin 'u_lmu1/passive_sw[12]' has no loads. (LINT-2)
Warning: In design 'bms_system_3lmu_top_enhanced', net 'dummy_passive1[13]' driven by pin 'u_lmu1/passive_sw[13]' has no loads. (LINT-2)
Warning: In design 'bms_system_3lmu_top_enhanced', net 'dummy_passive1[14]' driven by pin 'u_lmu1/passive_sw[14]' has no loads. (LINT-2)
Warning: In design 'bms_system_3lmu_top_enhanced', net 'dummy_passive1[15]' driven by pin 'u_lmu1/passive_sw[15]' has no loads. (LINT-2)
Warning: In design 'bms_system_3lmu_top_enhanced', net 'dummy_active_rx1[0]' driven by pin 'u_lmu1/active_rx_sw[0]' has no loads. (LINT-2)
Warning: In design 'bms_system_3lmu_top_enhanced', net 'dummy_active_rx1[1]' driven by pin 'u_lmu1/active_rx_sw[1]' has no loads. (LINT-2)
Warning: In design 'bms_system_3lmu_top_enhanced', net 'dummy_active_rx1[2]' driven by pin 'u_lmu1/active_rx_sw[2]' has no loads. (LINT-2)
Warning: In design 'bms_system_3lmu_top_enhanced', net 'dummy_active_rx1[3]' driven by pin 'u_lmu1/active_rx_sw[3]' has no loads. (LINT-2)
Warning: In design 'bms_system_3lmu_top_enhanced', net 'dummy_active_rx1[4]' driven by pin 'u_lmu1/active_rx_sw[4]' has no loads. (LINT-2)
Warning: In design 'bms_system_3lmu_top_enhanced', net 'dummy_active_rx1[5]' driven by pin 'u_lmu1/active_rx_sw[5]' has no loads. (LINT-2)
Warning: In design 'bms_system_3lmu_top_enhanced', net 'dummy_active_rx1[6]' driven by pin 'u_lmu1/active_rx_sw[6]' has no loads. (LINT-2)
Warning: In design 'bms_system_3lmu_top_enhanced', net 'dummy_active_rx1[7]' driven by pin 'u_lmu1/active_rx_sw[7]' has no loads. (LINT-2)
Warning: In design 'bms_system_3lmu_top_enhanced', net 'dummy_active_rx1[8]' driven by pin 'u_lmu1/active_rx_sw[8]' has no loads. (LINT-2)
Warning: In design 'bms_system_3lmu_top_enhanced', net 'dummy_active_rx1[9]' driven by pin 'u_lmu1/active_rx_sw[9]' has no loads. (LINT-2)
Warning: In design 'bms_system_3lmu_top_enhanced', net 'dummy_active_rx1[10]' driven by pin 'u_lmu1/active_rx_sw[10]' has no loads. (LINT-2)
Warning: In design 'bms_system_3lmu_top_enhanced', net 'dummy_active_rx1[11]' driven by pin 'u_lmu1/active_rx_sw[11]' has no loads. (LINT-2)
Warning: In design 'bms_system_3lmu_top_enhanced', net 'dummy_active_rx1[12]' driven by pin 'u_lmu1/active_rx_sw[12]' has no loads. (LINT-2)
Warning: In design 'bms_system_3lmu_top_enhanced', net 'dummy_active_rx1[13]' driven by pin 'u_lmu1/active_rx_sw[13]' has no loads. (LINT-2)
Warning: In design 'bms_system_3lmu_top_enhanced', net 'dummy_active_rx1[14]' driven by pin 'u_lmu1/active_rx_sw[14]' has no loads. (LINT-2)
Warning: In design 'bms_system_3lmu_top_enhanced', net 'dummy_active_rx1[15]' driven by pin 'u_lmu1/active_rx_sw[15]' has no loads. (LINT-2)
Warning: In design 'bms_system_3lmu_top_enhanced', net 'dummy_active_tx1[0]' driven by pin 'u_lmu1/active_tx_sw[0]' has no loads. (LINT-2)
Warning: In design 'bms_system_3lmu_top_enhanced', net 'dummy_active_tx1[1]' driven by pin 'u_lmu1/active_tx_sw[1]' has no loads. (LINT-2)
Warning: In design 'bms_system_3lmu_top_enhanced', net 'dummy_active_tx1[2]' driven by pin 'u_lmu1/active_tx_sw[2]' has no loads. (LINT-2)
Warning: In design 'bms_system_3lmu_top_enhanced', net 'dummy_active_tx1[3]' driven by pin 'u_lmu1/active_tx_sw[3]' has no loads. (LINT-2)
Warning: In design 'bms_system_3lmu_top_enhanced', net 'dummy_active_tx1[4]' driven by pin 'u_lmu1/active_tx_sw[4]' has no loads. (LINT-2)
Warning: In design 'bms_system_3lmu_top_enhanced', net 'dummy_active_tx1[5]' driven by pin 'u_lmu1/active_tx_sw[5]' has no loads. (LINT-2)
Warning: In design 'bms_system_3lmu_top_enhanced', net 'dummy_active_tx1[6]' driven by pin 'u_lmu1/active_tx_sw[6]' has no loads. (LINT-2)
Warning: In design 'bms_system_3lmu_top_enhanced', net 'dummy_active_tx1[7]' driven by pin 'u_lmu1/active_tx_sw[7]' has no loads. (LINT-2)
Warning: In design 'bms_system_3lmu_top_enhanced', net 'dummy_active_tx1[8]' driven by pin 'u_lmu1/active_tx_sw[8]' has no loads. (LINT-2)
Warning: In design 'bms_system_3lmu_top_enhanced', net 'dummy_active_tx1[9]' driven by pin 'u_lmu1/active_tx_sw[9]' has no loads. (LINT-2)
Warning: In design 'bms_system_3lmu_top_enhanced', net 'dummy_active_tx1[10]' driven by pin 'u_lmu1/active_tx_sw[10]' has no loads. (LINT-2)
Warning: In design 'bms_system_3lmu_top_enhanced', net 'dummy_active_tx1[11]' driven by pin 'u_lmu1/active_tx_sw[11]' has no loads. (LINT-2)
Warning: In design 'bms_system_3lmu_top_enhanced', net 'dummy_active_tx1[12]' driven by pin 'u_lmu1/active_tx_sw[12]' has no loads. (LINT-2)
Warning: In design 'bms_system_3lmu_top_enhanced', net 'dummy_active_tx1[13]' driven by pin 'u_lmu1/active_tx_sw[13]' has no loads. (LINT-2)
Warning: In design 'bms_system_3lmu_top_enhanced', net 'dummy_active_tx1[14]' driven by pin 'u_lmu1/active_tx_sw[14]' has no loads. (LINT-2)
Warning: In design 'bms_system_3lmu_top_enhanced', net 'dummy_active_tx1[15]' driven by pin 'u_lmu1/active_tx_sw[15]' has no loads. (LINT-2)
Warning: In design 'bms_system_3lmu_top_enhanced', net 'dummy_can_valid_1' driven by pin 'u_lmu1/can_valid' has no loads. (LINT-2)
Warning: In design 'bms_system_3lmu_top_enhanced', net 'dummy_can_1[0]' driven by pin 'u_lmu1/can_frame[0]' has no loads. (LINT-2)
Warning: In design 'bms_system_3lmu_top_enhanced', net 'dummy_can_1[1]' driven by pin 'u_lmu1/can_frame[1]' has no loads. (LINT-2)
Warning: In design 'bms_system_3lmu_top_enhanced', net 'dummy_can_1[2]' driven by pin 'u_lmu1/can_frame[2]' has no loads. (LINT-2)
Warning: In design 'bms_system_3lmu_top_enhanced', net 'dummy_can_1[3]' driven by pin 'u_lmu1/can_frame[3]' has no loads. (LINT-2)
Warning: In design 'bms_system_3lmu_top_enhanced', net 'dummy_can_1[4]' driven by pin 'u_lmu1/can_frame[4]' has no loads. (LINT-2)
Warning: In design 'bms_system_3lmu_top_enhanced', net 'dummy_can_1[5]' driven by pin 'u_lmu1/can_frame[5]' has no loads. (LINT-2)
Warning: In design 'bms_system_3lmu_top_enhanced', net 'dummy_can_1[6]' driven by pin 'u_lmu1/can_frame[6]' has no loads. (LINT-2)
Warning: In design 'bms_system_3lmu_top_enhanced', net 'dummy_can_1[7]' driven by pin 'u_lmu1/can_frame[7]' has no loads. (LINT-2)
Warning: In design 'bms_system_3lmu_top_enhanced', net 'dummy_can_1[8]' driven by pin 'u_lmu1/can_frame[8]' has no loads. (LINT-2)
Warning: In design 'bms_system_3lmu_top_enhanced', net 'dummy_can_1[9]' driven by pin 'u_lmu1/can_frame[9]' has no loads. (LINT-2)
Warning: In design 'bms_system_3lmu_top_enhanced', net 'dummy_can_1[10]' driven by pin 'u_lmu1/can_frame[10]' has no loads. (LINT-2)
Warning: In design 'bms_system_3lmu_top_enhanced', net 'dummy_can_1[11]' driven by pin 'u_lmu1/can_frame[11]' has no loads. (LINT-2)
Warning: In design 'bms_system_3lmu_top_enhanced', net 'dummy_can_1[12]' driven by pin 'u_lmu1/can_frame[12]' has no loads. (LINT-2)
Warning: In design 'bms_system_3lmu_top_enhanced', net 'dummy_can_1[13]' driven by pin 'u_lmu1/can_frame[13]' has no loads. (LINT-2)
Warning: In design 'bms_system_3lmu_top_enhanced', net 'dummy_can_1[14]' driven by pin 'u_lmu1/can_frame[14]' has no loads. (LINT-2)
Warning: In design 'bms_system_3lmu_top_enhanced', net 'dummy_can_1[15]' driven by pin 'u_lmu1/can_frame[15]' has no loads. (LINT-2)
Warning: In design 'bms_system_3lmu_top_enhanced', net 'dummy_can_1[16]' driven by pin 'u_lmu1/can_frame[16]' has no loads. (LINT-2)
Warning: In design 'bms_system_3lmu_top_enhanced', net 'dummy_can_1[17]' driven by pin 'u_lmu1/can_frame[17]' has no loads. (LINT-2)
Warning: In design 'bms_system_3lmu_top_enhanced', net 'dummy_can_1[18]' driven by pin 'u_lmu1/can_frame[18]' has no loads. (LINT-2)
Warning: In design 'bms_system_3lmu_top_enhanced', net 'dummy_can_1[19]' driven by pin 'u_lmu1/can_frame[19]' has no loads. (LINT-2)
Warning: In design 'bms_system_3lmu_top_enhanced', net 'dummy_can_1[20]' driven by pin 'u_lmu1/can_frame[20]' has no loads. (LINT-2)
Warning: In design 'bms_system_3lmu_top_enhanced', net 'dummy_can_1[21]' driven by pin 'u_lmu1/can_frame[21]' has no loads. (LINT-2)
Warning: In design 'bms_system_3lmu_top_enhanced', net 'dummy_can_1[22]' driven by pin 'u_lmu1/can_frame[22]' has no loads. (LINT-2)
Warning: In design 'bms_system_3lmu_top_enhanced', net 'dummy_can_1[23]' driven by pin 'u_lmu1/can_frame[23]' has no loads. (LINT-2)
Warning: In design 'bms_system_3lmu_top_enhanced', net 'dummy_can_1[24]' driven by pin 'u_lmu1/can_frame[24]' has no loads. (LINT-2)
Warning: In design 'bms_system_3lmu_top_enhanced', net 'dummy_can_1[25]' driven by pin 'u_lmu1/can_frame[25]' has no loads. (LINT-2)
Warning: In design 'bms_system_3lmu_top_enhanced', net 'dummy_can_1[26]' driven by pin 'u_lmu1/can_frame[26]' has no loads. (LINT-2)
Warning: In design 'bms_system_3lmu_top_enhanced', net 'dummy_can_1[27]' driven by pin 'u_lmu1/can_frame[27]' has no loads. (LINT-2)
Warning: In design 'bms_system_3lmu_top_enhanced', net 'dummy_can_1[28]' driven by pin 'u_lmu1/can_frame[28]' has no loads. (LINT-2)
Warning: In design 'bms_system_3lmu_top_enhanced', net 'dummy_can_1[29]' driven by pin 'u_lmu1/can_frame[29]' has no loads. (LINT-2)
Warning: In design 'bms_system_3lmu_top_enhanced', net 'dummy_can_1[30]' driven by pin 'u_lmu1/can_frame[30]' has no loads. (LINT-2)
Warning: In design 'bms_system_3lmu_top_enhanced', net 'dummy_can_1[31]' driven by pin 'u_lmu1/can_frame[31]' has no loads. (LINT-2)
Warning: In design 'bms_system_3lmu_top_enhanced', net 'dummy_can_1[32]' driven by pin 'u_lmu1/can_frame[32]' has no loads. (LINT-2)
Warning: In design 'bms_system_3lmu_top_enhanced', net 'dummy_can_1[33]' driven by pin 'u_lmu1/can_frame[33]' has no loads. (LINT-2)
Warning: In design 'bms_system_3lmu_top_enhanced', net 'dummy_can_1[34]' driven by pin 'u_lmu1/can_frame[34]' has no loads. (LINT-2)
Warning: In design 'bms_system_3lmu_top_enhanced', net 'dummy_can_1[35]' driven by pin 'u_lmu1/can_frame[35]' has no loads. (LINT-2)
Warning: In design 'bms_system_3lmu_top_enhanced', net 'dummy_can_1[36]' driven by pin 'u_lmu1/can_frame[36]' has no loads. (LINT-2)
Warning: In design 'bms_system_3lmu_top_enhanced', net 'dummy_can_1[37]' driven by pin 'u_lmu1/can_frame[37]' has no loads. (LINT-2)
Warning: In design 'bms_system_3lmu_top_enhanced', net 'dummy_can_1[38]' driven by pin 'u_lmu1/can_frame[38]' has no loads. (LINT-2)
Warning: In design 'bms_system_3lmu_top_enhanced', net 'dummy_can_1[39]' driven by pin 'u_lmu1/can_frame[39]' has no loads. (LINT-2)
Warning: In design 'bms_system_3lmu_top_enhanced', net 'dummy_can_1[40]' driven by pin 'u_lmu1/can_frame[40]' has no loads. (LINT-2)
Warning: In design 'bms_system_3lmu_top_enhanced', net 'dummy_can_1[41]' driven by pin 'u_lmu1/can_frame[41]' has no loads. (LINT-2)
Warning: In design 'bms_system_3lmu_top_enhanced', net 'dummy_can_1[42]' driven by pin 'u_lmu1/can_frame[42]' has no loads. (LINT-2)
Warning: In design 'bms_system_3lmu_top_enhanced', net 'dummy_can_1[43]' driven by pin 'u_lmu1/can_frame[43]' has no loads. (LINT-2)
Warning: In design 'bms_system_3lmu_top_enhanced', net 'dummy_can_1[44]' driven by pin 'u_lmu1/can_frame[44]' has no loads. (LINT-2)
Warning: In design 'bms_system_3lmu_top_enhanced', net 'dummy_can_1[45]' driven by pin 'u_lmu1/can_frame[45]' has no loads. (LINT-2)
Warning: In design 'bms_system_3lmu_top_enhanced', net 'dummy_can_1[46]' driven by pin 'u_lmu1/can_frame[46]' has no loads. (LINT-2)
Warning: In design 'bms_system_3lmu_top_enhanced', net 'dummy_can_1[47]' driven by pin 'u_lmu1/can_frame[47]' has no loads. (LINT-2)
Warning: In design 'bms_system_3lmu_top_enhanced', net 'dummy_can_1[48]' driven by pin 'u_lmu1/can_frame[48]' has no loads. (LINT-2)
Warning: In design 'bms_system_3lmu_top_enhanced', net 'dummy_can_1[49]' driven by pin 'u_lmu1/can_frame[49]' has no loads. (LINT-2)
Warning: In design 'bms_system_3lmu_top_enhanced', net 'dummy_can_1[50]' driven by pin 'u_lmu1/can_frame[50]' has no loads. (LINT-2)
Warning: In design 'bms_system_3lmu_top_enhanced', net 'dummy_can_1[51]' driven by pin 'u_lmu1/can_frame[51]' has no loads. (LINT-2)
Warning: In design 'bms_system_3lmu_top_enhanced', net 'dummy_can_1[52]' driven by pin 'u_lmu1/can_frame[52]' has no loads. (LINT-2)
Warning: In design 'bms_system_3lmu_top_enhanced', net 'dummy_can_1[53]' driven by pin 'u_lmu1/can_frame[53]' has no loads. (LINT-2)
Warning: In design 'bms_system_3lmu_top_enhanced', net 'dummy_can_1[54]' driven by pin 'u_lmu1/can_frame[54]' has no loads. (LINT-2)
Warning: In design 'bms_system_3lmu_top_enhanced', net 'dummy_can_1[55]' driven by pin 'u_lmu1/can_frame[55]' has no loads. (LINT-2)
Warning: In design 'bms_system_3lmu_top_enhanced', net 'dummy_can_1[56]' driven by pin 'u_lmu1/can_frame[56]' has no loads. (LINT-2)
Warning: In design 'bms_system_3lmu_top_enhanced', net 'dummy_can_1[57]' driven by pin 'u_lmu1/can_frame[57]' has no loads. (LINT-2)
Warning: In design 'bms_system_3lmu_top_enhanced', net 'dummy_can_1[58]' driven by pin 'u_lmu1/can_frame[58]' has no loads. (LINT-2)
Warning: In design 'bms_system_3lmu_top_enhanced', net 'dummy_can_1[59]' driven by pin 'u_lmu1/can_frame[59]' has no loads. (LINT-2)
Warning: In design 'bms_system_3lmu_top_enhanced', net 'dummy_can_1[60]' driven by pin 'u_lmu1/can_frame[60]' has no loads. (LINT-2)
Warning: In design 'bms_system_3lmu_top_enhanced', net 'dummy_can_1[61]' driven by pin 'u_lmu1/can_frame[61]' has no loads. (LINT-2)
Warning: In design 'bms_system_3lmu_top_enhanced', net 'dummy_can_1[62]' driven by pin 'u_lmu1/can_frame[62]' has no loads. (LINT-2)
Warning: In design 'bms_system_3lmu_top_enhanced', net 'dummy_can_1[63]' driven by pin 'u_lmu1/can_frame[63]' has no loads. (LINT-2)
Warning: In design 'bms_system_3lmu_top_enhanced', net 'dummy_uart_1' driven by pin 'u_lmu1/uart_tx' has no loads. (LINT-2)
Warning: In design 'bms_system_3lmu_top_enhanced', net 'dummy_spi_miso_1' driven by pin 'u_lmu1/spi_miso' has no loads. (LINT-2)
Warning: In design 'bms_system_3lmu_top_enhanced', net 'dummy_passive2[0]' driven by pin 'u_lmu2/passive_sw[0]' has no loads. (LINT-2)
Warning: In design 'bms_system_3lmu_top_enhanced', net 'dummy_passive2[1]' driven by pin 'u_lmu2/passive_sw[1]' has no loads. (LINT-2)
Warning: In design 'bms_system_3lmu_top_enhanced', net 'dummy_passive2[2]' driven by pin 'u_lmu2/passive_sw[2]' has no loads. (LINT-2)
Warning: In design 'bms_system_3lmu_top_enhanced', net 'dummy_passive2[3]' driven by pin 'u_lmu2/passive_sw[3]' has no loads. (LINT-2)
Warning: In design 'bms_system_3lmu_top_enhanced', net 'dummy_passive2[4]' driven by pin 'u_lmu2/passive_sw[4]' has no loads. (LINT-2)
Warning: In design 'bms_system_3lmu_top_enhanced', net 'dummy_passive2[5]' driven by pin 'u_lmu2/passive_sw[5]' has no loads. (LINT-2)
Warning: In design 'bms_system_3lmu_top_enhanced', net 'dummy_passive2[6]' driven by pin 'u_lmu2/passive_sw[6]' has no loads. (LINT-2)
Warning: In design 'bms_system_3lmu_top_enhanced', net 'dummy_passive2[7]' driven by pin 'u_lmu2/passive_sw[7]' has no loads. (LINT-2)
Warning: In design 'bms_system_3lmu_top_enhanced', net 'dummy_passive2[8]' driven by pin 'u_lmu2/passive_sw[8]' has no loads. (LINT-2)
Warning: In design 'bms_system_3lmu_top_enhanced', net 'dummy_passive2[9]' driven by pin 'u_lmu2/passive_sw[9]' has no loads. (LINT-2)
Warning: In design 'bms_system_3lmu_top_enhanced', net 'dummy_passive2[10]' driven by pin 'u_lmu2/passive_sw[10]' has no loads. (LINT-2)
Warning: In design 'bms_system_3lmu_top_enhanced', net 'dummy_passive2[11]' driven by pin 'u_lmu2/passive_sw[11]' has no loads. (LINT-2)
Warning: In design 'bms_system_3lmu_top_enhanced', net 'dummy_passive2[12]' driven by pin 'u_lmu2/passive_sw[12]' has no loads. (LINT-2)
Warning: In design 'bms_system_3lmu_top_enhanced', net 'dummy_passive2[13]' driven by pin 'u_lmu2/passive_sw[13]' has no loads. (LINT-2)
Warning: In design 'bms_system_3lmu_top_enhanced', net 'dummy_passive2[14]' driven by pin 'u_lmu2/passive_sw[14]' has no loads. (LINT-2)
Warning: In design 'bms_system_3lmu_top_enhanced', net 'dummy_passive2[15]' driven by pin 'u_lmu2/passive_sw[15]' has no loads. (LINT-2)
Warning: In design 'bms_system_3lmu_top_enhanced', net 'dummy_active_rx2[0]' driven by pin 'u_lmu2/active_rx_sw[0]' has no loads. (LINT-2)
Warning: In design 'bms_system_3lmu_top_enhanced', net 'dummy_active_rx2[1]' driven by pin 'u_lmu2/active_rx_sw[1]' has no loads. (LINT-2)
Warning: In design 'bms_system_3lmu_top_enhanced', net 'dummy_active_rx2[2]' driven by pin 'u_lmu2/active_rx_sw[2]' has no loads. (LINT-2)
Warning: In design 'bms_system_3lmu_top_enhanced', net 'dummy_active_rx2[3]' driven by pin 'u_lmu2/active_rx_sw[3]' has no loads. (LINT-2)
Warning: In design 'bms_system_3lmu_top_enhanced', net 'dummy_active_rx2[4]' driven by pin 'u_lmu2/active_rx_sw[4]' has no loads. (LINT-2)
Warning: In design 'bms_system_3lmu_top_enhanced', net 'dummy_active_rx2[5]' driven by pin 'u_lmu2/active_rx_sw[5]' has no loads. (LINT-2)
Warning: In design 'bms_system_3lmu_top_enhanced', net 'dummy_active_rx2[6]' driven by pin 'u_lmu2/active_rx_sw[6]' has no loads. (LINT-2)
Warning: In design 'bms_system_3lmu_top_enhanced', net 'dummy_active_rx2[7]' driven by pin 'u_lmu2/active_rx_sw[7]' has no loads. (LINT-2)
Warning: In design 'bms_system_3lmu_top_enhanced', net 'dummy_active_rx2[8]' driven by pin 'u_lmu2/active_rx_sw[8]' has no loads. (LINT-2)
Warning: In design 'bms_system_3lmu_top_enhanced', net 'dummy_active_rx2[9]' driven by pin 'u_lmu2/active_rx_sw[9]' has no loads. (LINT-2)
Warning: In design 'bms_system_3lmu_top_enhanced', net 'dummy_active_rx2[10]' driven by pin 'u_lmu2/active_rx_sw[10]' has no loads. (LINT-2)
Warning: In design 'bms_system_3lmu_top_enhanced', net 'dummy_active_rx2[11]' driven by pin 'u_lmu2/active_rx_sw[11]' has no loads. (LINT-2)
Warning: In design 'bms_system_3lmu_top_enhanced', net 'dummy_active_rx2[12]' driven by pin 'u_lmu2/active_rx_sw[12]' has no loads. (LINT-2)
Warning: In design 'bms_system_3lmu_top_enhanced', net 'dummy_active_rx2[13]' driven by pin 'u_lmu2/active_rx_sw[13]' has no loads. (LINT-2)
Warning: In design 'bms_system_3lmu_top_enhanced', net 'dummy_active_rx2[14]' driven by pin 'u_lmu2/active_rx_sw[14]' has no loads. (LINT-2)
Warning: In design 'bms_system_3lmu_top_enhanced', net 'dummy_active_rx2[15]' driven by pin 'u_lmu2/active_rx_sw[15]' has no loads. (LINT-2)
Warning: In design 'bms_system_3lmu_top_enhanced', net 'dummy_active_tx2[0]' driven by pin 'u_lmu2/active_tx_sw[0]' has no loads. (LINT-2)
Warning: In design 'bms_system_3lmu_top_enhanced', net 'dummy_active_tx2[1]' driven by pin 'u_lmu2/active_tx_sw[1]' has no loads. (LINT-2)
Warning: In design 'bms_system_3lmu_top_enhanced', net 'dummy_active_tx2[2]' driven by pin 'u_lmu2/active_tx_sw[2]' has no loads. (LINT-2)
Warning: In design 'bms_system_3lmu_top_enhanced', net 'dummy_active_tx2[3]' driven by pin 'u_lmu2/active_tx_sw[3]' has no loads. (LINT-2)
Warning: In design 'bms_system_3lmu_top_enhanced', net 'dummy_active_tx2[4]' driven by pin 'u_lmu2/active_tx_sw[4]' has no loads. (LINT-2)
Warning: In design 'bms_system_3lmu_top_enhanced', net 'dummy_active_tx2[5]' driven by pin 'u_lmu2/active_tx_sw[5]' has no loads. (LINT-2)
Warning: In design 'bms_system_3lmu_top_enhanced', net 'dummy_active_tx2[6]' driven by pin 'u_lmu2/active_tx_sw[6]' has no loads. (LINT-2)
Warning: In design 'bms_system_3lmu_top_enhanced', net 'dummy_active_tx2[7]' driven by pin 'u_lmu2/active_tx_sw[7]' has no loads. (LINT-2)
Warning: In design 'bms_system_3lmu_top_enhanced', net 'dummy_active_tx2[8]' driven by pin 'u_lmu2/active_tx_sw[8]' has no loads. (LINT-2)
Warning: In design 'bms_system_3lmu_top_enhanced', net 'dummy_active_tx2[9]' driven by pin 'u_lmu2/active_tx_sw[9]' has no loads. (LINT-2)
Warning: In design 'bms_system_3lmu_top_enhanced', net 'dummy_active_tx2[10]' driven by pin 'u_lmu2/active_tx_sw[10]' has no loads. (LINT-2)
Warning: In design 'bms_system_3lmu_top_enhanced', net 'dummy_active_tx2[11]' driven by pin 'u_lmu2/active_tx_sw[11]' has no loads. (LINT-2)
Warning: In design 'bms_system_3lmu_top_enhanced', net 'dummy_active_tx2[12]' driven by pin 'u_lmu2/active_tx_sw[12]' has no loads. (LINT-2)
Warning: In design 'bms_system_3lmu_top_enhanced', net 'dummy_active_tx2[13]' driven by pin 'u_lmu2/active_tx_sw[13]' has no loads. (LINT-2)
Warning: In design 'bms_system_3lmu_top_enhanced', net 'dummy_active_tx2[14]' driven by pin 'u_lmu2/active_tx_sw[14]' has no loads. (LINT-2)
Warning: In design 'bms_system_3lmu_top_enhanced', net 'dummy_active_tx2[15]' driven by pin 'u_lmu2/active_tx_sw[15]' has no loads. (LINT-2)
Warning: In design 'bms_system_3lmu_top_enhanced', net 'dummy_can_valid_2' driven by pin 'u_lmu2/can_valid' has no loads. (LINT-2)
Warning: In design 'bms_system_3lmu_top_enhanced', net 'dummy_can_2[0]' driven by pin 'u_lmu2/can_frame[0]' has no loads. (LINT-2)
Warning: In design 'bms_system_3lmu_top_enhanced', net 'dummy_can_2[1]' driven by pin 'u_lmu2/can_frame[1]' has no loads. (LINT-2)
Warning: In design 'bms_system_3lmu_top_enhanced', net 'dummy_can_2[2]' driven by pin 'u_lmu2/can_frame[2]' has no loads. (LINT-2)
Warning: In design 'bms_system_3lmu_top_enhanced', net 'dummy_can_2[3]' driven by pin 'u_lmu2/can_frame[3]' has no loads. (LINT-2)
Warning: In design 'bms_system_3lmu_top_enhanced', net 'dummy_can_2[4]' driven by pin 'u_lmu2/can_frame[4]' has no loads. (LINT-2)
Warning: In design 'bms_system_3lmu_top_enhanced', net 'dummy_can_2[5]' driven by pin 'u_lmu2/can_frame[5]' has no loads. (LINT-2)
Warning: In design 'bms_system_3lmu_top_enhanced', net 'dummy_can_2[6]' driven by pin 'u_lmu2/can_frame[6]' has no loads. (LINT-2)
Warning: In design 'bms_system_3lmu_top_enhanced', net 'dummy_can_2[7]' driven by pin 'u_lmu2/can_frame[7]' has no loads. (LINT-2)
Warning: In design 'bms_system_3lmu_top_enhanced', net 'dummy_can_2[8]' driven by pin 'u_lmu2/can_frame[8]' has no loads. (LINT-2)
Warning: In design 'bms_system_3lmu_top_enhanced', net 'dummy_can_2[9]' driven by pin 'u_lmu2/can_frame[9]' has no loads. (LINT-2)
Warning: In design 'bms_system_3lmu_top_enhanced', net 'dummy_can_2[10]' driven by pin 'u_lmu2/can_frame[10]' has no loads. (LINT-2)
Warning: In design 'bms_system_3lmu_top_enhanced', net 'dummy_can_2[11]' driven by pin 'u_lmu2/can_frame[11]' has no loads. (LINT-2)
Warning: In design 'bms_system_3lmu_top_enhanced', net 'dummy_can_2[12]' driven by pin 'u_lmu2/can_frame[12]' has no loads. (LINT-2)
Warning: In design 'bms_system_3lmu_top_enhanced', net 'dummy_can_2[13]' driven by pin 'u_lmu2/can_frame[13]' has no loads. (LINT-2)
Warning: In design 'bms_system_3lmu_top_enhanced', net 'dummy_can_2[14]' driven by pin 'u_lmu2/can_frame[14]' has no loads. (LINT-2)
Warning: In design 'bms_system_3lmu_top_enhanced', net 'dummy_can_2[15]' driven by pin 'u_lmu2/can_frame[15]' has no loads. (LINT-2)
Warning: In design 'bms_system_3lmu_top_enhanced', net 'dummy_can_2[16]' driven by pin 'u_lmu2/can_frame[16]' has no loads. (LINT-2)
Warning: In design 'bms_system_3lmu_top_enhanced', net 'dummy_can_2[17]' driven by pin 'u_lmu2/can_frame[17]' has no loads. (LINT-2)
Warning: In design 'bms_system_3lmu_top_enhanced', net 'dummy_can_2[18]' driven by pin 'u_lmu2/can_frame[18]' has no loads. (LINT-2)
Warning: In design 'bms_system_3lmu_top_enhanced', net 'dummy_can_2[19]' driven by pin 'u_lmu2/can_frame[19]' has no loads. (LINT-2)
Warning: In design 'bms_system_3lmu_top_enhanced', net 'dummy_can_2[20]' driven by pin 'u_lmu2/can_frame[20]' has no loads. (LINT-2)
Warning: In design 'bms_system_3lmu_top_enhanced', net 'dummy_can_2[21]' driven by pin 'u_lmu2/can_frame[21]' has no loads. (LINT-2)
Warning: In design 'bms_system_3lmu_top_enhanced', net 'dummy_can_2[22]' driven by pin 'u_lmu2/can_frame[22]' has no loads. (LINT-2)
Warning: In design 'bms_system_3lmu_top_enhanced', net 'dummy_can_2[23]' driven by pin 'u_lmu2/can_frame[23]' has no loads. (LINT-2)
Warning: In design 'bms_system_3lmu_top_enhanced', net 'dummy_can_2[24]' driven by pin 'u_lmu2/can_frame[24]' has no loads. (LINT-2)
Warning: In design 'bms_system_3lmu_top_enhanced', net 'dummy_can_2[25]' driven by pin 'u_lmu2/can_frame[25]' has no loads. (LINT-2)
Warning: In design 'bms_system_3lmu_top_enhanced', net 'dummy_can_2[26]' driven by pin 'u_lmu2/can_frame[26]' has no loads. (LINT-2)
Warning: In design 'bms_system_3lmu_top_enhanced', net 'dummy_can_2[27]' driven by pin 'u_lmu2/can_frame[27]' has no loads. (LINT-2)
Warning: In design 'bms_system_3lmu_top_enhanced', net 'dummy_can_2[28]' driven by pin 'u_lmu2/can_frame[28]' has no loads. (LINT-2)
Warning: In design 'bms_system_3lmu_top_enhanced', net 'dummy_can_2[29]' driven by pin 'u_lmu2/can_frame[29]' has no loads. (LINT-2)
Warning: In design 'bms_system_3lmu_top_enhanced', net 'dummy_can_2[30]' driven by pin 'u_lmu2/can_frame[30]' has no loads. (LINT-2)
Warning: In design 'bms_system_3lmu_top_enhanced', net 'dummy_can_2[31]' driven by pin 'u_lmu2/can_frame[31]' has no loads. (LINT-2)
Warning: In design 'bms_system_3lmu_top_enhanced', net 'dummy_can_2[32]' driven by pin 'u_lmu2/can_frame[32]' has no loads. (LINT-2)
Warning: In design 'bms_system_3lmu_top_enhanced', net 'dummy_can_2[33]' driven by pin 'u_lmu2/can_frame[33]' has no loads. (LINT-2)
Warning: In design 'bms_system_3lmu_top_enhanced', net 'dummy_can_2[34]' driven by pin 'u_lmu2/can_frame[34]' has no loads. (LINT-2)
Warning: In design 'bms_system_3lmu_top_enhanced', net 'dummy_can_2[35]' driven by pin 'u_lmu2/can_frame[35]' has no loads. (LINT-2)
Warning: In design 'bms_system_3lmu_top_enhanced', net 'dummy_can_2[36]' driven by pin 'u_lmu2/can_frame[36]' has no loads. (LINT-2)
Warning: In design 'bms_system_3lmu_top_enhanced', net 'dummy_can_2[37]' driven by pin 'u_lmu2/can_frame[37]' has no loads. (LINT-2)
Warning: In design 'bms_system_3lmu_top_enhanced', net 'dummy_can_2[38]' driven by pin 'u_lmu2/can_frame[38]' has no loads. (LINT-2)
Warning: In design 'bms_system_3lmu_top_enhanced', net 'dummy_can_2[39]' driven by pin 'u_lmu2/can_frame[39]' has no loads. (LINT-2)
Warning: In design 'bms_system_3lmu_top_enhanced', net 'dummy_can_2[40]' driven by pin 'u_lmu2/can_frame[40]' has no loads. (LINT-2)
Warning: In design 'bms_system_3lmu_top_enhanced', net 'dummy_can_2[41]' driven by pin 'u_lmu2/can_frame[41]' has no loads. (LINT-2)
Warning: In design 'bms_system_3lmu_top_enhanced', net 'dummy_can_2[42]' driven by pin 'u_lmu2/can_frame[42]' has no loads. (LINT-2)
Warning: In design 'bms_system_3lmu_top_enhanced', net 'dummy_can_2[43]' driven by pin 'u_lmu2/can_frame[43]' has no loads. (LINT-2)
Warning: In design 'bms_system_3lmu_top_enhanced', net 'dummy_can_2[44]' driven by pin 'u_lmu2/can_frame[44]' has no loads. (LINT-2)
Warning: In design 'bms_system_3lmu_top_enhanced', net 'dummy_can_2[45]' driven by pin 'u_lmu2/can_frame[45]' has no loads. (LINT-2)
Warning: In design 'bms_system_3lmu_top_enhanced', net 'dummy_can_2[46]' driven by pin 'u_lmu2/can_frame[46]' has no loads. (LINT-2)
Warning: In design 'bms_system_3lmu_top_enhanced', net 'dummy_can_2[47]' driven by pin 'u_lmu2/can_frame[47]' has no loads. (LINT-2)
Warning: In design 'bms_system_3lmu_top_enhanced', net 'dummy_can_2[48]' driven by pin 'u_lmu2/can_frame[48]' has no loads. (LINT-2)
Warning: In design 'bms_system_3lmu_top_enhanced', net 'dummy_can_2[49]' driven by pin 'u_lmu2/can_frame[49]' has no loads. (LINT-2)
Warning: In design 'bms_system_3lmu_top_enhanced', net 'dummy_can_2[50]' driven by pin 'u_lmu2/can_frame[50]' has no loads. (LINT-2)
Warning: In design 'bms_system_3lmu_top_enhanced', net 'dummy_can_2[51]' driven by pin 'u_lmu2/can_frame[51]' has no loads. (LINT-2)
Warning: In design 'bms_system_3lmu_top_enhanced', net 'dummy_can_2[52]' driven by pin 'u_lmu2/can_frame[52]' has no loads. (LINT-2)
Warning: In design 'bms_system_3lmu_top_enhanced', net 'dummy_can_2[53]' driven by pin 'u_lmu2/can_frame[53]' has no loads. (LINT-2)
Warning: In design 'bms_system_3lmu_top_enhanced', net 'dummy_can_2[54]' driven by pin 'u_lmu2/can_frame[54]' has no loads. (LINT-2)
Warning: In design 'bms_system_3lmu_top_enhanced', net 'dummy_can_2[55]' driven by pin 'u_lmu2/can_frame[55]' has no loads. (LINT-2)
Warning: In design 'bms_system_3lmu_top_enhanced', net 'dummy_can_2[56]' driven by pin 'u_lmu2/can_frame[56]' has no loads. (LINT-2)
Warning: In design 'bms_system_3lmu_top_enhanced', net 'dummy_can_2[57]' driven by pin 'u_lmu2/can_frame[57]' has no loads. (LINT-2)
Warning: In design 'bms_system_3lmu_top_enhanced', net 'dummy_can_2[58]' driven by pin 'u_lmu2/can_frame[58]' has no loads. (LINT-2)
Warning: In design 'bms_system_3lmu_top_enhanced', net 'dummy_can_2[59]' driven by pin 'u_lmu2/can_frame[59]' has no loads. (LINT-2)
Warning: In design 'bms_system_3lmu_top_enhanced', net 'dummy_can_2[60]' driven by pin 'u_lmu2/can_frame[60]' has no loads. (LINT-2)
Warning: In design 'bms_system_3lmu_top_enhanced', net 'dummy_can_2[61]' driven by pin 'u_lmu2/can_frame[61]' has no loads. (LINT-2)
Warning: In design 'bms_system_3lmu_top_enhanced', net 'dummy_can_2[62]' driven by pin 'u_lmu2/can_frame[62]' has no loads. (LINT-2)
Warning: In design 'bms_system_3lmu_top_enhanced', net 'dummy_can_2[63]' driven by pin 'u_lmu2/can_frame[63]' has no loads. (LINT-2)
Warning: In design 'bms_system_3lmu_top_enhanced', net 'dummy_uart_2' driven by pin 'u_lmu2/uart_tx' has no loads. (LINT-2)
Warning: In design 'bms_system_3lmu_top_enhanced', net 'dummy_spi_miso_2' driven by pin 'u_lmu2/spi_miso' has no loads. (LINT-2)
Warning: In design 'bms_system_3lmu_top_enhanced', net 'max_temp_seen[0]' driven by pin 'u_mcu/max_temp_seen[0]' has no loads. (LINT-2)
Warning: In design 'bms_system_3lmu_top_enhanced', net 'max_temp_seen[1]' driven by pin 'u_mcu/max_temp_seen[1]' has no loads. (LINT-2)
Warning: In design 'bms_system_3lmu_top_enhanced', net 'max_temp_seen[2]' driven by pin 'u_mcu/max_temp_seen[2]' has no loads. (LINT-2)
Warning: In design 'bms_system_3lmu_top_enhanced', net 'max_temp_seen[3]' driven by pin 'u_mcu/max_temp_seen[3]' has no loads. (LINT-2)
Warning: In design 'bms_system_3lmu_top_enhanced', net 'max_temp_seen[4]' driven by pin 'u_mcu/max_temp_seen[4]' has no loads. (LINT-2)
Warning: In design 'bms_system_3lmu_top_enhanced', net 'max_temp_seen[5]' driven by pin 'u_mcu/max_temp_seen[5]' has no loads. (LINT-2)
Warning: In design 'bms_system_3lmu_top_enhanced', net 'max_temp_seen[6]' driven by pin 'u_mcu/max_temp_seen[6]' has no loads. (LINT-2)
Warning: In design 'bms_system_3lmu_top_enhanced', net 'max_temp_seen[7]' driven by pin 'u_mcu/max_temp_seen[7]' has no loads. (LINT-2)
Warning: In design 'bms_system_3lmu_top_enhanced', net 'max_temp_seen[8]' driven by pin 'u_mcu/max_temp_seen[8]' has no loads. (LINT-2)
Warning: In design 'bms_system_3lmu_top_enhanced', net 'max_temp_seen[9]' driven by pin 'u_mcu/max_temp_seen[9]' has no loads. (LINT-2)
Warning: In design 'bms_system_3lmu_top_enhanced', net 'max_temp_seen[10]' driven by pin 'u_mcu/max_temp_seen[10]' has no loads. (LINT-2)
Warning: In design 'bms_system_3lmu_top_enhanced', net 'max_temp_seen[11]' driven by pin 'u_mcu/max_temp_seen[11]' has no loads. (LINT-2)
Warning: In design 'bms_system_3lmu_top_enhanced', net 'lmu_count_fault' driven by pin 'u_mcu/lmu_count_fault' has no loads. (LINT-2)
Warning: In design 'bms_system_3lmu_top_enhanced', net 'dummy_passive0[0]' driven by pin 'u_lmu0/passive_sw[0]' has no loads. (LINT-2)
Warning: In design 'bms_system_3lmu_top_enhanced', net 'dummy_passive0[1]' driven by pin 'u_lmu0/passive_sw[1]' has no loads. (LINT-2)
Warning: In design 'bms_system_3lmu_top_enhanced', net 'dummy_passive0[2]' driven by pin 'u_lmu0/passive_sw[2]' has no loads. (LINT-2)
Warning: In design 'bms_system_3lmu_top_enhanced', net 'dummy_passive0[3]' driven by pin 'u_lmu0/passive_sw[3]' has no loads. (LINT-2)
Warning: In design 'bms_system_3lmu_top_enhanced', net 'dummy_passive0[4]' driven by pin 'u_lmu0/passive_sw[4]' has no loads. (LINT-2)
Warning: In design 'bms_system_3lmu_top_enhanced', net 'dummy_passive0[5]' driven by pin 'u_lmu0/passive_sw[5]' has no loads. (LINT-2)
Warning: In design 'bms_system_3lmu_top_enhanced', net 'dummy_passive0[6]' driven by pin 'u_lmu0/passive_sw[6]' has no loads. (LINT-2)
Warning: In design 'bms_system_3lmu_top_enhanced', net 'dummy_passive0[7]' driven by pin 'u_lmu0/passive_sw[7]' has no loads. (LINT-2)
Warning: In design 'bms_system_3lmu_top_enhanced', net 'dummy_passive0[8]' driven by pin 'u_lmu0/passive_sw[8]' has no loads. (LINT-2)
Warning: In design 'bms_system_3lmu_top_enhanced', net 'dummy_passive0[9]' driven by pin 'u_lmu0/passive_sw[9]' has no loads. (LINT-2)
Warning: In design 'bms_system_3lmu_top_enhanced', net 'dummy_passive0[10]' driven by pin 'u_lmu0/passive_sw[10]' has no loads. (LINT-2)
Warning: In design 'bms_system_3lmu_top_enhanced', net 'dummy_passive0[11]' driven by pin 'u_lmu0/passive_sw[11]' has no loads. (LINT-2)
Warning: In design 'bms_system_3lmu_top_enhanced', net 'dummy_passive0[12]' driven by pin 'u_lmu0/passive_sw[12]' has no loads. (LINT-2)
Warning: In design 'bms_system_3lmu_top_enhanced', net 'dummy_passive0[13]' driven by pin 'u_lmu0/passive_sw[13]' has no loads. (LINT-2)
Warning: In design 'bms_system_3lmu_top_enhanced', net 'dummy_passive0[14]' driven by pin 'u_lmu0/passive_sw[14]' has no loads. (LINT-2)
Warning: In design 'bms_system_3lmu_top_enhanced', net 'dummy_passive0[15]' driven by pin 'u_lmu0/passive_sw[15]' has no loads. (LINT-2)
Warning: In design 'bms_system_3lmu_top_enhanced', net 'dummy_active_rx0[0]' driven by pin 'u_lmu0/active_rx_sw[0]' has no loads. (LINT-2)
Warning: In design 'bms_system_3lmu_top_enhanced', net 'dummy_active_rx0[1]' driven by pin 'u_lmu0/active_rx_sw[1]' has no loads. (LINT-2)
Warning: In design 'bms_system_3lmu_top_enhanced', net 'dummy_active_rx0[2]' driven by pin 'u_lmu0/active_rx_sw[2]' has no loads. (LINT-2)
Warning: In design 'bms_system_3lmu_top_enhanced', net 'dummy_active_rx0[3]' driven by pin 'u_lmu0/active_rx_sw[3]' has no loads. (LINT-2)
Warning: In design 'bms_system_3lmu_top_enhanced', net 'dummy_active_rx0[4]' driven by pin 'u_lmu0/active_rx_sw[4]' has no loads. (LINT-2)
Warning: In design 'bms_system_3lmu_top_enhanced', net 'dummy_active_rx0[5]' driven by pin 'u_lmu0/active_rx_sw[5]' has no loads. (LINT-2)
Warning: In design 'bms_system_3lmu_top_enhanced', net 'dummy_active_rx0[6]' driven by pin 'u_lmu0/active_rx_sw[6]' has no loads. (LINT-2)
Warning: In design 'bms_system_3lmu_top_enhanced', net 'dummy_active_rx0[7]' driven by pin 'u_lmu0/active_rx_sw[7]' has no loads. (LINT-2)
Warning: In design 'bms_system_3lmu_top_enhanced', net 'dummy_active_rx0[8]' driven by pin 'u_lmu0/active_rx_sw[8]' has no loads. (LINT-2)
Warning: In design 'bms_system_3lmu_top_enhanced', net 'dummy_active_rx0[9]' driven by pin 'u_lmu0/active_rx_sw[9]' has no loads. (LINT-2)
Warning: In design 'bms_system_3lmu_top_enhanced', net 'dummy_active_rx0[10]' driven by pin 'u_lmu0/active_rx_sw[10]' has no loads. (LINT-2)
Warning: In design 'bms_system_3lmu_top_enhanced', net 'dummy_active_rx0[11]' driven by pin 'u_lmu0/active_rx_sw[11]' has no loads. (LINT-2)
Warning: In design 'bms_system_3lmu_top_enhanced', net 'dummy_active_rx0[12]' driven by pin 'u_lmu0/active_rx_sw[12]' has no loads. (LINT-2)
Warning: In design 'bms_system_3lmu_top_enhanced', net 'dummy_active_rx0[13]' driven by pin 'u_lmu0/active_rx_sw[13]' has no loads. (LINT-2)
Warning: In design 'bms_system_3lmu_top_enhanced', net 'dummy_active_rx0[14]' driven by pin 'u_lmu0/active_rx_sw[14]' has no loads. (LINT-2)
Warning: In design 'bms_system_3lmu_top_enhanced', net 'dummy_active_rx0[15]' driven by pin 'u_lmu0/active_rx_sw[15]' has no loads. (LINT-2)
Warning: In design 'bms_system_3lmu_top_enhanced', net 'dummy_active_tx0[0]' driven by pin 'u_lmu0/active_tx_sw[0]' has no loads. (LINT-2)
Warning: In design 'bms_system_3lmu_top_enhanced', net 'dummy_active_tx0[1]' driven by pin 'u_lmu0/active_tx_sw[1]' has no loads. (LINT-2)
Warning: In design 'bms_system_3lmu_top_enhanced', net 'dummy_active_tx0[2]' driven by pin 'u_lmu0/active_tx_sw[2]' has no loads. (LINT-2)
Warning: In design 'bms_system_3lmu_top_enhanced', net 'dummy_active_tx0[3]' driven by pin 'u_lmu0/active_tx_sw[3]' has no loads. (LINT-2)
Warning: In design 'bms_system_3lmu_top_enhanced', net 'dummy_active_tx0[4]' driven by pin 'u_lmu0/active_tx_sw[4]' has no loads. (LINT-2)
Warning: In design 'bms_system_3lmu_top_enhanced', net 'dummy_active_tx0[5]' driven by pin 'u_lmu0/active_tx_sw[5]' has no loads. (LINT-2)
Warning: In design 'bms_system_3lmu_top_enhanced', net 'dummy_active_tx0[6]' driven by pin 'u_lmu0/active_tx_sw[6]' has no loads. (LINT-2)
Warning: In design 'bms_system_3lmu_top_enhanced', net 'dummy_active_tx0[7]' driven by pin 'u_lmu0/active_tx_sw[7]' has no loads. (LINT-2)
Warning: In design 'bms_system_3lmu_top_enhanced', net 'dummy_active_tx0[8]' driven by pin 'u_lmu0/active_tx_sw[8]' has no loads. (LINT-2)
Warning: In design 'bms_system_3lmu_top_enhanced', net 'dummy_active_tx0[9]' driven by pin 'u_lmu0/active_tx_sw[9]' has no loads. (LINT-2)
Warning: In design 'bms_system_3lmu_top_enhanced', net 'dummy_active_tx0[10]' driven by pin 'u_lmu0/active_tx_sw[10]' has no loads. (LINT-2)
Warning: In design 'bms_system_3lmu_top_enhanced', net 'dummy_active_tx0[11]' driven by pin 'u_lmu0/active_tx_sw[11]' has no loads. (LINT-2)
Warning: In design 'bms_system_3lmu_top_enhanced', net 'dummy_active_tx0[12]' driven by pin 'u_lmu0/active_tx_sw[12]' has no loads. (LINT-2)
Warning: In design 'bms_system_3lmu_top_enhanced', net 'dummy_active_tx0[13]' driven by pin 'u_lmu0/active_tx_sw[13]' has no loads. (LINT-2)
Warning: In design 'bms_system_3lmu_top_enhanced', net 'dummy_active_tx0[14]' driven by pin 'u_lmu0/active_tx_sw[14]' has no loads. (LINT-2)
Warning: In design 'bms_system_3lmu_top_enhanced', net 'dummy_active_tx0[15]' driven by pin 'u_lmu0/active_tx_sw[15]' has no loads. (LINT-2)
Warning: In design 'bms_system_3lmu_top_enhanced', net 'dummy_can_valid_0' driven by pin 'u_lmu0/can_valid' has no loads. (LINT-2)
Warning: In design 'bms_system_3lmu_top_enhanced', net 'dummy_can_0[0]' driven by pin 'u_lmu0/can_frame[0]' has no loads. (LINT-2)
Warning: In design 'bms_system_3lmu_top_enhanced', net 'dummy_can_0[1]' driven by pin 'u_lmu0/can_frame[1]' has no loads. (LINT-2)
Warning: In design 'bms_system_3lmu_top_enhanced', net 'dummy_can_0[2]' driven by pin 'u_lmu0/can_frame[2]' has no loads. (LINT-2)
Warning: In design 'bms_system_3lmu_top_enhanced', net 'dummy_can_0[3]' driven by pin 'u_lmu0/can_frame[3]' has no loads. (LINT-2)
Warning: In design 'bms_system_3lmu_top_enhanced', net 'dummy_can_0[4]' driven by pin 'u_lmu0/can_frame[4]' has no loads. (LINT-2)
Warning: In design 'bms_system_3lmu_top_enhanced', net 'dummy_can_0[5]' driven by pin 'u_lmu0/can_frame[5]' has no loads. (LINT-2)
Warning: In design 'bms_system_3lmu_top_enhanced', net 'dummy_can_0[6]' driven by pin 'u_lmu0/can_frame[6]' has no loads. (LINT-2)
Warning: In design 'bms_system_3lmu_top_enhanced', net 'dummy_can_0[7]' driven by pin 'u_lmu0/can_frame[7]' has no loads. (LINT-2)
Warning: In design 'bms_system_3lmu_top_enhanced', net 'dummy_can_0[8]' driven by pin 'u_lmu0/can_frame[8]' has no loads. (LINT-2)
Warning: In design 'bms_system_3lmu_top_enhanced', net 'dummy_can_0[9]' driven by pin 'u_lmu0/can_frame[9]' has no loads. (LINT-2)
Warning: In design 'bms_system_3lmu_top_enhanced', net 'dummy_can_0[10]' driven by pin 'u_lmu0/can_frame[10]' has no loads. (LINT-2)
Warning: In design 'bms_system_3lmu_top_enhanced', net 'dummy_can_0[11]' driven by pin 'u_lmu0/can_frame[11]' has no loads. (LINT-2)
Warning: In design 'bms_system_3lmu_top_enhanced', net 'dummy_can_0[12]' driven by pin 'u_lmu0/can_frame[12]' has no loads. (LINT-2)
Warning: In design 'bms_system_3lmu_top_enhanced', net 'dummy_can_0[13]' driven by pin 'u_lmu0/can_frame[13]' has no loads. (LINT-2)
Warning: In design 'bms_system_3lmu_top_enhanced', net 'dummy_can_0[14]' driven by pin 'u_lmu0/can_frame[14]' has no loads. (LINT-2)
Warning: In design 'bms_system_3lmu_top_enhanced', net 'dummy_can_0[15]' driven by pin 'u_lmu0/can_frame[15]' has no loads. (LINT-2)
Warning: In design 'bms_system_3lmu_top_enhanced', net 'dummy_can_0[16]' driven by pin 'u_lmu0/can_frame[16]' has no loads. (LINT-2)
Warning: In design 'bms_system_3lmu_top_enhanced', net 'dummy_can_0[17]' driven by pin 'u_lmu0/can_frame[17]' has no loads. (LINT-2)
Warning: In design 'bms_system_3lmu_top_enhanced', net 'dummy_can_0[18]' driven by pin 'u_lmu0/can_frame[18]' has no loads. (LINT-2)
Warning: In design 'bms_system_3lmu_top_enhanced', net 'dummy_can_0[19]' driven by pin 'u_lmu0/can_frame[19]' has no loads. (LINT-2)
Warning: In design 'bms_system_3lmu_top_enhanced', net 'dummy_can_0[20]' driven by pin 'u_lmu0/can_frame[20]' has no loads. (LINT-2)
Warning: In design 'bms_system_3lmu_top_enhanced', net 'dummy_can_0[21]' driven by pin 'u_lmu0/can_frame[21]' has no loads. (LINT-2)
Warning: In design 'bms_system_3lmu_top_enhanced', net 'dummy_can_0[22]' driven by pin 'u_lmu0/can_frame[22]' has no loads. (LINT-2)
Warning: In design 'bms_system_3lmu_top_enhanced', net 'dummy_can_0[23]' driven by pin 'u_lmu0/can_frame[23]' has no loads. (LINT-2)
Warning: In design 'bms_system_3lmu_top_enhanced', net 'dummy_can_0[24]' driven by pin 'u_lmu0/can_frame[24]' has no loads. (LINT-2)
Warning: In design 'bms_system_3lmu_top_enhanced', net 'dummy_can_0[25]' driven by pin 'u_lmu0/can_frame[25]' has no loads. (LINT-2)
Warning: In design 'bms_system_3lmu_top_enhanced', net 'dummy_can_0[26]' driven by pin 'u_lmu0/can_frame[26]' has no loads. (LINT-2)
Warning: In design 'bms_system_3lmu_top_enhanced', net 'dummy_can_0[27]' driven by pin 'u_lmu0/can_frame[27]' has no loads. (LINT-2)
Warning: In design 'bms_system_3lmu_top_enhanced', net 'dummy_can_0[28]' driven by pin 'u_lmu0/can_frame[28]' has no loads. (LINT-2)
Warning: In design 'bms_system_3lmu_top_enhanced', net 'dummy_can_0[29]' driven by pin 'u_lmu0/can_frame[29]' has no loads. (LINT-2)
Warning: In design 'bms_system_3lmu_top_enhanced', net 'dummy_can_0[30]' driven by pin 'u_lmu0/can_frame[30]' has no loads. (LINT-2)
Warning: In design 'bms_system_3lmu_top_enhanced', net 'dummy_can_0[31]' driven by pin 'u_lmu0/can_frame[31]' has no loads. (LINT-2)
Warning: In design 'bms_system_3lmu_top_enhanced', net 'dummy_can_0[32]' driven by pin 'u_lmu0/can_frame[32]' has no loads. (LINT-2)
Warning: In design 'bms_system_3lmu_top_enhanced', net 'dummy_can_0[33]' driven by pin 'u_lmu0/can_frame[33]' has no loads. (LINT-2)
Warning: In design 'bms_system_3lmu_top_enhanced', net 'dummy_can_0[34]' driven by pin 'u_lmu0/can_frame[34]' has no loads. (LINT-2)
Warning: In design 'bms_system_3lmu_top_enhanced', net 'dummy_can_0[35]' driven by pin 'u_lmu0/can_frame[35]' has no loads. (LINT-2)
Warning: In design 'bms_system_3lmu_top_enhanced', net 'dummy_can_0[36]' driven by pin 'u_lmu0/can_frame[36]' has no loads. (LINT-2)
Warning: In design 'bms_system_3lmu_top_enhanced', net 'dummy_can_0[37]' driven by pin 'u_lmu0/can_frame[37]' has no loads. (LINT-2)
Warning: In design 'bms_system_3lmu_top_enhanced', net 'dummy_can_0[38]' driven by pin 'u_lmu0/can_frame[38]' has no loads. (LINT-2)
Warning: In design 'bms_system_3lmu_top_enhanced', net 'dummy_can_0[39]' driven by pin 'u_lmu0/can_frame[39]' has no loads. (LINT-2)
Warning: In design 'bms_system_3lmu_top_enhanced', net 'dummy_can_0[40]' driven by pin 'u_lmu0/can_frame[40]' has no loads. (LINT-2)
Warning: In design 'bms_system_3lmu_top_enhanced', net 'dummy_can_0[41]' driven by pin 'u_lmu0/can_frame[41]' has no loads. (LINT-2)
Warning: In design 'bms_system_3lmu_top_enhanced', net 'dummy_can_0[42]' driven by pin 'u_lmu0/can_frame[42]' has no loads. (LINT-2)
Warning: In design 'bms_system_3lmu_top_enhanced', net 'dummy_can_0[43]' driven by pin 'u_lmu0/can_frame[43]' has no loads. (LINT-2)
Warning: In design 'bms_system_3lmu_top_enhanced', net 'dummy_can_0[44]' driven by pin 'u_lmu0/can_frame[44]' has no loads. (LINT-2)
Warning: In design 'bms_system_3lmu_top_enhanced', net 'dummy_can_0[45]' driven by pin 'u_lmu0/can_frame[45]' has no loads. (LINT-2)
Warning: In design 'bms_system_3lmu_top_enhanced', net 'dummy_can_0[46]' driven by pin 'u_lmu0/can_frame[46]' has no loads. (LINT-2)
Warning: In design 'bms_system_3lmu_top_enhanced', net 'dummy_can_0[47]' driven by pin 'u_lmu0/can_frame[47]' has no loads. (LINT-2)
Warning: In design 'bms_system_3lmu_top_enhanced', net 'dummy_can_0[48]' driven by pin 'u_lmu0/can_frame[48]' has no loads. (LINT-2)
Warning: In design 'bms_system_3lmu_top_enhanced', net 'dummy_can_0[49]' driven by pin 'u_lmu0/can_frame[49]' has no loads. (LINT-2)
Warning: In design 'bms_system_3lmu_top_enhanced', net 'dummy_can_0[50]' driven by pin 'u_lmu0/can_frame[50]' has no loads. (LINT-2)
Warning: In design 'bms_system_3lmu_top_enhanced', net 'dummy_can_0[51]' driven by pin 'u_lmu0/can_frame[51]' has no loads. (LINT-2)
Warning: In design 'bms_system_3lmu_top_enhanced', net 'dummy_can_0[52]' driven by pin 'u_lmu0/can_frame[52]' has no loads. (LINT-2)
Warning: In design 'bms_system_3lmu_top_enhanced', net 'dummy_can_0[53]' driven by pin 'u_lmu0/can_frame[53]' has no loads. (LINT-2)
Warning: In design 'bms_system_3lmu_top_enhanced', net 'dummy_can_0[54]' driven by pin 'u_lmu0/can_frame[54]' has no loads. (LINT-2)
Warning: In design 'bms_system_3lmu_top_enhanced', net 'dummy_can_0[55]' driven by pin 'u_lmu0/can_frame[55]' has no loads. (LINT-2)
Warning: In design 'bms_system_3lmu_top_enhanced', net 'dummy_can_0[56]' driven by pin 'u_lmu0/can_frame[56]' has no loads. (LINT-2)
Warning: In design 'bms_system_3lmu_top_enhanced', net 'dummy_can_0[57]' driven by pin 'u_lmu0/can_frame[57]' has no loads. (LINT-2)
Warning: In design 'bms_system_3lmu_top_enhanced', net 'dummy_can_0[58]' driven by pin 'u_lmu0/can_frame[58]' has no loads. (LINT-2)
Warning: In design 'bms_system_3lmu_top_enhanced', net 'dummy_can_0[59]' driven by pin 'u_lmu0/can_frame[59]' has no loads. (LINT-2)
Warning: In design 'bms_system_3lmu_top_enhanced', net 'dummy_can_0[60]' driven by pin 'u_lmu0/can_frame[60]' has no loads. (LINT-2)
Warning: In design 'bms_system_3lmu_top_enhanced', net 'dummy_can_0[61]' driven by pin 'u_lmu0/can_frame[61]' has no loads. (LINT-2)
Warning: In design 'bms_system_3lmu_top_enhanced', net 'dummy_can_0[62]' driven by pin 'u_lmu0/can_frame[62]' has no loads. (LINT-2)
Warning: In design 'bms_system_3lmu_top_enhanced', net 'dummy_can_0[63]' driven by pin 'u_lmu0/can_frame[63]' has no loads. (LINT-2)
Warning: In design 'bms_system_3lmu_top_enhanced', net 'dummy_uart_0' driven by pin 'u_lmu0/uart_tx' has no loads. (LINT-2)
Warning: In design 'bms_system_3lmu_top_enhanced', net 'dummy_spi_miso_0' driven by pin 'u_lmu0/spi_miso' has no loads. (LINT-2)
Warning: In design 'bms_system_3lmu_top_enhanced', net 'u_mcu/spi_rx_byte[0]' driven by pin 'u_mcu/u_spi_master/rx_byte[0]' has no loads. (LINT-2)
Warning: In design 'bms_system_3lmu_top_enhanced', net 'u_mcu/spi_rx_byte[1]' driven by pin 'u_mcu/u_spi_master/rx_byte[1]' has no loads. (LINT-2)
Warning: In design 'bms_system_3lmu_top_enhanced', net 'u_mcu/spi_rx_byte[2]' driven by pin 'u_mcu/u_spi_master/rx_byte[2]' has no loads. (LINT-2)
Warning: In design 'bms_system_3lmu_top_enhanced', net 'u_mcu/spi_rx_byte[3]' driven by pin 'u_mcu/u_spi_master/rx_byte[3]' has no loads. (LINT-2)
Warning: In design 'bms_system_3lmu_top_enhanced', net 'u_mcu/spi_rx_byte[4]' driven by pin 'u_mcu/u_spi_master/rx_byte[4]' has no loads. (LINT-2)
Warning: In design 'bms_system_3lmu_top_enhanced', net 'u_mcu/spi_rx_byte[5]' driven by pin 'u_mcu/u_spi_master/rx_byte[5]' has no loads. (LINT-2)
Warning: In design 'bms_system_3lmu_top_enhanced', net 'u_mcu/spi_rx_byte[6]' driven by pin 'u_mcu/u_spi_master/rx_byte[6]' has no loads. (LINT-2)
Warning: In design 'bms_system_3lmu_top_enhanced', net 'u_mcu/spi_rx_byte[7]' driven by pin 'u_mcu/u_spi_master/rx_byte[7]' has no loads. (LINT-2)
Warning: In design 'bms_system_3lmu_top_enhanced', net 'u_mcu/spi_busy' driven by pin 'u_mcu/u_spi_master/busy' has no loads. (LINT-2)
Warning: In design 'bms_system_3lmu_top_enhanced', net 'u_lmu0/u_lmu/sleep_mode' driven by pin 'u_lmu0/u_lmu/u_pwr/sleep_mode' has no loads. (LINT-2)
Warning: In design 'bms_system_3lmu_top_enhanced', net 'u_lmu0/u_lmu/low_id[0]' driven by pin 'u_lmu0/u_lmu/u_bal/low_id_o[0]' has no loads. (LINT-2)
Warning: In design 'bms_system_3lmu_top_enhanced', net 'u_lmu0/u_lmu/low_id[1]' driven by pin 'u_lmu0/u_lmu/u_bal/low_id_o[1]' has no loads. (LINT-2)
Warning: In design 'bms_system_3lmu_top_enhanced', net 'u_lmu0/u_lmu/low_id[2]' driven by pin 'u_lmu0/u_lmu/u_bal/low_id_o[2]' has no loads. (LINT-2)
Warning: In design 'bms_system_3lmu_top_enhanced', net 'u_lmu0/u_lmu/low_id[3]' driven by pin 'u_lmu0/u_lmu/u_bal/low_id_o[3]' has no loads. (LINT-2)
Warning: In design 'bms_system_3lmu_top_enhanced', net 'u_lmu0/u_lmu/high_id[0]' driven by pin 'u_lmu0/u_lmu/u_bal/high_id_o[0]' has no loads. (LINT-2)
Warning: In design 'bms_system_3lmu_top_enhanced', net 'u_lmu0/u_lmu/high_id[1]' driven by pin 'u_lmu0/u_lmu/u_bal/high_id_o[1]' has no loads. (LINT-2)
Warning: In design 'bms_system_3lmu_top_enhanced', net 'u_lmu0/u_lmu/high_id[2]' driven by pin 'u_lmu0/u_lmu/u_bal/high_id_o[2]' has no loads. (LINT-2)
Warning: In design 'bms_system_3lmu_top_enhanced', net 'u_lmu0/u_lmu/high_id[3]' driven by pin 'u_lmu0/u_lmu/u_bal/high_id_o[3]' has no loads. (LINT-2)
Warning: In design 'bms_system_3lmu_top_enhanced', net 'u_lmu0/u_lmu/balance_busy' driven by pin 'u_lmu0/u_lmu/u_bal/balance_busy' has no loads. (LINT-2)
Warning: In design 'bms_system_3lmu_top_enhanced', net 'u_lmu0/u_lmu/sensor_mismatch' driven by pin 'u_lmu0/u_lmu/u_fault/sensor_mismatch' has no loads. (LINT-2)
Warning: In design 'bms_system_3lmu_top_enhanced', net 'u_lmu0/u_lmu/uv_map[0]' driven by pin 'u_lmu0/u_lmu/u_fault/uv_map[0]' has no loads. (LINT-2)
Warning: In design 'bms_system_3lmu_top_enhanced', net 'u_lmu0/u_lmu/uv_map[1]' driven by pin 'u_lmu0/u_lmu/u_fault/uv_map[1]' has no loads. (LINT-2)
Warning: In design 'bms_system_3lmu_top_enhanced', net 'u_lmu0/u_lmu/uv_map[2]' driven by pin 'u_lmu0/u_lmu/u_fault/uv_map[2]' has no loads. (LINT-2)
Warning: In design 'bms_system_3lmu_top_enhanced', net 'u_lmu0/u_lmu/uv_map[3]' driven by pin 'u_lmu0/u_lmu/u_fault/uv_map[3]' has no loads. (LINT-2)
Warning: In design 'bms_system_3lmu_top_enhanced', net 'u_lmu0/u_lmu/uv_map[4]' driven by pin 'u_lmu0/u_lmu/u_fault/uv_map[4]' has no loads. (LINT-2)
Warning: In design 'bms_system_3lmu_top_enhanced', net 'u_lmu0/u_lmu/uv_map[5]' driven by pin 'u_lmu0/u_lmu/u_fault/uv_map[5]' has no loads. (LINT-2)
Warning: In design 'bms_system_3lmu_top_enhanced', net 'u_lmu0/u_lmu/uv_map[6]' driven by pin 'u_lmu0/u_lmu/u_fault/uv_map[6]' has no loads. (LINT-2)
Warning: In design 'bms_system_3lmu_top_enhanced', net 'u_lmu0/u_lmu/uv_map[7]' driven by pin 'u_lmu0/u_lmu/u_fault/uv_map[7]' has no loads. (LINT-2)
Warning: In design 'bms_system_3lmu_top_enhanced', net 'u_lmu0/u_lmu/uv_map[8]' driven by pin 'u_lmu0/u_lmu/u_fault/uv_map[8]' has no loads. (LINT-2)
Warning: In design 'bms_system_3lmu_top_enhanced', net 'u_lmu0/u_lmu/uv_map[9]' driven by pin 'u_lmu0/u_lmu/u_fault/uv_map[9]' has no loads. (LINT-2)
Warning: In design 'bms_system_3lmu_top_enhanced', net 'u_lmu0/u_lmu/uv_map[10]' driven by pin 'u_lmu0/u_lmu/u_fault/uv_map[10]' has no loads. (LINT-2)
Warning: In design 'bms_system_3lmu_top_enhanced', net 'u_lmu0/u_lmu/uv_map[11]' driven by pin 'u_lmu0/u_lmu/u_fault/uv_map[11]' has no loads. (LINT-2)
Warning: In design 'bms_system_3lmu_top_enhanced', net 'u_lmu0/u_lmu/uv_map[12]' driven by pin 'u_lmu0/u_lmu/u_fault/uv_map[12]' has no loads. (LINT-2)
Warning: In design 'bms_system_3lmu_top_enhanced', net 'u_lmu0/u_lmu/uv_map[13]' driven by pin 'u_lmu0/u_lmu/u_fault/uv_map[13]' has no loads. (LINT-2)
Warning: In design 'bms_system_3lmu_top_enhanced', net 'u_lmu0/u_lmu/uv_map[14]' driven by pin 'u_lmu0/u_lmu/u_fault/uv_map[14]' has no loads. (LINT-2)
Warning: In design 'bms_system_3lmu_top_enhanced', net 'u_lmu0/u_lmu/uv_map[15]' driven by pin 'u_lmu0/u_lmu/u_fault/uv_map[15]' has no loads. (LINT-2)
Warning: In design 'bms_system_3lmu_top_enhanced', net 'u_lmu0/u_lmu/ov_map[0]' driven by pin 'u_lmu0/u_lmu/u_fault/ov_map[0]' has no loads. (LINT-2)
Warning: In design 'bms_system_3lmu_top_enhanced', net 'u_lmu0/u_lmu/ov_map[1]' driven by pin 'u_lmu0/u_lmu/u_fault/ov_map[1]' has no loads. (LINT-2)
Warning: In design 'bms_system_3lmu_top_enhanced', net 'u_lmu0/u_lmu/ov_map[2]' driven by pin 'u_lmu0/u_lmu/u_fault/ov_map[2]' has no loads. (LINT-2)
Warning: In design 'bms_system_3lmu_top_enhanced', net 'u_lmu0/u_lmu/ov_map[3]' driven by pin 'u_lmu0/u_lmu/u_fault/ov_map[3]' has no loads. (LINT-2)
Warning: In design 'bms_system_3lmu_top_enhanced', net 'u_lmu0/u_lmu/ov_map[4]' driven by pin 'u_lmu0/u_lmu/u_fault/ov_map[4]' has no loads. (LINT-2)
Warning: In design 'bms_system_3lmu_top_enhanced', net 'u_lmu0/u_lmu/ov_map[5]' driven by pin 'u_lmu0/u_lmu/u_fault/ov_map[5]' has no loads. (LINT-2)
Warning: In design 'bms_system_3lmu_top_enhanced', net 'u_lmu0/u_lmu/ov_map[6]' driven by pin 'u_lmu0/u_lmu/u_fault/ov_map[6]' has no loads. (LINT-2)
Warning: In design 'bms_system_3lmu_top_enhanced', net 'u_lmu0/u_lmu/ov_map[7]' driven by pin 'u_lmu0/u_lmu/u_fault/ov_map[7]' has no loads. (LINT-2)
Warning: In design 'bms_system_3lmu_top_enhanced', net 'u_lmu0/u_lmu/ov_map[8]' driven by pin 'u_lmu0/u_lmu/u_fault/ov_map[8]' has no loads. (LINT-2)
Warning: In design 'bms_system_3lmu_top_enhanced', net 'u_lmu0/u_lmu/ov_map[9]' driven by pin 'u_lmu0/u_lmu/u_fault/ov_map[9]' has no loads. (LINT-2)
Warning: In design 'bms_system_3lmu_top_enhanced', net 'u_lmu0/u_lmu/ov_map[10]' driven by pin 'u_lmu0/u_lmu/u_fault/ov_map[10]' has no loads. (LINT-2)
Warning: In design 'bms_system_3lmu_top_enhanced', net 'u_lmu0/u_lmu/ov_map[11]' driven by pin 'u_lmu0/u_lmu/u_fault/ov_map[11]' has no loads. (LINT-2)
Warning: In design 'bms_system_3lmu_top_enhanced', net 'u_lmu0/u_lmu/ov_map[12]' driven by pin 'u_lmu0/u_lmu/u_fault/ov_map[12]' has no loads. (LINT-2)
Warning: In design 'bms_system_3lmu_top_enhanced', net 'u_lmu0/u_lmu/ov_map[13]' driven by pin 'u_lmu0/u_lmu/u_fault/ov_map[13]' has no loads. (LINT-2)
Warning: In design 'bms_system_3lmu_top_enhanced', net 'u_lmu0/u_lmu/ov_map[14]' driven by pin 'u_lmu0/u_lmu/u_fault/ov_map[14]' has no loads. (LINT-2)
Warning: In design 'bms_system_3lmu_top_enhanced', net 'u_lmu0/u_lmu/ov_map[15]' driven by pin 'u_lmu0/u_lmu/u_fault/ov_map[15]' has no loads. (LINT-2)
Warning: In design 'bms_system_3lmu_top_enhanced', net 'u_lmu0/u_lmu/iso_margin[0]' driven by pin 'u_lmu0/u_lmu/u_iso/iso_margin[0]' has no loads. (LINT-2)
Warning: In design 'bms_system_3lmu_top_enhanced', net 'u_lmu0/u_lmu/iso_margin[1]' driven by pin 'u_lmu0/u_lmu/u_iso/iso_margin[1]' has no loads. (LINT-2)
Warning: In design 'bms_system_3lmu_top_enhanced', net 'u_lmu0/u_lmu/iso_margin[2]' driven by pin 'u_lmu0/u_lmu/u_iso/iso_margin[2]' has no loads. (LINT-2)
Warning: In design 'bms_system_3lmu_top_enhanced', net 'u_lmu0/u_lmu/iso_margin[3]' driven by pin 'u_lmu0/u_lmu/u_iso/iso_margin[3]' has no loads. (LINT-2)
Warning: In design 'bms_system_3lmu_top_enhanced', net 'u_lmu0/u_lmu/iso_margin[4]' driven by pin 'u_lmu0/u_lmu/u_iso/iso_margin[4]' has no loads. (LINT-2)
Warning: In design 'bms_system_3lmu_top_enhanced', net 'u_lmu0/u_lmu/iso_margin[5]' driven by pin 'u_lmu0/u_lmu/u_iso/iso_margin[5]' has no loads. (LINT-2)
Warning: In design 'bms_system_3lmu_top_enhanced', net 'u_lmu0/u_lmu/iso_margin[6]' driven by pin 'u_lmu0/u_lmu/u_iso/iso_margin[6]' has no loads. (LINT-2)
Warning: In design 'bms_system_3lmu_top_enhanced', net 'u_lmu0/u_lmu/iso_margin[7]' driven by pin 'u_lmu0/u_lmu/u_iso/iso_margin[7]' has no loads. (LINT-2)
Warning: In design 'bms_system_3lmu_top_enhanced', net 'u_lmu0/u_lmu/iso_margin[8]' driven by pin 'u_lmu0/u_lmu/u_iso/iso_margin[8]' has no loads. (LINT-2)
Warning: In design 'bms_system_3lmu_top_enhanced', net 'u_lmu0/u_lmu/iso_margin[9]' driven by pin 'u_lmu0/u_lmu/u_iso/iso_margin[9]' has no loads. (LINT-2)
Warning: In design 'bms_system_3lmu_top_enhanced', net 'u_lmu0/u_lmu/iso_margin[10]' driven by pin 'u_lmu0/u_lmu/u_iso/iso_margin[10]' has no loads. (LINT-2)
Warning: In design 'bms_system_3lmu_top_enhanced', net 'u_lmu0/u_lmu/iso_margin[11]' driven by pin 'u_lmu0/u_lmu/u_iso/iso_margin[11]' has no loads. (LINT-2)
Warning: In design 'bms_system_3lmu_top_enhanced', net 'u_lmu0/u_lmu/iso_margin[12]' driven by pin 'u_lmu0/u_lmu/u_iso/iso_margin[12]' has no loads. (LINT-2)
Warning: In design 'bms_system_3lmu_top_enhanced', net 'u_lmu0/u_lmu/iso_margin[13]' driven by pin 'u_lmu0/u_lmu/u_iso/iso_margin[13]' has no loads. (LINT-2)
Warning: In design 'bms_system_3lmu_top_enhanced', net 'u_lmu0/u_lmu/iso_margin[14]' driven by pin 'u_lmu0/u_lmu/u_iso/iso_margin[14]' has no loads. (LINT-2)
Warning: In design 'bms_system_3lmu_top_enhanced', net 'u_lmu0/u_lmu/iso_margin[15]' driven by pin 'u_lmu0/u_lmu/u_iso/iso_margin[15]' has no loads. (LINT-2)
Warning: In design 'bms_system_3lmu_top_enhanced', net 'u_lmu0/u_lmu/sample_idx[0]' driven by pin 'u_lmu0/u_lmu/u_adc/sample_idx[0]' has no loads. (LINT-2)
Warning: In design 'bms_system_3lmu_top_enhanced', net 'u_lmu0/u_lmu/sample_idx[1]' driven by pin 'u_lmu0/u_lmu/u_adc/sample_idx[1]' has no loads. (LINT-2)
Warning: In design 'bms_system_3lmu_top_enhanced', net 'u_lmu0/u_lmu/sample_idx[2]' driven by pin 'u_lmu0/u_lmu/u_adc/sample_idx[2]' has no loads. (LINT-2)
Warning: In design 'bms_system_3lmu_top_enhanced', net 'u_lmu0/u_lmu/sample_idx[3]' driven by pin 'u_lmu0/u_lmu/u_adc/sample_idx[3]' has no loads. (LINT-2)
Warning: In design 'bms_system_3lmu_top_enhanced', net 'u_lmu0/u_lmu/sample_idx[4]' driven by pin 'u_lmu0/u_lmu/u_adc/sample_idx[4]' has no loads. (LINT-2)
Warning: In design 'bms_system_3lmu_top_enhanced', net 'u_lmu0/u_lmu/u_comm/spi_rx_valid_open' driven by pin 'u_lmu0/u_lmu/u_comm/u_spi/rx_valid' has no loads. (LINT-2)
Warning: In design 'bms_system_3lmu_top_enhanced', net 'u_lmu0/u_lmu/u_comm/spi_rx_byte_open[0]' driven by pin 'u_lmu0/u_lmu/u_comm/u_spi/rx_byte[0]' has no loads. (LINT-2)
Warning: In design 'bms_system_3lmu_top_enhanced', net 'u_lmu0/u_lmu/u_comm/spi_rx_byte_open[1]' driven by pin 'u_lmu0/u_lmu/u_comm/u_spi/rx_byte[1]' has no loads. (LINT-2)
Warning: In design 'bms_system_3lmu_top_enhanced', net 'u_lmu0/u_lmu/u_comm/spi_rx_byte_open[2]' driven by pin 'u_lmu0/u_lmu/u_comm/u_spi/rx_byte[2]' has no loads. (LINT-2)
Warning: In design 'bms_system_3lmu_top_enhanced', net 'u_lmu0/u_lmu/u_comm/spi_rx_byte_open[3]' driven by pin 'u_lmu0/u_lmu/u_comm/u_spi/rx_byte[3]' has no loads. (LINT-2)
Warning: In design 'bms_system_3lmu_top_enhanced', net 'u_lmu0/u_lmu/u_comm/spi_rx_byte_open[4]' driven by pin 'u_lmu0/u_lmu/u_comm/u_spi/rx_byte[4]' has no loads. (LINT-2)
Warning: In design 'bms_system_3lmu_top_enhanced', net 'u_lmu0/u_lmu/u_comm/spi_rx_byte_open[5]' driven by pin 'u_lmu0/u_lmu/u_comm/u_spi/rx_byte[5]' has no loads. (LINT-2)
Warning: In design 'bms_system_3lmu_top_enhanced', net 'u_lmu0/u_lmu/u_comm/spi_rx_byte_open[6]' driven by pin 'u_lmu0/u_lmu/u_comm/u_spi/rx_byte[6]' has no loads. (LINT-2)
Warning: In design 'bms_system_3lmu_top_enhanced', net 'u_lmu0/u_lmu/u_comm/spi_rx_byte_open[7]' driven by pin 'u_lmu0/u_lmu/u_comm/u_spi/rx_byte[7]' has no loads. (LINT-2)
Warning: In design 'bms_system_3lmu_top_enhanced', net 'u_lmu0/u_lmu/u_comm/uart_ready' driven by pin 'u_lmu0/u_lmu/u_comm/u_uart/tx_ready' has no loads. (LINT-2)
Warning: In design 'bms_fault_logger', port 'fault_code[7]' is not connected to any nets. (LINT-28)
Warning: In design 'bms_fault_logger', port 'fault_code[6]' is not connected to any nets. (LINT-28)
Warning: In design 'bms_fault_logger', port 'fault_code[5]' is not connected to any nets. (LINT-28)
Warning: In design 'bms_fault_logger', port 'fault_code[4]' is not connected to any nets. (LINT-28)
Warning: In design 'bms_fault_logger', port 'fault_code[3]' is not connected to any nets. (LINT-28)
Warning: In design 'bms_fault_logger', port 'fault_code[2]' is not connected to any nets. (LINT-28)
Warning: In design 'bms_fault_logger', port 'fault_code[1]' is not connected to any nets. (LINT-28)
Warning: In design 'bms_fault_logger', port 'fault_code[0]' is not connected to any nets. (LINT-28)
Warning: In design 'bms_fault_logger', port 'timestamp[15]' is not connected to any nets. (LINT-28)
Warning: In design 'bms_fault_logger', port 'timestamp[14]' is not connected to any nets. (LINT-28)
Warning: In design 'bms_fault_logger', port 'timestamp[13]' is not connected to any nets. (LINT-28)
Warning: In design 'bms_fault_logger', port 'timestamp[12]' is not connected to any nets. (LINT-28)
Warning: In design 'bms_fault_logger', port 'timestamp[11]' is not connected to any nets. (LINT-28)
Warning: In design 'bms_fault_logger', port 'timestamp[10]' is not connected to any nets. (LINT-28)
Warning: In design 'bms_fault_logger', port 'timestamp[9]' is not connected to any nets. (LINT-28)
Warning: In design 'bms_fault_logger', port 'timestamp[8]' is not connected to any nets. (LINT-28)
Warning: In design 'bms_fault_logger', port 'timestamp[7]' is not connected to any nets. (LINT-28)
Warning: In design 'bms_fault_logger', port 'timestamp[6]' is not connected to any nets. (LINT-28)
Warning: In design 'bms_fault_logger', port 'timestamp[5]' is not connected to any nets. (LINT-28)
Warning: In design 'bms_fault_logger', port 'timestamp[4]' is not connected to any nets. (LINT-28)
Warning: In design 'bms_fault_logger', port 'timestamp[3]' is not connected to any nets. (LINT-28)
Warning: In design 'bms_fault_logger', port 'timestamp[2]' is not connected to any nets. (LINT-28)
Warning: In design 'bms_fault_logger', port 'timestamp[1]' is not connected to any nets. (LINT-28)
Warning: In design 'bms_fault_logger', port 'timestamp[0]' is not connected to any nets. (LINT-28)
Warning: In design 'bms_system_3lmu_top_enhanced', a pin on submodule 'u_lmu0' is connected to logic 1 or logic 0. (LINT-32)
   Pin 'comm_sel[1]' is connected to logic 0. 
Warning: In design 'bms_system_3lmu_top_enhanced', a pin on submodule 'u_lmu0' is connected to logic 1 or logic 0. (LINT-32)
   Pin 'comm_sel[0]' is connected to logic 1. 
Warning: In design 'bms_system_3lmu_top_enhanced', a pin on submodule 'u_lmu0' is connected to logic 1 or logic 0. (LINT-32)
   Pin 'spi_sclk' is connected to logic 0. 
Warning: In design 'bms_system_3lmu_top_enhanced', a pin on submodule 'u_lmu0' is connected to logic 1 or logic 0. (LINT-32)
   Pin 'spi_ss_n' is connected to logic 1. 
Warning: In design 'bms_system_3lmu_top_enhanced', a pin on submodule 'u_lmu0' is connected to logic 1 or logic 0. (LINT-32)
   Pin 'spi_mosi' is connected to logic 0. 
Warning: In design 'bms_system_3lmu_top_enhanced', a pin on submodule 'u_lmu1' is connected to logic 1 or logic 0. (LINT-32)
   Pin 'comm_sel[1]' is connected to logic 0. 
Warning: In design 'bms_system_3lmu_top_enhanced', a pin on submodule 'u_lmu1' is connected to logic 1 or logic 0. (LINT-32)
   Pin 'comm_sel[0]' is connected to logic 1. 
Warning: In design 'bms_system_3lmu_top_enhanced', a pin on submodule 'u_lmu1' is connected to logic 1 or logic 0. (LINT-32)
   Pin 'spi_sclk' is connected to logic 0. 
Warning: In design 'bms_system_3lmu_top_enhanced', a pin on submodule 'u_lmu1' is connected to logic 1 or logic 0. (LINT-32)
   Pin 'spi_ss_n' is connected to logic 1. 
Warning: In design 'bms_system_3lmu_top_enhanced', a pin on submodule 'u_lmu1' is connected to logic 1 or logic 0. (LINT-32)
   Pin 'spi_mosi' is connected to logic 0. 
Warning: In design 'bms_system_3lmu_top_enhanced', a pin on submodule 'u_lmu2' is connected to logic 1 or logic 0. (LINT-32)
   Pin 'comm_sel[1]' is connected to logic 0. 
Warning: In design 'bms_system_3lmu_top_enhanced', a pin on submodule 'u_lmu2' is connected to logic 1 or logic 0. (LINT-32)
   Pin 'comm_sel[0]' is connected to logic 1. 
Warning: In design 'bms_system_3lmu_top_enhanced', a pin on submodule 'u_lmu2' is connected to logic 1 or logic 0. (LINT-32)
   Pin 'spi_sclk' is connected to logic 0. 
Warning: In design 'bms_system_3lmu_top_enhanced', a pin on submodule 'u_lmu2' is connected to logic 1 or logic 0. (LINT-32)
   Pin 'spi_ss_n' is connected to logic 1. 
Warning: In design 'bms_system_3lmu_top_enhanced', a pin on submodule 'u_lmu2' is connected to logic 1 or logic 0. (LINT-32)
   Pin 'spi_mosi' is connected to logic 0. 
Warning: In design 'bms_master_control_unit_enhanced', a pin on submodule 'u_curr_sup' is connected to logic 1 or logic 0. (LINT-32)
   Pin 'active_lmu_count[3]' is connected to logic 0. 
Warning: In design 'bms_master_control_unit_enhanced', a pin on submodule 'u_curr_sup' is connected to logic 1 or logic 0. (LINT-32)
   Pin 'active_lmu_count[2]' is connected to logic 0. 
Warning: In design 'bms_master_control_unit_enhanced', a pin on submodule 'u_curr_sup' is connected to logic 1 or logic 0. (LINT-32)
   Pin 'active_lmu_count[1]' is connected to logic 1. 
Warning: In design 'bms_master_control_unit_enhanced', a pin on submodule 'u_curr_sup' is connected to logic 1 or logic 0. (LINT-32)
   Pin 'active_lmu_count[0]' is connected to logic 1. 
Warning: In design 'bms_comm_hub', a pin on submodule 'u_can' is connected to logic 1 or logic 0. (LINT-32)
   Pin 'payload[63]' is connected to logic 0. 
Warning: In design 'bms_comm_hub', a pin on submodule 'u_can' is connected to logic 1 or logic 0. (LINT-32)
   Pin 'payload[62]' is connected to logic 0. 
Warning: In design 'bms_comm_hub', a pin on submodule 'u_can' is connected to logic 1 or logic 0. (LINT-32)
   Pin 'payload[61]' is connected to logic 0. 
Warning: In design 'bms_comm_hub', a pin on submodule 'u_can' is connected to logic 1 or logic 0. (LINT-32)
   Pin 'payload[60]' is connected to logic 0. 
Warning: In design 'bms_comm_hub', a pin on submodule 'u_can' is connected to logic 1 or logic 0. (LINT-32)
   Pin 'payload[59]' is connected to logic 0. 
Warning: In design 'bms_comm_hub', a pin on submodule 'u_can' is connected to logic 1 or logic 0. (LINT-32)
   Pin 'payload[58]' is connected to logic 0. 
Warning: In design 'bms_comm_hub', a pin on submodule 'u_can' is connected to logic 1 or logic 0. (LINT-32)
   Pin 'payload[57]' is connected to logic 0. 
Warning: In design 'bms_comm_hub', a pin on submodule 'u_can' is connected to logic 1 or logic 0. (LINT-32)
   Pin 'payload[56]' is connected to logic 0. 
Warning: In design 'bms_comm_hub', a pin on submodule 'u_can' is connected to logic 1 or logic 0. (LINT-32)
   Pin 'payload[55]' is connected to logic 0. 
Warning: In design 'bms_comm_hub', a pin on submodule 'u_can' is connected to logic 1 or logic 0. (LINT-32)
   Pin 'payload[54]' is connected to logic 0. 
Warning: In design 'bms_comm_hub', a pin on submodule 'u_can' is connected to logic 1 or logic 0. (LINT-32)
   Pin 'payload[53]' is connected to logic 0. 
Warning: In design 'bms_comm_hub', a pin on submodule 'u_can' is connected to logic 1 or logic 0. (LINT-32)
   Pin 'payload[52]' is connected to logic 0. 
Warning: In design 'bms_comm_hub', a pin on submodule 'u_can' is connected to logic 1 or logic 0. (LINT-32)
   Pin 'payload[51]' is connected to logic 0. 
Warning: In design 'bms_comm_hub', a pin on submodule 'u_can' is connected to logic 1 or logic 0. (LINT-32)
   Pin 'payload[50]' is connected to logic 0. 
Warning: In design 'bms_comm_hub', a pin on submodule 'u_can' is connected to logic 1 or logic 0. (LINT-32)
   Pin 'payload[49]' is connected to logic 0. 
Warning: In design 'bms_comm_hub', a pin on submodule 'u_can' is connected to logic 1 or logic 0. (LINT-32)
   Pin 'payload[48]' is connected to logic 0. 
Warning: In design 'bms_comm_hub', a pin on submodule 'u_can' is connected to logic 1 or logic 0. (LINT-32)
   Pin 'payload[47]' is connected to logic 0. 
Warning: In design 'bms_comm_hub', a pin on submodule 'u_can' is connected to logic 1 or logic 0. (LINT-32)
   Pin 'payload[46]' is connected to logic 0. 
Warning: In design 'bms_comm_hub', a pin on submodule 'u_can' is connected to logic 1 or logic 0. (LINT-32)
   Pin 'payload[45]' is connected to logic 0. 
Warning: In design 'bms_comm_hub', a pin on submodule 'u_can' is connected to logic 1 or logic 0. (LINT-32)
   Pin 'payload[44]' is connected to logic 0. 
Warning: In design 'bms_comm_hub', a pin on submodule 'u_can' is connected to logic 1 or logic 0. (LINT-32)
   Pin 'payload[43]' is connected to logic 0. 
Warning: In design 'bms_comm_hub', a pin on submodule 'u_can' is connected to logic 1 or logic 0. (LINT-32)
   Pin 'payload[42]' is connected to logic 0. 
Warning: In design 'bms_comm_hub', a pin on submodule 'u_can' is connected to logic 1 or logic 0. (LINT-32)
   Pin 'payload[41]' is connected to logic 0. 
Warning: In design 'bms_comm_hub', a pin on submodule 'u_can' is connected to logic 1 or logic 0. (LINT-32)
   Pin 'payload[40]' is connected to logic 0. 
Warning: In design 'bms_comm_hub', a pin on submodule 'u_can' is connected to logic 1 or logic 0. (LINT-32)
   Pin 'payload[39]' is connected to logic 0. 
Warning: In design 'bms_comm_hub', a pin on submodule 'u_can' is connected to logic 1 or logic 0. (LINT-32)
   Pin 'payload[38]' is connected to logic 0. 
Warning: In design 'bms_comm_hub', a pin on submodule 'u_can' is connected to logic 1 or logic 0. (LINT-32)
   Pin 'payload[37]' is connected to logic 0. 
Warning: In design 'bms_comm_hub', a pin on submodule 'u_can' is connected to logic 1 or logic 0. (LINT-32)
   Pin 'payload[36]' is connected to logic 0. 
Warning: In design 'bms_comm_hub', a pin on submodule 'u_can' is connected to logic 1 or logic 0. (LINT-32)
   Pin 'payload[35]' is connected to logic 0. 
Warning: In design 'bms_comm_hub', a pin on submodule 'u_can' is connected to logic 1 or logic 0. (LINT-32)
   Pin 'payload[34]' is connected to logic 0. 
Warning: In design 'bms_comm_hub', a pin on submodule 'u_can' is connected to logic 1 or logic 0. (LINT-32)
   Pin 'payload[33]' is connected to logic 0. 
Warning: In design 'bms_comm_hub', a pin on submodule 'u_can' is connected to logic 1 or logic 0. (LINT-32)
   Pin 'payload[32]' is connected to logic 0. 
Warning: In design 'bms_comm_hub', a pin on submodule 'u_can' is connected to logic 1 or logic 0. (LINT-32)
   Pin 'payload[31]' is connected to logic 0. 
Warning: In design 'bms_comm_hub', a pin on submodule 'u_can' is connected to logic 1 or logic 0. (LINT-32)
   Pin 'payload[30]' is connected to logic 0. 
Warning: In design 'bms_comm_hub', a pin on submodule 'u_can' is connected to logic 1 or logic 0. (LINT-32)
   Pin 'payload[29]' is connected to logic 0. 
Warning: In design 'bms_comm_hub', a pin on submodule 'u_can' is connected to logic 1 or logic 0. (LINT-32)
   Pin 'payload[28]' is connected to logic 0. 
Warning: In design 'bms_comm_hub', a pin on submodule 'u_can' is connected to logic 1 or logic 0. (LINT-32)
   Pin 'payload[27]' is connected to logic 0. 
Warning: In design 'bms_comm_hub', a pin on submodule 'u_can' is connected to logic 1 or logic 0. (LINT-32)
   Pin 'payload[26]' is connected to logic 0. 
Warning: In design 'bms_comm_hub', a pin on submodule 'u_can' is connected to logic 1 or logic 0. (LINT-32)
   Pin 'payload[25]' is connected to logic 0. 
Warning: In design 'bms_comm_hub', a pin on submodule 'u_can' is connected to logic 1 or logic 0. (LINT-32)
   Pin 'payload[24]' is connected to logic 0. 
Warning: In design 'bms_comm_hub', a pin on submodule 'u_can' is connected to logic 1 or logic 0. (LINT-32)
   Pin 'payload[23]' is connected to logic 0. 
Warning: In design 'bms_comm_hub', a pin on submodule 'u_can' is connected to logic 1 or logic 0. (LINT-32)
   Pin 'payload[22]' is connected to logic 0. 
Warning: In design 'bms_comm_hub', a pin on submodule 'u_can' is connected to logic 1 or logic 0. (LINT-32)
   Pin 'payload[21]' is connected to logic 0. 
Warning: In design 'bms_comm_hub', a pin on submodule 'u_can' is connected to logic 1 or logic 0. (LINT-32)
   Pin 'payload[20]' is connected to logic 0. 
Warning: In design 'bms_comm_hub', a pin on submodule 'u_can' is connected to logic 1 or logic 0. (LINT-32)
   Pin 'payload[19]' is connected to logic 0. 
Warning: In design 'bms_comm_hub', a pin on submodule 'u_can' is connected to logic 1 or logic 0. (LINT-32)
   Pin 'payload[18]' is connected to logic 0. 
Warning: In design 'bms_comm_hub', a pin on submodule 'u_can' is connected to logic 1 or logic 0. (LINT-32)
   Pin 'payload[17]' is connected to logic 0. 
Warning: In design 'bms_comm_hub', a pin on submodule 'u_can' is connected to logic 1 or logic 0. (LINT-32)
   Pin 'payload[16]' is connected to logic 0. 
Warning: In design 'bms_comm_hub', a pin on submodule 'u_can' is connected to logic 1 or logic 0. (LINT-32)
   Pin 'payload[15]' is connected to logic 0. 
Warning: In design 'bms_comm_hub', a pin on submodule 'u_can' is connected to logic 1 or logic 0. (LINT-32)
   Pin 'payload[14]' is connected to logic 0. 
Warning: In design 'bms_comm_hub', a pin on submodule 'u_can' is connected to logic 1 or logic 0. (LINT-32)
   Pin 'payload[13]' is connected to logic 0. 
Warning: In design 'bms_comm_hub', a pin on submodule 'u_can' is connected to logic 1 or logic 0. (LINT-32)
   Pin 'payload[12]' is connected to logic 0. 
Warning: In design 'bms_comm_hub', a pin on submodule 'u_can' is connected to logic 1 or logic 0. (LINT-32)
   Pin 'payload[11]' is connected to logic 0. 
Warning: In design 'bms_comm_hub', a pin on submodule 'u_can' is connected to logic 1 or logic 0. (LINT-32)
   Pin 'payload[10]' is connected to logic 0. 
Warning: In design 'bms_comm_hub', a pin on submodule 'u_can' is connected to logic 1 or logic 0. (LINT-32)
   Pin 'payload[9]' is connected to logic 0. 
Warning: In design 'bms_comm_hub', a pin on submodule 'u_can' is connected to logic 1 or logic 0. (LINT-32)
   Pin 'payload[8]' is connected to logic 0. 
Warning: In design 'bms_system_3lmu_top_enhanced', the same net is connected to more than one pin on submodule 'u_lmu0'. (LINT-33)
   Net '*Logic0*' is connected to pins 'comm_sel[1]', 'spi_sclk'', 'spi_mosi'.
Warning: In design 'bms_system_3lmu_top_enhanced', the same net is connected to more than one pin on submodule 'u_lmu0'. (LINT-33)
   Net '*Logic1*' is connected to pins 'comm_sel[0]', 'spi_ss_n''.
Warning: In design 'bms_system_3lmu_top_enhanced', the same net is connected to more than one pin on submodule 'u_lmu1'. (LINT-33)
   Net '*Logic0*' is connected to pins 'comm_sel[1]', 'spi_sclk'', 'spi_mosi'.
Warning: In design 'bms_system_3lmu_top_enhanced', the same net is connected to more than one pin on submodule 'u_lmu1'. (LINT-33)
   Net '*Logic1*' is connected to pins 'comm_sel[0]', 'spi_ss_n''.
Warning: In design 'bms_system_3lmu_top_enhanced', the same net is connected to more than one pin on submodule 'u_lmu2'. (LINT-33)
   Net '*Logic0*' is connected to pins 'comm_sel[1]', 'spi_sclk'', 'spi_mosi'.
Warning: In design 'bms_system_3lmu_top_enhanced', the same net is connected to more than one pin on submodule 'u_lmu2'. (LINT-33)
   Net '*Logic1*' is connected to pins 'comm_sel[0]', 'spi_ss_n''.
Warning: In design 'bms_master_control_unit_enhanced', the same net is connected to more than one pin on submodule 'u_curr_sup'. (LINT-33)
   Net '*Logic0*' is connected to pins 'active_lmu_count[3]', 'active_lmu_count[2]''.
Warning: In design 'bms_master_control_unit_enhanced', the same net is connected to more than one pin on submodule 'u_curr_sup'. (LINT-33)
   Net '*Logic1*' is connected to pins 'active_lmu_count[1]', 'active_lmu_count[0]''.
Warning: In design 'bms_comm_hub', the same net is connected to more than one pin on submodule 'u_can'. (LINT-33)
   Net '*Logic0*' is connected to pins 'payload[63]', 'payload[62]'', 'payload[61]', 'payload[60]', 'payload[59]', 'payload[58]', 'payload[57]', 'payload[56]', 'payload[55]', 'payload[54]', 'payload[53]', 'payload[52]', 'payload[51]', 'payload[50]', 'payload[49]', 'payload[48]', 'payload[47]', 'payload[46]', 'payload[45]', 'payload[44]', 'payload[43]', 'payload[42]', 'payload[41]', 'payload[40]', 'payload[39]', 'payload[38]', 'payload[37]', 'payload[36]', 'payload[35]', 'payload[34]', 'payload[33]', 'payload[32]', 'payload[31]', 'payload[30]', 'payload[29]', 'payload[28]', 'payload[27]', 'payload[26]', 'payload[25]', 'payload[24]', 'payload[23]', 'payload[22]', 'payload[21]', 'payload[20]', 'payload[19]', 'payload[18]', 'payload[17]', 'payload[16]', 'payload[15]', 'payload[14]', 'payload[13]', 'payload[12]', 'payload[11]', 'payload[10]', 'payload[9]', 'payload[8]'.
1
