 
****************************************
Report : timing
        -path full
        -delay max
        -group reg2out
        -max_paths 1
Design : bms_lmu_wrapper
Version: T-2022.03-SP4
Date   : Thu Jul  9 19:23:28 2026
****************************************

 # A fanout number of 1000 was used for high fanout net computations.
Wire Load Model Mode: top

  Startpoint: u_lmu/u_soc_soh/soc_out_reg_15_
              (rising edge-triggered flip-flop clocked by sys_clk)
  Endpoint: spi_miso (output port clocked by sys_clk)
  Path Group: reg2out
  Path Type: max

  Point                                                   Incr       Path      Voltage
  ------------------------------------------------------------------------------------
  clock sys_clk (rise edge)                               0.00       0.00      
  clock network delay (ideal)                             0.00       0.00      
  u_lmu/u_soc_soh/soc_out_reg_15_/CK (SAEDLVT14_FSDPSBQ_V2LP_1)
                                                          0.00       0.00 r    0.60
  u_lmu/u_soc_soh/soc_out_reg_15_/Q (SAEDLVT14_FSDPSBQ_V2LP_1)
                                                          0.07       0.07 r    0.60
  u_lmu/u_soc_soh/soc_out[15] (bms_lmu_wrapper_bms_soc_soh_engine_0)
                                                          0.00       0.07 r    
  u_lmu/u_comm/tx_byte[7] (bms_lmu_wrapper_bms_comm_hub_0)
                                                          0.00       0.07 r    
  u_lmu/u_comm/u_spi/tx_byte[7] (bms_lmu_wrapper_bms_spi_slave_0)
                                                          0.00       0.07 r    
  u_lmu/u_comm/u_spi/U14/X (SAEDHVT14_OAI22_0P5)          0.04       0.10 f    0.60
  u_lmu/u_comm/u_spi/U6/X (SAEDHVT14_NR2B_U_0P5)          0.09       0.19 r    0.60
  u_lmu/u_comm/u_spi/miso (bms_lmu_wrapper_bms_spi_slave_0)
                                                          0.00       0.19 r    
  u_lmu/u_comm/spi_miso (bms_lmu_wrapper_bms_comm_hub_0)
                                                          0.00       0.19 r    
  u_lmu/spi_miso (bms_lmu_wrapper_bms_satellite_top_0)
                                                          0.00       0.19 r    
  spi_miso (out)                                          0.00       0.19 r    
  data arrival time                                                  0.19      

  clock sys_clk (rise edge)                              10.00      10.00      
  clock network delay (ideal)                             0.00      10.00      
  clock uncertainty                                      -0.15       9.85      
  output external delay                                  -3.00       6.85      
  data required time                                                 6.85      
  ------------------------------------------------------------------------------------
  data required time                                                 6.85      
  data arrival time                                                 -0.19      
  ------------------------------------------------------------------------------------
  slack (MET)                                                        6.66      


1
