 
****************************************
Report : timing
        -path full
        -delay max
        -group reg2out
        -max_paths 1
Design : bms_lmu_wrapper
Version: T-2022.03-SP4
Date   : Fri Jul  3 21:45:40 2026
****************************************

 # A fanout number of 1000 was used for high fanout net computations.
Wire Load Model Mode: top

  Startpoint: u_lmu/u_bal/passive_sw_reg_0_
              (rising edge-triggered flip-flop clocked by sys_clk)
  Endpoint: passive_sw[0]
            (output port clocked by sys_clk)
  Path Group: reg2out
  Path Type: max

  Point                                                   Incr       Path      Voltage
  ------------------------------------------------------------------------------------
  clock sys_clk (rise edge)                               0.00       0.00      
  clock network delay (ideal)                             0.00       0.00      
  u_lmu/u_bal/passive_sw_reg_0_/CK (SAEDRVT14_FSDPRBQ_V2LP_2)
                                                          0.00       0.00 r    0.60
  u_lmu/u_bal/passive_sw_reg_0_/Q (SAEDRVT14_FSDPRBQ_V2LP_2)
                                                          0.14       0.14 r    0.60
  u_lmu/u_bal/U30/X (SAEDRVT14_BUF_S_3)                   0.11       0.25 r    0.60
  u_lmu/u_bal/passive_sw[0] (bms_lmu_wrapper_bms_active_balancer_0)
                                                          0.00       0.25 r    
  u_lmu/passive_sw[0] (bms_lmu_wrapper_bms_satellite_top_0)
                                                          0.00       0.25 r    
  passive_sw[0] (out)                                     0.00       0.25 r    
  data arrival time                                                  0.25      

  clock sys_clk (rise edge)                              10.00      10.00      
  clock network delay (ideal)                             0.00      10.00      
  clock uncertainty                                      -0.15       9.85      
  output external delay                                  -3.00       6.85      
  data required time                                                 6.85      
  ------------------------------------------------------------------------------------
  data required time                                                 6.85      
  data arrival time                                                 -0.25      
  ------------------------------------------------------------------------------------
  slack (MET)                                                        6.60      


1
