Information: Updating design information... (UID-85)
Warning: Design 'bms_lmu_wrapper' contains 1 high-fanout nets. A fanout number of 1000 will be used for delay calculations involving these nets. (TIM-134)
 
****************************************
Report : timing
        -path full
        -delay max
        -group reg2reg
        -max_paths 1
Design : bms_lmu_wrapper
Version: T-2022.03-SP4
Date   : Thu Jul  9 19:23:28 2026
****************************************

 # A fanout number of 1000 was used for high fanout net computations.
Wire Load Model Mode: top

  Startpoint: u_lmu/u_soc_soh/soh_calc_reg_5_
              (rising edge-triggered flip-flop clocked by sys_clk)
  Endpoint: u_lmu/u_soc_soh/soh_out_reg_0_
            (rising edge-triggered flip-flop clocked by sys_clk)
  Path Group: reg2reg
  Path Type: max

  Point                                                   Incr       Path      Voltage
  ------------------------------------------------------------------------------------
  clock sys_clk (rise edge)                               0.00       0.00      
  clock network delay (ideal)                             0.00       0.00      
  u_lmu/u_soc_soh/soh_calc_reg_5_/CK (SAEDHVT14_FSDPSBQ_V2LP_1)
                                                          0.00       0.00 r    0.60
  u_lmu/u_soc_soh/soh_calc_reg_5_/Q (SAEDHVT14_FSDPSBQ_V2LP_1)
                                                          0.09       0.09 f    0.60
  u_lmu/u_soc_soh/mult_x_12/a[5] (bms_lmu_wrapper_bms_soc_soh_engine_DW_mult_uns_0_0)
                                                          0.00       0.09 f    
  u_lmu/u_soc_soh/mult_x_12/U79/X (SAEDHVT14_INV_0P5)     0.01       0.11 r    0.60
  u_lmu/u_soc_soh/mult_x_12/U109/CO (SAEDHVT14_ADDH_0P5)
                                                          0.03       0.13 r    0.60
  u_lmu/u_soc_soh/mult_x_12/U105/CO (SAEDHVT14_ADDH_0P5)
                                                          0.02       0.16 r    0.60
  u_lmu/u_soc_soh/mult_x_12/U104/CO (SAEDHVT14_ADDH_0P5)
                                                          0.02       0.18 r    0.60
  u_lmu/u_soc_soh/mult_x_12/U103/CO (SAEDHVT14_ADDH_0P5)
                                                          0.02       0.21 r    0.60
  u_lmu/u_soc_soh/mult_x_12/U102/CO (SAEDHVT14_ADDH_0P5)
                                                          0.02       0.23 r    0.60
  u_lmu/u_soc_soh/mult_x_12/U101/CO (SAEDHVT14_ADDH_0P5)
                                                          0.02       0.26 r    0.60
  u_lmu/u_soc_soh/mult_x_12/U100/CO (SAEDHVT14_ADDH_0P5)
                                                          0.02       0.28 r    0.60
  u_lmu/u_soc_soh/mult_x_12/U99/CO (SAEDHVT14_ADDH_0P5)
                                                          0.02       0.31 r    0.60
  u_lmu/u_soc_soh/mult_x_12/U98/CO (SAEDHVT14_ADDH_0P5)
                                                          0.02       0.33 r    0.60
  u_lmu/u_soc_soh/mult_x_12/U97/CO (SAEDHVT14_ADDH_0P5)
                                                          0.02       0.36 r    0.60
  u_lmu/u_soc_soh/mult_x_12/U96/CO (SAEDHVT14_ADDH_0P5)
                                                          0.02       0.38 r    0.60
  u_lmu/u_soc_soh/mult_x_12/U95/CO (SAEDHVT14_ADDH_0P5)
                                                          0.02       0.41 r    0.60
  u_lmu/u_soc_soh/mult_x_12/U94/CO (SAEDHVT14_ADDH_0P5)
                                                          0.02       0.43 r    0.60
  u_lmu/u_soc_soh/mult_x_12/U93/CO (SAEDHVT14_ADDH_0P5)
                                                          0.02       0.46 r    0.60
  u_lmu/u_soc_soh/mult_x_12/U92/CO (SAEDHVT14_ADDH_0P5)
                                                          0.02       0.48 r    0.60
  u_lmu/u_soc_soh/mult_x_12/U91/CO (SAEDHVT14_ADDF_V1_0P5)
                                                          0.05       0.53 r    0.60
  u_lmu/u_soc_soh/mult_x_12/U108/CO (SAEDHVT14_ADDF_V1_0P5)
                                                          0.06       0.59 r    0.60
  u_lmu/u_soc_soh/mult_x_12/U107/CO (SAEDHVT14_ADDF_V1_0P5)
                                                          0.06       0.64 r    0.60
  u_lmu/u_soc_soh/mult_x_12/U106/CO (SAEDHVT14_ADDF_V1_0P5)
                                                          0.06       0.70 r    0.60
  u_lmu/u_soc_soh/mult_x_12/U90/CO (SAEDHVT14_ADDF_V1_0P5)
                                                          0.05       0.75 r    0.60
  u_lmu/u_soc_soh/mult_x_12/U68/CO (SAEDHVT14_ADDF_V2_0P5)
                                                          0.04       0.79 r    0.60
  u_lmu/u_soc_soh/mult_x_12/U76/CO (SAEDHVT14_ADDF_V2_0P5)
                                                          0.04       0.83 r    0.60
  u_lmu/u_soc_soh/mult_x_12/U73/CO (SAEDHVT14_ADDF_V1_0P5)
                                                          0.05       0.88 r    0.60
  u_lmu/u_soc_soh/mult_x_12/U72/CO (SAEDHVT14_ADDF_V1_0P5)
                                                          0.05       0.94 r    0.60
  u_lmu/u_soc_soh/mult_x_12/U75/CO (SAEDHVT14_ADDF_V2_0P5)
                                                          0.04       0.98 r    0.60
  u_lmu/u_soc_soh/mult_x_12/U71/S (SAEDHVT14_ADDF_V1_0P5)
                                                          0.10       1.08 f    0.60
  u_lmu/u_soc_soh/mult_x_12/product[30] (bms_lmu_wrapper_bms_soc_soh_engine_DW_mult_uns_0_0)
                                                          0.00       1.08 f    
  u_lmu/u_soc_soh/div_13/a[30] (bms_lmu_wrapper_bms_soc_soh_engine_DW_div_uns_J4_0_0)
                                                          0.00       1.08 f    
  u_lmu/u_soc_soh/div_13/U179/X (SAEDHVT14_ND2_CDC_1)     0.01       1.09 r    0.60
  u_lmu/u_soc_soh/div_13/U180/X (SAEDHVT14_AOI21_0P5)     0.01       1.11 f    0.60
  u_lmu/u_soc_soh/div_13/U5/X (SAEDRVT14_INV_S_0P5)       0.01       1.12 r    0.60
  u_lmu/u_soc_soh/div_13/U6/X (SAEDRVT14_INV_S_0P5)       0.01       1.13 f    0.60
  u_lmu/u_soc_soh/div_13/U189/X (SAEDHVT14_MUX2_U_0P5)
                                                          0.04       1.17 r    0.60
  u_lmu/u_soc_soh/div_13/U191/X (SAEDHVT14_ND2_CDC_1)     0.02       1.19 f    0.60
  u_lmu/u_soc_soh/div_13/U194/X (SAEDHVT14_ND2_CDC_1)     0.02       1.21 r    0.60
  u_lmu/u_soc_soh/div_13/U125/X (SAEDHVT14_AN2_0P5)       0.03       1.23 r    0.60
  u_lmu/u_soc_soh/div_13/U126/X (SAEDRVT14_INV_S_0P5)     0.01       1.24 f    0.60
  u_lmu/u_soc_soh/div_13/U128/X (SAEDHVT14_ND2_MM_0P5)
                                                          0.01       1.25 r    0.60
  u_lmu/u_soc_soh/div_13/U213/X (SAEDHVT14_ND3B_0P5)      0.06       1.32 f    0.60
  u_lmu/u_soc_soh/div_13/U214/X (SAEDHVT14_AO2BB2_V1_0P75)
                                                          0.08       1.40 f    0.60
  u_lmu/u_soc_soh/div_13/U103/X (SAEDHVT14_ND2_MM_0P5)
                                                          0.03       1.43 r    0.60
  u_lmu/u_soc_soh/div_13/U102/X (SAEDHVT14_NR2B_U_0P5)
                                                          0.03       1.46 f    0.60
  u_lmu/u_soc_soh/div_13/U145/X (SAEDHVT14_NR2B_U_0P5)
                                                          0.04       1.50 f    0.60
  u_lmu/u_soc_soh/div_13/U26/X (SAEDHVT14_ND2_MM_0P5)     0.01       1.51 r    0.60
  u_lmu/u_soc_soh/div_13/U242/X (SAEDHVT14_AO2BB2_0P5)
                                                          0.05       1.56 r    0.60
  u_lmu/u_soc_soh/div_13/U170/X (SAEDHVT14_NR2B_U_0P5)
                                                          0.04       1.60 r    0.60
  u_lmu/u_soc_soh/div_13/U246/X (SAEDHVT14_AO21B_0P5)     0.04       1.64 r    0.60
  u_lmu/u_soc_soh/div_13/U247/X (SAEDHVT14_ND2_CDC_1)     0.02       1.67 f    0.60
  u_lmu/u_soc_soh/div_13/U116/X (SAEDHVT14_NR2B_U_0P5)
                                                          0.04       1.71 r    0.60
  u_lmu/u_soc_soh/div_13/U114/X (SAEDHVT14_EO2_1)         0.03       1.74 r    0.60
  u_lmu/u_soc_soh/div_13/U115/X (SAEDRVT14_INV_S_0P5)     0.01       1.75 f    0.60
  u_lmu/u_soc_soh/div_13/U273/X (SAEDHVT14_NR3_0P5)       0.04       1.79 r    0.60
  u_lmu/u_soc_soh/div_13/U274/X (SAEDHVT14_ND3B_0P5)      0.06       1.85 f    0.60
  u_lmu/u_soc_soh/div_13/U152/X (SAEDHVT14_AO21B_0P5)     0.04       1.89 f    0.60
  u_lmu/u_soc_soh/div_13/U295/X (SAEDHVT14_ND2_CDC_1)     0.02       1.91 r    0.60
  u_lmu/u_soc_soh/div_13/U296/X (SAEDHVT14_AO2BB2_V1_0P75)
                                                          0.05       1.97 r    0.60
  u_lmu/u_soc_soh/div_13/U297/X (SAEDHVT14_ND2_CDC_1)     0.01       1.98 f    0.60
  u_lmu/u_soc_soh/div_13/U300/X (SAEDHVT14_ND2_CDC_1)     0.02       2.00 r    0.60
  u_lmu/u_soc_soh/div_13/U307/X (SAEDHVT14_ND2_CDC_1)     0.02       2.01 f    0.60
  u_lmu/u_soc_soh/div_13/U315/X (SAEDHVT14_ND3B_0P5)      0.05       2.06 r    0.60
  u_lmu/u_soc_soh/div_13/U324/X (SAEDHVT14_AO21B_0P5)     0.04       2.11 r    0.60
  u_lmu/u_soc_soh/div_13/U329/X (SAEDHVT14_ND2_CDC_1)     0.02       2.13 f    0.60
  u_lmu/u_soc_soh/div_13/U117/X (SAEDHVT14_NR2B_U_0P5)
                                                          0.04       2.17 r    0.60
  u_lmu/u_soc_soh/div_13/U138/X (SAEDHVT14_NR2B_U_0P5)
                                                          0.04       2.21 r    0.60
  u_lmu/u_soc_soh/div_13/U88/X (SAEDHVT14_ND2_MM_0P5)     0.02       2.23 f    0.60
  u_lmu/u_soc_soh/div_13/U332/X (SAEDHVT14_ND2_CDC_1)     0.02       2.25 r    0.60
  u_lmu/u_soc_soh/div_13/U358/X (SAEDHVT14_ND3B_0P5)      0.05       2.30 r    0.60
  u_lmu/u_soc_soh/div_13/U153/X (SAEDHVT14_AOI31_0P5)     0.06       2.37 f    0.60
  u_lmu/u_soc_soh/div_13/U2/X (SAEDRVT14_INV_S_0P5)       0.02       2.39 r    0.60
  u_lmu/u_soc_soh/div_13/U364/X (SAEDHVT14_ND2_CDC_1)     0.03       2.42 f    0.60
  u_lmu/u_soc_soh/div_13/U365/X (SAEDHVT14_AN2B_MM_1)     0.03       2.45 r    0.60
  u_lmu/u_soc_soh/div_13/U390/X (SAEDHVT14_EN2_1)         0.03       2.48 f    0.60
  u_lmu/u_soc_soh/div_13/U393/X (SAEDHVT14_NR3_0P5)       0.04       2.52 r    0.60
  u_lmu/u_soc_soh/div_13/U394/X (SAEDHVT14_ND3B_0P5)      0.06       2.59 f    0.60
  u_lmu/u_soc_soh/div_13/U403/X (SAEDHVT14_AO21B_0P5)     0.04       2.63 f    0.60
  u_lmu/u_soc_soh/div_13/U408/X (SAEDHVT14_ND2_CDC_1)     0.02       2.65 r    0.60
  u_lmu/u_soc_soh/div_13/U83/X (SAEDHVT14_NR2B_U_0P5)     0.03       2.68 f    0.60
  u_lmu/u_soc_soh/div_13/U130/X (SAEDHVT14_NR2B_U_0P5)
                                                          0.04       2.72 f    0.60
  u_lmu/u_soc_soh/div_13/U411/X (SAEDHVT14_INV_0P5)       0.01       2.73 r    0.60
  u_lmu/u_soc_soh/div_13/U412/X (SAEDHVT14_ND2_CDC_1)     0.01       2.74 f    0.60
  u_lmu/u_soc_soh/div_13/U413/X (SAEDHVT14_ND2_CDC_1)     0.01       2.75 r    0.60
  u_lmu/u_soc_soh/div_13/U439/X (SAEDHVT14_ND3B_0P5)      0.05       2.81 r    0.60
  u_lmu/u_soc_soh/div_13/U154/X (SAEDHVT14_AOI31_0P5)     0.06       2.87 f    0.60
  u_lmu/u_soc_soh/div_13/U4/X (SAEDRVT14_INV_S_0P5)       0.02       2.89 r    0.60
  u_lmu/u_soc_soh/div_13/U445/X (SAEDHVT14_ND2_CDC_1)     0.03       2.92 f    0.60
  u_lmu/u_soc_soh/div_13/U446/X (SAEDHVT14_AN2B_MM_1)     0.03       2.96 r    0.60
  u_lmu/u_soc_soh/div_13/U132/X (SAEDHVT14_NR2B_U_0P5)
                                                          0.04       3.00 r    0.60
  u_lmu/u_soc_soh/div_13/U91/X (SAEDHVT14_ND2_MM_0P5)     0.01       3.01 f    0.60
  u_lmu/u_soc_soh/div_13/U90/X (SAEDHVT14_ND2_MM_0P5)     0.02       3.03 r    0.60
  u_lmu/u_soc_soh/div_13/U473/X (SAEDHVT14_ND3B_0P5)      0.06       3.09 r    0.60
  u_lmu/u_soc_soh/div_13/U482/X (SAEDHVT14_AO21B_0P5)     0.04       3.13 r    0.60
  u_lmu/u_soc_soh/div_13/U484/X (SAEDHVT14_ND2_CDC_1)     0.02       3.15 f    0.60
  u_lmu/u_soc_soh/div_13/U162/X (SAEDHVT14_NR2B_U_0P5)
                                                          0.04       3.19 r    0.60
  u_lmu/u_soc_soh/div_13/U144/X (SAEDHVT14_NR2B_U_0P5)
                                                          0.04       3.23 r    0.60
  u_lmu/u_soc_soh/div_13/U486/X (SAEDHVT14_INV_0P5)       0.01       3.24 f    0.60
  u_lmu/u_soc_soh/div_13/U20/X (SAEDHVT14_ND2_MM_0P5)     0.01       3.25 r    0.60
  u_lmu/u_soc_soh/div_13/U92/X (SAEDHVT14_ND2_MM_0P5)     0.02       3.27 f    0.60
  u_lmu/u_soc_soh/div_13/U512/X (SAEDHVT14_ND3B_0P5)      0.07       3.34 f    0.60
  u_lmu/u_soc_soh/div_13/U156/X (SAEDHVT14_AO21B_0P5)     0.04       3.38 f    0.60
  u_lmu/u_soc_soh/div_13/U528/X (SAEDHVT14_MUX2_U_0P5)
                                                          0.05       3.43 r    0.60
  u_lmu/u_soc_soh/div_13/U530/X (SAEDHVT14_ND2_CDC_1)     0.02       3.45 f    0.60
  u_lmu/u_soc_soh/div_13/U535/X (SAEDHVT14_ND2_CDC_1)     0.02       3.47 r    0.60
  u_lmu/u_soc_soh/div_13/U538/X (SAEDHVT14_ND2_CDC_1)     0.02       3.49 f    0.60
  u_lmu/u_soc_soh/div_13/U545/X (SAEDHVT14_ND2_CDC_1)     0.02       3.50 r    0.60
  u_lmu/u_soc_soh/div_13/U553/X (SAEDHVT14_ND3B_0P5)      0.06       3.57 f    0.60
  u_lmu/u_soc_soh/div_13/U563/X (SAEDHVT14_AO21B_0P5)     0.04       3.61 f    0.60
  u_lmu/u_soc_soh/div_13/U568/X (SAEDHVT14_ND2_CDC_1)     0.02       3.63 r    0.60
  u_lmu/u_soc_soh/div_13/U84/X (SAEDHVT14_NR2B_U_0P5)     0.03       3.66 f    0.60
  u_lmu/u_soc_soh/div_13/U134/X (SAEDHVT14_NR2B_U_0P5)
                                                          0.04       3.70 f    0.60
  u_lmu/u_soc_soh/div_13/U571/X (SAEDHVT14_INV_0P5)       0.01       3.71 r    0.60
  u_lmu/u_soc_soh/div_13/U572/X (SAEDHVT14_ND2_CDC_1)     0.01       3.72 f    0.60
  u_lmu/u_soc_soh/div_13/U573/X (SAEDHVT14_ND2_CDC_1)     0.01       3.73 r    0.60
  u_lmu/u_soc_soh/div_13/U598/X (SAEDHVT14_ND3B_0P5)      0.05       3.79 r    0.60
  u_lmu/u_soc_soh/div_13/U157/X (SAEDHVT14_AOI31_0P5)     0.06       3.85 f    0.60
  u_lmu/u_soc_soh/div_13/U3/X (SAEDRVT14_INV_S_0P5)       0.02       3.87 r    0.60
  u_lmu/u_soc_soh/div_13/U604/X (SAEDHVT14_ND2_CDC_1)     0.03       3.90 f    0.60
  u_lmu/u_soc_soh/div_13/U605/X (SAEDHVT14_AN2B_MM_1)     0.03       3.94 r    0.60
  u_lmu/u_soc_soh/div_13/U136/X (SAEDHVT14_NR2B_U_0P5)
                                                          0.04       3.98 r    0.60
  u_lmu/u_soc_soh/div_13/U607/X (SAEDHVT14_INV_0P5)       0.01       3.99 f    0.60
  u_lmu/u_soc_soh/div_13/U22/X (SAEDHVT14_ND2_MM_0P5)     0.01       4.00 r    0.60
  u_lmu/u_soc_soh/div_13/U96/X (SAEDHVT14_ND2_MM_0P5)     0.02       4.02 f    0.60
  u_lmu/u_soc_soh/div_13/U634/X (SAEDHVT14_ND3B_0P5)      0.07       4.08 f    0.60
  u_lmu/u_soc_soh/div_13/U643/X (SAEDHVT14_AO21B_0P5)     0.04       4.12 f    0.60
  u_lmu/u_soc_soh/div_13/U646/X (SAEDHVT14_ND2_CDC_1)     0.02       4.14 r    0.60
  u_lmu/u_soc_soh/div_13/U86/X (SAEDHVT14_NR2B_U_0P5)     0.03       4.18 f    0.60
  u_lmu/u_soc_soh/div_13/U85/X (SAEDHVT14_NR2B_U_0P5)     0.04       4.22 f    0.60
  u_lmu/u_soc_soh/div_13/U649/X (SAEDHVT14_INV_0P5)       0.01       4.22 r    0.60
  u_lmu/u_soc_soh/div_13/U650/X (SAEDHVT14_ND2_CDC_1)     0.01       4.24 f    0.60
  u_lmu/u_soc_soh/div_13/U651/X (SAEDHVT14_ND2_CDC_1)     0.01       4.25 r    0.60
  u_lmu/u_soc_soh/div_13/U678/X (SAEDHVT14_ND3B_0P5)      0.05       4.30 r    0.60
  u_lmu/u_soc_soh/div_13/U158/X (SAEDHVT14_AOI31_0P5)     0.06       4.37 f    0.60
  u_lmu/u_soc_soh/div_13/U18/X (SAEDRVT14_INV_S_0P5)      0.03       4.39 r    0.60
  u_lmu/u_soc_soh/div_13/U700/X (SAEDHVT14_ND2_CDC_1)     0.03       4.42 f    0.60
  u_lmu/u_soc_soh/div_13/U89/X (SAEDHVT14_NR2B_U_0P5)     0.04       4.46 r    0.60
  u_lmu/u_soc_soh/div_13/U99/X (SAEDHVT14_NR2B_U_0P5)     0.04       4.50 r    0.60
  u_lmu/u_soc_soh/div_13/U98/X (SAEDHVT14_ND2_MM_0P5)     0.02       4.52 f    0.60
  u_lmu/u_soc_soh/div_13/U710/X (SAEDHVT14_AO2BB2_0P5)
                                                          0.06       4.58 f    0.60
  u_lmu/u_soc_soh/div_13/U714/X (SAEDHVT14_AN2B_MM_1)     0.02       4.60 f    0.60
  u_lmu/u_soc_soh/div_13/U719/X (SAEDHVT14_AO21B_0P5)     0.04       4.64 f    0.60
  u_lmu/u_soc_soh/div_13/U726/X (SAEDHVT14_AOI21_0P5)     0.03       4.67 r    0.60
  u_lmu/u_soc_soh/div_13/U727/X (SAEDHVT14_AN2B_MM_1)     0.03       4.70 r    0.60
  u_lmu/u_soc_soh/div_13/U728/X (SAEDHVT14_AOI21_0P5)     0.02       4.72 f    0.60
  u_lmu/u_soc_soh/div_13/U739/X (SAEDHVT14_OA31_1)        0.04       4.76 f    0.60
  u_lmu/u_soc_soh/div_13/U745/X (SAEDHVT14_OAI21_0P5)     0.01       4.77 r    0.60
  u_lmu/u_soc_soh/div_13/quotient[0] (bms_lmu_wrapper_bms_soc_soh_engine_DW_div_uns_J4_0_0)
                                                          0.00       4.77 r    
  u_lmu/u_soc_soh/soh_out_reg_0_/D (SAEDHVT14_FSDPSBQ_V2LP_1)
                                                          0.00       4.77 r    0.60
  data arrival time                                                  4.77      

  clock sys_clk (rise edge)                              10.00      10.00      
  clock network delay (ideal)                             0.00      10.00      
  clock uncertainty                                      -0.15       9.85      
  u_lmu/u_soc_soh/soh_out_reg_0_/CK (SAEDHVT14_FSDPSBQ_V2LP_1)
                                                          0.00       9.85 r    
  library setup time                                     -0.03       9.82      
  data required time                                                 9.82      
  ------------------------------------------------------------------------------------
  data required time                                                 9.82      
  data arrival time                                                 -4.77      
  ------------------------------------------------------------------------------------
  slack (MET)                                                        5.06      


1
