 
****************************************
Report : timing
        -path full
        -delay max
        -group in2reg
        -max_paths 1
Design : bms_lmu_wrapper
Version: T-2022.03-SP4
Date   : Fri Jul  3 21:45:40 2026
****************************************

 # A fanout number of 1000 was used for high fanout net computations.
Wire Load Model Mode: top

  Startpoint: pack_i[0] (input port clocked by sys_clk)
  Endpoint: u_lmu/u_soc_soh/coulomb_acc_reg_31_
            (rising edge-triggered flip-flop clocked by sys_clk)
  Path Group: in2reg
  Path Type: max

  Point                                                   Incr       Path      Voltage
  ------------------------------------------------------------------------------------
  clock sys_clk (rise edge)                               0.00       0.00      
  clock network delay (ideal)                             0.00       0.00      
  input external delay                                    3.00       3.00 f    
  pack_i[0] (in)                                          0.00       3.00 f    
  u_lmu/pack_i[0] (bms_lmu_wrapper_bms_satellite_top_0)
                                                          0.00       3.00 f    
  u_lmu/u_soc_soh/pack_i[0] (bms_lmu_wrapper_bms_soc_soh_engine_0)
                                                          0.00       3.00 f    
  u_lmu/u_soc_soh/add_x_1/B[0] (bms_lmu_wrapper_bms_soc_soh_engine_DW01_add_J4_38_0)
                                                          0.00       3.00 f    
  u_lmu/u_soc_soh/add_x_1/U127/CO (SAEDRVT14_ADDH_0P5)
                                                          0.01       3.01 f    0.60
  u_lmu/u_soc_soh/add_x_1/U126/CO (SAEDRVT14_ADDF_V1_0P5)
                                                          0.04       3.05 f    0.60
  u_lmu/u_soc_soh/add_x_1/U125/CO (SAEDRVT14_ADDF_V1_0P5)
                                                          0.05       3.10 f    0.60
  u_lmu/u_soc_soh/add_x_1/U124/CO (SAEDRVT14_ADDF_V1_0P5)
                                                          0.05       3.14 f    0.60
  u_lmu/u_soc_soh/add_x_1/U123/CO (SAEDRVT14_ADDF_V1_0P5)
                                                          0.05       3.19 f    0.60
  u_lmu/u_soc_soh/add_x_1/U122/CO (SAEDRVT14_ADDF_V1_0P5)
                                                          0.05       3.23 f    0.60
  u_lmu/u_soc_soh/add_x_1/U121/CO (SAEDRVT14_ADDF_V1_0P5)
                                                          0.05       3.28 f    0.60
  u_lmu/u_soc_soh/add_x_1/U120/CO (SAEDRVT14_ADDF_V1_0P5)
                                                          0.05       3.32 f    0.60
  u_lmu/u_soc_soh/add_x_1/U119/CO (SAEDRVT14_ADDF_V1_0P5)
                                                          0.05       3.37 f    0.60
  u_lmu/u_soc_soh/add_x_1/U118/CO (SAEDRVT14_ADDF_V1_0P5)
                                                          0.05       3.41 f    0.60
  u_lmu/u_soc_soh/add_x_1/U117/CO (SAEDRVT14_ADDF_V1_0P5)
                                                          0.05       3.46 f    0.60
  u_lmu/u_soc_soh/add_x_1/U116/CO (SAEDRVT14_ADDF_V1_0P5)
                                                          0.05       3.51 f    0.60
  u_lmu/u_soc_soh/add_x_1/U115/CO (SAEDRVT14_ADDF_V1_0P5)
                                                          0.05       3.55 f    0.60
  u_lmu/u_soc_soh/add_x_1/U114/CO (SAEDRVT14_ADDF_V1_0P5)
                                                          0.05       3.60 f    0.60
  u_lmu/u_soc_soh/add_x_1/U113/CO (SAEDRVT14_ADDF_V1_0P5)
                                                          0.04       3.64 f    0.60
  u_lmu/u_soc_soh/add_x_1/U109/CO (SAEDRVT14_ADDF_V2_0P5)
                                                          0.06       3.69 f    0.60
  u_lmu/u_soc_soh/add_x_1/U108/CO (SAEDRVT14_ADDF_V2_0P5)
                                                          0.05       3.74 f    0.60
  u_lmu/u_soc_soh/add_x_1/U110/CO (SAEDRVT14_ADDF_V2_0P5)
                                                          0.05       3.80 f    0.60
  u_lmu/u_soc_soh/add_x_1/U104/CO (SAEDRVT14_ADDF_V2_0P5)
                                                          0.06       3.85 f    0.60
  u_lmu/u_soc_soh/add_x_1/U103/X (SAEDRVT14_INV_0P5)      0.01       3.87 r    0.60
  u_lmu/u_soc_soh/add_x_1/U76/X (SAEDRVT14_NR2_1)         0.01       3.88 f    0.60
  u_lmu/u_soc_soh/add_x_1/U58/X (SAEDRVT14_OR2_0P5)       0.02       3.90 f    0.60
  u_lmu/u_soc_soh/add_x_1/U55/X (SAEDRVT14_OR2_0P5)       0.02       3.91 f    0.60
  u_lmu/u_soc_soh/add_x_1/U107/CO (SAEDRVT14_ADDF_V2_0P5)
                                                          0.06       3.97 f    0.60
  u_lmu/u_soc_soh/add_x_1/U112/CO (SAEDRVT14_ADDF_V1_0P5)
                                                          0.05       4.02 f    0.60
  u_lmu/u_soc_soh/add_x_1/U100/CO (SAEDRVT14_ADDF_V2_0P5)
                                                          0.06       4.08 f    0.60
  u_lmu/u_soc_soh/add_x_1/U99/X (SAEDRVT14_INV_0P5)       0.01       4.09 r    0.60
  u_lmu/u_soc_soh/add_x_1/U78/X (SAEDRVT14_NR2_1)         0.01       4.10 f    0.60
  u_lmu/u_soc_soh/add_x_1/U53/X (SAEDRVT14_OR2_0P5)       0.02       4.12 f    0.60
  u_lmu/u_soc_soh/add_x_1/U50/X (SAEDRVT14_OR2_0P5)       0.02       4.14 f    0.60
  u_lmu/u_soc_soh/add_x_1/U106/CO (SAEDRVT14_ADDF_V2_0P5)
                                                          0.06       4.19 f    0.60
  u_lmu/u_soc_soh/add_x_1/U111/CO (SAEDRVT14_ADDF_V1_0P5)
                                                          0.05       4.24 f    0.60
  u_lmu/u_soc_soh/add_x_1/U96/CO (SAEDRVT14_ADDF_V2_0P5)
                                                          0.06       4.30 f    0.60
  u_lmu/u_soc_soh/add_x_1/U95/X (SAEDRVT14_INV_0P5)       0.01       4.31 r    0.60
  u_lmu/u_soc_soh/add_x_1/U80/X (SAEDRVT14_NR2_1)         0.01       4.33 f    0.60
  u_lmu/u_soc_soh/add_x_1/U48/X (SAEDRVT14_OR2_0P5)       0.02       4.34 f    0.60
  u_lmu/u_soc_soh/add_x_1/U45/X (SAEDRVT14_OR2_0P5)       0.02       4.36 f    0.60
  u_lmu/u_soc_soh/add_x_1/U105/CO (SAEDRVT14_ADDF_V2_0P5)
                                                          0.06       4.42 f    0.60
  u_lmu/u_soc_soh/add_x_1/U128/CO (SAEDRVT14_ADDF_V1_0P5)
                                                          0.05       4.46 f    0.60
  u_lmu/u_soc_soh/add_x_1/U92/CO (SAEDRVT14_ADDF_V2_0P5)
                                                          0.06       4.52 f    0.60
  u_lmu/u_soc_soh/add_x_1/U129/X (SAEDRVT14_EO2_V1_0P75)
                                                          0.01       4.53 r    0.60
  u_lmu/u_soc_soh/add_x_1/SUM[31] (bms_lmu_wrapper_bms_soc_soh_engine_DW01_add_J4_38_0)
                                                          0.00       4.53 r    
  u_lmu/u_soc_soh/coulomb_acc_reg_31_/D (SAEDRVT14_FSDPRBQ_V2LP_1)
                                                          0.00       4.53 r    0.60
  data arrival time                                                  4.53      

  clock sys_clk (rise edge)                              10.00      10.00      
  clock network delay (ideal)                             0.00      10.00      
  clock uncertainty                                      -0.15       9.85      
  u_lmu/u_soc_soh/coulomb_acc_reg_31_/CK (SAEDRVT14_FSDPRBQ_V2LP_1)
                                                          0.00       9.85 r    
  library setup time                                     -0.02       9.83      
  data required time                                                 9.83      
  ------------------------------------------------------------------------------------
  data required time                                                 9.83      
  data arrival time                                                 -4.53      
  ------------------------------------------------------------------------------------
  slack (MET)                                                        5.30      


1
