 
****************************************
Report : supply_net
Design : bms_lmu_wrapper
Version: T-2022.03-SP4
Date   : Fri Jul 17 16:35:54 2026
****************************************

------------------------------------------------------------------------------

 Supply Net            : VDD
 Current Scope         : bms_lmu_wrapper
 Operating Voltage     : -- Maximum --    -- Minimum --   
                            (0.60)           (0.60)

 Supply States         : VDD_NOM 
 Power Domain          : PD_CORE(*)  

------------------------------------------------------------------------------

 Supply Net            : VSS
 Current Scope         : bms_lmu_wrapper
 Operating Voltage     : -- Maximum --    -- Minimum --   
                            (0.00)           (0.00)

 Supply States         : GND 
 Power Domain          : PD_CORE(*)  

------------------------------------------------------------------------------
1
