Information: Checking out the license 'DesignWare'. (SEC-104)
  Allocating blocks in 'DW_div_uns_a_width16_b_width15'
  Allocating blocks in 'DW_div_a_width16_b_width15_tc_mode0_rem_mode1'
Warning: Design 'DW_div_uns_a_width16_b_width15' inherited license information from design 'DW_div_a_width16_b_width15_tc_mode0_rem_mode1'. (DDB-74)
  Allocating blocks in 'DW_div_uns_a_width32_b_width17'
  Allocating blocks in 'DW_div_a_width32_b_width17_tc_mode0_rem_mode1'
Warning: Design 'DW_div_uns_a_width32_b_width17' inherited license information from design 'DW_div_a_width32_b_width17_tc_mode0_rem_mode1'. (DDB-74)
Information: Updating design information... (UID-85)
Warning: Design 'bms_lmu_wrapper' contains 4 high-fanout nets. A fanout number of 1000 will be used for delay calculations involving these nets. (TIM-134)
Warning: Clock port 'spi_clk' is assigned input delay relative to clock 'sys_clk'. (TIM-111)
Warning: Clock port 'spi_clk' is assigned input delay relative to clock 'sys_clk'. (TIM-111)

Information: Checking generated_clocks...

Information: Checking loops...

Information: Checking no_input_delay...

Information: Checking unconstrained_endpoints...

Information: Checking pulse_clock_cell_type...

Information: Checking no_driving_cell...

Information: Checking partial_input_delay...
1
