 
****************************************
Report : qor
Design : bms_lmu_wrapper
Version: T-2022.03-SP4
Date   : Fri Jul 17 16:35:54 2026
****************************************


  Timing Path Group 'in2out'
  -----------------------------------
  Levels of Logic:               1.00
  Critical Path Length:          0.20
  Critical Path Slack:           3.65
  Critical Path Clk Period:     10.00
  Total Negative Slack:          0.00
  No. of Violating Paths:        0.00
  Worst Hold Violation:          0.00
  Total Hold Violation:          0.00
  No. of Hold Violations:        0.00
  -----------------------------------

  Timing Path Group 'in2reg'
  -----------------------------------
  Levels of Logic:              44.00
  Critical Path Length:          2.43
  Critical Path Slack:           4.39
  Critical Path Clk Period:     10.00
  Total Negative Slack:          0.00
  No. of Violating Paths:        0.00
  Worst Hold Violation:          0.00
  Total Hold Violation:          0.00
  No. of Hold Violations:        0.00
  -----------------------------------

  Timing Path Group 'reg2out'
  -----------------------------------
  Levels of Logic:               1.00
  Critical Path Length:          0.41
  Critical Path Slack:           6.44
  Critical Path Clk Period:     10.00
  Total Negative Slack:          0.00
  No. of Violating Paths:        0.00
  Worst Hold Violation:          0.00
  Total Hold Violation:          0.00
  No. of Hold Violations:        0.00
  -----------------------------------

  Timing Path Group 'reg2reg'
  -----------------------------------
  Levels of Logic:             189.00
  Critical Path Length:          5.83
  Critical Path Slack:           3.99
  Critical Path Clk Period:     10.00
  Total Negative Slack:          0.00
  No. of Violating Paths:        0.00
  Worst Hold Violation:          0.00
  Total Hold Violation:          0.00
  No. of Hold Violations:        0.00
  -----------------------------------

  Timing Path Group 'sys_clk'
  -----------------------------------
  Levels of Logic:               7.00
  Critical Path Length:          0.19
  Critical Path Slack:           6.64
  Critical Path Clk Period:     10.00
  Total Negative Slack:          0.00
  No. of Violating Paths:        0.00
  Worst Hold Violation:          0.00
  Total Hold Violation:          0.00
  No. of Hold Violations:        0.00
  -----------------------------------


  Cell Count
  -----------------------------------
  Hierarchical Cell Count:        153
  Hierarchical Port Count:       7062
  Leaf Cell Count:              10526
  Buf/Inv Cell Count:            2779
  Buf Cell Count:                 142
  Inv Cell Count:                2756
  CT Buf/Inv Cell Count:            1
  Combinational Cell Count:      9712
  Sequential Cell Count:          814
  Macro Count:                      0
  -----------------------------------


  Area
  -----------------------------------
  Combinational Area:     3003.393570
  Noncombinational Area:  1033.676429
  Buf/Inv Area:            613.341589
  Total Buffer Area:           145.01
  Total Inverter Area:         605.70
  Macro/Black Box Area:      0.000000
  Net Area:               5587.816082
  -----------------------------------
  Cell Area:              4037.069999
  Design Area:            9624.886081


  Design Rules
  -----------------------------------
  Total Number of Nets:         11507
  Nets With Violations:         11385
  Max Trans Violations:             0
  Max Cap Violations:           11385
  -----------------------------------


  Hostname: mavenserver-RH3

  Compile CPU Statistics
  -----------------------------------------
  Resource Sharing:                    6.05
  Logic Optimization:                 31.43
  Mapping Optimization:              108.23
  -----------------------------------------
  Overall Compile Time:              280.97
  Overall Compile Wall Clock Time:   234.03

  --------------------------------------------------------------------

  Design  WNS: 0.00  TNS: 0.00  Number of Violating Paths: 0


  Design (Hold)  WNS: 0.00  TNS: 0.00  Number of Violating Paths: 0

  --------------------------------------------------------------------


1
