/home/cad/eda/Mentor_Graphics/tessent_2022.2/bin/tessent -shell -logfile ./logs/mcu_scn_tr1.log -replace
//  Tessent Shell  2022.2    Fri May 27 22:24:01 GMT 2022
//                Unpublished work. Copyright 2022 Siemens
//
//      This material contains trade secrets or otherwise confidential 
//  information owned by Siemens Industry Software Inc. or its affiliates 
//   (collectively, "SISW"), or its licensors. Access to and use of this 
//     information is strictly limited as set forth in the Customer's 
//                   applicable agreements with SISW. 
//
//  Siemens software executing under x86-64 Linux on Mon Jul 06 21:41:19 IST 2026.
//  64 bit version
//  Host: mavenserver-RH3 (255072 MB RAM, 122071 MB Swap)
//
//  command: set_context dft -scan
//  command: read_cell_library adk.tcelllib 
//  Reading DFT Library file adk.tcelllib
//  Finished reading file adk.tcelllib
//  command: read_verilog bms_master_control_unit_enhanced.mapped.v 
//  command: set_current_design bms_master_control_unit_enhanced -show_elaboration_warnings
//  Warning: Pin 'X' of module 'SAEDLVT14_TIE0_V1_2' is undefined, direction assumed to be inout
//  Warning: Pin 'X' of module 'SAEDRVT14_AN2_MM_0P5' is undefined, direction assumed to be inout
//  Warning: Pin 'X' of module 'SAEDRVT14_AN3_0P5' is undefined, direction assumed to be inout
//  Warning: Pin 'B' of module 'SAEDRVT14_AO21B_0P5' is undefined, direction assumed to be inout
//  Warning: Pin 'A1' of module 'SAEDRVT14_AO21_U_0P5' is undefined, direction assumed to be inout
//  Warning: Pin 'B' of module 'SAEDRVT14_AO21_U_0P5' is undefined, direction assumed to be inout
//  Warning: Pin 'X' of module 'SAEDRVT14_AO221_0P5' is undefined, direction assumed to be inout
//  Warning: Pin 'C1' of module 'SAEDRVT14_AO222_1' is undefined, direction assumed to be input
//  Warning: Pin 'X' of module 'SAEDRVT14_AO2BB2_V1_0P5' is undefined, direction assumed to be inout
//  Warning: Pin 'D' of module 'SAEDRVT14_FSDPRBQ_V2LP_1' is undefined, direction assumed to be inout
//  Warning: Pin 'SI' of module 'SAEDRVT14_FSDPRBQ_V2LP_1' is undefined, direction assumed to be inout
//  Warning: Pin 'SE' of module 'SAEDRVT14_FSDPRBQ_V2LP_1' is undefined, direction assumed to be inout
//  Warning: Pin 'Q' of module 'SAEDRVT14_FSDPRBQ_V2LP_1' is undefined, direction assumed to be inout
//  Warning: Pin 'SI' of module 'SAEDRVT14_FSDPRBQ_V2LP_2' is undefined, direction assumed to be inout
//  Warning: Pin 'SE' of module 'SAEDRVT14_FSDPRBQ_V2LP_2' is undefined, direction assumed to be inout
//  Warning: Pin 'SI' of module 'SAEDRVT14_FSDPRBQ_V2_1' is undefined, direction assumed to be inout
//  Warning: Pin 'SE' of module 'SAEDRVT14_FSDPRBQ_V2_1' is undefined, direction assumed to be inout
//  Warning: Pin 'SI' of module 'SAEDRVT14_FSDPSBQ_V2LP_1' is undefined, direction assumed to be inout
//  Warning: Pin 'SE' of module 'SAEDRVT14_FSDPSBQ_V2LP_1' is undefined, direction assumed to be inout
//  Warning: Pin 'A2' of module 'SAEDRVT14_NR3_0P5' is undefined, direction assumed to be inout
//  Warning: Pin 'X' of module 'SAEDRVT14_OA21_1' is undefined, direction assumed to be inout
//  Warning: Pin 'A2' of module 'SAEDRVT14_OR2_MM_1P5' is undefined, direction assumed to be inout
//  Warning: Undefined modules were found.
//           Before using "set_system_mode" or "create_flat_model", you must either define
//           the missing modules using "read_verilog" and/or "read_cell_library", or use the
//           following command to treat them as black boxes:
             add_black_boxes -modules { \
                    SAEDLVT14_NR2_MM_0P5 \
                    SAEDLVT14_TIE0_V1_2 \
                    SAEDLVT14_TIE1_4 \
                    SAEDRVT14_ADDF_V1_0P5 \
                    SAEDRVT14_ADDF_V2_0P5 \
                    SAEDRVT14_ADDH_0P5 \
                    SAEDRVT14_AN2B_MM_1 \
                    SAEDRVT14_AN2_0P5 \
                    SAEDRVT14_AN2_MM_0P5 \
                    SAEDRVT14_AN2_MM_1 \
                    SAEDRVT14_AN3_0P5 \
                    SAEDRVT14_AN4_0P75 \
                    SAEDRVT14_AO21B_0P5 \
                    SAEDRVT14_AO21_U_0P5 \
                    SAEDRVT14_AO221_0P5 \
                    SAEDRVT14_AO222_1 \
                    SAEDRVT14_AO2BB2_V1_0P5 \
                    SAEDRVT14_AO32_U_0P5 \
                    SAEDRVT14_AOI21_0P5 \
                    SAEDRVT14_AOI21_0P75 \
                    SAEDRVT14_BUF_PS_1P5 \
                    SAEDRVT14_CKGTPLT_V5_1 \
                    SAEDRVT14_CLKSPLT_1 \
                    SAEDRVT14_EN2_0P5 \
                    SAEDRVT14_EO2_1 \
                    SAEDRVT14_EO2_V1_0P75 \
                    SAEDRVT14_EO3_0P5 \
                    SAEDRVT14_FSDPRBQ_V2LP_1 \
                    SAEDRVT14_FSDPRBQ_V2LP_2 \
                    SAEDRVT14_FSDPRBQ_V2_1 \
                    SAEDRVT14_FSDPSBQ_V2LP_1 \
                    SAEDRVT14_INV_0P5 \
                    SAEDRVT14_MUX2_U_0P5 \
                    SAEDRVT14_ND2B_U_0P5 \
                    SAEDRVT14_ND2_CDC_1 \
                    SAEDRVT14_ND2_ECO_1 \
                    SAEDRVT14_ND2_MM_0P5 \
                    SAEDRVT14_NR2B_2 \
                    SAEDRVT14_NR2_1 \
                    SAEDRVT14_NR3_0P5 \
                    SAEDRVT14_NR4_0P75 \
                    SAEDRVT14_OA21B_1 \
                    SAEDRVT14_OA21_1 \
                    SAEDRVT14_OA2BB2_V1_0P5 \
                    SAEDRVT14_OAI21_0P5 \
                    SAEDRVT14_OAI22_0P5 \
                    SAEDRVT14_OR2_0P5 \
                    SAEDRVT14_OR2_MM_1P5 \
                    SAEDRVT14_OR3_0P5 \
                    SAEDRVT14_OR4_1 \
             }
//           You can also use "add_black_boxes -auto" to black box all undefined modules but
//           it is recommended that you do not add this command to your dofile. Doing so may
//           unintentionally black-box new undefined modules in future runs.
//  Warning: Net 'rx_byte[7]' in module 'bms_master_control_unit_enhanced_bms_spi_master_0' is not driven
//  Warning: Net 'rx_byte[6]' in module 'bms_master_control_unit_enhanced_bms_spi_master_0' is not driven
//  Warning: Net 'rx_byte[5]' in module 'bms_master_control_unit_enhanced_bms_spi_master_0' is not driven
//  Warning: Net 'rx_byte[4]' in module 'bms_master_control_unit_enhanced_bms_spi_master_0' is not driven
//  Warning: Net 'rx_byte[3]' in module 'bms_master_control_unit_enhanced_bms_spi_master_0' is not driven
//  Warning: Net 'rx_byte[2]' in module 'bms_master_control_unit_enhanced_bms_spi_master_0' is not driven
//  Warning: Net 'rx_byte[1]' in module 'bms_master_control_unit_enhanced_bms_spi_master_0' is not driven
//  Warning: Net 'rx_byte[0]' in module 'bms_master_control_unit_enhanced_bms_spi_master_0' is not driven
//  Warning: Net 'busy' in module 'bms_master_control_unit_enhanced_bms_spi_master_0' is not driven
//  Warning: Net 'SUM[0]' in module 'bms_master_control_unit_enhanced_bms_spi_master_DW01_inc_J1_0_0' is not driven
//  Warning: Primary inout 'SI' of module 'SAEDRVT14_FSDPRBQ_V2LP_2' is not driven
//  Warning: Primary inout 'SE' of module 'SAEDRVT14_FSDPRBQ_V2LP_2' is not driven
//  Warning: Primary inout 'SI' of module 'SAEDRVT14_FSDPSBQ_V2LP_1' is not driven
//  Warning: Primary inout 'SE' of module 'SAEDRVT14_FSDPSBQ_V2LP_1' is not driven
//  Warning: Primary inout 'X' of module 'SAEDLVT14_TIE0_V1_2' is not driven
//  Warning: Primary inout 'B' of module 'SAEDRVT14_AO21B_0P5' is not driven
//  Warning: Net 'allowed_current[15]' in module 'bms_master_control_unit_enhanced_bms_current_limit_supervisor_0' is not driven
//  Warning: Net 'allowed_current[14]' in module 'bms_master_control_unit_enhanced_bms_current_limit_supervisor_0' is not driven
//  Warning: Net 'allowed_current[13]' in module 'bms_master_control_unit_enhanced_bms_current_limit_supervisor_0' is not driven
//  Warning: Net 'allowed_current[12]' in module 'bms_master_control_unit_enhanced_bms_current_limit_supervisor_0' is not driven
//  Warning: Net 'allowed_current[11]' in module 'bms_master_control_unit_enhanced_bms_current_limit_supervisor_0' is not driven
//  Warning: Net 'allowed_current[10]' in module 'bms_master_control_unit_enhanced_bms_current_limit_supervisor_0' is not driven
//  Warning: Net 'allowed_current[9]' in module 'bms_master_control_unit_enhanced_bms_current_limit_supervisor_0' is not driven
//  Warning: Net 'supervisor_code[4]' in module 'bms_master_control_unit_enhanced_bms_current_limit_supervisor_0' is not driven
//  Warning: Net 'supervisor_code[3]' in module 'bms_master_control_unit_enhanced_bms_current_limit_supervisor_0' is not driven
//  Warning: Net 'lmu_count_fault' in module 'bms_master_control_unit_enhanced_bms_current_limit_supervisor_0' is not driven
//  Warning: Primary inout 'A2' of module 'SAEDRVT14_OR2_MM_1P5' is not driven
//  Warning: Primary inout 'X' of module 'SAEDRVT14_AO221_0P5' is not driven
//  Warning: Net 'EQ_NE' in module 'bms_master_control_unit_enhanced_bms_master_control_unit_enhanced_DW_cmp_J1_0_0' is not driven
//  Warning: Primary inout 'X' of module 'SAEDRVT14_AN2_MM_0P5' is not driven
//  Warning: Net 'EQ_NE' in module 'bms_master_control_unit_enhanced_bms_master_control_unit_enhanced_DW_cmp_J1_1_0' is not driven
//  Warning: Net 'EQ_NE' in module 'bms_master_control_unit_enhanced_bms_master_control_unit_enhanced_DW_cmp_J1_2_0' is not driven
//  Warning: Net 'quotient[15]' in module 'bms_master_control_unit_enhanced_bms_master_control_unit_enhanced_DW_div_uns_J1_0_0' is not driven
//  Warning: Net 'remainder[1]' in module 'bms_master_control_unit_enhanced_bms_master_control_unit_enhanced_DW_div_uns_J1_0_0' is not driven
//  Warning: Net 'remainder[0]' in module 'bms_master_control_unit_enhanced_bms_master_control_unit_enhanced_DW_div_uns_J1_0_0' is not driven
//  Warning: Net 'divide_by_0' in module 'bms_master_control_unit_enhanced_bms_master_control_unit_enhanced_DW_div_uns_J1_0_0' is not driven
//  Warning: Primary inout 'X' of module 'SAEDRVT14_AO2BB2_V1_0P5' is not driven
//  Warning: Net 'quotient[15]' in module 'bms_master_control_unit_enhanced_bms_master_control_unit_enhanced_DW_div_uns_J1_1_0' is not driven
//  Warning: Net 'remainder[1]' in module 'bms_master_control_unit_enhanced_bms_master_control_unit_enhanced_DW_div_uns_J1_1_0' is not driven
//  Warning: Net 'remainder[0]' in module 'bms_master_control_unit_enhanced_bms_master_control_unit_enhanced_DW_div_uns_J1_1_0' is not driven
//  Warning: Net 'divide_by_0' in module 'bms_master_control_unit_enhanced_bms_master_control_unit_enhanced_DW_div_uns_J1_1_0' is not driven
//  Warning: Primary inout 'D' of module 'SAEDRVT14_FSDPRBQ_V2LP_1' is not driven
//  Warning: Primary inout 'SI' of module 'SAEDRVT14_FSDPRBQ_V2LP_1' is not driven
//  Warning: Primary inout 'SE' of module 'SAEDRVT14_FSDPRBQ_V2LP_1' is not driven
//  Warning: Primary inout 'Q' of module 'SAEDRVT14_FSDPRBQ_V2LP_1' is not driven
//  Warning: Primary inout 'SI' of module 'SAEDRVT14_FSDPRBQ_V2_1' is not driven
//  Warning: Primary inout 'SE' of module 'SAEDRVT14_FSDPRBQ_V2_1' is not driven
//  Warning: Primary inout 'X' of module 'SAEDRVT14_AN3_0P5' is not driven
//  Warning: Primary inout 'A1' of module 'SAEDRVT14_AO21_U_0P5' is not driven
//  Warning: Primary inout 'B' of module 'SAEDRVT14_AO21_U_0P5' is not driven
//  Warning: Primary inout 'A2' of module 'SAEDRVT14_NR3_0P5' is not driven
//  Warning: Primary inout 'X' of module 'SAEDRVT14_OA21_1' is not driven
//  command: set_design_level sub_block
//  command: analyze_control_signals -auto
//  Error: Undefined module 'SAEDRVT14_ADDF_V1_0P5' found.
//  Error: Instance of undefined model found. Check black box warnings and use add_black_boxes -auto to make these default black box models.
//  command: set_test_logic -set on -reset on -clock on
//  command: check_design_rules 
//  Error: Undefined module 'SAEDRVT14_ADDF_V1_0P5' found.
//  Error: Instance of undefined model found. Check black box warnings and use add_black_boxes -auto to make these default black box models.
//  command: exit 
