
                           Design Compiler Graphical 
                                 DC Ultra (TM)
                                  DFTMAX (TM)
                              Power Compiler (TM)
                                 DesignWare (R)
                                 DC Expert (TM)
                               Design Vision (TM)
                               HDL Compiler (TM)
                               VHDL Compiler (TM)
                                  DFT Compiler
                               Design Compiler(R)

               Version T-2022.03-SP4 for linux64 - Aug 24, 2022 

                    Copyright (c) 1988 - 2022 Synopsys, Inc.
   This software and the associated documentation are proprietary to Synopsys,
 Inc. This software may only be used in accordance with the terms and conditions
 of a written license agreement with Synopsys, Inc. All other use, reproduction,
   or distribution of this software is strictly prohibited.  Licensed Products
     communicate with Synopsys servers for the purpose of providing software
    updates, detecting software piracy and verifying that customers are using
    Licensed Products in conformity with the applicable License Key for such
  Licensed Products. Synopsys will use information gathered in connection with
    this process to deliver software updates and pursue software pirates and
                                   infringers.

 Inclusivity & Diversity - Visit SolvNetPlus to read the "Synopsys Statement on
            Inclusivity and Diversity" (Refer to article 000036315 at
                        https://solvnetplus.synopsys.com)
Initializing...
Initializing gui preferences from file  /home1/IITR_PD3/MulukuriVNath/.synopsys_dc_gui/preferences.tcl
Warning: Cannot use command line editor for terminal type 'xterm-256color'.  (UI-74)
dc_shell> 4.1.1
set_host_options -max_cores 8
1
dc_shell> set DESIGN_NAME bms_lmu_wrapper
bms_lmu_wrapper
set OUTPUTS_DIR "/home1/IITR_PD3/MulukuriVNath/Documents/16S_Satellite_BMS_With_Active_Balancing/synthesis/lmu/outputs"
/home1/IITR_PD3/MulukuriVNath/Documents/16S_Satellite_BMS_With_Active_Balancing/synthesis/lmu/outputs
set SCRIPTS "/home1/IITR_PD3/MulukuriVNath/Documents/16S_Satellite_BMS_With_Active_Balancing/synthesis/lmu/scripts"
/home1/IITR_PD3/MulukuriVNath/Documents/16S_Satellite_BMS_With_Active_Balancing/synthesis/lmu/scripts
set DESIGN_STYLE hier
hier
set PHYSICAL_HIERARCHY_LEVEL bottom
bottom
set DC_BLOCK_ABSTRACTION_DESIGNS ""
set DDC_HIER_DESIGNS ""
set UPF_MODE golden
golden
set UPF_FILE ${SCRIPTS}/${DESIGN_NAME}.upf
/home1/IITR_PD3/MulukuriVNath/Documents/16S_Satellite_BMS_With_Active_Balancing/synthesis/lmu/scripts/bms_lmu_wrapper.upf
set DCRM_NDM_LIBRARY_NAME ${DESIGN_NAME}.ndm
bms_lmu_wrapper.ndm
set TECH_FILE "/home1/14_nmts/14_nmts/tech/milkyway/saed14nm_1p9m_mw.tf"
/home1/14_nmts/14_nmts/tech/milkyway/saed14nm_1p9m_mw.tf
set REFERENCE_LIBRARY             "/home1/14_nmts/14_nmts/stdcell_hvt/ndm/saed14hvt_frame_only.ndm \
/home1/14_nmts/14_nmts/stdcell_slvt/ndm/saed14slvt_frame_only.ndm \
/home1/14_nmts/14_nmts/stdcell_rvt/ndm/saed14rvt_frame_only.ndm \
/home1/14_nmts/14_nmts/stdcell_lvt/ndm/saed14lvt_frame_only.ndm"
/home1/14_nmts/14_nmts/stdcell_hvt/ndm/saed14hvt_frame_only.ndm  /home1/14_nmts/14_nmts/stdcell_slvt/ndm/saed14slvt_frame_only.ndm  /home1/14_nmts/14_nmts/stdcell_rvt/ndm/saed14rvt_frame_only.ndm  /home1/14_nmts/14_nmts/stdcell_lvt/ndm/saed14lvt_frame_only.ndm
dc_shell> set rtl_path {}
set rtl_path_1 "/home1/IITR_PD3/MulukuriVNath/Documents/16S_Satellite_BMS_With_Active_Balancing/bms_complete/rtl/common"
/home1/IITR_PD3/MulukuriVNath/Documents/16S_Satellite_BMS_With_Active_Balancing/bms_complete/rtl/common
set rtl_path_2 "/home1/IITR_PD3/MulukuriVNath/Documents/16S_Satellite_BMS_With_Active_Balancing/bms_complete/rtl/lmu"
/home1/IITR_PD3/MulukuriVNath/Documents/16S_Satellite_BMS_With_Active_Balancing/bms_complete/rtl/lmu
set rtl_path_3 "/home1/IITR_PD3/MulukuriVNath/Documents/16S_Satellite_BMS_With_Active_Balancing/bms_complete/rtl/mcu"
/home1/IITR_PD3/MulukuriVNath/Documents/16S_Satellite_BMS_With_Active_Balancing/bms_complete/rtl/mcu
set rtl_path_4 "/home1/IITR_PD3/MulukuriVNath/Documents/16S_Satellite_BMS_With_Active_Balancing/bms_complete/rtl/top"
/home1/IITR_PD3/MulukuriVNath/Documents/16S_Satellite_BMS_With_Active_Balancing/bms_complete/rtl/top
set_app_var search_path " $rtl_path_1 $rtl_path_2 $rtl_path_3 $rtl_path_4 "
 /home1/IITR_PD3/MulukuriVNath/Documents/16S_Satellite_BMS_With_Active_Balancing/bms_complete/rtl/common /home1/IITR_PD3/MulukuriVNath/Documents/16S_Satellite_BMS_With_Active_Balancing/bms_complete/rtl/lmu /home1/IITR_PD3/MulukuriVNath/Documents/16S_Satellite_BMS_With_Active_Balancing/bms_complete/rtl/mcu /home1/IITR_PD3/MulukuriVNath/Documents/16S_Satellite_BMS_With_Active_Balancing/bms_complete/rtl/top 
dc_shell> if {$DESIGN_STYLE == "hier" && $PHYSICAL_HIERARCHY_LEVEL == "top"} {
  # For a hierarchical flow, add the block-level results directories to the
  # For a hierarchical flow, add the block-level results directories to the
  # search path to find the block-level design files.

  set HIER_DESIGNS "${DDC_HIER_DESIGNS} ${DC_BLOCK_ABSTRACTION_DESIGNS}"
  foreach design $HIER_DESIGNS {
    lappend search_path ../../${design}/outputs/
  }
  # For a hierarchical UPF flow, add the results directory to the search path for
  # Formality to find the output UPF files.
  lappend search_path ${OUTPUTS_DIR}
}
dc_shell> set_app_var alib_library_analysis_path .
.
dc_shell> if {![file exists $OUTPUTS_DIR]} {file mkdir $OUTPUTS_DIR} ;# do not change this line or directory may not be created properly
dc_shell> if {$UPF_MODE == "golden"} {
  # Enable the Golden UPF mode to use same originla UPF script file throughout the synthesis,
  # physical implementation, and verification flow.
  set_app_var enable_golden_upf true
}
true
dc_shell> set TARGET_LIBRARY_FILES "/home1/14_nmts/14_nmts/stdcell_hvt/db_ccs/*.db \
/home1/14_nmts/14_nmts/stdcell_lvt/db_ccs/*.db \
/home1/14_nmts/14_nmts/stdcell_rvt/db_ccs/*.dc \
/home1/14_nmts/14_nmts/stdcell_slvt/db_ccs/*.db"
/home1/14_nmts/14_nmts/stdcell_hvt/db_ccs/*.db  /home1/14_nmts/14_nmts/stdcell_lvt/db_ccs/*.db  /home1/14_nmts/14_nmts/stdcell_rvt/db_ccs/*.dc  /home1/14_nmts/14_nmts/stdcell_slvt/db_ccs/*.db
dc_shell> set_app_var target_library ${TARGET_LIBRARY_FILES}
/home1/14_nmts/14_nmts/stdcell_hvt/db_ccs/*.db  /home1/14_nmts/14_nmts/stdcell_lvt/db_ccs/*.db  /home1/14_nmts/14_nmts/stdcell_rvt/db_ccs/*.dc  /home1/14_nmts/14_nmts/stdcell_slvt/db_ccs/*.db
dc_shell> set_app_var synthetic_library dw_foundation.sldb
dw_foundation.sldb
dc_shell> set_app_var link_library "* $target_library $synthetic_library"
* /home1/14_nmts/14_nmts/stdcell_hvt/db_ccs/*.db  /home1/14_nmts/14_nmts/stdcell_lvt/db_ccs/*.db  /home1/14_nmts/14_nmts/stdcell_rvt/db_ccs/*.dc  /home1/14_nmts/14_nmts/stdcell_slvt/db_ccs/*.db dw_foundation.sldb
dc_shell> if {[shell_is_in_topographical_mode]} {
  if {[info exists view_target] && [file exists $DCRM_NDM_LIBRARY_NAME]} {
    puts "RM-info: opening existing lib $DCRM_NDM_LIBRARY_NAME"
    open_lib $DCRM_NDM_LIBRARY_NAME
  } else {
    if {[file exists $DCRM_NDM_LIBRARY_NAME]} {
      puts "RM-info: deleting existing lib $DCRM_NDM_LIBRARY_NAME"
      file delete -force $DCRM_NDM_LIBRARY_NAME
    }

    set create_lib_cmd "create_lib -technology $TECH_FILE $DCRM_NDM_LIBRARY_NAME"
    if {${REFERENCE_LIBRARY} != ""} { append create_lib_cmd " -ref_libs \"${REFERENCE_LIBRARY}\""}
    puts "RM-info: Running $create_lib_cmd"
    eval ${create_lib_cmd}
  }
}
dc_shell> set set_check_library_cmd "set_check_library_options -mcmm"
set_check_library_options -mcmm
if {$UPF_MODE != "none"} {lappend set_check_library_cmd -upf}
set_check_library_options -mcmm -upf
puts "RM-info: Running $set_check_library_cmd"
RM-info: Running set_check_library_options -mcmm -upf
eval ${set_check_library_cmd}
1
redirect -file ${OUTPUTS_DIR}/${DESIGN_NAME}.check_library.rpt {check_library}
dc_shell> eval ${set_check_library_cmd}
1
dc_shell> redirect -file ${OUTPUTS_DIR}/${DESIGN_NAME}.check_library.rpt {check_library}
dc_shell> set_app_var sh_new_variable_message false
false
dc_shell> set_app_var auto_insert_level_shifters_on_clocks all
all
dc_shell> set_app_var spg_enable_via_resistance_support true
true
dc_shell> set_app_var simplified_verification_mode true
true
dc_shell> set_svf ${OUTPUTS_DIR}/${DESIGN_NAME}.mapped.svf
1
dc_shell> analyze -f verilog [glob $rtl_path_1 $rtl_path_2 $rtl_path_3 $rtl_path_4]
Information: Optimization is being performed with the 'simplified_verification_mode' variable enabled.  (INFO-114)
Running PRESTO HDLC
Compiling source file /home1/IITR_PD3/MulukuriVNath/Documents/16S_Satellite_BMS_With_Active_Balancing/bms_complete/rtl/common
Compiling source file /home1/IITR_PD3/MulukuriVNath/Documents/16S_Satellite_BMS_With_Active_Balancing/bms_complete/rtl/lmu
Compiling source file /home1/IITR_PD3/MulukuriVNath/Documents/16S_Satellite_BMS_With_Active_Balancing/bms_complete/rtl/mcu
Compiling source file /home1/IITR_PD3/MulukuriVNath/Documents/16S_Satellite_BMS_With_Active_Balancing/bms_complete/rtl/top
Presto compilation completed successfully.
Warning: Can't read link_library file '/home1/14_nmts/14_nmts/stdcell_hvt/db_ccs/*.db'. (UID-3)
Warning: Can't read link_library file '/home1/14_nmts/14_nmts/stdcell_lvt/db_ccs/*.db'. (UID-3)
Warning: Can't read link_library file '/home1/14_nmts/14_nmts/stdcell_rvt/db_ccs/*.dc'. (UID-3)
Warning: Can't read link_library file '/home1/14_nmts/14_nmts/stdcell_slvt/db_ccs/*.db'. (UID-3)
Loading db file '/home/cad/eda/SYNOPSYS/Design_Compiler_2022.03/syn/T-2022.03-SP4/libraries/syn/dw_foundation.sldb'
1
dc_shell> foreach path $rtl_path_1 {
    analyze -f verilog [glob $path/*.v]
}
Information: Optimization is being performed with the 'simplified_verification_mode' variable enabled.  (INFO-114)
Running PRESTO HDLC
Compiling source file /home1/IITR_PD3/MulukuriVNath/Documents/16S_Satellite_BMS_With_Active_Balancing/bms_complete/rtl/common/bms_can_status_if.v
Compiling source file /home1/IITR_PD3/MulukuriVNath/Documents/16S_Satellite_BMS_With_Active_Balancing/bms_complete/rtl/common/bms_uart_tx.v
Compiling source file /home1/IITR_PD3/MulukuriVNath/Documents/16S_Satellite_BMS_With_Active_Balancing/bms_complete/rtl/common/bms_spi_slave.v
Compiling source file /home1/IITR_PD3/MulukuriVNath/Documents/16S_Satellite_BMS_With_Active_Balancing/bms_complete/rtl/common/bms_comm_hub.v
Presto compilation completed successfully.
Warning: Can't read link_library file '/home1/14_nmts/14_nmts/stdcell_hvt/db_ccs/*.db'. (UID-3)
Warning: Can't read link_library file '/home1/14_nmts/14_nmts/stdcell_lvt/db_ccs/*.db'. (UID-3)
Warning: Can't read link_library file '/home1/14_nmts/14_nmts/stdcell_rvt/db_ccs/*.dc'. (UID-3)
Warning: Can't read link_library file '/home1/14_nmts/14_nmts/stdcell_slvt/db_ccs/*.db'. (UID-3)
dc_shell> foreach path $rtl_path_2 {
    analyze -f verilog [glob $path/*.v]
}
Information: Optimization is being performed with the 'simplified_verification_mode' variable enabled.  (INFO-114)
Running PRESTO HDLC
Compiling source file /home1/IITR_PD3/MulukuriVNath/Documents/16S_Satellite_BMS_With_Active_Balancing/bms_complete/rtl/lmu/bms_active_balancer.v
Compiling source file /home1/IITR_PD3/MulukuriVNath/Documents/16S_Satellite_BMS_With_Active_Balancing/bms_complete/rtl/lmu/bms_adc_if.v
Compiling source file /home1/IITR_PD3/MulukuriVNath/Documents/16S_Satellite_BMS_With_Active_Balancing/bms_complete/rtl/lmu/bms_emi_guard.v
Compiling source file /home1/IITR_PD3/MulukuriVNath/Documents/16S_Satellite_BMS_With_Active_Balancing/bms_complete/rtl/lmu/bms_fault_logger.v
Compiling source file /home1/IITR_PD3/MulukuriVNath/Documents/16S_Satellite_BMS_With_Active_Balancing/bms_complete/rtl/lmu/bms_isolation_monitor.v
Compiling source file /home1/IITR_PD3/MulukuriVNath/Documents/16S_Satellite_BMS_With_Active_Balancing/bms_complete/rtl/lmu/bms_lmu_wrapper.v
Compiling source file /home1/IITR_PD3/MulukuriVNath/Documents/16S_Satellite_BMS_With_Active_Balancing/bms_complete/rtl/lmu/bms_power_mgmt.v
Compiling source file /home1/IITR_PD3/MulukuriVNath/Documents/16S_Satellite_BMS_With_Active_Balancing/bms_complete/rtl/lmu/bms_satellite_top.v
Compiling source file /home1/IITR_PD3/MulukuriVNath/Documents/16S_Satellite_BMS_With_Active_Balancing/bms_complete/rtl/lmu/bms_fault_processor.v
Compiling source file /home1/IITR_PD3/MulukuriVNath/Documents/16S_Satellite_BMS_With_Active_Balancing/bms_complete/rtl/lmu/bms_soc_soh_engine.v
Presto compilation completed successfully.
Warning: Can't read link_library file '/home1/14_nmts/14_nmts/stdcell_hvt/db_ccs/*.db'. (UID-3)
Warning: Can't read link_library file '/home1/14_nmts/14_nmts/stdcell_lvt/db_ccs/*.db'. (UID-3)
Warning: Can't read link_library file '/home1/14_nmts/14_nmts/stdcell_rvt/db_ccs/*.dc'. (UID-3)
Warning: Can't read link_library file '/home1/14_nmts/14_nmts/stdcell_slvt/db_ccs/*.db'. (UID-3)
dc_shell> foreach path $rtl_path_3 {
    analyze -f verilog [glob $path/*.v]
}
Information: Optimization is being performed with the 'simplified_verification_mode' variable enabled.  (INFO-114)
Running PRESTO HDLC
Compiling source file /home1/IITR_PD3/MulukuriVNath/Documents/16S_Satellite_BMS_With_Active_Balancing/bms_complete/rtl/mcu/bms_current_limit_supervisor.v
Compiling source file /home1/IITR_PD3/MulukuriVNath/Documents/16S_Satellite_BMS_With_Active_Balancing/bms_complete/rtl/mcu/bms_master_control_unit_enhanced.v
Compiling source file /home1/IITR_PD3/MulukuriVNath/Documents/16S_Satellite_BMS_With_Active_Balancing/bms_complete/rtl/mcu/bms_spi_master.v
Presto compilation completed successfully.
Warning: Can't read link_library file '/home1/14_nmts/14_nmts/stdcell_hvt/db_ccs/*.db'. (UID-3)
Warning: Can't read link_library file '/home1/14_nmts/14_nmts/stdcell_lvt/db_ccs/*.db'. (UID-3)
Warning: Can't read link_library file '/home1/14_nmts/14_nmts/stdcell_rvt/db_ccs/*.dc'. (UID-3)
Warning: Can't read link_library file '/home1/14_nmts/14_nmts/stdcell_slvt/db_ccs/*.db'. (UID-3)
dc_shell> foreach path $rtl_path_4 {
    analyze -f verilog [glob $path/*.v]
}
Information: Optimization is being performed with the 'simplified_verification_mode' variable enabled.  (INFO-114)
Running PRESTO HDLC
Compiling source file /home1/IITR_PD3/MulukuriVNath/Documents/16S_Satellite_BMS_With_Active_Balancing/bms_complete/rtl/top/bms_system_3lmu_top_enhanced.v
Presto compilation completed successfully.
Warning: Can't read link_library file '/home1/14_nmts/14_nmts/stdcell_hvt/db_ccs/*.db'. (UID-3)
Warning: Can't read link_library file '/home1/14_nmts/14_nmts/stdcell_lvt/db_ccs/*.db'. (UID-3)
Warning: Can't read link_library file '/home1/14_nmts/14_nmts/stdcell_rvt/db_ccs/*.dc'. (UID-3)
Warning: Can't read link_library file '/home1/14_nmts/14_nmts/stdcell_slvt/db_ccs/*.db'. (UID-3)
dc_shell> elaborate ${DESIGN_NAME}
Information: Optimization is being performed with the 'simplified_verification_mode' variable enabled.  (INFO-114)
Loading db file '/home/cad/eda/SYNOPSYS/Design_Compiler_2022.03/syn/T-2022.03-SP4/libraries/syn/gtech.db'
Loading db file '/home/cad/eda/SYNOPSYS/Design_Compiler_2022.03/syn/T-2022.03-SP4/libraries/syn/standard.sldb'
  Loading link library 'gtech'
Warning: Can't read link_library file '/home1/14_nmts/14_nmts/stdcell_hvt/db_ccs/*.db'. (UID-3)
Warning: Can't read link_library file '/home1/14_nmts/14_nmts/stdcell_lvt/db_ccs/*.db'. (UID-3)
Warning: Can't read link_library file '/home1/14_nmts/14_nmts/stdcell_rvt/db_ccs/*.dc'. (UID-3)
Warning: Can't read link_library file '/home1/14_nmts/14_nmts/stdcell_slvt/db_ccs/*.db'. (UID-3)
Running PRESTO HDLC
Presto compilation completed successfully. (bms_lmu_wrapper)
Elaborated 1 design.
Current design is now 'bms_lmu_wrapper'.
Warning: Can't read link_library file '/home1/14_nmts/14_nmts/stdcell_hvt/db_ccs/*.db'. (UID-3)
Warning: Can't read link_library file '/home1/14_nmts/14_nmts/stdcell_lvt/db_ccs/*.db'. (UID-3)
Warning: Can't read link_library file '/home1/14_nmts/14_nmts/stdcell_rvt/db_ccs/*.dc'. (UID-3)
Warning: Can't read link_library file '/home1/14_nmts/14_nmts/stdcell_slvt/db_ccs/*.db'. (UID-3)
Information: Building the design 'bms_satellite_top'. (HDL-193)

Inferred memory devices in process
	in routine bms_satellite_top line 52 in file
		'/home1/IITR_PD3/MulukuriVNath/Documents/16S_Satellite_BMS_With_Active_Balancing/bms_complete/rtl/lmu/bms_satellite_top.v'.
===============================================================================
|    Register Name    |   Type    | Width | Bus | MB | AR | AS | SR | SS | ST |
===============================================================================
|    timestamp_reg    | Flip-flop |  16   |  Y  | N  | Y  | N  | N  | N  | N  |
===============================================================================

Inferred memory devices in process
	in routine bms_satellite_top line 59 in file
		'/home1/IITR_PD3/MulukuriVNath/Documents/16S_Satellite_BMS_With_Active_Balancing/bms_complete/rtl/lmu/bms_satellite_top.v'.
===============================================================================
|    Register Name    |   Type    | Width | Bus | MB | AR | AS | SR | SS | ST |
===============================================================================
|  fault_trip_d_reg   | Flip-flop |   1   |  N  | N  | Y  | N  | N  | N  | N  |
===============================================================================
Presto compilation completed successfully. (bms_satellite_top)
Information: Building the design 'bms_adc_if'. (HDL-193)
Warning:  /home1/IITR_PD3/MulukuriVNath/Documents/16S_Satellite_BMS_With_Active_Balancing/bms_complete/rtl/lmu/bms_adc_if.v:38: signed to unsigned conversion occurs. (VER-318)

Inferred memory devices in process
	in routine bms_adc_if line 18 in file
		'/home1/IITR_PD3/MulukuriVNath/Documents/16S_Satellite_BMS_With_Active_Balancing/bms_complete/rtl/lmu/bms_adc_if.v'.
===============================================================================
|    Register Name    |   Type    | Width | Bus | MB | AR | AS | SR | SS | ST |
===============================================================================
|   sample_idx_reg    | Flip-flop |   5   |  Y  | N  | Y  | N  | N  | N  | N  |
|   cell_v_bus_reg    | Flip-flop |  256  |  Y  | N  | Y  | N  | N  | N  | N  |
| cell_v_red_bus_reg  | Flip-flop |  256  |  Y  | N  | Y  | N  | N  | N  | N  |
|   frame_done_reg    | Flip-flop |   1   |  N  | N  | Y  | N  | N  | N  | N  |
|    bank_sel_reg     | Flip-flop |   1   |  N  | N  | Y  | N  | N  | N  | N  |
|    adc_busy_reg     | Flip-flop |   1   |  N  | N  | Y  | N  | N  | N  | N  |
===============================================================================
Presto compilation completed successfully. (bms_adc_if)
Information: Building the design 'bms_emi_guard'. (HDL-193)

Inferred memory devices in process
	in routine bms_emi_guard line 11 in file
		'/home1/IITR_PD3/MulukuriVNath/Documents/16S_Satellite_BMS_With_Active_Balancing/bms_complete/rtl/lmu/bms_emi_guard.v'.
===============================================================================
|    Register Name    |   Type    | Width | Bus | MB | AR | AS | SR | SS | ST |
===============================================================================
|      hist_reg       | Flip-flop |   4   |  Y  | N  | Y  | N  | N  | N  | N  |
|    emi_alert_reg    | Flip-flop |   1   |  N  | N  | Y  | N  | N  | N  | N  |
===============================================================================
Presto compilation completed successfully. (bms_emi_guard)
Information: Building the design 'bms_isolation_monitor'. (HDL-193)

Inferred memory devices in process
	in routine bms_isolation_monitor line 10 in file
		'/home1/IITR_PD3/MulukuriVNath/Documents/16S_Satellite_BMS_With_Active_Balancing/bms_complete/rtl/lmu/bms_isolation_monitor.v'.
===============================================================================
|    Register Name    |   Type    | Width | Bus | MB | AR | AS | SR | SS | ST |
===============================================================================
|   iso_margin_reg    | Flip-flop |  16   |  Y  | N  | Y  | N  | N  | N  | N  |
|    iso_fault_reg    | Flip-flop |   1   |  N  | N  | Y  | N  | N  | N  | N  |
===============================================================================
Presto compilation completed successfully. (bms_isolation_monitor)
Information: Building the design 'bms_fault_processor'. (HDL-193)

Inferred memory devices in process
	in routine bms_fault_processor line 116 in file
		'/home1/IITR_PD3/MulukuriVNath/Documents/16S_Satellite_BMS_With_Active_Balancing/bms_complete/rtl/lmu/bms_fault_processor.v'.
===============================================================================
|    Register Name    |   Type    | Width | Bus | MB | AR | AS | SR | SS | ST |
===============================================================================
|     uv_map_reg      | Flip-flop |  16   |  Y  | N  | Y  | N  | N  | N  | N  |
| sensor_mismatch_reg | Flip-flop |   1   |  N  | N  | Y  | N  | N  | N  | N  |
|  mismatch_cnt_reg   | Flip-flop |   4   |  Y  | N  | Y  | N  | N  | N  | N  |
|    fault_out_reg    | Flip-flop |   1   |  N  | N  | Y  | N  | N  | N  | N  |
|   fault_code_reg    | Flip-flop |   8   |  Y  | N  | Y  | N  | N  | N  | N  |
|     ov_map_reg      | Flip-flop |  16   |  Y  | N  | Y  | N  | N  | N  | N  |
===============================================================================
Presto compilation completed successfully. (bms_fault_processor)
Information: Building the design 'bms_soc_soh_engine'. (HDL-193)
Warning:  /home1/IITR_PD3/MulukuriVNath/Documents/16S_Satellite_BMS_With_Active_Balancing/bms_complete/rtl/lmu/bms_soc_soh_engine.v:56: signed to unsigned conversion occurs. (VER-318)
Warning:  /home1/IITR_PD3/MulukuriVNath/Documents/16S_Satellite_BMS_With_Active_Balancing/bms_complete/rtl/lmu/bms_soc_soh_engine.v:78: signed to unsigned part selection occurs. (VER-318)

Inferred memory devices in process
	in routine bms_soc_soh_engine line 39 in file
		'/home1/IITR_PD3/MulukuriVNath/Documents/16S_Satellite_BMS_With_Active_Balancing/bms_complete/rtl/lmu/bms_soc_soh_engine.v'.
===============================================================================
|    Register Name    |   Type    | Width | Bus | MB | AR | AS | SR | SS | ST |
===============================================================================
|   coulomb_acc_reg   | Flip-flop |  18   |  Y  | N  | Y  | N  | N  | N  | N  |
|   coulomb_acc_reg   | Flip-flop |  14   |  Y  | N  | N  | Y  | N  | N  | N  |
|     ocv_soc_reg     | Flip-flop |   1   |  N  | N  | N  | Y  | N  | N  | N  |
|     ocv_soc_reg     | Flip-flop |  14   |  Y  | N  | Y  | N  | N  | N  | N  |
|    relax_cnt_reg    | Flip-flop |  32   |  Y  | N  | Y  | N  | N  | N  | N  |
|   abs_pack_i_reg    | Flip-flop |  16   |  Y  | N  | Y  | N  | N  | N  | N  |
|     soh_out_reg     | Flip-flop |  16   |  Y  | N  | N  | Y  | N  | N  | N  |
|    soh_calc_reg     | Flip-flop |  26   |  Y  | N  | Y  | N  | N  | N  | N  |
|    soh_calc_reg     | Flip-flop |   6   |  Y  | N  | N  | Y  | N  | N  | N  |
|     soc_out_reg     | Flip-flop |   1   |  N  | N  | N  | Y  | N  | N  | N  |
|     soc_out_reg     | Flip-flop |  15   |  Y  | N  | Y  | N  | N  | N  | N  |
===============================================================================
Presto compilation completed successfully. (bms_soc_soh_engine)
Information: Building the design 'bms_active_balancer'. (HDL-193)
Warning:  /home1/IITR_PD3/MulukuriVNath/Documents/16S_Satellite_BMS_With_Active_Balancing/bms_complete/rtl/lmu/bms_active_balancer.v:64: signed to unsigned part selection occurs. (VER-318)
Warning:  /home1/IITR_PD3/MulukuriVNath/Documents/16S_Satellite_BMS_With_Active_Balancing/bms_complete/rtl/lmu/bms_active_balancer.v:68: signed to unsigned part selection occurs. (VER-318)

Inferred memory devices in process
	in routine bms_active_balancer line 34 in file
		'/home1/IITR_PD3/MulukuriVNath/Documents/16S_Satellite_BMS_With_Active_Balancing/bms_complete/rtl/lmu/bms_active_balancer.v'.
===============================================================================
|    Register Name    |   Type    | Width | Bus | MB | AR | AS | SR | SS | ST |
===============================================================================
|    dwell_cnt_reg    | Flip-flop |  32   |  Y  | N  | Y  | N  | N  | N  | N  |
|    phase_on_reg     | Flip-flop |   1   |  N  | N  | Y  | N  | N  | N  | N  |
|  active_tx_sw_reg   | Flip-flop |  16   |  Y  | N  | Y  | N  | N  | N  | N  |
|  active_rx_sw_reg   | Flip-flop |  16   |  Y  | N  | Y  | N  | N  | N  | N  |
|   passive_sw_reg    | Flip-flop |  16   |  Y  | N  | Y  | N  | N  | N  | N  |
|  balance_busy_reg   | Flip-flop |   1   |  N  | N  | Y  | N  | N  | N  | N  |
|    high_id_o_reg    | Flip-flop |   4   |  Y  | N  | Y  | N  | N  | N  | N  |
|    low_id_o_reg     | Flip-flop |   4   |  Y  | N  | Y  | N  | N  | N  | N  |
===============================================================================
Presto compilation completed successfully. (bms_active_balancer)
Information: Building the design 'bms_power_mgmt'. (HDL-193)

Inferred memory devices in process
	in routine bms_power_mgmt line 10 in file
		'/home1/IITR_PD3/MulukuriVNath/Documents/16S_Satellite_BMS_With_Active_Balancing/bms_complete/rtl/lmu/bms_power_mgmt.v'.
===============================================================================
|    Register Name    |   Type    | Width | Bus | MB | AR | AS | SR | SS | ST |
===============================================================================
|   sleep_mode_reg    | Flip-flop |   1   |  N  | N  | Y  | N  | N  | N  | N  |
|  logic_clk_en_reg   | Flip-flop |   1   |  N  | N  | N  | Y  | N  | N  | N  |
===============================================================================
Presto compilation completed successfully. (bms_power_mgmt)
Information: Building the design 'bms_comm_hub'. (HDL-193)
Presto compilation completed successfully. (bms_comm_hub)
Information: Building the design 'bms_fault_logger'. (HDL-193)
Warning:  /home1/IITR_PD3/MulukuriVNath/Documents/16S_Satellite_BMS_With_Active_Balancing/bms_complete/rtl/lmu/bms_fault_logger.v:20: signed to unsigned conversion occurs. (VER-318)

Inferred memory devices in process
	in routine bms_fault_logger line 14 in file
		'/home1/IITR_PD3/MulukuriVNath/Documents/16S_Satellite_BMS_With_Active_Balancing/bms_complete/rtl/lmu/bms_fault_logger.v'.
===============================================================================
|    Register Name    |   Type    | Width | Bus | MB | AR | AS | SR | SS | ST |
===============================================================================
|     wr_ptr_reg      | Flip-flop |   4   |  Y  | N  | Y  | N  | N  | N  | N  |
|    overflow_reg     | Flip-flop |   1   |  N  | N  | Y  | N  | N  | N  | N  |
===============================================================================
Presto compilation completed successfully. (bms_fault_logger)
Information: Building the design 'bms_uart_tx'. (HDL-193)

Statistics for case statements in always block at line 22 in file
	'/home1/IITR_PD3/MulukuriVNath/Documents/16S_Satellite_BMS_With_Active_Balancing/bms_complete/rtl/common/bms_uart_tx.v'
===============================================
|           Line           |  full/ parallel  |
===============================================
|            32            |    auto/auto     |
===============================================

Inferred memory devices in process
	in routine bms_uart_tx line 22 in file
		'/home1/IITR_PD3/MulukuriVNath/Documents/16S_Satellite_BMS_With_Active_Balancing/bms_complete/rtl/common/bms_uart_tx.v'.
===============================================================================
|    Register Name    |   Type    | Width | Bus | MB | AR | AS | SR | SS | ST |
===============================================================================
|      state_reg      | Flip-flop |   2   |  Y  | N  | Y  | N  | N  | N  | N  |
|     tx_wire_reg     | Flip-flop |   1   |  N  | N  | N  | Y  | N  | N  | N  |
|     bit_idx_reg     | Flip-flop |   4   |  Y  | N  | Y  | N  | N  | N  | N  |
|      shreg_reg      | Flip-flop |   8   |  Y  | N  | Y  | N  | N  | N  | N  |
|    tx_ready_reg     | Flip-flop |   1   |  N  | N  | N  | Y  | N  | N  | N  |
|    baud_cnt_reg     | Flip-flop |  16   |  Y  | N  | Y  | N  | N  | N  | N  |
|      busy_reg       | Flip-flop |   1   |  N  | N  | Y  | N  | N  | N  | N  |
===============================================================================
Presto compilation completed successfully. (bms_uart_tx)
Information: Building the design 'bms_spi_slave'. (HDL-193)

Inferred memory devices in process
	in routine bms_spi_slave line 26 in file
		'/home1/IITR_PD3/MulukuriVNath/Documents/16S_Satellite_BMS_With_Active_Balancing/bms_complete/rtl/common/bms_spi_slave.v'.
===============================================================================
|    Register Name    |   Type    | Width | Bus | MB | AR | AS | SR | SS | ST |
===============================================================================
|    rx_shift_reg     | Flip-flop |   7   |  Y  | N  | Y  | N  | N  | N  | N  |
|    rx_valid_reg     | Flip-flop |   1   |  N  | N  | Y  | N  | N  | N  | N  |
|     rx_byte_reg     | Flip-flop |   8   |  Y  | N  | Y  | N  | N  | N  | N  |
|     bit_cnt_reg     | Flip-flop |   3   |  Y  | N  | Y  | N  | N  | N  | N  |
===============================================================================

Inferred memory devices in process
	in routine bms_spi_slave line 51 in file
		'/home1/IITR_PD3/MulukuriVNath/Documents/16S_Satellite_BMS_With_Active_Balancing/bms_complete/rtl/common/bms_spi_slave.v'.
===============================================================================
|    Register Name    |   Type    | Width | Bus | MB | AR | AS | SR | SS | ST |
===============================================================================
|   tx_bit_cnt_reg    | Flip-flop |   3   |  Y  | N  | Y  | N  | N  | N  | N  |
|    tx_shift_reg     | Flip-flop |   8   |  Y  | N  | Y  | N  | N  | N  | N  |
===============================================================================
Presto compilation completed successfully. (bms_spi_slave)
Information: Building the design 'bms_can_status_if'. (HDL-193)

Inferred memory devices in process
	in routine bms_can_status_if line 9 in file
		'/home1/IITR_PD3/MulukuriVNath/Documents/16S_Satellite_BMS_With_Active_Balancing/bms_complete/rtl/common/bms_can_status_if.v'.
===============================================================================
|    Register Name    |   Type    | Width | Bus | MB | AR | AS | SR | SS | ST |
===============================================================================
|   frame_data_reg    | Flip-flop |  64   |  Y  | N  | Y  | N  | N  | N  | N  |
|   frame_valid_reg   | Flip-flop |   1   |  N  | N  | Y  | N  | N  | N  | N  |
===============================================================================
Presto compilation completed successfully. (bms_can_status_if)
1
Current design is 'bms_lmu_wrapper'.
dc_shell> current_design ${DESIGN_NAME}
Current design is 'bms_lmu_wrapper'.
{bms_lmu_wrapper}
dc_shell> Warning: Can't read link_library file '/home1/14_nmts/14_nmts/stdcell_hvt/db_ccs/*.db'. (UID-3)
Warning: Can't read link_library file '/home1/14_nmts/14_nmts/stdcell_lvt/db_ccs/*.db'. (UID-3)
Warning: Can't read link_library file '/home1/14_nmts/14_nmts/stdcell_rvt/db_ccs/*.dc'. (UID-3)
Warning: Can't read link_library file '/home1/14_nmts/14_nmts/stdcell_slvt/db_ccs/*.db'. (UID-3)

  Linking design 'bms_lmu_wrapper'
  Using the following designs and libraries:
  --------------------------------------------------------------------------
  * (14 designs)              /home1/IITR_PD3/MulukuriVNath/Documents/16S_Satellite_BMS_With_Active_Balancing/synthesis/lmu/work/bms_lmu_wrapper.db, etc
  dw_foundation.sldb (library) /home/cad/eda/SYNOPSYS/Design_Compiler_2022.03/syn/T-2022.03-SP4/libraries/syn/dw_foundation.sldb

1
dc_shell> set upf_create_implicit_supply_sets false
false
dc_shell> if {$UPF_MODE != "none"} {
  if {$UPF_FILE != ""} {
    set load_upf_cmd "load_upf ${UPF_FILE}"

    if {$UPF_MODE == "golden"} {lappend load_upf_cmd -strict_check true}

    puts "RM-info: Running $load_upf_cmd"
    eval ${load_upf_cmd}
  }
}
RM-info: Running load_upf /home1/IITR_PD3/MulukuriVNath/Documents/16S_Satellite_BMS_With_Active_Balancing/synthesis/lmu/scripts/bms_lmu_wrapper.upf -strict_check true


Loading Golden UPF file /home1/IITR_PD3/MulukuriVNath/Documents/16S_Satellite_BMS_With_Active_Balancing/synthesis/lmu/scripts/bms_lmu_wrapper.upf ...
# ==============================================================================
# GOLDEN UPF SPECIFICATION: Battery Management System (BMS)
# Standard: IEEE 1801 (UPF 2.1)
# Top Module: bms_system_3lmu_top_enhanced
# Description: Defines the architectural Power Domains, Supply Networks, and
#              the Global Power State Table (PST) for sign-off.
# ==============================================================================
upf_version 2.1
set_design_top bms_system_3lmu_top_enhanced
Warning: Can't find object 'bms_system_3lmu_top_enhanced' in design 'bms_lmu_wrapper'. (UID-95)
Error: Value for list 'instance' must have 1 elements. (CMD-036)
# ------------------------------------------------------------------------------
# 1. POWER DOMAIN CREATION
# ------------------------------------------------------------------------------
# PD_CORE: Always-On Domain (Includes Top Pad Ring & MCU Macro)
create_power_domain PD_CORE -include_scope
# PD_LMU[0:2]: Switchable Voltage Islands for Edge Satellites
create_power_domain PD_LMU0 -elements {u_lmu0}
Warning: Can't find cell 'u_lmu0' in design 'bms_lmu_wrapper'. (UID-95)
Error: Value for list '-elements' must have 1 elements. (CMD-036)
create_power_domain PD_LMU1 -elements {u_lmu1}
Warning: Can't find cell 'u_lmu1' in design 'bms_lmu_wrapper'. (UID-95)
Error: Value for list '-elements' must have 1 elements. (CMD-036)
create_power_domain PD_LMU2 -elements {u_lmu2}
Warning: Can't find cell 'u_lmu2' in design 'bms_lmu_wrapper'. (UID-95)
Error: Value for list '-elements' must have 1 elements. (CMD-036)
# ------------------------------------------------------------------------------
# 2. GLOBAL SUPPLY PORTS & NETS
# ------------------------------------------------------------------------------
create_supply_port VDD -direction in
create_supply_port VSS -direction in
# Global Nets in Top Domain
create_supply_net VDD -domain PD_CORE
create_supply_net VSS -domain PD_CORE
connect_supply_net VDD -ports VDD
connect_supply_net VSS -ports VSS
# ------------------------------------------------------------------------------
# 3. DOMAIN SUPPLY NETS & PRIMARY ROUTING
# ------------------------------------------------------------------------------
# Route Global Power/Ground to LMUs (Before Switches)
create_supply_net VDD -domain PD_LMU0 -reuse
Warning: Can't find power_domain 'PD_LMU0' in design 'bms_lmu_wrapper'. (UID-95)
Error: Value for list '-domain' must have 1 elements. (CMD-036)
create_supply_net VSS -domain PD_LMU0 -reuse
Warning: Can't find power_domain 'PD_LMU0' in design 'bms_lmu_wrapper'. (UID-95)
Error: Value for list '-domain' must have 1 elements. (CMD-036)
create_supply_net VDD -domain PD_LMU1 -reuse
Warning: Can't find power_domain 'PD_LMU1' in design 'bms_lmu_wrapper'. (UID-95)
Error: Value for list '-domain' must have 1 elements. (CMD-036)
create_supply_net VSS -domain PD_LMU1 -reuse
Warning: Can't find power_domain 'PD_LMU1' in design 'bms_lmu_wrapper'. (UID-95)
Error: Value for list '-domain' must have 1 elements. (CMD-036)
create_supply_net VDD -domain PD_LMU2 -reuse
Warning: Can't find power_domain 'PD_LMU2' in design 'bms_lmu_wrapper'. (UID-95)
Error: Value for list '-domain' must have 1 elements. (CMD-036)
create_supply_net VSS -domain PD_LMU2 -reuse
Warning: Can't find power_domain 'PD_LMU2' in design 'bms_lmu_wrapper'. (UID-95)
Error: Value for list '-domain' must have 1 elements. (CMD-036)
# Create the Switched Power Nets (The rails *after* the header switches)
create_supply_net VDD_LMU0_SW -domain PD_LMU0
Warning: Can't find power_domain 'PD_LMU0' in design 'bms_lmu_wrapper'. (UID-95)
Error: Value for list '-domain' must have 1 elements. (CMD-036)
create_supply_net VDD_LMU1_SW -domain PD_LMU1
Warning: Can't find power_domain 'PD_LMU1' in design 'bms_lmu_wrapper'. (UID-95)
Error: Value for list '-domain' must have 1 elements. (CMD-036)
create_supply_net VDD_LMU2_SW -domain PD_LMU2
Warning: Can't find power_domain 'PD_LMU2' in design 'bms_lmu_wrapper'. (UID-95)
Error: Value for list '-domain' must have 1 elements. (CMD-036)
# Assign Primary Nets to Domains
set_domain_supply_net PD_CORE -primary_power_net VDD -primary_ground_net VSS
set_domain_supply_net PD_LMU0 -primary_power_net VDD_LMU0_SW -primary_ground_net VSS
Warning: Can't find power_domain 'PD_LMU0' in design 'bms_lmu_wrapper'. (UID-95)
Error: Value for list 'domain_name' must have 1 elements. (CMD-036)
set_domain_supply_net PD_LMU1 -primary_power_net VDD_LMU1_SW -primary_ground_net VSS
Warning: Can't find power_domain 'PD_LMU1' in design 'bms_lmu_wrapper'. (UID-95)
Error: Value for list 'domain_name' must have 1 elements. (CMD-036)
set_domain_supply_net PD_LMU2 -primary_power_net VDD_LMU2_SW -primary_ground_net VSS
Warning: Can't find power_domain 'PD_LMU2' in design 'bms_lmu_wrapper'. (UID-95)
Error: Value for list 'domain_name' must have 1 elements. (CMD-036)
# ------------------------------------------------------------------------------
# 4. POWER STATE DEFINITIONS & PST (Power State Table)
# ------------------------------------------------------------------------------
# Define the nominal operating voltages for states
add_port_state VDD -state {VDD_NOM 1.2}
add_port_state VSS -state {GND 0.0}
add_port_state header_sw_lmu0/vout -state {LMU0_ON 1.2} -state {LMU0_OFF off}
Error: Nothing matched for supply_port_name (SEL-005)
add_port_state header_sw_lmu1/vout -state {LMU1_ON 1.2} -state {LMU1_OFF off}
Error: Nothing matched for supply_port_name (SEL-005)
add_port_state header_sw_lmu2/vout -state {LMU2_ON 1.2} -state {LMU2_OFF off}
Error: Nothing matched for supply_port_name (SEL-005)
# Create the Power State Table to dictate legal combinations
create_pst bms_global_pst -supplies {VDD VSS VDD_LMU0_SW VDD_LMU1_SW VDD_LMU2_SW}
Error: Nothing matched for VDD_LMU0_SW (SEL-005)
Error: Nothing matched for VDD_LMU1_SW (SEL-005)
Error: Nothing matched for VDD_LMU2_SW (SEL-005)
# Legal State 1: EVERYTHING ON (Active Drive)
add_pst_state ALL_ON -pst bms_global_pst -state {VDD_NOM GND LMU0_ON LMU1_ON LMU2_ON}
Error: Cannot find power state table bms_global_pst. (UPF-034)
# Legal State 2: ALL LMUS ASLEEP (Standby / Parked)
add_pst_state STANDBY -pst bms_global_pst -state {VDD_NOM GND LMU0_OFF LMU1_OFF LMU2_OFF}
Error: Cannot find power state table bms_global_pst. (UPF-034)
# Legal State 3: LMU 0 ACTIVE, OTHERS SLEEP (Localized Wakeup)
add_pst_state LMU0_ONLY -pst bms_global_pst -state {VDD_NOM GND LMU0_ON LMU1_OFF LMU2_OFF}
Error: Cannot find power state table bms_global_pst. (UPF-034)
# ------------------------------------------------------------------------------
# 5. LOAD SUPPLEMENTAL FILE (Switches, Isolation, Level Shifters)
# ------------------------------------------------------------------------------
load_upf constraints/upf/bms_power_supplemental.upf


Loading Golden UPF file constraints/upf/bms_power_supplemental.upf ...
Error: could not open script file "constraints/upf/bms_power_supplemental.upf" (CMD-015)
Error: Errors while reading the UPF file: . Use the error_info command for more information. (UPF-044)

End loading UPF file constraints/upf/bms_power_supplemental.upf
# ==============================================================================
# END OF GOLDEN UPF
# ==============================================================================
End loading UPF file /home1/IITR_PD3/MulukuriVNath/Documents/16S_Satellite_BMS_With_Active_Balancing/synthesis/lmu/scripts/bms_lmu_wrapper.upf
1
dc_shell> set_voltage 0.6 -object_list {VDD}
1
set_voltage 0.0 -object_list {VSS}
1
dc_shell> set check_mv_design_failed false
false
dc_shell> if {[shell_is_in_topographical_mode]} {
  ## For MCMM, perform this check for each scenario.
  set current_scenario_saved [current_scenario]
  foreach scenario [all_active_scenarios] {
    current_scenario ${scenario}
    if {![check_mv_design -power_nets]} {
      set check_mv_design_failed true
      break
    }
  }
  current_scenario ${current_scenario_saved}
} else {
  if {![check_mv_design -power_nets]} {
    set check_mv_design_failed true
  }
}
Warning: Can't read link_library file '/home1/14_nmts/14_nmts/stdcell_hvt/db_ccs/*.db'. (UID-3)
Warning: Can't read link_library file '/home1/14_nmts/14_nmts/stdcell_lvt/db_ccs/*.db'. (UID-3)
Warning: Can't read link_library file '/home1/14_nmts/14_nmts/stdcell_rvt/db_ccs/*.dc'. (UID-3)
Warning: Can't read link_library file '/home1/14_nmts/14_nmts/stdcell_slvt/db_ccs/*.db'. (UID-3)
--------------------------------------------------------------------------------
                      Power/Ground Pin Connection Checks
--------------------------------------------------------------------------------
No Errors/Warnings Found.

--------------------------------------------------------------------------------
                         Supply Operating Voltage Checks
--------------------------------------------------------------------------------
No Errors/Warnings Found.

Please review report above for warnings and errors.
if {$check_mv_design_failed} {
  puts "RM-error: One or more supply nets are missing a defined voltage.  Use the set_voltage command to set the appropriate voltage upon the supply."
  puts "This script will now exit."
  exit 1
}
dc_shell> if {$DESIGN_STYLE == "hier" && $PHYSICAL_HIERARCHY_LEVEL == "top"} {
  # Check the readiness of the block abstraction
  if {(${DC_BLOCK_ABSTRACTION_DESIGNS} != "")} {
    check_block_abstraction
  }
}
dc_shell> source ${SCRIPTS}/${DESIGN_NAME}.sdc
Current design is 'bms_lmu_wrapper'.
Current design is 'bms_lmu_wrapper'.
1
dc_shell> check_design > ${OUTPUTS_DIR}/check_design.rpt
check_timing > ${OUTPUTS_DIR}/check_timing.rpt
Current design is 'bms_lmu_wrapper'.
dc_shell> group_path -from [all_registers] -to [all_registers] -name reg2reg
1
group_path -from [all_registers] -to [all_outputs] -name reg2out
1
group_path -from [all_inputs] -to [all_registers] -name in2reg
1
group_path -from [all_inputs] -to [all_outputs] -name in2out
1
dc_shell> set compile_ultra_cmd "compile_ultra -gate_clock -scan -gate_clock"
compile_ultra -gate_clock -scan -gate_clock
dc_shell> if {[shell_is_in_topographical_mode]} {lappend compile_ultra_cmd -spg}
puts "RM-info: Running $compile_ultra_cmd"
RM-info: Running compile_ultra -gate_clock -scan -gate_clock
dc_shell> eval ${compile_ultra_cmd}
Warning: duplicate option '-gate_clock' overrides previous value. (CMD-018)
Warning: Can't read link_library file '/home1/14_nmts/14_nmts/stdcell_hvt/db_ccs/*.db'. (UID-3)
Warning: Can't read link_library file '/home1/14_nmts/14_nmts/stdcell_lvt/db_ccs/*.db'. (UID-3)
Warning: Can't read link_library file '/home1/14_nmts/14_nmts/stdcell_rvt/db_ccs/*.dc'. (UID-3)
Warning: Can't read link_library file '/home1/14_nmts/14_nmts/stdcell_slvt/db_ccs/*.db'. (UID-3)
Information: Optimization is being performed with the 'simplified_verification_mode' variable enabled.  (INFO-114)
Information: Performing power optimization. (PWR-850)
Error: Could not read the following target libraries:
/home1/14_nmts/14_nmts/stdcell_hvt/db_ccs/*.db /home1/14_nmts/14_nmts/stdcell_lvt/db_ccs/*.db /home1/14_nmts/14_nmts/stdcell_rvt/db_ccs/*.dc /home1/14_nmts/14_nmts/stdcell_slvt/db_ccs/*.db 
 (UIO-3)
Error: Could not read the following target libraries:
/home1/14_nmts/14_nmts/stdcell_hvt/db_ccs/*.db /home1/14_nmts/14_nmts/stdcell_lvt/db_ccs/*.db /home1/14_nmts/14_nmts/stdcell_rvt/db_ccs/*.dc /home1/14_nmts/14_nmts/stdcell_slvt/db_ccs/*.db 
 (UIO-3)
Error: No target library found. (OPT-1312)
0
dc_shell> set TARGET_LIBRARY_FILES "/home1/14_nmts/14_nmts/stdcell_hvt/db_ccs/*.db /home1/14_nmts/14_nmts/stdcell_lvt/db_ccs/*.db /home1/14_nmts/14_nmts/stdcell_rvt/db_ccs/*.dc /home1/14_nmts/14_nmts/stdcell_slvt/db_ccs/*.db"
/home1/14_nmts/14_nmts/stdcell_hvt/db_ccs/*.db /home1/14_nmts/14_nmts/stdcell_lvt/db_ccs/*.db /home1/14_nmts/14_nmts/stdcell_rvt/db_ccs/*.dc /home1/14_nmts/14_nmts/stdcell_slvt/db_ccs/*.db
dc_shell> set_app_var target_library ${TARGET_LIBRARY_FILES}
/home1/14_nmts/14_nmts/stdcell_hvt/db_ccs/*.db /home1/14_nmts/14_nmts/stdcell_lvt/db_ccs/*.db /home1/14_nmts/14_nmts/stdcell_rvt/db_ccs/*.dc /home1/14_nmts/14_nmts/stdcell_slvt/db_ccs/*.db
dc_shell> eval ${compile_ultra_cmd}
Warning: duplicate option '-gate_clock' overrides previous value. (CMD-018)
Warning: Can't read link_library file '/home1/14_nmts/14_nmts/stdcell_hvt/db_ccs/*.db'. (UID-3)
Warning: Can't read link_library file '/home1/14_nmts/14_nmts/stdcell_lvt/db_ccs/*.db'. (UID-3)
Warning: Can't read link_library file '/home1/14_nmts/14_nmts/stdcell_rvt/db_ccs/*.dc'. (UID-3)
Warning: Can't read link_library file '/home1/14_nmts/14_nmts/stdcell_slvt/db_ccs/*.db'. (UID-3)
Information: Optimization is being performed with the 'simplified_verification_mode' variable enabled.  (INFO-114)
Information: Performing power optimization. (PWR-850)
Error: Could not read the following target libraries:
/home1/14_nmts/14_nmts/stdcell_hvt/db_ccs/*.db /home1/14_nmts/14_nmts/stdcell_lvt/db_ccs/*.db /home1/14_nmts/14_nmts/stdcell_rvt/db_ccs/*.dc /home1/14_nmts/14_nmts/stdcell_slvt/db_ccs/*.db 
 (UIO-3)
Error: Could not read the following target libraries:
/home1/14_nmts/14_nmts/stdcell_hvt/db_ccs/*.db /home1/14_nmts/14_nmts/stdcell_lvt/db_ccs/*.db /home1/14_nmts/14_nmts/stdcell_rvt/db_ccs/*.dc /home1/14_nmts/14_nmts/stdcell_slvt/db_ccs/*.db 
 (UIO-3)
Error: No target library found. (OPT-1312)
0
dc_shell> 