#! /opt/homebrew/Cellar/icarus-verilog/13.0/bin/vvp
:ivl_version "13.0 (stable)" "(v13_0)";
:ivl_delay_selection "TYPICAL";
:vpi_time_precision - 9;
:vpi_module "/opt/homebrew/Cellar/icarus-verilog/13.0/lib/ivl/system.vpi";
:vpi_module "/opt/homebrew/Cellar/icarus-verilog/13.0/lib/ivl/vhdl_sys.vpi";
:vpi_module "/opt/homebrew/Cellar/icarus-verilog/13.0/lib/ivl/vhdl_textio.vpi";
:vpi_module "/opt/homebrew/Cellar/icarus-verilog/13.0/lib/ivl/v2005_math.vpi";
:vpi_module "/opt/homebrew/Cellar/icarus-verilog/13.0/lib/ivl/va_math.vpi";
:vpi_module "/opt/homebrew/Cellar/icarus-verilog/13.0/lib/ivl/v2009.vpi";
S_0x100a287d0 .scope package, "$unit" "$unit" 2 1;
 .timescale 0 0;
S_0x100a28950 .scope module, "tb_bms_lmu_wrapper" "tb_bms_lmu_wrapper" 3 2;
 .timescale -9 -9;
v0xbe8ca4dc0_0 .net "active_rx_sw", 15 0, v0xbe8c84a00_0;  1 drivers
v0xbe8ca4e60_0 .net "active_tx_sw", 15 0, v0xbe8c84aa0_0;  1 drivers
v0xbe8ca4f00_0 .var "adc_data", 15 0;
v0xbe8ca4fa0_0 .var "adc_start", 0 0;
v0xbe8ca5040_0 .var "adc_valid", 0 0;
v0xbe8ca50e0_0 .net "can_frame", 63 0, v0xbe8c85900_0;  1 drivers
v0xbe8ca5180_0 .net "can_valid", 0 0, v0xbe8c859a0_0;  1 drivers
v0xbe8ca5220_0 .var "cell_t_bus", 191 0;
v0xbe8ca52c0_0 .var "charge_cycles", 15 0;
v0xbe8ca5360_0 .var "clk", 0 0;
v0xbe8ca5400_0 .var "comm_sel", 1 0;
v0xbe8ca54a0_0 .var "emi_in", 0 0;
v0xbe8ca5540_0 .var/i "fail_count", 31 0;
v0xbe8ca55e0_0 .net "fault_code", 7 0, v0xbe8c87de0_0;  1 drivers
v0xbe8ca5680_0 .net "fault_trip", 0 0, v0xbe8c87e80_0;  1 drivers
v0xbe8ca5720_0 .var "iso_resistance", 15 0;
v0xbe8ca57c0_0 .var "pack_i", 15 0;
v0xbe8ca5860_0 .var "pack_v_avg", 15 0;
v0xbe8ca5900_0 .var/i "pass_count", 31 0;
v0xbe8ca59a0_0 .net "passive_sw", 15 0, v0xbe8c85400_0;  1 drivers
v0xbe8ca5a40_0 .var "rst_n", 0 0;
v0xbe8ca5ae0_0 .net "soc_out", 15 0, v0xbe8c9dc20_0;  1 drivers
v0xbe8ca5b80_0 .net "soh_out", 15 0, v0xbe8c9dd60_0;  1 drivers
v0xbe8ca5c20_0 .net "spi_miso", 0 0, v0xbe8c85cc0_0;  1 drivers
v0xbe8ca5cc0_0 .var "spi_mosi", 0 0;
v0xbe8ca5d60_0 .var "spi_sclk", 0 0;
v0xbe8ca5e00_0 .var "spi_ss_n", 0 0;
v0xbe8ca5ea0_0 .var "temp_die", 11 0;
v0xbe8ca5f40_0 .net "uart_tx", 0 0, v0xbe8c86940_0;  1 drivers
E_0xbe8c7a9c0 .event posedge, v0xbe8c86080_0;
S_0x100a2e120 .scope task, "check" "check" 3 47, 3 47 0, S_0x100a28950;
 .timescale -9 -9;
v0xbe8c84320_0 .var "cond", 0 0;
v0xbe8c843c0_0 .var "msg", 255 0;
TD_tb_bms_lmu_wrapper.check ;
    %load/vec4 v0xbe8c84320_0;
    %flag_set/vec4 8;
    %jmp/0xz  T_0.0, 8;
    %load/vec4 v0xbe8ca5900_0;
    %addi 1, 0, 32;
    %store/vec4 v0xbe8ca5900_0, 0, 32;
    %vpi_call/w 3 53 "$display", "PASS: %0s", v0xbe8c843c0_0 {0 0 0};
    %jmp T_0.1;
T_0.0 ;
    %load/vec4 v0xbe8ca5540_0;
    %addi 1, 0, 32;
    %store/vec4 v0xbe8ca5540_0, 0, 32;
    %vpi_call/w 3 56 "$display", "FAIL: %0s", v0xbe8c843c0_0 {0 0 0};
T_0.1 ;
    %end;
S_0x100a2e2a0 .scope module, "dut" "bms_lmu_wrapper" 3 34, 4 1 0, S_0x100a28950;
 .timescale 0 0;
    .port_info 0 /INPUT 1 "clk";
    .port_info 1 /INPUT 1 "rst_n";
    .port_info 2 /INPUT 1 "adc_start";
    .port_info 3 /INPUT 16 "adc_data";
    .port_info 4 /INPUT 1 "adc_valid";
    .port_info 5 /INPUT 16 "pack_i";
    .port_info 6 /INPUT 16 "pack_v_avg";
    .port_info 7 /INPUT 16 "charge_cycles";
    .port_info 8 /INPUT 12 "temp_die";
    .port_info 9 /INPUT 192 "cell_t_bus";
    .port_info 10 /INPUT 16 "iso_resistance";
    .port_info 11 /INPUT 1 "emi_in";
    .port_info 12 /INPUT 2 "comm_sel";
    .port_info 13 /INPUT 1 "spi_sclk";
    .port_info 14 /INPUT 1 "spi_ss_n";
    .port_info 15 /INPUT 1 "spi_mosi";
    .port_info 16 /OUTPUT 1 "spi_miso";
    .port_info 17 /OUTPUT 1 "uart_tx";
    .port_info 18 /OUTPUT 64 "can_frame";
    .port_info 19 /OUTPUT 1 "can_valid";
    .port_info 20 /OUTPUT 16 "active_tx_sw";
    .port_info 21 /OUTPUT 16 "active_rx_sw";
    .port_info 22 /OUTPUT 16 "passive_sw";
    .port_info 23 /OUTPUT 1 "fault_trip";
    .port_info 24 /OUTPUT 8 "fault_code";
    .port_info 25 /OUTPUT 16 "soc_out";
    .port_info 26 /OUTPUT 16 "soh_out";
v0xbe8c9fc00_0 .net "active_rx_sw", 15 0, v0xbe8c84a00_0;  alias, 1 drivers
v0xbe8c9fca0_0 .net "active_tx_sw", 15 0, v0xbe8c84aa0_0;  alias, 1 drivers
v0xbe8c9fd40_0 .net "adc_data", 15 0, v0xbe8ca4f00_0;  1 drivers
v0xbe8c9fde0_0 .net "adc_start", 0 0, v0xbe8ca4fa0_0;  1 drivers
v0xbe8c9fe80_0 .net "adc_valid", 0 0, v0xbe8ca5040_0;  1 drivers
v0xbe8c9ff20_0 .net "can_frame", 63 0, v0xbe8c85900_0;  alias, 1 drivers
v0xbe8ca4000_0 .net "can_valid", 0 0, v0xbe8c859a0_0;  alias, 1 drivers
v0xbe8ca40a0_0 .net "cell_t_bus", 191 0, v0xbe8ca5220_0;  1 drivers
v0xbe8ca4140_0 .net "charge_cycles", 15 0, v0xbe8ca52c0_0;  1 drivers
v0xbe8ca41e0_0 .net "clk", 0 0, v0xbe8ca5360_0;  1 drivers
v0xbe8ca4280_0 .net "comm_sel", 1 0, v0xbe8ca5400_0;  1 drivers
v0xbe8ca4320_0 .net "emi_in", 0 0, v0xbe8ca54a0_0;  1 drivers
v0xbe8ca43c0_0 .net "fault_code", 7 0, v0xbe8c87de0_0;  alias, 1 drivers
v0xbe8ca4460_0 .net "fault_trip", 0 0, v0xbe8c87e80_0;  alias, 1 drivers
v0xbe8ca4500_0 .net "iso_resistance", 15 0, v0xbe8ca5720_0;  1 drivers
v0xbe8ca45a0_0 .net "pack_i", 15 0, v0xbe8ca57c0_0;  1 drivers
v0xbe8ca4640_0 .net "pack_v_avg", 15 0, v0xbe8ca5860_0;  1 drivers
v0xbe8ca46e0_0 .net "passive_sw", 15 0, v0xbe8c85400_0;  alias, 1 drivers
v0xbe8ca4780_0 .net "rst_n", 0 0, v0xbe8ca5a40_0;  1 drivers
v0xbe8ca4820_0 .net "soc_out", 15 0, v0xbe8c9dc20_0;  alias, 1 drivers
v0xbe8ca48c0_0 .net "soh_out", 15 0, v0xbe8c9dd60_0;  alias, 1 drivers
v0xbe8ca4960_0 .net "spi_miso", 0 0, v0xbe8c85cc0_0;  alias, 1 drivers
v0xbe8ca4a00_0 .net "spi_mosi", 0 0, v0xbe8ca5cc0_0;  1 drivers
v0xbe8ca4aa0_0 .net "spi_sclk", 0 0, v0xbe8ca5d60_0;  1 drivers
v0xbe8ca4b40_0 .net "spi_ss_n", 0 0, v0xbe8ca5e00_0;  1 drivers
v0xbe8ca4be0_0 .net "temp_die", 11 0, v0xbe8ca5ea0_0;  1 drivers
v0xbe8ca4c80_0 .net "uart_tx", 0 0, v0xbe8c86940_0;  alias, 1 drivers
S_0x100a31840 .scope module, "u_lmu" "bms_satellite_top" 4 30, 5 1 0, S_0x100a2e2a0;
 .timescale 0 0;
    .port_info 0 /INPUT 1 "clk";
    .port_info 1 /INPUT 1 "rst_n";
    .port_info 2 /INPUT 1 "adc_start";
    .port_info 3 /INPUT 16 "adc_data";
    .port_info 4 /INPUT 1 "adc_valid";
    .port_info 5 /INPUT 16 "pack_i";
    .port_info 6 /INPUT 16 "pack_v_avg";
    .port_info 7 /INPUT 16 "charge_cycles";
    .port_info 8 /INPUT 12 "temp_die";
    .port_info 9 /INPUT 192 "cell_t_bus";
    .port_info 10 /INPUT 16 "iso_resistance";
    .port_info 11 /INPUT 1 "emi_in";
    .port_info 12 /INPUT 2 "comm_sel";
    .port_info 13 /INPUT 1 "spi_sclk";
    .port_info 14 /INPUT 1 "spi_ss_n";
    .port_info 15 /INPUT 1 "spi_mosi";
    .port_info 16 /OUTPUT 1 "spi_miso";
    .port_info 17 /OUTPUT 1 "uart_tx";
    .port_info 18 /OUTPUT 64 "can_frame";
    .port_info 19 /OUTPUT 1 "can_valid";
    .port_info 20 /OUTPUT 16 "active_tx_sw";
    .port_info 21 /OUTPUT 16 "active_rx_sw";
    .port_info 22 /OUTPUT 16 "passive_sw";
    .port_info 23 /OUTPUT 1 "fault_trip";
    .port_info 24 /OUTPUT 8 "fault_code";
    .port_info 25 /OUTPUT 16 "soc_out";
    .port_info 26 /OUTPUT 16 "soh_out";
P_0xbe90a7d40 .param/l "CELL_COUNT" 0 5 2, +C4<00000000000000000000000000010000>;
L_0x100a3aab0 .functor NOT 1, v0xbe8c87e80_0, C4<0>, C4<0>, C4<0>;
L_0x100a3b7e0 .functor AND 1, v0xbe8c9d360_0, L_0x100a3aab0, C4<1>, C4<1>;
L_0xbe90dc000 .functor NOT 1, v0xbe8c9ec60_0, C4<0>, C4<0>, C4<0>;
L_0xbe90dc070 .functor AND 1, v0xbe8c87e80_0, L_0xbe90dc000, C4<1>, C4<1>;
v0xbe8c9de00_0 .net *"_ivl_0", 0 0, L_0x100a3aab0;  1 drivers
v0xbe8c9dea0_0 .net *"_ivl_6", 0 0, L_0xbe90dc000;  1 drivers
v0xbe8c9df40_0 .net "active_rx_sw", 15 0, v0xbe8c84a00_0;  alias, 1 drivers
v0xbe8c9dfe0_0 .net "active_tx_sw", 15 0, v0xbe8c84aa0_0;  alias, 1 drivers
v0xbe8c9e080_0 .net "adc_busy", 0 0, v0xbe8c84280_0;  1 drivers
v0xbe8c9e120_0 .net "adc_data", 15 0, v0xbe8ca4f00_0;  alias, 1 drivers
v0xbe8c9e1c0_0 .net "adc_frame_done", 0 0, v0xbe8c84780_0;  1 drivers
v0xbe8c9e260_0 .net "adc_start", 0 0, v0xbe8ca4fa0_0;  alias, 1 drivers
v0xbe8c9e300_0 .net "adc_valid", 0 0, v0xbe8ca5040_0;  alias, 1 drivers
v0xbe8c9e3a0_0 .net "balance_busy", 0 0, v0xbe8c84b40_0;  1 drivers
v0xbe8c9e440_0 .net "can_frame", 63 0, v0xbe8c85900_0;  alias, 1 drivers
v0xbe8c9e4e0_0 .net "can_valid", 0 0, v0xbe8c859a0_0;  alias, 1 drivers
v0xbe8c9e580_0 .net "cell_t_bus", 191 0, v0xbe8ca5220_0;  alias, 1 drivers
v0xbe8c9e620_0 .net "cell_v_bus", 255 0, v0xbe8c845a0_0;  1 drivers
v0xbe8c9e6c0_0 .net "cell_v_red_bus", 255 0, v0xbe8c84640_0;  1 drivers
v0xbe8c9e760_0 .net "charge_cycles", 15 0, v0xbe8ca52c0_0;  alias, 1 drivers
v0xbe8c9e800_0 .net "clk", 0 0, v0xbe8ca5360_0;  alias, 1 drivers
v0xbe8c9e8a0_0 .net "comm_active", 0 0, L_0x100a413a0;  1 drivers
v0xbe8c9e940_0 .net "comm_sel", 1 0, v0xbe8ca5400_0;  alias, 1 drivers
v0xbe8c9e9e0_0 .net "emi_alert", 0 0, v0xbe8c87840_0;  1 drivers
v0xbe8c9ea80_0 .net "emi_in", 0 0, v0xbe8ca54a0_0;  alias, 1 drivers
v0xbe8c9eb20_0 .net "fault_code", 7 0, v0xbe8c87de0_0;  alias, 1 drivers
v0xbe8c9ebc0_0 .net "fault_trip", 0 0, v0xbe8c87e80_0;  alias, 1 drivers
v0xbe8c9ec60_0 .var "fault_trip_d", 0 0;
v0xbe8c9ed00_0 .net "high_id", 3 0, v0xbe8c850e0_0;  1 drivers
v0xbe8c9eda0_0 .net "iso_fault", 0 0, v0xbe8c9c960_0;  1 drivers
v0xbe8c9ee40_0 .net "iso_margin", 15 0, v0xbe8c9ca00_0;  1 drivers
v0xbe8c9eee0_0 .net "iso_resistance", 15 0, v0xbe8ca5720_0;  alias, 1 drivers
v0xbe8c9ef80_0 .net "logic_clk_en", 0 0, v0xbe8c9d360_0;  1 drivers
v0xbe8c9f020_0 .net "low_id", 3 0, v0xbe8c852c0_0;  1 drivers
v0xbe8c9f0c0_0 .net "ov_map", 15 0, v0xbe8c9c320_0;  1 drivers
v0xbe8c9f160_0 .net "pack_i", 15 0, v0xbe8ca57c0_0;  alias, 1 drivers
v0xbe8c9f200_0 .net "pack_v_avg", 15 0, v0xbe8ca5860_0;  alias, 1 drivers
v0xbe8c9f2a0_0 .net "passive_sw", 15 0, v0xbe8c85400_0;  alias, 1 drivers
v0xbe8c9f340_0 .net "rst_n", 0 0, v0xbe8ca5a40_0;  alias, 1 drivers
v0xbe8c9f3e0_0 .net "sample_idx", 4 0, v0xbe8c848c0_0;  1 drivers
v0xbe8c9f480_0 .net "sensor_mismatch", 0 0, v0xbe8c9c460_0;  1 drivers
v0xbe8c9f520_0 .net "sleep_mode", 0 0, v0xbe8c9d4a0_0;  1 drivers
v0xbe8c9f5c0_0 .net "soc_out", 15 0, v0xbe8c9dc20_0;  alias, 1 drivers
v0xbe8c9f660_0 .net "soh_out", 15 0, v0xbe8c9dd60_0;  alias, 1 drivers
v0xbe8c9f700_0 .net "spi_miso", 0 0, v0xbe8c85cc0_0;  alias, 1 drivers
v0xbe8c9f7a0_0 .net "spi_mosi", 0 0, v0xbe8ca5cc0_0;  alias, 1 drivers
v0xbe8c9f840_0 .net "spi_sclk", 0 0, v0xbe8ca5d60_0;  alias, 1 drivers
v0xbe8c9f8e0_0 .net "spi_ss_n", 0 0, v0xbe8ca5e00_0;  alias, 1 drivers
v0xbe8c9f980_0 .net "temp_die", 11 0, v0xbe8ca5ea0_0;  alias, 1 drivers
v0xbe8c9fa20_0 .var "timestamp", 15 0;
v0xbe8c9fac0_0 .net "uart_tx", 0 0, v0xbe8c86940_0;  alias, 1 drivers
v0xbe8c9fb60_0 .net "uv_map", 15 0, v0xbe8c9c6e0_0;  1 drivers
L_0xbe8ca5fe0 .part v0xbe8c9dc20_0, 8, 8;
S_0x100a319c0 .scope module, "u_adc" "bms_adc_if" 5 66, 6 1 0, S_0x100a31840;
 .timescale 0 0;
    .port_info 0 /INPUT 1 "clk";
    .port_info 1 /INPUT 1 "rst_n";
    .port_info 2 /INPUT 1 "start";
    .port_info 3 /INPUT 16 "adc_data";
    .port_info 4 /INPUT 1 "adc_valid";
    .port_info 5 /OUTPUT 1 "adc_busy";
    .port_info 6 /OUTPUT 5 "sample_idx";
    .port_info 7 /OUTPUT 256 "cell_v_bus";
    .port_info 8 /OUTPUT 256 "cell_v_red_bus";
    .port_info 9 /OUTPUT 1 "frame_done";
P_0xbe9073a00 .param/l "ADC_WIDTH" 0 6 3, +C4<00000000000000000000000000010000>;
P_0xbe9073a40 .param/l "CELL_COUNT" 0 6 2, +C4<00000000000000000000000000010000>;
v0xbe8c84280_0 .var "adc_busy", 0 0;
v0xbe8c840a0_0 .net "adc_data", 15 0, v0xbe8ca4f00_0;  alias, 1 drivers
v0xbe8c84460_0 .net "adc_valid", 0 0, v0xbe8ca5040_0;  alias, 1 drivers
v0xbe8c84500_0 .var "bank_sel", 0 0;
v0xbe8c845a0_0 .var "cell_v_bus", 255 0;
v0xbe8c84640_0 .var "cell_v_red_bus", 255 0;
v0xbe8c846e0_0 .net "clk", 0 0, v0xbe8ca5360_0;  alias, 1 drivers
v0xbe8c84780_0 .var "frame_done", 0 0;
v0xbe8c84820_0 .net "rst_n", 0 0, v0xbe8ca5a40_0;  alias, 1 drivers
v0xbe8c848c0_0 .var "sample_idx", 4 0;
v0xbe8c84960_0 .net "start", 0 0, v0xbe8ca4fa0_0;  alias, 1 drivers
E_0xbe8c7aac0/0 .event negedge, v0xbe8c84820_0;
E_0xbe8c7aac0/1 .event posedge, v0xbe8c846e0_0;
E_0xbe8c7aac0 .event/or E_0xbe8c7aac0/0, E_0xbe8c7aac0/1;
S_0x100a324c0 .scope module, "u_bal" "bms_active_balancer" 5 121, 7 1 0, S_0x100a31840;
 .timescale 0 0;
    .port_info 0 /INPUT 1 "clk";
    .port_info 1 /INPUT 1 "rst_n";
    .port_info 2 /INPUT 1 "en";
    .port_info 3 /INPUT 256 "cell_v_bus";
    .port_info 4 /INPUT 192 "cell_t_bus";
    .port_info 5 /OUTPUT 16 "active_tx_sw";
    .port_info 6 /OUTPUT 16 "active_rx_sw";
    .port_info 7 /OUTPUT 16 "passive_sw";
    .port_info 8 /OUTPUT 1 "balance_busy";
    .port_info 9 /OUTPUT 4 "high_id_o";
    .port_info 10 /OUTPUT 4 "low_id_o";
P_0x100a31e10 .param/l "BAL_OFF_TICKS" 0 7 7, C4<00000000000000000010011100010000>;
P_0x100a31e50 .param/l "BAL_ON_TICKS" 0 7 6, C4<00000000000000001100001101010000>;
P_0x100a31e90 .param/l "CELL_COUNT" 0 7 2, +C4<00000000000000000000000000010000>;
P_0x100a31ed0 .param/l "FULL_CHARGE" 0 7 4, C4<1100001101010000>;
P_0x100a31f10 .param/l "THERMAL_LIMIT" 0 7 5, C4<001101110000>;
P_0x100a31f50 .param/l "TOLERANCE" 0 7 3, C4<0000000000110010>;
v0xbe8c84a00_0 .var "active_rx_sw", 15 0;
v0xbe8c84aa0_0 .var "active_tx_sw", 15 0;
v0xbe8c84b40_0 .var "balance_busy", 0 0;
v0xbe8c84be0_0 .net "cell_t_bus", 191 0, v0xbe8ca5220_0;  alias, 1 drivers
v0xbe8c84c80_0 .var "cell_t_i", 11 0;
v0xbe8c84d20_0 .net "cell_v_bus", 255 0, v0xbe8c845a0_0;  alias, 1 drivers
v0xbe8c84dc0_0 .var "cell_v_i", 15 0;
v0xbe8c84e60_0 .net "clk", 0 0, v0xbe8ca5360_0;  alias, 1 drivers
v0xbe8c84f00_0 .var "dwell_cnt", 31 0;
v0xbe8c84fa0_0 .net "en", 0 0, L_0x100a3b7e0;  1 drivers
v0xbe8c85040_0 .var "high_id", 3 0;
v0xbe8c850e0_0 .var "high_id_o", 3 0;
v0xbe8c85180_0 .var/i "i", 31 0;
v0xbe8c85220_0 .var "low_id", 3 0;
v0xbe8c852c0_0 .var "low_id_o", 3 0;
v0xbe8c85360_0 .var "min_v", 15 0;
v0xbe8c85400_0 .var "passive_sw", 15 0;
v0xbe8c854a0_0 .var "peak_v", 15 0;
v0xbe8c85540_0 .var "phase_on", 0 0;
v0xbe8c855e0_0 .net "rst_n", 0 0, v0xbe8ca5a40_0;  alias, 1 drivers
v0xbe8c85680_0 .var "rx_mask", 15 0;
v0xbe8c85720_0 .var "thermal_block", 0 0;
v0xbe8c857c0_0 .var "tx_mask", 15 0;
S_0x100a31200 .scope module, "u_comm" "bms_comm_hub" 5 145, 8 1 0, S_0x100a31840;
 .timescale 0 0;
    .port_info 0 /INPUT 1 "clk";
    .port_info 1 /INPUT 1 "rst_n";
    .port_info 2 /INPUT 2 "comm_sel";
    .port_info 3 /INPUT 8 "tx_byte";
    .port_info 4 /INPUT 1 "tx_valid";
    .port_info 5 /INPUT 1 "spi_sclk";
    .port_info 6 /INPUT 1 "spi_ss_n";
    .port_info 7 /INPUT 1 "spi_mosi";
    .port_info 8 /OUTPUT 1 "spi_miso";
    .port_info 9 /OUTPUT 1 "uart_tx";
    .port_info 10 /OUTPUT 64 "can_frame";
    .port_info 11 /OUTPUT 1 "can_valid";
    .port_info 12 /OUTPUT 1 "comm_active";
L_0x100a34b80 .functor AND 1, v0xbe8c84780_0, L_0xbe9098a00, C4<1>, C4<1>;
L_0x100a34bf0 .functor AND 1, v0xbe8c84780_0, L_0xbe9098aa0, C4<1>, C4<1>;
L_0x100a3a0f0 .functor NOT 1, v0xbe8ca5e00_0, C4<0>, C4<0>, C4<0>;
L_0x100a3a160 .functor OR 1, v0xbe8c86440_0, L_0x100a3a0f0, C4<0>, C4<0>;
L_0x100a413a0 .functor OR 1, L_0x100a3a160, v0xbe8c859a0_0, C4<0>, C4<0>;
L_0xbe8878010 .functor BUFT 1, C4<00>, C4<0>, C4<0>, C4<0>;
v0xbe8c869e0_0 .net/2u *"_ivl_0", 1 0, L_0xbe8878010;  1 drivers
L_0xbe88780a0 .functor BUFT 1, C4<00000000000000000000000000000000000000000000000000000000>, C4<0>, C4<0>, C4<0>;
v0xbe8c86a80_0 .net/2u *"_ivl_12", 55 0, L_0xbe88780a0;  1 drivers
v0xbe8c86b20_0 .net *"_ivl_16", 0 0, L_0x100a3a0f0;  1 drivers
v0xbe8c86bc0_0 .net *"_ivl_18", 0 0, L_0x100a3a160;  1 drivers
v0xbe8c86c60_0 .net *"_ivl_2", 0 0, L_0xbe9098a00;  1 drivers
L_0xbe8878058 .functor BUFT 1, C4<10>, C4<0>, C4<0>, C4<0>;
v0xbe8c86d00_0 .net/2u *"_ivl_6", 1 0, L_0xbe8878058;  1 drivers
v0xbe8c86da0_0 .net *"_ivl_8", 0 0, L_0xbe9098aa0;  1 drivers
v0xbe8c86e40_0 .net "can_frame", 63 0, v0xbe8c85900_0;  alias, 1 drivers
v0xbe8c86ee0_0 .net "can_valid", 0 0, v0xbe8c859a0_0;  alias, 1 drivers
v0xbe8c86f80_0 .net "clk", 0 0, v0xbe8ca5360_0;  alias, 1 drivers
v0xbe8c87020_0 .net "comm_active", 0 0, L_0x100a413a0;  alias, 1 drivers
v0xbe8c870c0_0 .net "comm_sel", 1 0, v0xbe8ca5400_0;  alias, 1 drivers
v0xbe8c87160_0 .net "rst_n", 0 0, v0xbe8ca5a40_0;  alias, 1 drivers
v0xbe8c87200_0 .net "spi_miso", 0 0, v0xbe8c85cc0_0;  alias, 1 drivers
v0xbe8c872a0_0 .net "spi_mosi", 0 0, v0xbe8ca5cc0_0;  alias, 1 drivers
v0xbe8c87340_0 .net "spi_sclk", 0 0, v0xbe8ca5d60_0;  alias, 1 drivers
v0xbe8c873e0_0 .net "spi_ss_n", 0 0, v0xbe8ca5e00_0;  alias, 1 drivers
v0xbe8c87480_0 .net "tx_byte", 7 0, L_0xbe8ca5fe0;  1 drivers
v0xbe8c87520_0 .net "tx_valid", 0 0, v0xbe8c84780_0;  alias, 1 drivers
v0xbe8c875c0_0 .net "uart_busy", 0 0, v0xbe8c86440_0;  1 drivers
v0xbe8c87660_0 .net "uart_ready", 0 0, v0xbe8c86800_0;  1 drivers
v0xbe8c87700_0 .net "uart_tx", 0 0, v0xbe8c86940_0;  alias, 1 drivers
L_0xbe9098a00 .cmp/eq 2, v0xbe8ca5400_0, L_0xbe8878010;
L_0xbe9098aa0 .cmp/eq 2, v0xbe8ca5400_0, L_0xbe8878058;
L_0xbe8c88140 .concat [ 8 56 0 0], L_0xbe8ca5fe0, L_0xbe88780a0;
S_0x100a2f8a0 .scope module, "u_can" "bms_can_status_if" 8 40, 9 1 0, S_0x100a31200;
 .timescale 0 0;
    .port_info 0 /INPUT 1 "clk";
    .port_info 1 /INPUT 1 "rst_n";
    .port_info 2 /INPUT 1 "push";
    .port_info 3 /INPUT 64 "payload";
    .port_info 4 /OUTPUT 1 "frame_valid";
    .port_info 5 /OUTPUT 64 "frame_data";
v0xbe8c85860_0 .net "clk", 0 0, v0xbe8ca5360_0;  alias, 1 drivers
v0xbe8c85900_0 .var "frame_data", 63 0;
v0xbe8c859a0_0 .var "frame_valid", 0 0;
v0xbe8c85a40_0 .net "payload", 63 0, L_0xbe8c88140;  1 drivers
v0xbe8c85ae0_0 .net "push", 0 0, L_0x100a34bf0;  1 drivers
v0xbe8c85b80_0 .net "rst_n", 0 0, v0xbe8ca5a40_0;  alias, 1 drivers
S_0x100a2fa20 .scope module, "u_spi" "bms_spi_slave" 8 29, 10 1 0, S_0x100a31200;
 .timescale 0 0;
    .port_info 0 /INPUT 1 "sclk";
    .port_info 1 /INPUT 1 "rst_n";
    .port_info 2 /INPUT 1 "ss_n";
    .port_info 3 /INPUT 1 "mosi";
    .port_info 4 /INPUT 8 "tx_byte";
    .port_info 5 /OUTPUT 1 "miso";
    .port_info 6 /OUTPUT 8 "rx_byte";
    .port_info 7 /OUTPUT 1 "rx_valid";
v0xbe8c85c20_0 .var "bit_cnt", 2 0;
v0xbe8c85cc0_0 .var "miso", 0 0;
v0xbe8c85d60_0 .net "mosi", 0 0, v0xbe8ca5cc0_0;  alias, 1 drivers
v0xbe8c85e00_0 .net "rst_n", 0 0, v0xbe8ca5a40_0;  alias, 1 drivers
v0xbe8c85ea0_0 .var "rx_byte", 7 0;
v0xbe8c85f40_0 .var "rx_shift", 7 0;
v0xbe8c85fe0_0 .var "rx_valid", 0 0;
v0xbe8c86080_0 .net "sclk", 0 0, v0xbe8ca5d60_0;  alias, 1 drivers
v0xbe8c86120_0 .net "ss_n", 0 0, v0xbe8ca5e00_0;  alias, 1 drivers
v0xbe8c861c0_0 .net "tx_byte", 7 0, L_0xbe8ca5fe0;  alias, 1 drivers
v0xbe8c86260_0 .var "tx_shift", 7 0;
E_0xbe8c7ac80 .event negedge, v0xbe8c84820_0, v0xbe8c86080_0;
E_0xbe8c7acc0/0 .event negedge, v0xbe8c84820_0;
E_0xbe8c7acc0/1 .event posedge, v0xbe8c86080_0;
E_0xbe8c7acc0 .event/or E_0xbe8c7acc0/0, E_0xbe8c7acc0/1;
E_0xbe8c7ad00 .event negedge, v0xbe8c84820_0, v0xbe8c86120_0;
S_0xbe90d4000 .scope module, "u_uart" "bms_uart_tx" 8 19, 11 1 0, S_0x100a31200;
 .timescale 0 0;
    .port_info 0 /INPUT 1 "clk";
    .port_info 1 /INPUT 1 "rst_n";
    .port_info 2 /INPUT 8 "tx_byte";
    .port_info 3 /INPUT 1 "tx_valid";
    .port_info 4 /OUTPUT 1 "tx_ready";
    .port_info 5 /OUTPUT 1 "tx_wire";
    .port_info 6 /OUTPUT 1 "busy";
P_0xbe90a8280 .param/l "CLKS_PER_BIT" 0 11 2, C4<0000000000010000>;
P_0xbe90a82c0 .param/l "ST_DATA" 1 11 19, C4<10>;
P_0xbe90a8300 .param/l "ST_IDLE" 1 11 17, C4<00>;
P_0xbe90a8340 .param/l "ST_START" 1 11 18, C4<01>;
P_0xbe90a8380 .param/l "ST_STOP" 1 11 20, C4<11>;
v0xbe8c86300_0 .var "baud_cnt", 15 0;
v0xbe8c863a0_0 .var "bit_idx", 3 0;
v0xbe8c86440_0 .var "busy", 0 0;
v0xbe8c864e0_0 .net "clk", 0 0, v0xbe8ca5360_0;  alias, 1 drivers
v0xbe8c86580_0 .net "rst_n", 0 0, v0xbe8ca5a40_0;  alias, 1 drivers
v0xbe8c86620_0 .var "shreg", 7 0;
v0xbe8c866c0_0 .var "state", 1 0;
v0xbe8c86760_0 .net "tx_byte", 7 0, L_0xbe8ca5fe0;  alias, 1 drivers
v0xbe8c86800_0 .var "tx_ready", 0 0;
v0xbe8c868a0_0 .net "tx_valid", 0 0, L_0x100a34b80;  1 drivers
v0xbe8c86940_0 .var "tx_wire", 0 0;
S_0xbe90d4180 .scope module, "u_emi" "bms_emi_guard" 5 79, 12 1 0, S_0x100a31840;
 .timescale 0 0;
    .port_info 0 /INPUT 1 "clk";
    .port_info 1 /INPUT 1 "rst_n";
    .port_info 2 /INPUT 1 "emi_in";
    .port_info 3 /OUTPUT 1 "emi_alert";
P_0xbe90a7e00 .param/l "FILTER_LEN" 0 12 2, +C4<00000000000000000000000000000100>;
v0xbe8c877a0_0 .net "clk", 0 0, v0xbe8ca5360_0;  alias, 1 drivers
v0xbe8c87840_0 .var "emi_alert", 0 0;
v0xbe8c878e0_0 .net "emi_in", 0 0, v0xbe8ca54a0_0;  alias, 1 drivers
v0xbe8c87980_0 .var "hist", 3 0;
v0xbe8c87a20_0 .net "rst_n", 0 0, v0xbe8ca5a40_0;  alias, 1 drivers
S_0xbe90d4300 .scope module, "u_fault" "bms_fault_processor" 5 94, 13 1 0, S_0x100a31840;
 .timescale 0 0;
    .port_info 0 /INPUT 1 "clk";
    .port_info 1 /INPUT 1 "rst_n";
    .port_info 2 /INPUT 1 "en";
    .port_info 3 /INPUT 256 "cell_v_bus";
    .port_info 4 /INPUT 256 "cell_v_red_bus";
    .port_info 5 /INPUT 12 "temp";
    .port_info 6 /INPUT 1 "iso_fault";
    .port_info 7 /INPUT 1 "emi_alert";
    .port_info 8 /OUTPUT 1 "fault_out";
    .port_info 9 /OUTPUT 8 "fault_code";
    .port_info 10 /OUTPUT 16 "ov_map";
    .port_info 11 /OUTPUT 16 "uv_map";
    .port_info 12 /OUTPUT 1 "sensor_mismatch";
P_0x100a2f2b0 .param/l "CELL_COUNT" 0 13 2, +C4<00000000000000000000000000010000>;
P_0x100a2f2f0 .param/l "OTP_LIM" 0 13 5, C4<001110000100>;
P_0x100a2f330 .param/l "OVP_LIM" 0 13 3, C4<1100111001100110>;
P_0x100a2f370 .param/l "REDUNDANCY_DELTA" 0 13 7, C4<0000000000100000>;
P_0x100a2f3b0 .param/l "REDUNDANCY_HITS" 0 13 8, C4<0100>;
P_0x100a2f3f0 .param/l "UTP_LIM" 0 13 6, C4<000000101000>;
P_0x100a2f430 .param/l "UVP_LIM" 0 13 4, C4<1000000000000000>;
v0xbe8c87ac0_0 .net "cell_v_bus", 255 0, v0xbe8c845a0_0;  alias, 1 drivers
v0xbe8c87b60_0 .net "cell_v_red_bus", 255 0, v0xbe8c84640_0;  alias, 1 drivers
v0xbe8c87c00_0 .net "clk", 0 0, v0xbe8ca5360_0;  alias, 1 drivers
v0xbe8c87ca0_0 .net "emi_alert", 0 0, v0xbe8c87840_0;  alias, 1 drivers
v0xbe8c87d40_0 .net "en", 0 0, v0xbe8c9d360_0;  alias, 1 drivers
v0xbe8c87de0_0 .var "fault_code", 7 0;
v0xbe8c87e80_0 .var "fault_out", 0 0;
v0xbe8c87f20_0 .var/i "i", 31 0;
v0xbe8c9c000_0 .net "iso_fault", 0 0, v0xbe8c9c960_0;  alias, 1 drivers
v0xbe8c9c0a0_0 .var "mismatch_cnt", 3 0;
v0xbe8c9c140_0 .var "mismatch_flag", 0 0;
v0xbe8c9c1e0_0 .var "ot_flag", 0 0;
v0xbe8c9c280_0 .var "ov_flag", 0 0;
v0xbe8c9c320_0 .var "ov_map", 15 0;
v0xbe8c9c3c0_0 .net "rst_n", 0 0, v0xbe8ca5a40_0;  alias, 1 drivers
v0xbe8c9c460_0 .var "sensor_mismatch", 0 0;
v0xbe8c9c500_0 .net "temp", 11 0, v0xbe8ca5ea0_0;  alias, 1 drivers
v0xbe8c9c5a0_0 .var "ut_flag", 0 0;
v0xbe8c9c640_0 .var "uv_flag", 0 0;
v0xbe8c9c6e0_0 .var "uv_map", 15 0;
v0xbe8c9c780_0 .var "v_main", 15 0;
v0xbe8c9c820_0 .var "v_red", 15 0;
S_0xbe90d4480 .scope module, "u_iso" "bms_isolation_monitor" 5 86, 14 1 0, S_0x100a31840;
 .timescale 0 0;
    .port_info 0 /INPUT 1 "clk";
    .port_info 1 /INPUT 1 "rst_n";
    .port_info 2 /INPUT 16 "iso_resistance";
    .port_info 3 /OUTPUT 1 "iso_fault";
    .port_info 4 /OUTPUT 16 "iso_margin";
P_0xbe90a7e40 .param/l "ISO_LIM" 0 14 2, C4<0000000111110100>;
v0xbe8c9c8c0_0 .net "clk", 0 0, v0xbe8ca5360_0;  alias, 1 drivers
v0xbe8c9c960_0 .var "iso_fault", 0 0;
v0xbe8c9ca00_0 .var "iso_margin", 15 0;
v0xbe8c9caa0_0 .net "iso_resistance", 15 0, v0xbe8ca5720_0;  alias, 1 drivers
v0xbe8c9cb40_0 .net "rst_n", 0 0, v0xbe8ca5a40_0;  alias, 1 drivers
S_0xbe90d4600 .scope module, "u_log" "bms_fault_logger" 5 161, 15 1 0, S_0x100a31840;
 .timescale 0 0;
    .port_info 0 /INPUT 1 "clk";
    .port_info 1 /INPUT 1 "rst_n";
    .port_info 2 /INPUT 1 "log_en";
    .port_info 3 /INPUT 8 "fault_code";
    .port_info 4 /INPUT 16 "timestamp";
    .port_info 5 /OUTPUT 4 "wr_ptr";
    .port_info 6 /OUTPUT 1 "overflow";
P_0xbe90a7e80 .param/l "DEPTH" 0 15 2, +C4<00000000000000000000000000010000>;
v0xbe8c9cbe0_0 .net "clk", 0 0, v0xbe8ca5360_0;  alias, 1 drivers
v0xbe8c9cc80_0 .net "fault_code", 7 0, v0xbe8c87de0_0;  alias, 1 drivers
v0xbe8c9cd20 .array "fault_mem", 15 0, 23 0;
v0xbe8c9cdc0_0 .net "log_en", 0 0, L_0xbe90dc070;  1 drivers
v0xbe8c9ce60_0 .var "overflow", 0 0;
v0xbe8c9cf00_0 .net "rst_n", 0 0, v0xbe8ca5a40_0;  alias, 1 drivers
v0xbe8c9cfa0_0 .net "timestamp", 15 0, v0xbe8c9fa20_0;  1 drivers
v0xbe8c9d040_0 .var "wr_ptr", 3 0;
S_0xbe90d4780 .scope module, "u_pwr" "bms_power_mgmt" 5 135, 16 1 0, S_0x100a31840;
 .timescale 0 0;
    .port_info 0 /INPUT 1 "clk";
    .port_info 1 /INPUT 1 "rst_n";
    .port_info 2 /INPUT 1 "fault_condition";
    .port_info 3 /INPUT 1 "comm_active";
    .port_info 4 /INPUT 1 "adc_busy";
    .port_info 5 /OUTPUT 1 "logic_clk_en";
    .port_info 6 /OUTPUT 1 "sleep_mode";
v0xbe8c9d0e0_0 .net "adc_busy", 0 0, v0xbe8c84280_0;  alias, 1 drivers
v0xbe8c9d180_0 .net "clk", 0 0, v0xbe8ca5360_0;  alias, 1 drivers
v0xbe8c9d220_0 .net "comm_active", 0 0, L_0x100a413a0;  alias, 1 drivers
v0xbe8c9d2c0_0 .net "fault_condition", 0 0, v0xbe8c87e80_0;  alias, 1 drivers
v0xbe8c9d360_0 .var "logic_clk_en", 0 0;
v0xbe8c9d400_0 .net "rst_n", 0 0, v0xbe8ca5a40_0;  alias, 1 drivers
v0xbe8c9d4a0_0 .var "sleep_mode", 0 0;
S_0xbe90d4900 .scope module, "u_soc_soh" "bms_soc_soh_engine" 5 110, 17 1 0, S_0x100a31840;
 .timescale 0 0;
    .port_info 0 /INPUT 1 "clk";
    .port_info 1 /INPUT 1 "rst_n";
    .port_info 2 /INPUT 1 "en";
    .port_info 3 /INPUT 16 "pack_i";
    .port_info 4 /INPUT 16 "pack_v_avg";
    .port_info 5 /INPUT 16 "charge_cycles";
    .port_info 6 /OUTPUT 16 "soc_out";
    .port_info 7 /OUTPUT 16 "soh_out";
P_0x100a402c0 .param/l "CURRENT_DEADBAND" 0 17 5, C4<0000000000001000>;
P_0x100a40300 .param/l "CYCLE_AGING_STEP" 0 17 7, C4<0000000000100000>;
P_0x100a40340 .param/l "NOMINAL_CAPACITY" 0 17 2, C4<00000000000000011000011010100000>;
P_0x100a40380 .param/l "OCV_EMPTY" 0 17 4, C4<1000000000000000>;
P_0x100a403c0 .param/l "OCV_FULL" 0 17 3, C4<1100111001100110>;
P_0x100a40400 .param/l "RELAX_COUNT_MAX" 0 17 6, C4<00000000000000011000011010100000>;
v0xbe8c9d540_0 .var "abs_pack_i", 15 0;
v0xbe8c9d5e0_0 .net "charge_cycles", 15 0, v0xbe8ca52c0_0;  alias, 1 drivers
v0xbe8c9d680_0 .net "clk", 0 0, v0xbe8ca5360_0;  alias, 1 drivers
v0xbe8c9d720_0 .var/s "coulomb_acc", 31 0;
v0xbe8c9d7c0_0 .var "cycle_loss", 31 0;
v0xbe8c9d860_0 .net "en", 0 0, v0xbe8c9d360_0;  alias, 1 drivers
v0xbe8c9d900_0 .var "ocv_soc", 15 0;
v0xbe8c9d9a0_0 .net "pack_i", 15 0, v0xbe8ca57c0_0;  alias, 1 drivers
v0xbe8c9da40_0 .net "pack_v_avg", 15 0, v0xbe8ca5860_0;  alias, 1 drivers
v0xbe8c9dae0_0 .var "relax_cnt", 31 0;
v0xbe8c9db80_0 .net "rst_n", 0 0, v0xbe8ca5a40_0;  alias, 1 drivers
v0xbe8c9dc20_0 .var "soc_out", 15 0;
v0xbe8c9dcc0_0 .var "soh_calc", 31 0;
v0xbe8c9dd60_0 .var "soh_out", 15 0;
S_0xbe90d4a80 .scope task, "pulse_adc_sample" "pulse_adc_sample" 3 61, 3 61 0, S_0x100a28950;
 .timescale -9 -9;
v0xbe8ca4d20_0 .var "sample", 15 0;
E_0xbe8c7b280 .event posedge, v0xbe8c846e0_0;
TD_tb_bms_lmu_wrapper.pulse_adc_sample ;
    %load/vec4 v0xbe8ca4d20_0;
    %store/vec4 v0xbe8ca4f00_0, 0, 16;
    %pushi/vec4 1, 0, 1;
    %store/vec4 v0xbe8ca4fa0_0, 0, 1;
    %pushi/vec4 1, 0, 1;
    %store/vec4 v0xbe8ca5040_0, 0, 1;
    %wait E_0xbe8c7b280;
    %pushi/vec4 0, 0, 1;
    %store/vec4 v0xbe8ca4fa0_0, 0, 1;
    %pushi/vec4 0, 0, 1;
    %store/vec4 v0xbe8ca5040_0, 0, 1;
    %end;
    .scope S_0x100a319c0;
T_2 ;
    %wait E_0xbe8c7aac0;
    %load/vec4 v0xbe8c84820_0;
    %nor/r;
    %flag_set/vec4 8;
    %jmp/0xz  T_2.0, 8;
    %pushi/vec4 0, 0, 1;
    %assign/vec4 v0xbe8c84280_0, 0;
    %pushi/vec4 0, 0, 5;
    %assign/vec4 v0xbe8c848c0_0, 0;
    %pushi/vec4 0, 0, 256;
    %assign/vec4 v0xbe8c845a0_0, 0;
    %pushi/vec4 0, 0, 256;
    %assign/vec4 v0xbe8c84640_0, 0;
    %pushi/vec4 0, 0, 1;
    %assign/vec4 v0xbe8c84780_0, 0;
    %pushi/vec4 0, 0, 1;
    %assign/vec4 v0xbe8c84500_0, 0;
    %jmp T_2.1;
T_2.0 ;
    %pushi/vec4 0, 0, 1;
    %assign/vec4 v0xbe8c84780_0, 0;
    %load/vec4 v0xbe8c84960_0;
    %flag_set/vec4 9;
    %flag_get/vec4 9;
    %jmp/0 T_2.4, 9;
    %load/vec4 v0xbe8c84280_0;
    %nor/r;
    %and;
T_2.4;
    %flag_set/vec4 8;
    %jmp/0xz  T_2.2, 8;
    %pushi/vec4 1, 0, 1;
    %assign/vec4 v0xbe8c84280_0, 0;
    %pushi/vec4 0, 0, 5;
    %assign/vec4 v0xbe8c848c0_0, 0;
    %pushi/vec4 0, 0, 1;
    %assign/vec4 v0xbe8c84500_0, 0;
    %jmp T_2.3;
T_2.2 ;
    %load/vec4 v0xbe8c84280_0;
    %flag_set/vec4 9;
    %flag_get/vec4 9;
    %jmp/0 T_2.7, 9;
    %load/vec4 v0xbe8c84460_0;
    %and;
T_2.7;
    %flag_set/vec4 8;
    %jmp/0xz  T_2.5, 8;
    %load/vec4 v0xbe8c84500_0;
    %nor/r;
    %flag_set/vec4 8;
    %jmp/0xz  T_2.8, 8;
    %load/vec4 v0xbe8c840a0_0;
    %ix/load 5, 0, 0;
    %load/vec4 v0xbe8c848c0_0;
    %pad/u 32;
    %muli 16, 0, 32;
    %ix/vec4 4;
    %assign/vec4/off/d v0xbe8c845a0_0, 4, 5;
    %jmp T_2.9;
T_2.8 ;
    %load/vec4 v0xbe8c840a0_0;
    %ix/load 5, 0, 0;
    %load/vec4 v0xbe8c848c0_0;
    %pad/u 32;
    %muli 16, 0, 32;
    %ix/vec4 4;
    %assign/vec4/off/d v0xbe8c84640_0, 4, 5;
T_2.9 ;
    %load/vec4 v0xbe8c848c0_0;
    %pad/u 32;
    %cmpi/e 15, 0, 32;
    %jmp/0xz  T_2.10, 4;
    %load/vec4 v0xbe8c84500_0;
    %nor/r;
    %flag_set/vec4 8;
    %jmp/0xz  T_2.12, 8;
    %pushi/vec4 0, 0, 5;
    %assign/vec4 v0xbe8c848c0_0, 0;
    %pushi/vec4 1, 0, 1;
    %assign/vec4 v0xbe8c84500_0, 0;
    %jmp T_2.13;
T_2.12 ;
    %pushi/vec4 0, 0, 1;
    %assign/vec4 v0xbe8c84280_0, 0;
    %pushi/vec4 1, 0, 1;
    %assign/vec4 v0xbe8c84780_0, 0;
T_2.13 ;
    %jmp T_2.11;
T_2.10 ;
    %load/vec4 v0xbe8c848c0_0;
    %addi 1, 0, 5;
    %assign/vec4 v0xbe8c848c0_0, 0;
T_2.11 ;
T_2.5 ;
T_2.3 ;
T_2.1 ;
    %jmp T_2;
    .thread T_2;
    .scope S_0xbe90d4180;
T_3 ;
    %wait E_0xbe8c7aac0;
    %load/vec4 v0xbe8c87a20_0;
    %nor/r;
    %flag_set/vec4 8;
    %jmp/0xz  T_3.0, 8;
    %pushi/vec4 0, 0, 4;
    %assign/vec4 v0xbe8c87980_0, 0;
    %pushi/vec4 0, 0, 1;
    %assign/vec4 v0xbe8c87840_0, 0;
    %jmp T_3.1;
T_3.0 ;
    %load/vec4 v0xbe8c87980_0;
    %parti/s 3, 0, 2;
    %load/vec4 v0xbe8c878e0_0;
    %concat/vec4; draw_concat_vec4
    %assign/vec4 v0xbe8c87980_0, 0;
    %load/vec4 v0xbe8c87980_0;
    %and/r;
    %assign/vec4 v0xbe8c87840_0, 0;
T_3.1 ;
    %jmp T_3;
    .thread T_3;
    .scope S_0xbe90d4480;
T_4 ;
    %wait E_0xbe8c7aac0;
    %load/vec4 v0xbe8c9cb40_0;
    %nor/r;
    %flag_set/vec4 8;
    %jmp/0xz  T_4.0, 8;
    %pushi/vec4 0, 0, 1;
    %assign/vec4 v0xbe8c9c960_0, 0;
    %pushi/vec4 0, 0, 16;
    %assign/vec4 v0xbe8c9ca00_0, 0;
    %jmp T_4.1;
T_4.0 ;
    %load/vec4 v0xbe8c9caa0_0;
    %cmpi/u 500, 0, 16;
    %flag_get/vec4 5;
    %assign/vec4 v0xbe8c9c960_0, 0;
    %load/vec4 v0xbe8c9caa0_0;
    %cmpi/u 500, 0, 16;
    %jmp/0xz  T_4.2, 5;
    %pushi/vec4 0, 0, 16;
    %assign/vec4 v0xbe8c9ca00_0, 0;
    %jmp T_4.3;
T_4.2 ;
    %load/vec4 v0xbe8c9caa0_0;
    %subi 500, 0, 16;
    %assign/vec4 v0xbe8c9ca00_0, 0;
T_4.3 ;
T_4.1 ;
    %jmp T_4;
    .thread T_4;
    .scope S_0xbe90d4300;
T_5 ;
    %wait E_0xbe8c7aac0;
    %load/vec4 v0xbe8c9c3c0_0;
    %nor/r;
    %flag_set/vec4 8;
    %jmp/0xz  T_5.0, 8;
    %pushi/vec4 0, 0, 1;
    %assign/vec4 v0xbe8c87e80_0, 0;
    %pushi/vec4 0, 0, 8;
    %assign/vec4 v0xbe8c87de0_0, 0;
    %pushi/vec4 0, 0, 16;
    %assign/vec4 v0xbe8c9c320_0, 0;
    %pushi/vec4 0, 0, 16;
    %assign/vec4 v0xbe8c9c6e0_0, 0;
    %pushi/vec4 0, 0, 1;
    %assign/vec4 v0xbe8c9c460_0, 0;
    %pushi/vec4 0, 0, 4;
    %assign/vec4 v0xbe8c9c0a0_0, 0;
    %jmp T_5.1;
T_5.0 ;
    %load/vec4 v0xbe8c87d40_0;
    %nor/r;
    %flag_set/vec4 8;
    %jmp/0xz  T_5.2, 8;
    %pushi/vec4 0, 0, 1;
    %assign/vec4 v0xbe8c87e80_0, 0;
    %pushi/vec4 0, 0, 8;
    %assign/vec4 v0xbe8c87de0_0, 0;
    %pushi/vec4 0, 0, 16;
    %assign/vec4 v0xbe8c9c320_0, 0;
    %pushi/vec4 0, 0, 16;
    %assign/vec4 v0xbe8c9c6e0_0, 0;
    %pushi/vec4 0, 0, 1;
    %assign/vec4 v0xbe8c9c460_0, 0;
    %pushi/vec4 0, 0, 4;
    %assign/vec4 v0xbe8c9c0a0_0, 0;
    %jmp T_5.3;
T_5.2 ;
    %pushi/vec4 0, 0, 1;
    %store/vec4 v0xbe8c9c280_0, 0, 1;
    %pushi/vec4 0, 0, 1;
    %store/vec4 v0xbe8c9c640_0, 0, 1;
    %pushi/vec4 900, 0, 12;
    %load/vec4 v0xbe8c9c500_0;
    %cmp/u;
    %flag_get/vec4 5;
    %store/vec4 v0xbe8c9c1e0_0, 0, 1;
    %load/vec4 v0xbe8c9c500_0;
    %cmpi/u 40, 0, 12;
    %flag_get/vec4 5;
    %store/vec4 v0xbe8c9c5a0_0, 0, 1;
    %pushi/vec4 0, 0, 1;
    %store/vec4 v0xbe8c9c140_0, 0, 1;
    %pushi/vec4 0, 0, 32;
    %store/vec4 v0xbe8c87f20_0, 0, 32;
T_5.4 ; Top of for-loop
    %load/vec4 v0xbe8c87f20_0;
    %cmpi/s 16, 0, 32;
	  %jmp/0xz T_5.5, 5;
    %load/vec4 v0xbe8c87ac0_0;
    %load/vec4 v0xbe8c87f20_0;
    %muli 16, 0, 32;
    %part/s 16;
    %store/vec4 v0xbe8c9c780_0, 0, 16;
    %load/vec4 v0xbe8c87b60_0;
    %load/vec4 v0xbe8c87f20_0;
    %muli 16, 0, 32;
    %part/s 16;
    %store/vec4 v0xbe8c9c820_0, 0, 16;
    %pushi/vec4 52838, 0, 16;
    %load/vec4 v0xbe8c9c780_0;
    %cmp/u;
    %flag_get/vec4 5;
    %ix/getv/s 4, v0xbe8c87f20_0;
    %store/vec4 v0xbe8c9c320_0, 4, 1;
    %load/vec4 v0xbe8c9c780_0;
    %cmpi/u 32768, 0, 16;
    %flag_get/vec4 5;
    %ix/getv/s 4, v0xbe8c87f20_0;
    %store/vec4 v0xbe8c9c6e0_0, 4, 1;
    %load/vec4 v0xbe8c9c780_0;
    %cmpi/u 52838, 0, 16;
    %flag_or 5, 4; GT is !LE
    %flag_inv 5;
    %jmp/0xz  T_5.7, 5;
    %pushi/vec4 1, 0, 1;
    %store/vec4 v0xbe8c9c280_0, 0, 1;
T_5.7 ;
    %load/vec4 v0xbe8c9c780_0;
    %cmpi/u 32768, 0, 16;
    %jmp/0xz  T_5.9, 5;
    %pushi/vec4 1, 0, 1;
    %store/vec4 v0xbe8c9c640_0, 0, 1;
T_5.9 ;
    %load/vec4 v0xbe8c9c820_0;
    %load/vec4 v0xbe8c9c780_0;
    %cmp/u;
    %flag_or 5, 4;
    %flag_get/vec4 5;
    %jmp/0 T_5.14, 5;
    %pushi/vec4 32, 0, 16;
    %load/vec4 v0xbe8c9c780_0;
    %load/vec4 v0xbe8c9c820_0;
    %sub;
    %cmp/u;
    %flag_get/vec4 5;
    %and;
T_5.14;
    %flag_set/vec4 8;
    %jmp/1 T_5.13, 8;
    %load/vec4 v0xbe8c9c780_0;
    %load/vec4 v0xbe8c9c820_0;
    %cmp/u;
    %flag_get/vec4 5;
    %jmp/0 T_5.15, 5;
    %pushi/vec4 32, 0, 16;
    %load/vec4 v0xbe8c9c820_0;
    %load/vec4 v0xbe8c9c780_0;
    %sub;
    %cmp/u;
    %flag_get/vec4 5;
    %and;
T_5.15;
    %flag_set/vec4 9;
    %flag_or 8, 9;
T_5.13;
    %jmp/0xz  T_5.11, 8;
    %pushi/vec4 1, 0, 1;
    %store/vec4 v0xbe8c9c140_0, 0, 1;
T_5.11 ;
T_5.6 ; for-loop step statement
    %load/vec4 v0xbe8c87f20_0;
    %addi 1, 0, 32;
    %store/vec4 v0xbe8c87f20_0, 0, 32;
    %jmp T_5.4;
T_5.5 ; for-loop exit label
    %load/vec4 v0xbe8c9c140_0;
    %flag_set/vec4 8;
    %jmp/0xz  T_5.16, 8;
    %load/vec4 v0xbe8c9c0a0_0;
    %cmpi/u 4, 0, 4;
    %jmp/0xz  T_5.18, 5;
    %load/vec4 v0xbe8c9c0a0_0;
    %addi 1, 0, 4;
    %assign/vec4 v0xbe8c9c0a0_0, 0;
T_5.18 ;
    %jmp T_5.17;
T_5.16 ;
    %pushi/vec4 0, 0, 4;
    %assign/vec4 v0xbe8c9c0a0_0, 0;
T_5.17 ;
    %load/vec4 v0xbe8c9c0a0_0;
    %cmpi/u 3, 0, 4;
    %flag_inv 5; GE is !LT
    %jmp/0xz  T_5.20, 5;
    %pushi/vec4 1, 0, 1;
    %assign/vec4 v0xbe8c9c460_0, 0;
    %jmp T_5.21;
T_5.20 ;
    %pushi/vec4 0, 0, 1;
    %assign/vec4 v0xbe8c9c460_0, 0;
T_5.21 ;
    %load/vec4 v0xbe8c9c280_0;
    %load/vec4 v0xbe8c9c640_0;
    %or;
    %load/vec4 v0xbe8c9c1e0_0;
    %or;
    %load/vec4 v0xbe8c9c5a0_0;
    %or;
    %load/vec4 v0xbe8c9c000_0;
    %or;
    %load/vec4 v0xbe8c87ca0_0;
    %or;
    %load/vec4 v0xbe8c9c460_0;
    %or;
    %assign/vec4 v0xbe8c87e80_0, 0;
    %load/vec4 v0xbe8c9c280_0;
    %flag_set/vec4 8;
    %jmp/0xz  T_5.22, 8;
    %pushi/vec4 1, 0, 8;
    %assign/vec4 v0xbe8c87de0_0, 0;
    %jmp T_5.23;
T_5.22 ;
    %load/vec4 v0xbe8c9c640_0;
    %flag_set/vec4 8;
    %jmp/0xz  T_5.24, 8;
    %pushi/vec4 2, 0, 8;
    %assign/vec4 v0xbe8c87de0_0, 0;
    %jmp T_5.25;
T_5.24 ;
    %load/vec4 v0xbe8c9c1e0_0;
    %flag_set/vec4 8;
    %jmp/0xz  T_5.26, 8;
    %pushi/vec4 3, 0, 8;
    %assign/vec4 v0xbe8c87de0_0, 0;
    %jmp T_5.27;
T_5.26 ;
    %load/vec4 v0xbe8c9c5a0_0;
    %flag_set/vec4 8;
    %jmp/0xz  T_5.28, 8;
    %pushi/vec4 4, 0, 8;
    %assign/vec4 v0xbe8c87de0_0, 0;
    %jmp T_5.29;
T_5.28 ;
    %load/vec4 v0xbe8c9c000_0;
    %flag_set/vec4 8;
    %jmp/0xz  T_5.30, 8;
    %pushi/vec4 5, 0, 8;
    %assign/vec4 v0xbe8c87de0_0, 0;
    %jmp T_5.31;
T_5.30 ;
    %load/vec4 v0xbe8c87ca0_0;
    %flag_set/vec4 8;
    %jmp/0xz  T_5.32, 8;
    %pushi/vec4 6, 0, 8;
    %assign/vec4 v0xbe8c87de0_0, 0;
    %jmp T_5.33;
T_5.32 ;
    %load/vec4 v0xbe8c9c460_0;
    %flag_set/vec4 8;
    %jmp/0xz  T_5.34, 8;
    %pushi/vec4 7, 0, 8;
    %assign/vec4 v0xbe8c87de0_0, 0;
    %jmp T_5.35;
T_5.34 ;
    %pushi/vec4 0, 0, 8;
    %assign/vec4 v0xbe8c87de0_0, 0;
T_5.35 ;
T_5.33 ;
T_5.31 ;
T_5.29 ;
T_5.27 ;
T_5.25 ;
T_5.23 ;
T_5.3 ;
T_5.1 ;
    %jmp T_5;
    .thread T_5;
    .scope S_0xbe90d4900;
T_6 ;
    %wait E_0xbe8c7aac0;
    %load/vec4 v0xbe8c9db80_0;
    %nor/r;
    %flag_set/vec4 8;
    %jmp/0xz  T_6.0, 8;
    %pushi/vec4 214748364, 0, 32;
    %assign/vec4 v0xbe8c9d720_0, 0;
    %pushi/vec4 0, 0, 32;
    %assign/vec4 v0xbe8c9dae0_0, 0;
    %pushi/vec4 32768, 0, 16;
    %assign/vec4 v0xbe8c9dc20_0, 0;
    %pushi/vec4 65535, 0, 16;
    %assign/vec4 v0xbe8c9dd60_0, 0;
    %pushi/vec4 32768, 0, 16;
    %assign/vec4 v0xbe8c9d900_0, 0;
    %pushi/vec4 100000, 0, 32;
    %assign/vec4 v0xbe8c9dcc0_0, 0;
    %pushi/vec4 0, 0, 16;
    %assign/vec4 v0xbe8c9d540_0, 0;
    %pushi/vec4 0, 0, 32;
    %assign/vec4 v0xbe8c9d7c0_0, 0;
    %jmp T_6.1;
T_6.0 ;
    %load/vec4 v0xbe8c9d860_0;
    %flag_set/vec4 8;
    %jmp/0xz  T_6.2, 8;
    %load/vec4 v0xbe8c9d9a0_0;
    %parti/s 1, 15, 5;
    %flag_set/vec4 8;
    %jmp/0xz  T_6.4, 8;
    %load/vec4 v0xbe8c9d9a0_0;
    %inv;
    %addi 1, 0, 16;
    %assign/vec4 v0xbe8c9d540_0, 0;
    %jmp T_6.5;
T_6.4 ;
    %load/vec4 v0xbe8c9d9a0_0;
    %assign/vec4 v0xbe8c9d540_0, 0;
T_6.5 ;
    %load/vec4 v0xbe8c9d720_0;
    %load/vec4 v0xbe8c9d9a0_0;
    %parti/s 1, 15, 5;
    %replicate 16;
    %load/vec4 v0xbe8c9d9a0_0;
    %concat/vec4; draw_concat_vec4
    %add;
    %assign/vec4 v0xbe8c9d720_0, 0;
    %load/vec4 v0xbe8c9d540_0;
    %cmpi/u 8, 0, 16;
    %flag_or 5, 4;
    %jmp/0xz  T_6.6, 5;
    %load/vec4 v0xbe8c9dae0_0;
    %cmpi/u 100000, 0, 32;
    %jmp/0xz  T_6.8, 5;
    %load/vec4 v0xbe8c9dae0_0;
    %addi 1, 0, 32;
    %assign/vec4 v0xbe8c9dae0_0, 0;
T_6.8 ;
    %jmp T_6.7;
T_6.6 ;
    %pushi/vec4 0, 0, 32;
    %assign/vec4 v0xbe8c9dae0_0, 0;
T_6.7 ;
    %load/vec4 v0xbe8c9da40_0;
    %cmpi/u 32768, 0, 16;
    %flag_or 5, 4;
    %jmp/0xz  T_6.10, 5;
    %pushi/vec4 0, 0, 16;
    %assign/vec4 v0xbe8c9d900_0, 0;
    %jmp T_6.11;
T_6.10 ;
    %load/vec4 v0xbe8c9da40_0;
    %cmpi/u 52838, 0, 16;
    %flag_inv 5; GE is !LT
    %jmp/0xz  T_6.12, 5;
    %pushi/vec4 65535, 0, 16;
    %assign/vec4 v0xbe8c9d900_0, 0;
    %jmp T_6.13;
T_6.12 ;
    %load/vec4 v0xbe8c9da40_0;
    %subi 32768, 0, 16;
    %muli 65535, 0, 16;
    %pushi/vec4 20070, 0, 16;
    %div;
    %assign/vec4 v0xbe8c9d900_0, 0;
T_6.13 ;
T_6.11 ;
    %load/vec4 v0xbe8c9dae0_0;
    %cmpi/u 100000, 0, 32;
    %flag_inv 5; GE is !LT
    %jmp/0xz  T_6.14, 5;
    %load/vec4 v0xbe8c9dc20_0;
    %ix/load 4, 1, 0;
    %flag_set/imm 4, 0;
    %shiftr 4;
    %load/vec4 v0xbe8c9d900_0;
    %ix/load 4, 1, 0;
    %flag_set/imm 4, 0;
    %shiftr 4;
    %add;
    %assign/vec4 v0xbe8c9dc20_0, 0;
    %jmp T_6.15;
T_6.14 ;
    %load/vec4 v0xbe8c9d720_0;
    %parti/s 16, 15, 5;
    %assign/vec4 v0xbe8c9dc20_0, 0;
T_6.15 ;
    %load/vec4 v0xbe8c9d5e0_0;
    %pad/u 32;
    %muli 32, 0, 32;
    %store/vec4 v0xbe8c9d7c0_0, 0, 32;
    %load/vec4 v0xbe8c9d7c0_0;
    %cmpi/u 50000, 0, 32;
    %flag_inv 5; GE is !LT
    %jmp/0xz  T_6.16, 5;
    %pushi/vec4 50000, 0, 32;
    %assign/vec4 v0xbe8c9dcc0_0, 0;
    %jmp T_6.17;
T_6.16 ;
    %pushi/vec4 100000, 0, 32;
    %load/vec4 v0xbe8c9d7c0_0;
    %sub;
    %assign/vec4 v0xbe8c9dcc0_0, 0;
T_6.17 ;
    %load/vec4 v0xbe8c9dcc0_0;
    %muli 65535, 0, 32;
    %pushi/vec4 100000, 0, 32;
    %div;
    %pad/u 16;
    %assign/vec4 v0xbe8c9dd60_0, 0;
T_6.2 ;
T_6.1 ;
    %jmp T_6;
    .thread T_6;
    .scope S_0x100a324c0;
T_7 ;
    %wait E_0xbe8c7aac0;
    %load/vec4 v0xbe8c855e0_0;
    %nor/r;
    %flag_set/vec4 8;
    %jmp/0xz  T_7.0, 8;
    %pushi/vec4 0, 0, 16;
    %assign/vec4 v0xbe8c84aa0_0, 0;
    %pushi/vec4 0, 0, 16;
    %assign/vec4 v0xbe8c84a00_0, 0;
    %pushi/vec4 0, 0, 16;
    %assign/vec4 v0xbe8c85400_0, 0;
    %pushi/vec4 0, 0, 1;
    %assign/vec4 v0xbe8c84b40_0, 0;
    %pushi/vec4 0, 0, 4;
    %assign/vec4 v0xbe8c850e0_0, 0;
    %pushi/vec4 0, 0, 4;
    %assign/vec4 v0xbe8c852c0_0, 0;
    %pushi/vec4 0, 0, 32;
    %assign/vec4 v0xbe8c84f00_0, 0;
    %pushi/vec4 0, 0, 1;
    %assign/vec4 v0xbe8c85540_0, 0;
    %jmp T_7.1;
T_7.0 ;
    %load/vec4 v0xbe8c84fa0_0;
    %nor/r;
    %flag_set/vec4 8;
    %jmp/0xz  T_7.2, 8;
    %pushi/vec4 0, 0, 16;
    %assign/vec4 v0xbe8c84aa0_0, 0;
    %pushi/vec4 0, 0, 16;
    %assign/vec4 v0xbe8c84a00_0, 0;
    %pushi/vec4 0, 0, 16;
    %assign/vec4 v0xbe8c85400_0, 0;
    %pushi/vec4 0, 0, 1;
    %assign/vec4 v0xbe8c84b40_0, 0;
    %pushi/vec4 0, 0, 32;
    %assign/vec4 v0xbe8c84f00_0, 0;
    %pushi/vec4 0, 0, 1;
    %assign/vec4 v0xbe8c85540_0, 0;
    %jmp T_7.3;
T_7.2 ;
    %pushi/vec4 0, 0, 16;
    %store/vec4 v0xbe8c854a0_0, 0, 16;
    %pushi/vec4 65535, 0, 16;
    %store/vec4 v0xbe8c85360_0, 0, 16;
    %pushi/vec4 0, 0, 4;
    %store/vec4 v0xbe8c85040_0, 0, 4;
    %pushi/vec4 0, 0, 4;
    %store/vec4 v0xbe8c85220_0, 0, 4;
    %pushi/vec4 0, 0, 1;
    %store/vec4 v0xbe8c85720_0, 0, 1;
    %pushi/vec4 0, 0, 16;
    %store/vec4 v0xbe8c857c0_0, 0, 16;
    %pushi/vec4 0, 0, 16;
    %store/vec4 v0xbe8c85680_0, 0, 16;
    %pushi/vec4 0, 0, 32;
    %store/vec4 v0xbe8c85180_0, 0, 32;
T_7.4 ; Top of for-loop
    %load/vec4 v0xbe8c85180_0;
    %cmpi/s 16, 0, 32;
	  %jmp/0xz T_7.5, 5;
    %load/vec4 v0xbe8c84d20_0;
    %load/vec4 v0xbe8c85180_0;
    %muli 16, 0, 32;
    %part/s 16;
    %store/vec4 v0xbe8c84dc0_0, 0, 16;
    %load/vec4 v0xbe8c854a0_0;
    %load/vec4 v0xbe8c84dc0_0;
    %cmp/u;
    %jmp/0xz  T_7.7, 5;
    %load/vec4 v0xbe8c84dc0_0;
    %store/vec4 v0xbe8c854a0_0, 0, 16;
    %load/vec4 v0xbe8c85180_0;
    %parti/s 4, 0, 2;
    %store/vec4 v0xbe8c85040_0, 0, 4;
T_7.7 ;
    %load/vec4 v0xbe8c84dc0_0;
    %load/vec4 v0xbe8c85360_0;
    %cmp/u;
    %jmp/0xz  T_7.9, 5;
    %load/vec4 v0xbe8c84dc0_0;
    %store/vec4 v0xbe8c85360_0, 0, 16;
    %load/vec4 v0xbe8c85180_0;
    %parti/s 4, 0, 2;
    %store/vec4 v0xbe8c85220_0, 0, 4;
T_7.9 ;
T_7.6 ; for-loop step statement
    %load/vec4 v0xbe8c85180_0;
    %addi 1, 0, 32;
    %store/vec4 v0xbe8c85180_0, 0, 32;
    %jmp T_7.4;
T_7.5 ; for-loop exit label
    %load/vec4 v0xbe8c85040_0;
    %assign/vec4 v0xbe8c850e0_0, 0;
    %load/vec4 v0xbe8c85220_0;
    %assign/vec4 v0xbe8c852c0_0, 0;
    %load/vec4 v0xbe8c84be0_0;
    %load/vec4 v0xbe8c85040_0;
    %pad/u 32;
    %muli 12, 0, 32;
    %part/u 12;
    %store/vec4 v0xbe8c84c80_0, 0, 12;
    %load/vec4 v0xbe8c84c80_0;
    %cmpi/u 880, 0, 12;
    %flag_inv 5; GE is !LT
    %jmp/0xz  T_7.11, 5;
    %pushi/vec4 1, 0, 1;
    %store/vec4 v0xbe8c85720_0, 0, 1;
T_7.11 ;
    %pushi/vec4 1, 0, 1;
    %ix/getv 4, v0xbe8c85040_0;
    %store/vec4 v0xbe8c857c0_0, 4, 1;
    %pushi/vec4 1, 0, 1;
    %ix/getv 4, v0xbe8c85220_0;
    %store/vec4 v0xbe8c85680_0, 4, 1;
    %load/vec4 v0xbe8c854a0_0;
    %load/vec4 v0xbe8c85360_0;
    %sub;
    %cmpi/u 50, 0, 16;
    %flag_or 5, 4; GT is !LE
    %flag_inv 5;
    %jmp/0xz  T_7.13, 5;
    %pushi/vec4 1, 0, 1;
    %assign/vec4 v0xbe8c84b40_0, 0;
    %load/vec4 v0xbe8c85540_0;
    %cmpi/e 0, 0, 1;
    %jmp/0xz  T_7.15, 4;
    %pushi/vec4 0, 0, 16;
    %assign/vec4 v0xbe8c84aa0_0, 0;
    %pushi/vec4 0, 0, 16;
    %assign/vec4 v0xbe8c84a00_0, 0;
    %pushi/vec4 0, 0, 16;
    %assign/vec4 v0xbe8c85400_0, 0;
    %load/vec4 v0xbe8c84f00_0;
    %cmpi/u 9999, 0, 32;
    %flag_inv 5; GE is !LT
    %jmp/0xz  T_7.17, 5;
    %pushi/vec4 0, 0, 32;
    %assign/vec4 v0xbe8c84f00_0, 0;
    %pushi/vec4 1, 0, 1;
    %assign/vec4 v0xbe8c85540_0, 0;
    %jmp T_7.18;
T_7.17 ;
    %load/vec4 v0xbe8c84f00_0;
    %addi 1, 0, 32;
    %assign/vec4 v0xbe8c84f00_0, 0;
T_7.18 ;
    %jmp T_7.16;
T_7.15 ;
    %load/vec4 v0xbe8c85720_0;
    %flag_set/vec4 8;
    %jmp/0xz  T_7.19, 8;
    %pushi/vec4 0, 0, 16;
    %assign/vec4 v0xbe8c84aa0_0, 0;
    %pushi/vec4 0, 0, 16;
    %assign/vec4 v0xbe8c84a00_0, 0;
    %pushi/vec4 0, 0, 16;
    %assign/vec4 v0xbe8c85400_0, 0;
    %jmp T_7.20;
T_7.19 ;
    %load/vec4 v0xbe8c857c0_0;
    %assign/vec4 v0xbe8c84aa0_0, 0;
    %load/vec4 v0xbe8c85680_0;
    %assign/vec4 v0xbe8c84a00_0, 0;
    %pushi/vec4 0, 0, 16;
    %assign/vec4 v0xbe8c85400_0, 0;
T_7.20 ;
    %load/vec4 v0xbe8c84f00_0;
    %cmpi/u 49999, 0, 32;
    %flag_inv 5; GE is !LT
    %jmp/0xz  T_7.21, 5;
    %pushi/vec4 0, 0, 32;
    %assign/vec4 v0xbe8c84f00_0, 0;
    %pushi/vec4 0, 0, 1;
    %assign/vec4 v0xbe8c85540_0, 0;
    %jmp T_7.22;
T_7.21 ;
    %load/vec4 v0xbe8c84f00_0;
    %addi 1, 0, 32;
    %assign/vec4 v0xbe8c84f00_0, 0;
T_7.22 ;
T_7.16 ;
    %jmp T_7.14;
T_7.13 ;
    %load/vec4 v0xbe8c854a0_0;
    %cmpi/u 50000, 0, 16;
    %flag_or 5, 4; GT is !LE
    %flag_inv 5;
    %jmp/0xz  T_7.23, 5;
    %pushi/vec4 0, 0, 1;
    %assign/vec4 v0xbe8c84b40_0, 0;
    %pushi/vec4 0, 0, 16;
    %assign/vec4 v0xbe8c84aa0_0, 0;
    %pushi/vec4 0, 0, 16;
    %assign/vec4 v0xbe8c84a00_0, 0;
    %pushi/vec4 65535, 0, 16;
    %assign/vec4 v0xbe8c85400_0, 0;
    %pushi/vec4 0, 0, 32;
    %assign/vec4 v0xbe8c84f00_0, 0;
    %pushi/vec4 0, 0, 1;
    %assign/vec4 v0xbe8c85540_0, 0;
    %jmp T_7.24;
T_7.23 ;
    %pushi/vec4 0, 0, 1;
    %assign/vec4 v0xbe8c84b40_0, 0;
    %pushi/vec4 0, 0, 16;
    %assign/vec4 v0xbe8c84aa0_0, 0;
    %pushi/vec4 0, 0, 16;
    %assign/vec4 v0xbe8c84a00_0, 0;
    %pushi/vec4 0, 0, 16;
    %assign/vec4 v0xbe8c85400_0, 0;
    %pushi/vec4 0, 0, 32;
    %assign/vec4 v0xbe8c84f00_0, 0;
    %pushi/vec4 0, 0, 1;
    %assign/vec4 v0xbe8c85540_0, 0;
T_7.24 ;
T_7.14 ;
T_7.3 ;
T_7.1 ;
    %jmp T_7;
    .thread T_7;
    .scope S_0xbe90d4780;
T_8 ;
    %wait E_0xbe8c7aac0;
    %load/vec4 v0xbe8c9d400_0;
    %nor/r;
    %flag_set/vec4 8;
    %jmp/0xz  T_8.0, 8;
    %pushi/vec4 1, 0, 1;
    %assign/vec4 v0xbe8c9d360_0, 0;
    %pushi/vec4 0, 0, 1;
    %assign/vec4 v0xbe8c9d4a0_0, 0;
    %jmp T_8.1;
T_8.0 ;
    %load/vec4 v0xbe8c9d220_0;
    %inv;
    %load/vec4 v0xbe8c9d2c0_0;
    %inv;
    %and;
    %load/vec4 v0xbe8c9d0e0_0;
    %inv;
    %and;
    %assign/vec4 v0xbe8c9d4a0_0, 0;
    %load/vec4 v0xbe8c9d220_0;
    %load/vec4 v0xbe8c9d2c0_0;
    %or;
    %load/vec4 v0xbe8c9d0e0_0;
    %or;
    %assign/vec4 v0xbe8c9d360_0, 0;
T_8.1 ;
    %jmp T_8;
    .thread T_8;
    .scope S_0xbe90d4000;
T_9 ;
    %wait E_0xbe8c7aac0;
    %load/vec4 v0xbe8c86580_0;
    %nor/r;
    %flag_set/vec4 8;
    %jmp/0xz  T_9.0, 8;
    %pushi/vec4 0, 0, 2;
    %assign/vec4 v0xbe8c866c0_0, 0;
    %pushi/vec4 0, 0, 4;
    %assign/vec4 v0xbe8c863a0_0, 0;
    %pushi/vec4 0, 0, 8;
    %assign/vec4 v0xbe8c86620_0, 0;
    %pushi/vec4 0, 0, 16;
    %assign/vec4 v0xbe8c86300_0, 0;
    %pushi/vec4 1, 0, 1;
    %assign/vec4 v0xbe8c86800_0, 0;
    %pushi/vec4 1, 0, 1;
    %assign/vec4 v0xbe8c86940_0, 0;
    %pushi/vec4 0, 0, 1;
    %assign/vec4 v0xbe8c86440_0, 0;
    %jmp T_9.1;
T_9.0 ;
    %load/vec4 v0xbe8c866c0_0;
    %dup/vec4;
    %pushi/vec4 0, 0, 2;
    %cmp/u;
    %jmp/1 T_9.2, 6;
    %dup/vec4;
    %pushi/vec4 1, 0, 2;
    %cmp/u;
    %jmp/1 T_9.3, 6;
    %dup/vec4;
    %pushi/vec4 2, 0, 2;
    %cmp/u;
    %jmp/1 T_9.4, 6;
    %pushi/vec4 1, 0, 1;
    %assign/vec4 v0xbe8c86940_0, 0;
    %load/vec4 v0xbe8c86300_0;
    %cmpi/e 15, 0, 16;
    %jmp/0xz  T_9.7, 4;
    %pushi/vec4 0, 0, 16;
    %assign/vec4 v0xbe8c86300_0, 0;
    %pushi/vec4 0, 0, 2;
    %assign/vec4 v0xbe8c866c0_0, 0;
    %jmp T_9.8;
T_9.7 ;
    %load/vec4 v0xbe8c86300_0;
    %addi 1, 0, 16;
    %assign/vec4 v0xbe8c86300_0, 0;
T_9.8 ;
    %jmp T_9.6;
T_9.2 ;
    %pushi/vec4 1, 0, 1;
    %assign/vec4 v0xbe8c86940_0, 0;
    %pushi/vec4 1, 0, 1;
    %assign/vec4 v0xbe8c86800_0, 0;
    %pushi/vec4 0, 0, 1;
    %assign/vec4 v0xbe8c86440_0, 0;
    %pushi/vec4 0, 0, 4;
    %assign/vec4 v0xbe8c863a0_0, 0;
    %pushi/vec4 0, 0, 16;
    %assign/vec4 v0xbe8c86300_0, 0;
    %load/vec4 v0xbe8c868a0_0;
    %flag_set/vec4 8;
    %jmp/0xz  T_9.9, 8;
    %load/vec4 v0xbe8c86760_0;
    %assign/vec4 v0xbe8c86620_0, 0;
    %pushi/vec4 0, 0, 1;
    %assign/vec4 v0xbe8c86800_0, 0;
    %pushi/vec4 1, 0, 1;
    %assign/vec4 v0xbe8c86440_0, 0;
    %pushi/vec4 1, 0, 2;
    %assign/vec4 v0xbe8c866c0_0, 0;
T_9.9 ;
    %jmp T_9.6;
T_9.3 ;
    %pushi/vec4 0, 0, 1;
    %assign/vec4 v0xbe8c86940_0, 0;
    %load/vec4 v0xbe8c86300_0;
    %cmpi/e 15, 0, 16;
    %jmp/0xz  T_9.11, 4;
    %pushi/vec4 0, 0, 16;
    %assign/vec4 v0xbe8c86300_0, 0;
    %pushi/vec4 2, 0, 2;
    %assign/vec4 v0xbe8c866c0_0, 0;
    %jmp T_9.12;
T_9.11 ;
    %load/vec4 v0xbe8c86300_0;
    %addi 1, 0, 16;
    %assign/vec4 v0xbe8c86300_0, 0;
T_9.12 ;
    %jmp T_9.6;
T_9.4 ;
    %load/vec4 v0xbe8c86620_0;
    %parti/s 1, 0, 2;
    %assign/vec4 v0xbe8c86940_0, 0;
    %load/vec4 v0xbe8c86300_0;
    %cmpi/e 15, 0, 16;
    %jmp/0xz  T_9.13, 4;
    %pushi/vec4 0, 0, 16;
    %assign/vec4 v0xbe8c86300_0, 0;
    %pushi/vec4 0, 0, 1;
    %load/vec4 v0xbe8c86620_0;
    %parti/s 7, 1, 2;
    %concat/vec4; draw_concat_vec4
    %assign/vec4 v0xbe8c86620_0, 0;
    %load/vec4 v0xbe8c863a0_0;
    %cmpi/e 7, 0, 4;
    %jmp/0xz  T_9.15, 4;
    %pushi/vec4 3, 0, 2;
    %assign/vec4 v0xbe8c866c0_0, 0;
    %jmp T_9.16;
T_9.15 ;
    %load/vec4 v0xbe8c863a0_0;
    %addi 1, 0, 4;
    %assign/vec4 v0xbe8c863a0_0, 0;
T_9.16 ;
    %jmp T_9.14;
T_9.13 ;
    %load/vec4 v0xbe8c86300_0;
    %addi 1, 0, 16;
    %assign/vec4 v0xbe8c86300_0, 0;
T_9.14 ;
    %jmp T_9.6;
T_9.6 ;
    %pop/vec4 1;
T_9.1 ;
    %jmp T_9;
    .thread T_9;
    .scope S_0x100a2fa20;
T_10 ;
    %wait E_0xbe8c7ad00;
    %load/vec4 v0xbe8c85e00_0;
    %nor/r;
    %flag_set/vec4 8;
    %jmp/0xz  T_10.0, 8;
    %pushi/vec4 0, 0, 8;
    %assign/vec4 v0xbe8c86260_0, 0;
    %jmp T_10.1;
T_10.0 ;
    %load/vec4 v0xbe8c861c0_0;
    %assign/vec4 v0xbe8c86260_0, 0;
T_10.1 ;
    %jmp T_10;
    .thread T_10;
    .scope S_0x100a2fa20;
T_11 ;
    %wait E_0xbe8c7acc0;
    %load/vec4 v0xbe8c85e00_0;
    %nor/r;
    %flag_set/vec4 8;
    %jmp/0xz  T_11.0, 8;
    %pushi/vec4 0, 0, 3;
    %assign/vec4 v0xbe8c85c20_0, 0;
    %pushi/vec4 0, 0, 8;
    %assign/vec4 v0xbe8c85f40_0, 0;
    %pushi/vec4 0, 0, 8;
    %assign/vec4 v0xbe8c85ea0_0, 0;
    %pushi/vec4 0, 0, 1;
    %assign/vec4 v0xbe8c85fe0_0, 0;
    %jmp T_11.1;
T_11.0 ;
    %load/vec4 v0xbe8c86120_0;
    %nor/r;
    %flag_set/vec4 8;
    %jmp/0xz  T_11.2, 8;
    %load/vec4 v0xbe8c85f40_0;
    %parti/s 7, 0, 2;
    %load/vec4 v0xbe8c85d60_0;
    %concat/vec4; draw_concat_vec4
    %assign/vec4 v0xbe8c85f40_0, 0;
    %pushi/vec4 0, 0, 1;
    %assign/vec4 v0xbe8c85fe0_0, 0;
    %load/vec4 v0xbe8c85c20_0;
    %cmpi/e 7, 0, 3;
    %jmp/0xz  T_11.4, 4;
    %pushi/vec4 0, 0, 3;
    %assign/vec4 v0xbe8c85c20_0, 0;
    %load/vec4 v0xbe8c85f40_0;
    %parti/s 7, 0, 2;
    %load/vec4 v0xbe8c85d60_0;
    %concat/vec4; draw_concat_vec4
    %assign/vec4 v0xbe8c85ea0_0, 0;
    %pushi/vec4 1, 0, 1;
    %assign/vec4 v0xbe8c85fe0_0, 0;
    %jmp T_11.5;
T_11.4 ;
    %load/vec4 v0xbe8c85c20_0;
    %addi 1, 0, 3;
    %assign/vec4 v0xbe8c85c20_0, 0;
T_11.5 ;
    %jmp T_11.3;
T_11.2 ;
    %pushi/vec4 0, 0, 3;
    %assign/vec4 v0xbe8c85c20_0, 0;
    %pushi/vec4 0, 0, 1;
    %assign/vec4 v0xbe8c85fe0_0, 0;
T_11.3 ;
T_11.1 ;
    %jmp T_11;
    .thread T_11;
    .scope S_0x100a2fa20;
T_12 ;
    %wait E_0xbe8c7ac80;
    %load/vec4 v0xbe8c85e00_0;
    %nor/r;
    %flag_set/vec4 8;
    %jmp/0xz  T_12.0, 8;
    %pushi/vec4 0, 0, 1;
    %assign/vec4 v0xbe8c85cc0_0, 0;
    %pushi/vec4 0, 0, 8;
    %assign/vec4 v0xbe8c86260_0, 0;
    %jmp T_12.1;
T_12.0 ;
    %load/vec4 v0xbe8c86120_0;
    %nor/r;
    %flag_set/vec4 8;
    %jmp/0xz  T_12.2, 8;
    %load/vec4 v0xbe8c86260_0;
    %parti/s 1, 7, 4;
    %assign/vec4 v0xbe8c85cc0_0, 0;
    %load/vec4 v0xbe8c86260_0;
    %parti/s 7, 0, 2;
    %concati/vec4 0, 0, 1;
    %assign/vec4 v0xbe8c86260_0, 0;
    %jmp T_12.3;
T_12.2 ;
    %pushi/vec4 0, 0, 1;
    %assign/vec4 v0xbe8c85cc0_0, 0;
T_12.3 ;
T_12.1 ;
    %jmp T_12;
    .thread T_12;
    .scope S_0x100a2f8a0;
T_13 ;
    %wait E_0xbe8c7aac0;
    %load/vec4 v0xbe8c85b80_0;
    %nor/r;
    %flag_set/vec4 8;
    %jmp/0xz  T_13.0, 8;
    %pushi/vec4 0, 0, 1;
    %assign/vec4 v0xbe8c859a0_0, 0;
    %pushi/vec4 0, 0, 64;
    %assign/vec4 v0xbe8c85900_0, 0;
    %jmp T_13.1;
T_13.0 ;
    %load/vec4 v0xbe8c85ae0_0;
    %assign/vec4 v0xbe8c859a0_0, 0;
    %load/vec4 v0xbe8c85ae0_0;
    %flag_set/vec4 8;
    %jmp/0xz  T_13.2, 8;
    %load/vec4 v0xbe8c85a40_0;
    %assign/vec4 v0xbe8c85900_0, 0;
T_13.2 ;
T_13.1 ;
    %jmp T_13;
    .thread T_13;
    .scope S_0xbe90d4600;
T_14 ;
    %wait E_0xbe8c7aac0;
    %load/vec4 v0xbe8c9cf00_0;
    %nor/r;
    %flag_set/vec4 8;
    %jmp/0xz  T_14.0, 8;
    %pushi/vec4 0, 0, 4;
    %assign/vec4 v0xbe8c9d040_0, 0;
    %pushi/vec4 0, 0, 1;
    %assign/vec4 v0xbe8c9ce60_0, 0;
    %jmp T_14.1;
T_14.0 ;
    %load/vec4 v0xbe8c9cdc0_0;
    %flag_set/vec4 8;
    %jmp/0xz  T_14.2, 8;
    %load/vec4 v0xbe8c9cfa0_0;
    %load/vec4 v0xbe8c9cc80_0;
    %concat/vec4; draw_concat_vec4
    %load/vec4 v0xbe8c9d040_0;
    %pad/u 6;
    %ix/vec4 3;
    %ix/load 4, 0, 0; Constant delay
    %assign/vec4/a/d v0xbe8c9cd20, 0, 4;
    %load/vec4 v0xbe8c9d040_0;
    %pad/u 32;
    %cmpi/e 15, 0, 32;
    %jmp/0xz  T_14.4, 4;
    %pushi/vec4 0, 0, 4;
    %assign/vec4 v0xbe8c9d040_0, 0;
    %pushi/vec4 1, 0, 1;
    %assign/vec4 v0xbe8c9ce60_0, 0;
    %jmp T_14.5;
T_14.4 ;
    %load/vec4 v0xbe8c9d040_0;
    %addi 1, 0, 4;
    %assign/vec4 v0xbe8c9d040_0, 0;
T_14.5 ;
T_14.2 ;
T_14.1 ;
    %jmp T_14;
    .thread T_14;
    .scope S_0x100a31840;
T_15 ;
    %wait E_0xbe8c7aac0;
    %load/vec4 v0xbe8c9f340_0;
    %nor/r;
    %flag_set/vec4 8;
    %jmp/0xz  T_15.0, 8;
    %pushi/vec4 0, 0, 16;
    %assign/vec4 v0xbe8c9fa20_0, 0;
    %jmp T_15.1;
T_15.0 ;
    %load/vec4 v0xbe8c9fa20_0;
    %addi 1, 0, 16;
    %assign/vec4 v0xbe8c9fa20_0, 0;
T_15.1 ;
    %jmp T_15;
    .thread T_15;
    .scope S_0x100a31840;
T_16 ;
    %wait E_0xbe8c7aac0;
    %load/vec4 v0xbe8c9f340_0;
    %nor/r;
    %flag_set/vec4 8;
    %jmp/0xz  T_16.0, 8;
    %pushi/vec4 0, 0, 1;
    %assign/vec4 v0xbe8c9ec60_0, 0;
    %jmp T_16.1;
T_16.0 ;
    %load/vec4 v0xbe8c9ebc0_0;
    %assign/vec4 v0xbe8c9ec60_0, 0;
T_16.1 ;
    %jmp T_16;
    .thread T_16;
    .scope S_0x100a28950;
T_17 ;
    %pushi/vec4 0, 0, 1;
    %store/vec4 v0xbe8ca5360_0, 0, 1;
T_17.0 ;
    %delay 5, 0;
    %load/vec4 v0xbe8ca5360_0;
    %inv;
    %store/vec4 v0xbe8ca5360_0, 0, 1;
    %jmp T_17.0;
T_17.1 ;
    %end;
    .thread T_17;
    .scope S_0x100a28950;
T_18 ;
    %pushi/vec4 0, 0, 1;
    %store/vec4 v0xbe8ca5d60_0, 0, 1;
T_18.0 ;
    %delay 20, 0;
    %load/vec4 v0xbe8ca5d60_0;
    %inv;
    %store/vec4 v0xbe8ca5d60_0, 0, 1;
    %jmp T_18.0;
T_18.1 ;
    %end;
    .thread T_18;
    .scope S_0x100a28950;
T_19 ;
    %vpi_call/w 3 74 "$dumpfile", "sim/tb_bms_lmu_wrapper.vcd" {0 0 0};
    %vpi_call/w 3 75 "$dumpvars", 32'sb00000000000000000000000000000000, S_0x100a28950 {0 0 0};
    %pushi/vec4 0, 0, 32;
    %store/vec4 v0xbe8ca5900_0, 0, 32;
    %pushi/vec4 0, 0, 32;
    %store/vec4 v0xbe8ca5540_0, 0, 32;
    %pushi/vec4 0, 0, 1;
    %store/vec4 v0xbe8ca5a40_0, 0, 1;
    %pushi/vec4 0, 0, 1;
    %store/vec4 v0xbe8ca4fa0_0, 0, 1;
    %pushi/vec4 0, 0, 16;
    %store/vec4 v0xbe8ca4f00_0, 0, 16;
    %pushi/vec4 0, 0, 1;
    %store/vec4 v0xbe8ca5040_0, 0, 1;
    %pushi/vec4 0, 0, 16;
    %store/vec4 v0xbe8ca57c0_0, 0, 16;
    %pushi/vec4 0, 0, 16;
    %store/vec4 v0xbe8ca5860_0, 0, 16;
    %pushi/vec4 0, 0, 16;
    %store/vec4 v0xbe8ca52c0_0, 0, 16;
    %pushi/vec4 35, 0, 12;
    %store/vec4 v0xbe8ca5ea0_0, 0, 12;
    %pushi/vec4 2349383820, 0, 38;
    %concati/vec4 2349383820, 0, 36;
    %concati/vec4 2349383820, 0, 36;
    %concati/vec4 2349383820, 0, 36;
    %concati/vec4 2349383820, 0, 36;
    %concati/vec4 35, 0, 10;
    %store/vec4 v0xbe8ca5220_0, 0, 192;
    %pushi/vec4 5000, 0, 16;
    %store/vec4 v0xbe8ca5720_0, 0, 16;
    %pushi/vec4 0, 0, 1;
    %store/vec4 v0xbe8ca54a0_0, 0, 1;
    %pushi/vec4 1, 0, 2;
    %store/vec4 v0xbe8ca5400_0, 0, 2;
    %pushi/vec4 1, 0, 1;
    %store/vec4 v0xbe8ca5e00_0, 0, 1;
    %pushi/vec4 0, 0, 1;
    %store/vec4 v0xbe8ca5cc0_0, 0, 1;
    %pushi/vec4 8, 0, 32;
T_19.0 %dup/vec4;
    %cmpi/s 0, 0, 32;
    %jmp/1xz T_19.1, 5;
    %jmp/1 T_19.1, 4;
    %subi 1, 0, 32;
    %wait E_0xbe8c7b280;
    %jmp T_19.0;
T_19.1 ;
    %pop/vec4 1;
    %pushi/vec4 1, 0, 1;
    %store/vec4 v0xbe8ca5a40_0, 0, 1;
    %pushi/vec4 20, 0, 32;
T_19.2 %dup/vec4;
    %cmpi/s 0, 0, 32;
    %jmp/1xz T_19.3, 5;
    %jmp/1 T_19.3, 4;
    %subi 1, 0, 32;
    %wait E_0xbe8c7b280;
    %jmp T_19.2;
T_19.3 ;
    %pop/vec4 1;
    %pushi/vec4 3900, 0, 16;
    %store/vec4 v0xbe8ca4d20_0, 0, 16;
    %fork TD_tb_bms_lmu_wrapper.pulse_adc_sample, S_0xbe90d4a80;
    %join;
    %pushi/vec4 100, 0, 16;
    %store/vec4 v0xbe8ca57c0_0, 0, 16;
    %pushi/vec4 3800, 0, 16;
    %store/vec4 v0xbe8ca5860_0, 0, 16;
    %pushi/vec4 120, 0, 16;
    %store/vec4 v0xbe8ca52c0_0, 0, 16;
    %pushi/vec4 35, 0, 12;
    %store/vec4 v0xbe8ca5ea0_0, 0, 12;
    %pushi/vec4 2349383820, 0, 38;
    %concati/vec4 2349383820, 0, 36;
    %concati/vec4 2349383820, 0, 36;
    %concati/vec4 2349383820, 0, 36;
    %concati/vec4 2349383820, 0, 36;
    %concati/vec4 35, 0, 10;
    %store/vec4 v0xbe8ca5220_0, 0, 192;
    %pushi/vec4 5000, 0, 16;
    %store/vec4 v0xbe8ca5720_0, 0, 16;
    %pushi/vec4 0, 0, 1;
    %store/vec4 v0xbe8ca54a0_0, 0, 1;
    %pushi/vec4 25, 0, 32;
T_19.4 %dup/vec4;
    %cmpi/s 0, 0, 32;
    %jmp/1xz T_19.5, 5;
    %jmp/1 T_19.5, 4;
    %subi 1, 0, 32;
    %wait E_0xbe8c7b280;
    %jmp T_19.4;
T_19.5 ;
    %pop/vec4 1;
    %vpi_call/w 3 107 "$display", "INFO LMU nominal: fault_trip=%b fault_code=0x%0h soc=%0d soh=%0d", v0xbe8ca5680_0, v0xbe8ca55e0_0, v0xbe8ca5ae0_0, v0xbe8ca5b80_0 {0 0 0};
    %load/vec4 v0xbe8ca5ae0_0;
    %pushi/vec4 65535, 65535, 16;
    %cmp/ne;
    %flag_get/vec4 6;
    %store/vec4 v0xbe8c84320_0, 0, 1;
    %pushi/vec4 3739936992, 0, 33;
    %concati/vec4 3941089490, 0, 32;
    %concati/vec4 3863005412, 0, 32;
    %concati/vec4 3538733788, 0, 32;
    %concati/vec4 2175121537, 0, 33;
    %concati/vec4 3116217765, 0, 32;
    %concati/vec4 3112546433, 0, 32;
    %concati/vec4 593589093, 0, 30;
    %store/vec4 v0xbe8c843c0_0, 0, 256;
    %fork TD_tb_bms_lmu_wrapper.check, S_0x100a2e120;
    %join;
    %load/vec4 v0xbe8ca5b80_0;
    %pushi/vec4 65535, 65535, 16;
    %cmp/ne;
    %flag_get/vec4 6;
    %store/vec4 v0xbe8c84320_0, 0, 1;
    %pushi/vec4 3739936992, 0, 33;
    %concati/vec4 3941089490, 0, 32;
    %concati/vec4 3863005412, 0, 32;
    %concati/vec4 3538733788, 0, 32;
    %concati/vec4 2175121537, 0, 33;
    %concati/vec4 3116217765, 0, 32;
    %concati/vec4 3112546433, 0, 32;
    %concati/vec4 593589093, 0, 30;
    %store/vec4 v0xbe8c843c0_0, 0, 256;
    %fork TD_tb_bms_lmu_wrapper.check, S_0x100a2e120;
    %join;
    %pushi/vec4 4100, 0, 16;
    %store/vec4 v0xbe8ca4d20_0, 0, 16;
    %fork TD_tb_bms_lmu_wrapper.pulse_adc_sample, S_0xbe90d4a80;
    %join;
    %pushi/vec4 180, 0, 16;
    %store/vec4 v0xbe8ca57c0_0, 0, 16;
    %pushi/vec4 3950, 0, 16;
    %store/vec4 v0xbe8ca5860_0, 0, 16;
    %pushi/vec4 300, 0, 16;
    %store/vec4 v0xbe8ca52c0_0, 0, 16;
    %pushi/vec4 45, 0, 12;
    %store/vec4 v0xbe8ca5ea0_0, 0, 12;
    %pushi/vec4 20, 0, 32;
T_19.6 %dup/vec4;
    %cmpi/s 0, 0, 32;
    %jmp/1xz T_19.7, 5;
    %jmp/1 T_19.7, 4;
    %subi 1, 0, 32;
    %wait E_0xbe8c7b280;
    %jmp T_19.6;
T_19.7 ;
    %pop/vec4 1;
    %load/vec4 v0xbe8ca5ae0_0;
    %pushi/vec4 65535, 65535, 16;
    %cmp/ne;
    %flag_get/vec4 6;
    %store/vec4 v0xbe8c84320_0, 0, 1;
    %pushi/vec4 3873496796, 0, 33;
    %concati/vec4 3370533096, 0, 32;
    %concati/vec4 3728795338, 0, 32;
    %concati/vec4 3336494280, 0, 32;
    %concati/vec4 2176696725, 0, 33;
    %concati/vec4 3380990373, 0, 32;
    %concati/vec4 3114041793, 0, 32;
    %concati/vec4 795438708, 0, 30;
    %store/vec4 v0xbe8c843c0_0, 0, 256;
    %fork TD_tb_bms_lmu_wrapper.check, S_0x100a2e120;
    %join;
    %load/vec4 v0xbe8ca5b80_0;
    %pushi/vec4 65535, 65535, 16;
    %cmp/ne;
    %flag_get/vec4 6;
    %store/vec4 v0xbe8c84320_0, 0, 1;
    %pushi/vec4 2169322784, 0, 34;
    %concati/vec4 2173815205, 0, 32;
    %concati/vec4 3650467969, 0, 32;
    %concati/vec4 2241450389, 0, 32;
    %concati/vec4 3363952065, 0, 32;
    %concati/vec4 2441466261, 0, 32;
    %concati/vec4 2424409573, 0, 32;
    %concati/vec4 594306419, 0, 30;
    %store/vec4 v0xbe8c843c0_0, 0, 256;
    %fork TD_tb_bms_lmu_wrapper.check, S_0x100a2e120;
    %join;
    %pushi/vec4 50, 0, 16;
    %store/vec4 v0xbe8ca5720_0, 0, 16;
    %pushi/vec4 20, 0, 32;
T_19.8 %dup/vec4;
    %cmpi/s 0, 0, 32;
    %jmp/1xz T_19.9, 5;
    %jmp/1 T_19.9, 4;
    %subi 1, 0, 32;
    %wait E_0xbe8c7b280;
    %jmp T_19.8;
T_19.9 ;
    %pop/vec4 1;
    %load/vec4 v0xbe8ca5680_0;
    %pushi/vec4 1, 0, 1;
    %cmp/e;
    %flag_get/vec4 4;
    %store/vec4 v0xbe8c84320_0, 0, 1;
    %pushi/vec4 3270170856, 0, 33;
    %concati/vec4 2177749413, 0, 33;
    %concati/vec4 3050680789, 0, 32;
    %concati/vec4 3431040461, 0, 32;
    %concati/vec4 3449145809, 0, 32;
    %concati/vec4 3431045509, 0, 32;
    %concati/vec4 3585200509, 0, 32;
    %concati/vec4 879913328, 0, 30;
    %store/vec4 v0xbe8c843c0_0, 0, 256;
    %fork TD_tb_bms_lmu_wrapper.check, S_0x100a2e120;
    %join;
    %pushi/vec4 5000, 0, 16;
    %store/vec4 v0xbe8ca5720_0, 0, 16;
    %pushi/vec4 1, 0, 1;
    %store/vec4 v0xbe8ca54a0_0, 0, 1;
    %pushi/vec4 20, 0, 32;
T_19.10 %dup/vec4;
    %cmpi/s 0, 0, 32;
    %jmp/1xz T_19.11, 5;
    %jmp/1 T_19.11, 4;
    %subi 1, 0, 32;
    %wait E_0xbe8c7b280;
    %jmp T_19.10;
T_19.11 ;
    %pop/vec4 1;
    %load/vec4 v0xbe8ca5680_0;
    %cmpi/e 1, 0, 1;
    %flag_get/vec4 4;
    %jmp/1 T_19.12, 4;
    %load/vec4 v0xbe8ca5680_0;
    %pushi/vec4 0, 0, 1;
    %cmp/e;
    %flag_get/vec4 4;
    %or;
T_19.12;
    %store/vec4 v0xbe8c84320_0, 0, 1;
    %pushi/vec4 3906132714, 0, 33;
    %concati/vec4 3639273024, 0, 32;
    %concati/vec4 3404778182, 0, 32;
    %concati/vec4 3941124808, 0, 32;
    %concati/vec4 2178786769, 0, 33;
    %concati/vec4 2713572816, 0, 32;
    %concati/vec4 2170585549, 0, 32;
    %concati/vec4 878802021, 0, 30;
    %store/vec4 v0xbe8c843c0_0, 0, 256;
    %fork TD_tb_bms_lmu_wrapper.check, S_0x100a2e120;
    %join;
    %pushi/vec4 0, 0, 1;
    %store/vec4 v0xbe8ca54a0_0, 0, 1;
    %pushi/vec4 85, 0, 12;
    %store/vec4 v0xbe8ca5ea0_0, 0, 12;
    %pushi/vec4 2685010080, 0, 37;
    %concati/vec4 2685010080, 0, 36;
    %concati/vec4 2685010080, 0, 36;
    %concati/vec4 2685010080, 0, 36;
    %concati/vec4 2685010080, 0, 36;
    %concati/vec4 80, 0, 11;
    %store/vec4 v0xbe8ca5220_0, 0, 192;
    %pushi/vec4 3600, 0, 16;
    %store/vec4 v0xbe8ca4d20_0, 0, 16;
    %fork TD_tb_bms_lmu_wrapper.pulse_adc_sample, S_0xbe90d4a80;
    %join;
    %pushi/vec4 20, 0, 32;
T_19.13 %dup/vec4;
    %cmpi/s 0, 0, 32;
    %jmp/1xz T_19.14, 5;
    %jmp/1 T_19.14, 4;
    %subi 1, 0, 32;
    %wait E_0xbe8c7b280;
    %jmp T_19.13;
T_19.14 ;
    %pop/vec4 1;
    %load/vec4 v0xbe8ca5ae0_0;
    %pushi/vec4 65535, 65535, 16;
    %cmp/ne;
    %flag_get/vec4 6;
    %store/vec4 v0xbe8c84320_0, 0, 1;
    %pushi/vec4 3537820736, 0, 33;
    %concati/vec4 3874018010, 0, 32;
    %concati/vec4 3940084454, 0, 32;
    %concati/vec4 2175636885, 0, 33;
    %concati/vec4 3251405245, 0, 32;
    %concati/vec4 3587293653, 0, 32;
    %concati/vec4 3519840729, 0, 32;
    %concati/vec4 560752996, 0, 30;
    %store/vec4 v0xbe8c843c0_0, 0, 256;
    %fork TD_tb_bms_lmu_wrapper.check, S_0x100a2e120;
    %join;
    %pushi/vec4 0, 0, 2;
    %store/vec4 v0xbe8ca5400_0, 0, 2;
    %pushi/vec4 10, 0, 32;
T_19.15 %dup/vec4;
    %cmpi/s 0, 0, 32;
    %jmp/1xz T_19.16, 5;
    %jmp/1 T_19.16, 4;
    %subi 1, 0, 32;
    %wait E_0xbe8c7b280;
    %jmp T_19.15;
T_19.16 ;
    %pop/vec4 1;
    %load/vec4 v0xbe8ca5f40_0;
    %pushi/vec4 1, 1, 1;
    %cmp/ne;
    %flag_get/vec4 6;
    %store/vec4 v0xbe8c84320_0, 0, 1;
    %pushi/vec4 3838499522, 0, 33;
    %concati/vec4 3537692224, 0, 32;
    %concati/vec4 3370439404, 0, 32;
    %concati/vec4 3403432174, 0, 32;
    %concati/vec4 3502955584, 0, 32;
    %concati/vec4 3672033482, 0, 32;
    %concati/vec4 2173542789, 0, 33;
    %concati/vec4 778528115, 0, 30;
    %store/vec4 v0xbe8c843c0_0, 0, 256;
    %fork TD_tb_bms_lmu_wrapper.check, S_0x100a2e120;
    %join;
    %pushi/vec4 2, 0, 2;
    %store/vec4 v0xbe8ca5400_0, 0, 2;
    %pushi/vec4 10, 0, 32;
T_19.17 %dup/vec4;
    %cmpi/s 0, 0, 32;
    %jmp/1xz T_19.18, 5;
    %jmp/1 T_19.18, 4;
    %subi 1, 0, 32;
    %wait E_0xbe8c7b280;
    %jmp T_19.17;
T_19.18 ;
    %pop/vec4 1;
    %load/vec4 v0xbe8ca5180_0;
    %pushi/vec4 1, 1, 1;
    %cmp/ne;
    %flag_get/vec4 6;
    %store/vec4 v0xbe8c84320_0, 0, 1;
    %pushi/vec4 3838499522, 0, 33;
    %concati/vec4 3537692224, 0, 32;
    %concati/vec4 3370439404, 0, 32;
    %concati/vec4 3403432174, 0, 32;
    %concati/vec4 3502955584, 0, 32;
    %concati/vec4 3672033482, 0, 32;
    %concati/vec4 2173542789, 0, 33;
    %concati/vec4 778528115, 0, 30;
    %store/vec4 v0xbe8c843c0_0, 0, 256;
    %fork TD_tb_bms_lmu_wrapper.check, S_0x100a2e120;
    %join;
    %pushi/vec4 0, 0, 1;
    %store/vec4 v0xbe8ca5e00_0, 0, 1;
    %pushi/vec4 4, 0, 32;
T_19.19 %dup/vec4;
    %cmpi/s 0, 0, 32;
    %jmp/1xz T_19.20, 5;
    %jmp/1 T_19.20, 4;
    %subi 1, 0, 32;
    %load/vec4 v0xbe8ca5cc0_0;
    %inv;
    %store/vec4 v0xbe8ca5cc0_0, 0, 1;
    %wait E_0xbe8c7a9c0;
    %jmp T_19.19;
T_19.20 ;
    %pop/vec4 1;
    %pushi/vec4 1, 0, 1;
    %store/vec4 v0xbe8ca5e00_0, 0, 1;
    %pushi/vec4 10, 0, 32;
T_19.21 %dup/vec4;
    %cmpi/s 0, 0, 32;
    %jmp/1xz T_19.22, 5;
    %jmp/1 T_19.22, 4;
    %subi 1, 0, 32;
    %wait E_0xbe8c7b280;
    %jmp T_19.21;
T_19.22 ;
    %pop/vec4 1;
    %load/vec4 v0xbe8ca5c20_0;
    %pushi/vec4 1, 1, 1;
    %cmp/ne;
    %flag_get/vec4 6;
    %store/vec4 v0xbe8c84320_0, 0, 1;
    %pushi/vec4 3537692224, 0, 33;
    %concati/vec4 3370439404, 0, 32;
    %concati/vec4 3403432136, 0, 32;
    %concati/vec4 3940864732, 0, 32;
    %concati/vec4 3460359896, 0, 32;
    %concati/vec4 3270298176, 0, 32;
    %concati/vec4 3267815634, 0, 32;
    %concati/vec4 1986622585, 0, 31;
    %store/vec4 v0xbe8c843c0_0, 0, 256;
    %fork TD_tb_bms_lmu_wrapper.check, S_0x100a2e120;
    %join;
    %vpi_call/w 3 153 "$display", "LMU TB SUMMARY: PASS=%0d FAIL=%0d", v0xbe8ca5900_0, v0xbe8ca5540_0 {0 0 0};
    %load/vec4 v0xbe8ca5540_0;
    %cmpi/e 0, 0, 32;
    %jmp/0xz  T_19.23, 4;
    %vpi_call/w 3 154 "$display", "TB_RESULT: PASS" {0 0 0};
    %jmp T_19.24;
T_19.23 ;
    %vpi_call/w 3 154 "$display", "TB_RESULT: FAIL" {0 0 0};
T_19.24 ;
    %delay 50, 0;
    %vpi_call/w 3 156 "$finish" {0 0 0};
    %end;
    .thread T_19;
# The file index is used to find the file name in the following table.
:file_names 18;
    "N/A";
    "<interactive>";
    "-";
    "tb/lmu/tb_bms_lmu_wrapper.v";
    "rtl/lmu/bms_lmu_wrapper.v";
    "rtl/lmu/bms_satellite_top.v";
    "rtl/lmu/bms_adc_if.v";
    "rtl/lmu/bms_active_balancer.v";
    "rtl/common/bms_comm_hub.v";
    "rtl/common/bms_can_status_if.v";
    "rtl/common/bms_spi_slave.v";
    "rtl/common/bms_uart_tx.v";
    "rtl/lmu/bms_emi_guard.v";
    "rtl/lmu/bms_fault_processor.v";
    "rtl/lmu/bms_isolation_monitor.v";
    "rtl/lmu/bms_fault_logger.v";
    "rtl/lmu/bms_power_mgmt.v";
    "rtl/lmu/bms_soc_soh_engine.v";
