#! /opt/homebrew/Cellar/icarus-verilog/13.0/bin/vvp
:ivl_version "13.0 (stable)" "(v13_0)";
:ivl_delay_selection "TYPICAL";
:vpi_time_precision - 9;
:vpi_module "/opt/homebrew/Cellar/icarus-verilog/13.0/lib/ivl/system.vpi";
:vpi_module "/opt/homebrew/Cellar/icarus-verilog/13.0/lib/ivl/vhdl_sys.vpi";
:vpi_module "/opt/homebrew/Cellar/icarus-verilog/13.0/lib/ivl/vhdl_textio.vpi";
:vpi_module "/opt/homebrew/Cellar/icarus-verilog/13.0/lib/ivl/v2005_math.vpi";
:vpi_module "/opt/homebrew/Cellar/icarus-verilog/13.0/lib/ivl/va_math.vpi";
:vpi_module "/opt/homebrew/Cellar/icarus-verilog/13.0/lib/ivl/v2009.vpi";
S_0x104dd6c50 .scope package, "$unit" "$unit" 2 1;
 .timescale 0 0;
S_0x104dceee0 .scope module, "bms_comm_hub" "bms_comm_hub" 3 1;
 .timescale 0 0;
    .port_info 0 /INPUT 1 "clk";
    .port_info 1 /INPUT 1 "rst_n";
    .port_info 2 /INPUT 2 "comm_sel";
    .port_info 3 /INPUT 8 "tx_byte";
    .port_info 4 /INPUT 1 "tx_valid";
    .port_info 5 /INPUT 1 "spi_sclk";
    .port_info 6 /INPUT 1 "spi_ss_n";
    .port_info 7 /INPUT 1 "spi_mosi";
    .port_info 8 /OUTPUT 1 "spi_miso";
    .port_info 9 /OUTPUT 1 "uart_tx";
    .port_info 10 /OUTPUT 64 "can_frame";
    .port_info 11 /OUTPUT 1 "can_valid";
    .port_info 12 /OUTPUT 1 "comm_active";
o0xc50844a30 .functor BUFZ 1, c4<z>; HiZ drive
L_0xc5106cf50 .functor AND 1, o0xc50844a30, L_0xc510c2800, C4<1>, C4<1>;
L_0xc5106cfc0 .functor AND 1, o0xc50844a30, L_0xc510c28a0, C4<1>, C4<1>;
o0xc508443a0 .functor BUFZ 1, c4<z>; HiZ drive
L_0xc5106d030 .functor NOT 1, o0xc508443a0, C4<0>, C4<0>, C4<0>;
L_0xc5106d0a0 .functor OR 1, v0xc510a8be0_0, L_0xc5106d030, C4<0>, C4<0>;
L_0xc5106d110 .functor OR 1, L_0xc5106d0a0, v0xc510a8140_0, C4<0>, C4<0>;
L_0xc50878010 .functor BUFT 1, C4<00>, C4<0>, C4<0>, C4<0>;
v0xc510a9180_0 .net/2u *"_ivl_0", 1 0, L_0xc50878010;  1 drivers
L_0xc508780a0 .functor BUFT 1, C4<00000000000000000000000000000000000000000000000000000000>, C4<0>, C4<0>, C4<0>;
v0xc510a9220_0 .net/2u *"_ivl_12", 55 0, L_0xc508780a0;  1 drivers
v0xc510a92c0_0 .net *"_ivl_16", 0 0, L_0xc5106d030;  1 drivers
v0xc510a9360_0 .net *"_ivl_18", 0 0, L_0xc5106d0a0;  1 drivers
v0xc510a9400_0 .net *"_ivl_2", 0 0, L_0xc510c2800;  1 drivers
L_0xc50878058 .functor BUFT 1, C4<10>, C4<0>, C4<0>, C4<0>;
v0xc510a94a0_0 .net/2u *"_ivl_6", 1 0, L_0xc50878058;  1 drivers
v0xc510a9540_0 .net *"_ivl_8", 0 0, L_0xc510c28a0;  1 drivers
v0xc510a95e0_0 .net "can_frame", 63 0, v0xc510a80a0_0;  1 drivers
v0xc510a9680_0 .net "can_valid", 0 0, v0xc510a8140_0;  1 drivers
o0xc50844010 .functor BUFZ 1, c4<z>; HiZ drive
v0xc510a9720_0 .net "clk", 0 0, o0xc50844010;  0 drivers
v0xc510a97c0_0 .net "comm_active", 0 0, L_0xc5106d110;  1 drivers
o0xc50844a00 .functor BUFZ 2, c4<zz>; HiZ drive
v0xc510a9860_0 .net "comm_sel", 1 0, o0xc50844a00;  0 drivers
o0xc50844100 .functor BUFZ 1, c4<z>; HiZ drive
v0xc510a9900_0 .net "rst_n", 0 0, o0xc50844100;  0 drivers
v0xc510a99a0_0 .net "spi_miso", 0 0, v0xc510a8460_0;  1 drivers
o0xc508442b0 .functor BUFZ 1, c4<z>; HiZ drive
v0xc510a9a40_0 .net "spi_mosi", 0 0, o0xc508442b0;  0 drivers
o0xc50844370 .functor BUFZ 1, c4<z>; HiZ drive
v0xc510a9ae0_0 .net "spi_sclk", 0 0, o0xc50844370;  0 drivers
v0xc510a9b80_0 .net "spi_ss_n", 0 0, o0xc508443a0;  0 drivers
o0xc508443d0 .functor BUFZ 8, c4<zzzzzzzz>; HiZ drive
v0xc510a9c20_0 .net "tx_byte", 7 0, o0xc508443d0;  0 drivers
v0xc510a9cc0_0 .net "tx_valid", 0 0, o0xc50844a30;  0 drivers
v0xc510a9d60_0 .net "uart_busy", 0 0, v0xc510a8be0_0;  1 drivers
v0xc510a9e00_0 .net "uart_ready", 0 0, v0xc510a8fa0_0;  1 drivers
v0xc510a9ea0_0 .net "uart_tx", 0 0, v0xc510a90e0_0;  1 drivers
L_0xc510c2800 .cmp/eq 2, o0xc50844a00, L_0xc50878010;
L_0xc510c28a0 .cmp/eq 2, o0xc50844a00, L_0xc50878058;
L_0x104dccd00 .concat [ 8 56 0 0], o0xc508443d0, L_0xc508780a0;
S_0x104dc2970 .scope module, "u_can" "bms_can_status_if" 3 40, 4 1 0, S_0x104dceee0;
 .timescale 0 0;
    .port_info 0 /INPUT 1 "clk";
    .port_info 1 /INPUT 1 "rst_n";
    .port_info 2 /INPUT 1 "push";
    .port_info 3 /INPUT 64 "payload";
    .port_info 4 /OUTPUT 1 "frame_valid";
    .port_info 5 /OUTPUT 64 "frame_data";
v0xc510a8000_0 .net "clk", 0 0, o0xc50844010;  alias, 0 drivers
v0xc510a80a0_0 .var "frame_data", 63 0;
v0xc510a8140_0 .var "frame_valid", 0 0;
v0xc510a81e0_0 .net "payload", 63 0, L_0x104dccd00;  1 drivers
v0xc510a8280_0 .net "push", 0 0, L_0xc5106cfc0;  1 drivers
v0xc510a8320_0 .net "rst_n", 0 0, o0xc50844100;  alias, 0 drivers
E_0xc50c21300/0 .event negedge, v0xc510a8320_0;
E_0xc50c21300/1 .event posedge, v0xc510a8000_0;
E_0xc50c21300 .event/or E_0xc50c21300/0, E_0xc50c21300/1;
S_0x104dc9b50 .scope module, "u_spi" "bms_spi_slave" 3 29, 5 1 0, S_0x104dceee0;
 .timescale 0 0;
    .port_info 0 /INPUT 1 "sclk";
    .port_info 1 /INPUT 1 "rst_n";
    .port_info 2 /INPUT 1 "ss_n";
    .port_info 3 /INPUT 1 "mosi";
    .port_info 4 /INPUT 8 "tx_byte";
    .port_info 5 /OUTPUT 1 "miso";
    .port_info 6 /OUTPUT 8 "rx_byte";
    .port_info 7 /OUTPUT 1 "rx_valid";
v0xc510a83c0_0 .var "bit_cnt", 2 0;
v0xc510a8460_0 .var "miso", 0 0;
v0xc510a8500_0 .net "mosi", 0 0, o0xc508442b0;  alias, 0 drivers
v0xc510a85a0_0 .net "rst_n", 0 0, o0xc50844100;  alias, 0 drivers
v0xc510a8640_0 .var "rx_byte", 7 0;
v0xc510a86e0_0 .var "rx_shift", 7 0;
v0xc510a8780_0 .var "rx_valid", 0 0;
v0xc510a8820_0 .net "sclk", 0 0, o0xc50844370;  alias, 0 drivers
v0xc510a88c0_0 .net "ss_n", 0 0, o0xc508443a0;  alias, 0 drivers
v0xc510a8960_0 .net "tx_byte", 7 0, o0xc508443d0;  alias, 0 drivers
v0xc510a8a00_0 .var "tx_shift", 7 0;
E_0xc50c21340 .event negedge, v0xc510a8320_0, v0xc510a8820_0;
E_0xc50c21380/0 .event negedge, v0xc510a8320_0;
E_0xc50c21380/1 .event posedge, v0xc510a8820_0;
E_0xc50c21380 .event/or E_0xc50c21380/0, E_0xc50c21380/1;
E_0xc50c213c0 .event negedge, v0xc510a8320_0, v0xc510a88c0_0;
S_0x104dc9cd0 .scope module, "u_uart" "bms_uart_tx" 3 19, 6 1 0, S_0x104dceee0;
 .timescale 0 0;
    .port_info 0 /INPUT 1 "clk";
    .port_info 1 /INPUT 1 "rst_n";
    .port_info 2 /INPUT 8 "tx_byte";
    .port_info 3 /INPUT 1 "tx_valid";
    .port_info 4 /OUTPUT 1 "tx_ready";
    .port_info 5 /OUTPUT 1 "tx_wire";
    .port_info 6 /OUTPUT 1 "busy";
P_0x104dce690 .param/l "CLKS_PER_BIT" 0 6 2, C4<0000000000010000>;
P_0x104dce6d0 .param/l "ST_DATA" 1 6 19, C4<10>;
P_0x104dce710 .param/l "ST_IDLE" 1 6 17, C4<00>;
P_0x104dce750 .param/l "ST_START" 1 6 18, C4<01>;
P_0x104dce790 .param/l "ST_STOP" 1 6 20, C4<11>;
v0xc510a8aa0_0 .var "baud_cnt", 15 0;
v0xc510a8b40_0 .var "bit_idx", 3 0;
v0xc510a8be0_0 .var "busy", 0 0;
v0xc510a8c80_0 .net "clk", 0 0, o0xc50844010;  alias, 0 drivers
v0xc510a8d20_0 .net "rst_n", 0 0, o0xc50844100;  alias, 0 drivers
v0xc510a8dc0_0 .var "shreg", 7 0;
v0xc510a8e60_0 .var "state", 1 0;
v0xc510a8f00_0 .net "tx_byte", 7 0, o0xc508443d0;  alias, 0 drivers
v0xc510a8fa0_0 .var "tx_ready", 0 0;
v0xc510a9040_0 .net "tx_valid", 0 0, L_0xc5106cf50;  1 drivers
v0xc510a90e0_0 .var "tx_wire", 0 0;
S_0x104dc27f0 .scope module, "tb_bms_master_control_unit_enhanced" "tb_bms_master_control_unit_enhanced" 7 2;
 .timescale -9 -9;
v0xc510c0fa0_0 .net "active_lmu_id", 1 0, v0xc510ab3e0_0;  1 drivers
v0xc510c1040_0 .net "allowed_current", 15 0, v0xc510aa120_0;  1 drivers
v0xc510c10e0_0 .var "clk", 0 0;
v0xc510c1180_0 .net "current_trip", 0 0, v0xc510aa260_0;  1 drivers
v0xc510c1220_0 .net "current_warn", 0 0, v0xc510aa300_0;  1 drivers
v0xc510c12c0_0 .var/i "fail_count", 31 0;
v0xc510c1360_0 .net "global_fault", 0 0, v0xc510ab700_0;  1 drivers
v0xc510c1400_0 .net "global_fault_code", 7 0, v0xc510ab7a0_0;  1 drivers
v0xc510c14a0_0 .var "lmu0_fault", 0 0;
v0xc510c1540_0 .var "lmu0_fault_code", 7 0;
v0xc510c15e0_0 .var "lmu0_soc", 15 0;
v0xc510c1680_0 .var "lmu0_soh", 15 0;
v0xc510c1720_0 .var "lmu0_temp_die", 11 0;
v0xc510c17c0_0 .var "lmu1_fault", 0 0;
v0xc510c1860_0 .var "lmu1_fault_code", 7 0;
v0xc510c1900_0 .var "lmu1_soc", 15 0;
v0xc510c19a0_0 .var "lmu1_soh", 15 0;
v0xc510c1a40_0 .var "lmu1_temp_die", 11 0;
v0xc510c1ae0_0 .var "lmu2_fault", 0 0;
v0xc510c1b80_0 .var "lmu2_fault_code", 7 0;
v0xc510c1c20_0 .var "lmu2_soc", 15 0;
v0xc510c1cc0_0 .var "lmu2_soh", 15 0;
v0xc510c1d60_0 .var "lmu2_temp_die", 11 0;
v0xc510c1e00_0 .net "lmu_count_fault", 0 0, v0xc510aa440_0;  1 drivers
v0xc510c1ea0_0 .net "max_temp_seen", 11 0, v0xc510c0280_0;  1 drivers
v0xc510c1f40_0 .var "pack_current", 15 0;
v0xc510c1fe0_0 .net "pack_soc_avg", 15 0, v0xc510c03c0_0;  1 drivers
v0xc510c2080_0 .net "pack_soh_avg", 15 0, v0xc510c0460_0;  1 drivers
v0xc510c2120_0 .var/i "pass_count", 31 0;
v0xc510c21c0_0 .net "poll_busy", 0 0, v0xc510c0500_0;  1 drivers
v0xc510c2260_0 .var "rst_n", 0 0;
v0xc510c2300_0 .net "spi_cs_n", 2 0, v0xc510aab20_0;  1 drivers
v0xc510c23a0_0 .var "spi_miso", 0 0;
v0xc510c2440_0 .net "spi_mosi", 0 0, v0xc510aad00_0;  1 drivers
v0xc510c24e0_0 .net "spi_sclk", 0 0, v0xc510aaf80_0;  1 drivers
v0xc510c2580_0 .var "start_poll", 0 0;
v0xc510c2620_0 .net "supervisor_code", 7 0, v0xc510aa6c0_0;  1 drivers
v0xc510c26c0_0 .net "thermal_trip", 0 0, v0xc510aa760_0;  1 drivers
v0xc510c2760_0 .net "thermal_warn", 0 0, v0xc510aa800_0;  1 drivers
S_0x104dce7d0 .scope task, "check" "check" 7 42, 7 42 0, S_0x104dc27f0;
 .timescale -9 -9;
v0xc510a9f40_0 .var "cond", 0 0;
v0xc510a9fe0_0 .var "msg", 255 0;
TD_tb_bms_master_control_unit_enhanced.check ;
    %load/vec4 v0xc510a9f40_0;
    %flag_set/vec4 8;
    %jmp/0xz  T_0.0, 8;
    %load/vec4 v0xc510c2120_0;
    %addi 1, 0, 32;
    %store/vec4 v0xc510c2120_0, 0, 32;
    %vpi_call/w 7 48 "$display", "PASS: %0s", v0xc510a9fe0_0 {0 0 0};
    %jmp T_0.1;
T_0.0 ;
    %load/vec4 v0xc510c12c0_0;
    %addi 1, 0, 32;
    %store/vec4 v0xc510c12c0_0, 0, 32;
    %vpi_call/w 7 51 "$display", "FAIL: %0s", v0xc510a9fe0_0 {0 0 0};
T_0.1 ;
    %end;
S_0x104dcd9f0 .scope module, "dut" "bms_master_control_unit_enhanced" 7 28, 8 1 0, S_0x104dc27f0;
 .timescale 0 0;
    .port_info 0 /INPUT 1 "clk";
    .port_info 1 /INPUT 1 "rst_n";
    .port_info 2 /INPUT 1 "start_poll";
    .port_info 3 /INPUT 1 "spi_miso";
    .port_info 4 /INPUT 16 "pack_current";
    .port_info 5 /INPUT 12 "lmu0_temp_die";
    .port_info 6 /INPUT 12 "lmu1_temp_die";
    .port_info 7 /INPUT 12 "lmu2_temp_die";
    .port_info 8 /INPUT 16 "lmu0_soc";
    .port_info 9 /INPUT 16 "lmu1_soc";
    .port_info 10 /INPUT 16 "lmu2_soc";
    .port_info 11 /INPUT 16 "lmu0_soh";
    .port_info 12 /INPUT 16 "lmu1_soh";
    .port_info 13 /INPUT 16 "lmu2_soh";
    .port_info 14 /INPUT 1 "lmu0_fault";
    .port_info 15 /INPUT 1 "lmu1_fault";
    .port_info 16 /INPUT 1 "lmu2_fault";
    .port_info 17 /INPUT 8 "lmu0_fault_code";
    .port_info 18 /INPUT 8 "lmu1_fault_code";
    .port_info 19 /INPUT 8 "lmu2_fault_code";
    .port_info 20 /OUTPUT 1 "spi_sclk";
    .port_info 21 /OUTPUT 1 "spi_mosi";
    .port_info 22 /OUTPUT 3 "spi_cs_n";
    .port_info 23 /OUTPUT 16 "pack_soc_avg";
    .port_info 24 /OUTPUT 16 "pack_soh_avg";
    .port_info 25 /OUTPUT 1 "global_fault";
    .port_info 26 /OUTPUT 8 "global_fault_code";
    .port_info 27 /OUTPUT 2 "active_lmu_id";
    .port_info 28 /OUTPUT 1 "poll_busy";
    .port_info 29 /OUTPUT 1 "current_warn";
    .port_info 30 /OUTPUT 1 "current_trip";
    .port_info 31 /OUTPUT 1 "thermal_warn";
    .port_info 32 /OUTPUT 1 "thermal_trip";
    .port_info 33 /OUTPUT 1 "lmu_count_fault";
    .port_info 34 /OUTPUT 16 "allowed_current";
    .port_info 35 /OUTPUT 8 "supervisor_code";
    .port_info 36 /OUTPUT 12 "max_temp_seen";
P_0x104dcdb70 .param/l "ST_EVAL" 1 8 55, C4<100>;
P_0x104dcdbb0 .param/l "ST_IDLE" 1 8 51, C4<000>;
P_0x104dcdbf0 .param/l "ST_LMU0" 1 8 52, C4<001>;
P_0x104dcdc30 .param/l "ST_LMU1" 1 8 53, C4<010>;
P_0x104dcdc70 .param/l "ST_LMU2" 1 8 54, C4<011>;
L_0xc508780e8 .functor BUFT 1, C4<0011>, C4<0>, C4<0>, C4<0>;
v0xc510ab340_0 .net "active_lmu_count", 3 0, L_0xc508780e8;  1 drivers
v0xc510ab3e0_0 .var "active_lmu_id", 1 0;
v0xc510ab480_0 .net "allowed_current", 15 0, v0xc510aa120_0;  alias, 1 drivers
v0xc510ab520_0 .net "clk", 0 0, v0xc510c10e0_0;  1 drivers
v0xc510ab5c0_0 .net "current_trip", 0 0, v0xc510aa260_0;  alias, 1 drivers
v0xc510ab660_0 .net "current_warn", 0 0, v0xc510aa300_0;  alias, 1 drivers
v0xc510ab700_0 .var "global_fault", 0 0;
v0xc510ab7a0_0 .var "global_fault_code", 7 0;
v0xc510ab840_0 .net "lmu0_fault", 0 0, v0xc510c14a0_0;  1 drivers
v0xc510ab8e0_0 .net "lmu0_fault_code", 7 0, v0xc510c1540_0;  1 drivers
v0xc510ab980_0 .net "lmu0_soc", 15 0, v0xc510c15e0_0;  1 drivers
v0xc510aba20_0 .net "lmu0_soh", 15 0, v0xc510c1680_0;  1 drivers
v0xc510abac0_0 .net "lmu0_temp_die", 11 0, v0xc510c1720_0;  1 drivers
v0xc510abb60_0 .net "lmu1_fault", 0 0, v0xc510c17c0_0;  1 drivers
v0xc510abc00_0 .net "lmu1_fault_code", 7 0, v0xc510c1860_0;  1 drivers
v0xc510abca0_0 .net "lmu1_soc", 15 0, v0xc510c1900_0;  1 drivers
v0xc510abd40_0 .net "lmu1_soh", 15 0, v0xc510c19a0_0;  1 drivers
v0xc510abde0_0 .net "lmu1_temp_die", 11 0, v0xc510c1a40_0;  1 drivers
v0xc510abe80_0 .net "lmu2_fault", 0 0, v0xc510c1ae0_0;  1 drivers
v0xc510abf20_0 .net "lmu2_fault_code", 7 0, v0xc510c1b80_0;  1 drivers
v0xc510c0000_0 .net "lmu2_soc", 15 0, v0xc510c1c20_0;  1 drivers
v0xc510c00a0_0 .net "lmu2_soh", 15 0, v0xc510c1cc0_0;  1 drivers
v0xc510c0140_0 .net "lmu2_temp_die", 11 0, v0xc510c1d60_0;  1 drivers
v0xc510c01e0_0 .net "lmu_count_fault", 0 0, v0xc510aa440_0;  alias, 1 drivers
v0xc510c0280_0 .var "max_temp_seen", 11 0;
v0xc510c0320_0 .net "pack_current", 15 0, v0xc510c1f40_0;  1 drivers
v0xc510c03c0_0 .var "pack_soc_avg", 15 0;
v0xc510c0460_0 .var "pack_soh_avg", 15 0;
v0xc510c0500_0 .var "poll_busy", 0 0;
v0xc510c05a0_0 .net "rst_n", 0 0, v0xc510c2260_0;  1 drivers
v0xc510c0640_0 .net "spi_busy", 0 0, v0xc510aa940_0;  1 drivers
v0xc510c06e0_0 .net "spi_cs_n", 2 0, v0xc510aab20_0;  alias, 1 drivers
v0xc510c0780_0 .net "spi_done", 0 0, v0xc510aabc0_0;  1 drivers
v0xc510c0820_0 .net "spi_miso", 0 0, v0xc510c23a0_0;  1 drivers
v0xc510c08c0_0 .net "spi_mosi", 0 0, v0xc510aad00_0;  alias, 1 drivers
v0xc510c0960_0 .net "spi_rx_byte", 7 0, v0xc510aae40_0;  1 drivers
v0xc510c0a00_0 .net "spi_sclk", 0 0, v0xc510aaf80_0;  alias, 1 drivers
v0xc510c0aa0_0 .var "spi_slave_sel", 1 0;
v0xc510c0b40_0 .var "spi_start", 0 0;
v0xc510c0be0_0 .var "spi_tx_byte", 7 0;
v0xc510c0c80_0 .net "start_poll", 0 0, v0xc510c2580_0;  1 drivers
v0xc510c0d20_0 .var "state", 2 0;
v0xc510c0dc0_0 .net "supervisor_code", 7 0, v0xc510aa6c0_0;  alias, 1 drivers
v0xc510c0e60_0 .net "thermal_trip", 0 0, v0xc510aa760_0;  alias, 1 drivers
v0xc510c0f00_0 .net "thermal_warn", 0 0, v0xc510aa800_0;  alias, 1 drivers
S_0x104dcce40 .scope module, "u_curr_sup" "bms_current_limit_supervisor" 8 62, 9 1 0, S_0x104dcd9f0;
 .timescale 0 0;
    .port_info 0 /INPUT 1 "clk";
    .port_info 1 /INPUT 1 "rst_n";
    .port_info 2 /INPUT 16 "pack_current";
    .port_info 3 /INPUT 12 "max_temp_seen";
    .port_info 4 /INPUT 4 "active_lmu_count";
    .port_info 5 /INPUT 1 "global_fault_in";
    .port_info 6 /OUTPUT 1 "current_warn";
    .port_info 7 /OUTPUT 1 "current_trip";
    .port_info 8 /OUTPUT 1 "thermal_warn";
    .port_info 9 /OUTPUT 1 "thermal_trip";
    .port_info 10 /OUTPUT 1 "lmu_count_fault";
    .port_info 11 /OUTPUT 16 "allowed_current";
    .port_info 12 /OUTPUT 8 "supervisor_code";
P_0x104dcb880 .param/l "MCU_MAX_LMU_COUNT" 0 9 6, C4<0011>;
P_0x104dcb8c0 .param/l "MCU_MAX_PACK_CURRENT" 0 9 2, C4<0000000100101100>;
P_0x104dcb900 .param/l "MCU_MAX_TEMP" 0 9 4, C4<000001010000>;
P_0x104dcb940 .param/l "MCU_WARN_PACK_CURRENT" 0 9 3, C4<0000000011110000>;
P_0x104dcb980 .param/l "MCU_WARN_TEMP" 0 9 5, C4<000001000001>;
v0xc510aa080_0 .net "active_lmu_count", 3 0, L_0xc508780e8;  alias, 1 drivers
v0xc510aa120_0 .var "allowed_current", 15 0;
v0xc510aa1c0_0 .net "clk", 0 0, v0xc510c10e0_0;  alias, 1 drivers
v0xc510aa260_0 .var "current_trip", 0 0;
v0xc510aa300_0 .var "current_warn", 0 0;
v0xc510aa3a0_0 .net "global_fault_in", 0 0, v0xc510ab700_0;  alias, 1 drivers
v0xc510aa440_0 .var "lmu_count_fault", 0 0;
v0xc510aa4e0_0 .net "max_temp_seen", 11 0, v0xc510c0280_0;  alias, 1 drivers
v0xc510aa580_0 .net "pack_current", 15 0, v0xc510c1f40_0;  alias, 1 drivers
v0xc510aa620_0 .net "rst_n", 0 0, v0xc510c2260_0;  alias, 1 drivers
v0xc510aa6c0_0 .var "supervisor_code", 7 0;
v0xc510aa760_0 .var "thermal_trip", 0 0;
v0xc510aa800_0 .var "thermal_warn", 0 0;
E_0xc50c217c0/0 .event negedge, v0xc510aa620_0;
E_0xc50c217c0/1 .event posedge, v0xc510aa1c0_0;
E_0xc50c217c0 .event/or E_0xc50c217c0/0, E_0xc50c217c0/1;
S_0x104dcaf50 .scope module, "u_spi_master" "bms_spi_master" 8 57, 10 1 0, S_0x104dcd9f0;
 .timescale 0 0;
    .port_info 0 /INPUT 1 "clk";
    .port_info 1 /INPUT 1 "rst_n";
    .port_info 2 /INPUT 1 "start";
    .port_info 3 /INPUT 2 "slave_sel";
    .port_info 4 /INPUT 8 "tx_byte";
    .port_info 5 /INPUT 1 "miso";
    .port_info 6 /OUTPUT 1 "busy";
    .port_info 7 /OUTPUT 1 "done";
    .port_info 8 /OUTPUT 8 "rx_byte";
    .port_info 9 /OUTPUT 1 "sclk";
    .port_info 10 /OUTPUT 1 "mosi";
    .port_info 11 /OUTPUT 3 "cs_n";
P_0x104dcb0d0 .param/l "CLK_DIV" 0 10 2, C4<00001000>;
P_0x104dcb110 .param/l "CPHA" 0 10 4, C4<00>;
P_0x104dcb150 .param/l "CPOL" 0 10 3, C4<00>;
P_0x104dcb190 .param/l "ST_DONE" 1 10 27, C4<10>;
P_0x104dcb1d0 .param/l "ST_IDLE" 1 10 25, C4<00>;
P_0x104dcb210 .param/l "ST_SHIFT" 1 10 26, C4<01>;
v0xc510aa8a0_0 .var "bit_cnt", 3 0;
v0xc510aa940_0 .var "busy", 0 0;
v0xc510aa9e0_0 .net "clk", 0 0, v0xc510c10e0_0;  alias, 1 drivers
v0xc510aaa80_0 .var "clk_cnt", 7 0;
v0xc510aab20_0 .var "cs_n", 2 0;
v0xc510aabc0_0 .var "done", 0 0;
v0xc510aac60_0 .net "miso", 0 0, v0xc510c23a0_0;  alias, 1 drivers
v0xc510aad00_0 .var "mosi", 0 0;
v0xc510aada0_0 .net "rst_n", 0 0, v0xc510c2260_0;  alias, 1 drivers
v0xc510aae40_0 .var "rx_byte", 7 0;
v0xc510aaee0_0 .var "rx_shift", 7 0;
v0xc510aaf80_0 .var "sclk", 0 0;
v0xc510ab020_0 .net "slave_sel", 1 0, v0xc510c0aa0_0;  1 drivers
v0xc510ab0c0_0 .net "start", 0 0, v0xc510c0b40_0;  1 drivers
v0xc510ab160_0 .var "state", 1 0;
v0xc510ab200_0 .net "tx_byte", 7 0, v0xc510c0be0_0;  1 drivers
v0xc510ab2a0_0 .var "tx_shift", 7 0;
S_0x104dda920 .scope task, "poll_once" "poll_once" 7 56, 7 56 0, S_0x104dc27f0;
 .timescale -9 -9;
E_0xc50c21980 .event posedge, v0xc510aa1c0_0;
TD_tb_bms_master_control_unit_enhanced.poll_once ;
    %pushi/vec4 1, 0, 1;
    %store/vec4 v0xc510c2580_0, 0, 1;
    %wait E_0xc50c21980;
    %pushi/vec4 0, 0, 1;
    %store/vec4 v0xc510c2580_0, 0, 1;
    %pushi/vec4 40, 0, 32;
T_1.2 %dup/vec4;
    %cmpi/s 0, 0, 32;
    %jmp/1xz T_1.3, 5;
    %jmp/1 T_1.3, 4;
    %subi 1, 0, 32;
    %wait E_0xc50c21980;
    %jmp T_1.2;
T_1.3 ;
    %pop/vec4 1;
    %end;
    .scope S_0x104dc9cd0;
T_2 ;
    %wait E_0xc50c21300;
    %load/vec4 v0xc510a8d20_0;
    %nor/r;
    %flag_set/vec4 8;
    %jmp/0xz  T_2.0, 8;
    %pushi/vec4 0, 0, 2;
    %assign/vec4 v0xc510a8e60_0, 0;
    %pushi/vec4 0, 0, 4;
    %assign/vec4 v0xc510a8b40_0, 0;
    %pushi/vec4 0, 0, 8;
    %assign/vec4 v0xc510a8dc0_0, 0;
    %pushi/vec4 0, 0, 16;
    %assign/vec4 v0xc510a8aa0_0, 0;
    %pushi/vec4 1, 0, 1;
    %assign/vec4 v0xc510a8fa0_0, 0;
    %pushi/vec4 1, 0, 1;
    %assign/vec4 v0xc510a90e0_0, 0;
    %pushi/vec4 0, 0, 1;
    %assign/vec4 v0xc510a8be0_0, 0;
    %jmp T_2.1;
T_2.0 ;
    %load/vec4 v0xc510a8e60_0;
    %dup/vec4;
    %pushi/vec4 0, 0, 2;
    %cmp/u;
    %jmp/1 T_2.2, 6;
    %dup/vec4;
    %pushi/vec4 1, 0, 2;
    %cmp/u;
    %jmp/1 T_2.3, 6;
    %dup/vec4;
    %pushi/vec4 2, 0, 2;
    %cmp/u;
    %jmp/1 T_2.4, 6;
    %pushi/vec4 1, 0, 1;
    %assign/vec4 v0xc510a90e0_0, 0;
    %load/vec4 v0xc510a8aa0_0;
    %cmpi/e 15, 0, 16;
    %jmp/0xz  T_2.7, 4;
    %pushi/vec4 0, 0, 16;
    %assign/vec4 v0xc510a8aa0_0, 0;
    %pushi/vec4 0, 0, 2;
    %assign/vec4 v0xc510a8e60_0, 0;
    %jmp T_2.8;
T_2.7 ;
    %load/vec4 v0xc510a8aa0_0;
    %addi 1, 0, 16;
    %assign/vec4 v0xc510a8aa0_0, 0;
T_2.8 ;
    %jmp T_2.6;
T_2.2 ;
    %pushi/vec4 1, 0, 1;
    %assign/vec4 v0xc510a90e0_0, 0;
    %pushi/vec4 1, 0, 1;
    %assign/vec4 v0xc510a8fa0_0, 0;
    %pushi/vec4 0, 0, 1;
    %assign/vec4 v0xc510a8be0_0, 0;
    %pushi/vec4 0, 0, 4;
    %assign/vec4 v0xc510a8b40_0, 0;
    %pushi/vec4 0, 0, 16;
    %assign/vec4 v0xc510a8aa0_0, 0;
    %load/vec4 v0xc510a9040_0;
    %flag_set/vec4 8;
    %jmp/0xz  T_2.9, 8;
    %load/vec4 v0xc510a8f00_0;
    %assign/vec4 v0xc510a8dc0_0, 0;
    %pushi/vec4 0, 0, 1;
    %assign/vec4 v0xc510a8fa0_0, 0;
    %pushi/vec4 1, 0, 1;
    %assign/vec4 v0xc510a8be0_0, 0;
    %pushi/vec4 1, 0, 2;
    %assign/vec4 v0xc510a8e60_0, 0;
T_2.9 ;
    %jmp T_2.6;
T_2.3 ;
    %pushi/vec4 0, 0, 1;
    %assign/vec4 v0xc510a90e0_0, 0;
    %load/vec4 v0xc510a8aa0_0;
    %cmpi/e 15, 0, 16;
    %jmp/0xz  T_2.11, 4;
    %pushi/vec4 0, 0, 16;
    %assign/vec4 v0xc510a8aa0_0, 0;
    %pushi/vec4 2, 0, 2;
    %assign/vec4 v0xc510a8e60_0, 0;
    %jmp T_2.12;
T_2.11 ;
    %load/vec4 v0xc510a8aa0_0;
    %addi 1, 0, 16;
    %assign/vec4 v0xc510a8aa0_0, 0;
T_2.12 ;
    %jmp T_2.6;
T_2.4 ;
    %load/vec4 v0xc510a8dc0_0;
    %parti/s 1, 0, 2;
    %assign/vec4 v0xc510a90e0_0, 0;
    %load/vec4 v0xc510a8aa0_0;
    %cmpi/e 15, 0, 16;
    %jmp/0xz  T_2.13, 4;
    %pushi/vec4 0, 0, 16;
    %assign/vec4 v0xc510a8aa0_0, 0;
    %pushi/vec4 0, 0, 1;
    %load/vec4 v0xc510a8dc0_0;
    %parti/s 7, 1, 2;
    %concat/vec4; draw_concat_vec4
    %assign/vec4 v0xc510a8dc0_0, 0;
    %load/vec4 v0xc510a8b40_0;
    %cmpi/e 7, 0, 4;
    %jmp/0xz  T_2.15, 4;
    %pushi/vec4 3, 0, 2;
    %assign/vec4 v0xc510a8e60_0, 0;
    %jmp T_2.16;
T_2.15 ;
    %load/vec4 v0xc510a8b40_0;
    %addi 1, 0, 4;
    %assign/vec4 v0xc510a8b40_0, 0;
T_2.16 ;
    %jmp T_2.14;
T_2.13 ;
    %load/vec4 v0xc510a8aa0_0;
    %addi 1, 0, 16;
    %assign/vec4 v0xc510a8aa0_0, 0;
T_2.14 ;
    %jmp T_2.6;
T_2.6 ;
    %pop/vec4 1;
T_2.1 ;
    %jmp T_2;
    .thread T_2;
    .scope S_0x104dc9b50;
T_3 ;
    %wait E_0xc50c213c0;
    %load/vec4 v0xc510a85a0_0;
    %nor/r;
    %flag_set/vec4 8;
    %jmp/0xz  T_3.0, 8;
    %pushi/vec4 0, 0, 8;
    %assign/vec4 v0xc510a8a00_0, 0;
    %jmp T_3.1;
T_3.0 ;
    %load/vec4 v0xc510a8960_0;
    %assign/vec4 v0xc510a8a00_0, 0;
T_3.1 ;
    %jmp T_3;
    .thread T_3;
    .scope S_0x104dc9b50;
T_4 ;
    %wait E_0xc50c21380;
    %load/vec4 v0xc510a85a0_0;
    %nor/r;
    %flag_set/vec4 8;
    %jmp/0xz  T_4.0, 8;
    %pushi/vec4 0, 0, 3;
    %assign/vec4 v0xc510a83c0_0, 0;
    %pushi/vec4 0, 0, 8;
    %assign/vec4 v0xc510a86e0_0, 0;
    %pushi/vec4 0, 0, 8;
    %assign/vec4 v0xc510a8640_0, 0;
    %pushi/vec4 0, 0, 1;
    %assign/vec4 v0xc510a8780_0, 0;
    %jmp T_4.1;
T_4.0 ;
    %load/vec4 v0xc510a88c0_0;
    %nor/r;
    %flag_set/vec4 8;
    %jmp/0xz  T_4.2, 8;
    %load/vec4 v0xc510a86e0_0;
    %parti/s 7, 0, 2;
    %load/vec4 v0xc510a8500_0;
    %concat/vec4; draw_concat_vec4
    %assign/vec4 v0xc510a86e0_0, 0;
    %pushi/vec4 0, 0, 1;
    %assign/vec4 v0xc510a8780_0, 0;
    %load/vec4 v0xc510a83c0_0;
    %cmpi/e 7, 0, 3;
    %jmp/0xz  T_4.4, 4;
    %pushi/vec4 0, 0, 3;
    %assign/vec4 v0xc510a83c0_0, 0;
    %load/vec4 v0xc510a86e0_0;
    %parti/s 7, 0, 2;
    %load/vec4 v0xc510a8500_0;
    %concat/vec4; draw_concat_vec4
    %assign/vec4 v0xc510a8640_0, 0;
    %pushi/vec4 1, 0, 1;
    %assign/vec4 v0xc510a8780_0, 0;
    %jmp T_4.5;
T_4.4 ;
    %load/vec4 v0xc510a83c0_0;
    %addi 1, 0, 3;
    %assign/vec4 v0xc510a83c0_0, 0;
T_4.5 ;
    %jmp T_4.3;
T_4.2 ;
    %pushi/vec4 0, 0, 3;
    %assign/vec4 v0xc510a83c0_0, 0;
    %pushi/vec4 0, 0, 1;
    %assign/vec4 v0xc510a8780_0, 0;
T_4.3 ;
T_4.1 ;
    %jmp T_4;
    .thread T_4;
    .scope S_0x104dc9b50;
T_5 ;
    %wait E_0xc50c21340;
    %load/vec4 v0xc510a85a0_0;
    %nor/r;
    %flag_set/vec4 8;
    %jmp/0xz  T_5.0, 8;
    %pushi/vec4 0, 0, 1;
    %assign/vec4 v0xc510a8460_0, 0;
    %pushi/vec4 0, 0, 8;
    %assign/vec4 v0xc510a8a00_0, 0;
    %jmp T_5.1;
T_5.0 ;
    %load/vec4 v0xc510a88c0_0;
    %nor/r;
    %flag_set/vec4 8;
    %jmp/0xz  T_5.2, 8;
    %load/vec4 v0xc510a8a00_0;
    %parti/s 1, 7, 4;
    %assign/vec4 v0xc510a8460_0, 0;
    %load/vec4 v0xc510a8a00_0;
    %parti/s 7, 0, 2;
    %concati/vec4 0, 0, 1;
    %assign/vec4 v0xc510a8a00_0, 0;
    %jmp T_5.3;
T_5.2 ;
    %pushi/vec4 0, 0, 1;
    %assign/vec4 v0xc510a8460_0, 0;
T_5.3 ;
T_5.1 ;
    %jmp T_5;
    .thread T_5;
    .scope S_0x104dc2970;
T_6 ;
    %wait E_0xc50c21300;
    %load/vec4 v0xc510a8320_0;
    %nor/r;
    %flag_set/vec4 8;
    %jmp/0xz  T_6.0, 8;
    %pushi/vec4 0, 0, 1;
    %assign/vec4 v0xc510a8140_0, 0;
    %pushi/vec4 0, 0, 64;
    %assign/vec4 v0xc510a80a0_0, 0;
    %jmp T_6.1;
T_6.0 ;
    %load/vec4 v0xc510a8280_0;
    %assign/vec4 v0xc510a8140_0, 0;
    %load/vec4 v0xc510a8280_0;
    %flag_set/vec4 8;
    %jmp/0xz  T_6.2, 8;
    %load/vec4 v0xc510a81e0_0;
    %assign/vec4 v0xc510a80a0_0, 0;
T_6.2 ;
T_6.1 ;
    %jmp T_6;
    .thread T_6;
    .scope S_0x104dcaf50;
T_7 ;
    %wait E_0xc50c217c0;
    %load/vec4 v0xc510aada0_0;
    %nor/r;
    %flag_set/vec4 8;
    %jmp/0xz  T_7.0, 8;
    %pushi/vec4 0, 0, 8;
    %assign/vec4 v0xc510aaa80_0, 0;
    %pushi/vec4 0, 0, 4;
    %assign/vec4 v0xc510aa8a0_0, 0;
    %pushi/vec4 0, 0, 8;
    %assign/vec4 v0xc510ab2a0_0, 0;
    %pushi/vec4 0, 0, 8;
    %assign/vec4 v0xc510aaee0_0, 0;
    %pushi/vec4 0, 0, 2;
    %assign/vec4 v0xc510ab160_0, 0;
    %pushi/vec4 0, 0, 1;
    %assign/vec4 v0xc510aa940_0, 0;
    %pushi/vec4 0, 0, 1;
    %assign/vec4 v0xc510aabc0_0, 0;
    %pushi/vec4 0, 0, 8;
    %assign/vec4 v0xc510aae40_0, 0;
    %pushi/vec4 0, 0, 1;
    %assign/vec4 v0xc510aaf80_0, 0;
    %pushi/vec4 0, 0, 1;
    %assign/vec4 v0xc510aad00_0, 0;
    %pushi/vec4 7, 0, 3;
    %assign/vec4 v0xc510aab20_0, 0;
    %jmp T_7.1;
T_7.0 ;
    %load/vec4 v0xc510ab160_0;
    %dup/vec4;
    %pushi/vec4 0, 0, 2;
    %cmp/u;
    %jmp/1 T_7.2, 6;
    %dup/vec4;
    %pushi/vec4 1, 0, 2;
    %cmp/u;
    %jmp/1 T_7.3, 6;
    %pushi/vec4 7, 0, 3;
    %assign/vec4 v0xc510aab20_0, 0;
    %pushi/vec4 0, 0, 1;
    %assign/vec4 v0xc510aaf80_0, 0;
    %pushi/vec4 0, 0, 1;
    %assign/vec4 v0xc510aa940_0, 0;
    %pushi/vec4 1, 0, 1;
    %assign/vec4 v0xc510aabc0_0, 0;
    %pushi/vec4 0, 0, 2;
    %assign/vec4 v0xc510ab160_0, 0;
    %jmp T_7.5;
T_7.2 ;
    %pushi/vec4 0, 0, 8;
    %assign/vec4 v0xc510aaa80_0, 0;
    %pushi/vec4 0, 0, 4;
    %assign/vec4 v0xc510aa8a0_0, 0;
    %pushi/vec4 0, 0, 1;
    %assign/vec4 v0xc510aabc0_0, 0;
    %pushi/vec4 0, 0, 1;
    %assign/vec4 v0xc510aa940_0, 0;
    %pushi/vec4 0, 0, 1;
    %assign/vec4 v0xc510aaf80_0, 0;
    %pushi/vec4 7, 0, 3;
    %assign/vec4 v0xc510aab20_0, 0;
    %load/vec4 v0xc510ab0c0_0;
    %flag_set/vec4 8;
    %jmp/0xz  T_7.6, 8;
    %pushi/vec4 1, 0, 1;
    %assign/vec4 v0xc510aa940_0, 0;
    %load/vec4 v0xc510ab200_0;
    %assign/vec4 v0xc510ab2a0_0, 0;
    %pushi/vec4 0, 0, 8;
    %assign/vec4 v0xc510aaee0_0, 0;
    %load/vec4 v0xc510ab200_0;
    %parti/s 1, 7, 4;
    %assign/vec4 v0xc510aad00_0, 0;
    %load/vec4 v0xc510ab020_0;
    %dup/vec4;
    %pushi/vec4 0, 0, 2;
    %cmp/u;
    %jmp/1 T_7.8, 6;
    %dup/vec4;
    %pushi/vec4 1, 0, 2;
    %cmp/u;
    %jmp/1 T_7.9, 6;
    %dup/vec4;
    %pushi/vec4 2, 0, 2;
    %cmp/u;
    %jmp/1 T_7.10, 6;
    %pushi/vec4 7, 0, 3;
    %assign/vec4 v0xc510aab20_0, 0;
    %jmp T_7.12;
T_7.8 ;
    %pushi/vec4 6, 0, 3;
    %assign/vec4 v0xc510aab20_0, 0;
    %jmp T_7.12;
T_7.9 ;
    %pushi/vec4 5, 0, 3;
    %assign/vec4 v0xc510aab20_0, 0;
    %jmp T_7.12;
T_7.10 ;
    %pushi/vec4 3, 0, 3;
    %assign/vec4 v0xc510aab20_0, 0;
    %jmp T_7.12;
T_7.12 ;
    %pop/vec4 1;
    %pushi/vec4 1, 0, 2;
    %assign/vec4 v0xc510ab160_0, 0;
T_7.6 ;
    %jmp T_7.5;
T_7.3 ;
    %load/vec4 v0xc510aaa80_0;
    %cmpi/e 7, 0, 8;
    %jmp/0xz  T_7.13, 4;
    %pushi/vec4 0, 0, 8;
    %assign/vec4 v0xc510aaa80_0, 0;
    %load/vec4 v0xc510aaf80_0;
    %inv;
    %assign/vec4 v0xc510aaf80_0, 0;
    %load/vec4 v0xc510aaf80_0;
    %cmpi/e 0, 0, 1;
    %jmp/0xz  T_7.15, 4;
    %load/vec4 v0xc510aaee0_0;
    %parti/s 7, 0, 2;
    %load/vec4 v0xc510aac60_0;
    %concat/vec4; draw_concat_vec4
    %assign/vec4 v0xc510aaee0_0, 0;
    %load/vec4 v0xc510aa8a0_0;
    %cmpi/e 7, 0, 4;
    %jmp/0xz  T_7.17, 4;
    %load/vec4 v0xc510aaee0_0;
    %parti/s 7, 0, 2;
    %load/vec4 v0xc510aac60_0;
    %concat/vec4; draw_concat_vec4
    %assign/vec4 v0xc510aae40_0, 0;
    %pushi/vec4 2, 0, 2;
    %assign/vec4 v0xc510ab160_0, 0;
    %jmp T_7.18;
T_7.17 ;
    %load/vec4 v0xc510aa8a0_0;
    %addi 1, 0, 4;
    %assign/vec4 v0xc510aa8a0_0, 0;
    %load/vec4 v0xc510ab2a0_0;
    %parti/s 7, 0, 2;
    %concati/vec4 0, 0, 1;
    %assign/vec4 v0xc510ab2a0_0, 0;
    %load/vec4 v0xc510ab2a0_0;
    %parti/s 1, 6, 4;
    %assign/vec4 v0xc510aad00_0, 0;
T_7.18 ;
T_7.15 ;
    %jmp T_7.14;
T_7.13 ;
    %load/vec4 v0xc510aaa80_0;
    %addi 1, 0, 8;
    %assign/vec4 v0xc510aaa80_0, 0;
T_7.14 ;
    %jmp T_7.5;
T_7.5 ;
    %pop/vec4 1;
T_7.1 ;
    %jmp T_7;
    .thread T_7;
    .scope S_0x104dcce40;
T_8 ;
    %wait E_0xc50c217c0;
    %load/vec4 v0xc510aa620_0;
    %nor/r;
    %flag_set/vec4 8;
    %jmp/0xz  T_8.0, 8;
    %pushi/vec4 0, 0, 1;
    %assign/vec4 v0xc510aa300_0, 0;
    %pushi/vec4 0, 0, 1;
    %assign/vec4 v0xc510aa260_0, 0;
    %pushi/vec4 0, 0, 1;
    %assign/vec4 v0xc510aa800_0, 0;
    %pushi/vec4 0, 0, 1;
    %assign/vec4 v0xc510aa760_0, 0;
    %pushi/vec4 0, 0, 1;
    %assign/vec4 v0xc510aa440_0, 0;
    %pushi/vec4 300, 0, 16;
    %assign/vec4 v0xc510aa120_0, 0;
    %pushi/vec4 0, 0, 8;
    %assign/vec4 v0xc510aa6c0_0, 0;
    %jmp T_8.1;
T_8.0 ;
    %pushi/vec4 240, 0, 16;
    %load/vec4 v0xc510aa580_0;
    %cmp/u;
    %flag_get/vec4 4;
    %flag_get/vec4 5;
    %or;
    %assign/vec4 v0xc510aa300_0, 0;
    %pushi/vec4 300, 0, 16;
    %load/vec4 v0xc510aa580_0;
    %cmp/u;
    %flag_get/vec4 4;
    %flag_get/vec4 5;
    %or;
    %assign/vec4 v0xc510aa260_0, 0;
    %pushi/vec4 65, 0, 12;
    %load/vec4 v0xc510aa4e0_0;
    %cmp/u;
    %flag_get/vec4 4;
    %flag_get/vec4 5;
    %or;
    %assign/vec4 v0xc510aa800_0, 0;
    %pushi/vec4 80, 0, 12;
    %load/vec4 v0xc510aa4e0_0;
    %cmp/u;
    %flag_get/vec4 4;
    %flag_get/vec4 5;
    %or;
    %assign/vec4 v0xc510aa760_0, 0;
    %pushi/vec4 3, 0, 4;
    %load/vec4 v0xc510aa080_0;
    %cmp/u;
    %flag_get/vec4 5;
    %assign/vec4 v0xc510aa440_0, 0;
    %load/vec4 v0xc510aa4e0_0;
    %cmpi/u 80, 0, 12;
    %flag_inv 5; GE is !LT
    %jmp/0xz  T_8.2, 5;
    %pushi/vec4 75, 0, 16;
    %assign/vec4 v0xc510aa120_0, 0;
    %jmp T_8.3;
T_8.2 ;
    %load/vec4 v0xc510aa4e0_0;
    %cmpi/u 65, 0, 12;
    %flag_inv 5; GE is !LT
    %jmp/0xz  T_8.4, 5;
    %pushi/vec4 150, 0, 16;
    %assign/vec4 v0xc510aa120_0, 0;
    %jmp T_8.5;
T_8.4 ;
    %pushi/vec4 300, 0, 16;
    %assign/vec4 v0xc510aa120_0, 0;
T_8.5 ;
T_8.3 ;
    %load/vec4 v0xc510aa3a0_0;
    %flag_set/vec4 8;
    %jmp/0xz  T_8.6, 8;
    %pushi/vec4 225, 0, 8;
    %assign/vec4 v0xc510aa6c0_0, 0;
    %jmp T_8.7;
T_8.6 ;
    %load/vec4 v0xc510aa080_0;
    %cmpi/u 3, 0, 4;
    %flag_or 5, 4; GT is !LE
    %flag_inv 5;
    %jmp/0xz  T_8.8, 5;
    %pushi/vec4 226, 0, 8;
    %assign/vec4 v0xc510aa6c0_0, 0;
    %jmp T_8.9;
T_8.8 ;
    %load/vec4 v0xc510aa580_0;
    %cmpi/u 300, 0, 16;
    %flag_inv 5; GE is !LT
    %jmp/0xz  T_8.10, 5;
    %pushi/vec4 227, 0, 8;
    %assign/vec4 v0xc510aa6c0_0, 0;
    %jmp T_8.11;
T_8.10 ;
    %load/vec4 v0xc510aa4e0_0;
    %cmpi/u 80, 0, 12;
    %flag_inv 5; GE is !LT
    %jmp/0xz  T_8.12, 5;
    %pushi/vec4 228, 0, 8;
    %assign/vec4 v0xc510aa6c0_0, 0;
    %jmp T_8.13;
T_8.12 ;
    %load/vec4 v0xc510aa580_0;
    %cmpi/u 240, 0, 16;
    %flag_inv 5; GE is !LT
    %jmp/1 T_8.16, 5;
    %flag_mov 8, 5;
    %load/vec4 v0xc510aa4e0_0;
    %cmpi/u 65, 0, 12;
    %flag_inv 5; GE is !LT
    %flag_or 5, 8;
T_8.16;
    %jmp/0xz  T_8.14, 5;
    %pushi/vec4 161, 0, 8;
    %assign/vec4 v0xc510aa6c0_0, 0;
    %jmp T_8.15;
T_8.14 ;
    %pushi/vec4 0, 0, 8;
    %assign/vec4 v0xc510aa6c0_0, 0;
T_8.15 ;
T_8.13 ;
T_8.11 ;
T_8.9 ;
T_8.7 ;
T_8.1 ;
    %jmp T_8;
    .thread T_8;
    .scope S_0x104dcd9f0;
T_9 ;
    %wait E_0xc50c217c0;
    %load/vec4 v0xc510c05a0_0;
    %nor/r;
    %flag_set/vec4 8;
    %jmp/0xz  T_9.0, 8;
    %pushi/vec4 0, 0, 1;
    %assign/vec4 v0xc510c0b40_0, 0;
    %pushi/vec4 0, 0, 2;
    %assign/vec4 v0xc510c0aa0_0, 0;
    %pushi/vec4 0, 0, 8;
    %assign/vec4 v0xc510c0be0_0, 0;
    %pushi/vec4 0, 0, 16;
    %assign/vec4 v0xc510c03c0_0, 0;
    %pushi/vec4 0, 0, 16;
    %assign/vec4 v0xc510c0460_0, 0;
    %pushi/vec4 0, 0, 1;
    %assign/vec4 v0xc510ab700_0, 0;
    %pushi/vec4 0, 0, 8;
    %assign/vec4 v0xc510ab7a0_0, 0;
    %pushi/vec4 0, 0, 2;
    %assign/vec4 v0xc510ab3e0_0, 0;
    %pushi/vec4 0, 0, 1;
    %assign/vec4 v0xc510c0500_0, 0;
    %pushi/vec4 0, 0, 12;
    %assign/vec4 v0xc510c0280_0, 0;
    %pushi/vec4 0, 0, 3;
    %assign/vec4 v0xc510c0d20_0, 0;
    %jmp T_9.1;
T_9.0 ;
    %pushi/vec4 0, 0, 1;
    %assign/vec4 v0xc510c0b40_0, 0;
    %load/vec4 v0xc510c0d20_0;
    %dup/vec4;
    %pushi/vec4 0, 0, 3;
    %cmp/u;
    %jmp/1 T_9.2, 6;
    %dup/vec4;
    %pushi/vec4 1, 0, 3;
    %cmp/u;
    %jmp/1 T_9.3, 6;
    %dup/vec4;
    %pushi/vec4 2, 0, 3;
    %cmp/u;
    %jmp/1 T_9.4, 6;
    %dup/vec4;
    %pushi/vec4 3, 0, 3;
    %cmp/u;
    %jmp/1 T_9.5, 6;
    %load/vec4 v0xc510ab980_0;
    %load/vec4 v0xc510abca0_0;
    %add;
    %load/vec4 v0xc510c0000_0;
    %add;
    %pushi/vec4 3, 0, 16;
    %div;
    %assign/vec4 v0xc510c03c0_0, 0;
    %load/vec4 v0xc510aba20_0;
    %load/vec4 v0xc510abd40_0;
    %add;
    %load/vec4 v0xc510c00a0_0;
    %add;
    %pushi/vec4 3, 0, 16;
    %div;
    %assign/vec4 v0xc510c0460_0, 0;
    %load/vec4 v0xc510abde0_0;
    %load/vec4 v0xc510abac0_0;
    %cmp/u;
    %flag_or 5, 4;
    %flag_get/vec4 5;
    %jmp/0 T_9.10, 5;
    %load/vec4 v0xc510c0140_0;
    %load/vec4 v0xc510abac0_0;
    %cmp/u;
    %flag_get/vec4 4;
    %flag_get/vec4 5;
    %or;
    %and;
T_9.10;
    %flag_set/vec4 8;
    %jmp/0xz  T_9.8, 8;
    %load/vec4 v0xc510abac0_0;
    %assign/vec4 v0xc510c0280_0, 0;
    %jmp T_9.9;
T_9.8 ;
    %load/vec4 v0xc510c0140_0;
    %load/vec4 v0xc510abde0_0;
    %cmp/u;
    %flag_or 5, 4;
    %jmp/0xz  T_9.11, 5;
    %load/vec4 v0xc510abde0_0;
    %assign/vec4 v0xc510c0280_0, 0;
    %jmp T_9.12;
T_9.11 ;
    %load/vec4 v0xc510c0140_0;
    %assign/vec4 v0xc510c0280_0, 0;
T_9.12 ;
T_9.9 ;
    %load/vec4 v0xc510ab840_0;
    %load/vec4 v0xc510abb60_0;
    %or;
    %load/vec4 v0xc510abe80_0;
    %or;
    %assign/vec4 v0xc510ab700_0, 0;
    %load/vec4 v0xc510ab840_0;
    %flag_set/vec4 8;
    %jmp/0xz  T_9.13, 8;
    %load/vec4 v0xc510ab8e0_0;
    %assign/vec4 v0xc510ab7a0_0, 0;
    %jmp T_9.14;
T_9.13 ;
    %load/vec4 v0xc510abb60_0;
    %flag_set/vec4 8;
    %jmp/0xz  T_9.15, 8;
    %load/vec4 v0xc510abc00_0;
    %assign/vec4 v0xc510ab7a0_0, 0;
    %jmp T_9.16;
T_9.15 ;
    %load/vec4 v0xc510abe80_0;
    %flag_set/vec4 8;
    %jmp/0xz  T_9.17, 8;
    %load/vec4 v0xc510abf20_0;
    %assign/vec4 v0xc510ab7a0_0, 0;
    %jmp T_9.18;
T_9.17 ;
    %pushi/vec4 0, 0, 8;
    %assign/vec4 v0xc510ab7a0_0, 0;
T_9.18 ;
T_9.16 ;
T_9.14 ;
    %pushi/vec4 0, 0, 1;
    %assign/vec4 v0xc510c0500_0, 0;
    %pushi/vec4 0, 0, 3;
    %assign/vec4 v0xc510c0d20_0, 0;
    %jmp T_9.7;
T_9.2 ;
    %pushi/vec4 0, 0, 1;
    %assign/vec4 v0xc510c0500_0, 0;
    %load/vec4 v0xc510c0c80_0;
    %flag_set/vec4 8;
    %jmp/0xz  T_9.19, 8;
    %pushi/vec4 1, 0, 1;
    %assign/vec4 v0xc510c0500_0, 0;
    %pushi/vec4 0, 0, 2;
    %assign/vec4 v0xc510ab3e0_0, 0;
    %pushi/vec4 0, 0, 2;
    %assign/vec4 v0xc510c0aa0_0, 0;
    %pushi/vec4 176, 0, 8;
    %assign/vec4 v0xc510c0be0_0, 0;
    %pushi/vec4 1, 0, 1;
    %assign/vec4 v0xc510c0b40_0, 0;
    %pushi/vec4 1, 0, 3;
    %assign/vec4 v0xc510c0d20_0, 0;
T_9.19 ;
    %jmp T_9.7;
T_9.3 ;
    %load/vec4 v0xc510c0780_0;
    %flag_set/vec4 8;
    %jmp/0xz  T_9.21, 8;
    %pushi/vec4 1, 0, 2;
    %assign/vec4 v0xc510ab3e0_0, 0;
    %pushi/vec4 1, 0, 2;
    %assign/vec4 v0xc510c0aa0_0, 0;
    %pushi/vec4 177, 0, 8;
    %assign/vec4 v0xc510c0be0_0, 0;
    %pushi/vec4 1, 0, 1;
    %assign/vec4 v0xc510c0b40_0, 0;
    %pushi/vec4 2, 0, 3;
    %assign/vec4 v0xc510c0d20_0, 0;
T_9.21 ;
    %jmp T_9.7;
T_9.4 ;
    %load/vec4 v0xc510c0780_0;
    %flag_set/vec4 8;
    %jmp/0xz  T_9.23, 8;
    %pushi/vec4 2, 0, 2;
    %assign/vec4 v0xc510ab3e0_0, 0;
    %pushi/vec4 2, 0, 2;
    %assign/vec4 v0xc510c0aa0_0, 0;
    %pushi/vec4 178, 0, 8;
    %assign/vec4 v0xc510c0be0_0, 0;
    %pushi/vec4 1, 0, 1;
    %assign/vec4 v0xc510c0b40_0, 0;
    %pushi/vec4 3, 0, 3;
    %assign/vec4 v0xc510c0d20_0, 0;
T_9.23 ;
    %jmp T_9.7;
T_9.5 ;
    %load/vec4 v0xc510c0780_0;
    %flag_set/vec4 8;
    %jmp/0xz  T_9.25, 8;
    %pushi/vec4 4, 0, 3;
    %assign/vec4 v0xc510c0d20_0, 0;
T_9.25 ;
    %jmp T_9.7;
T_9.7 ;
    %pop/vec4 1;
T_9.1 ;
    %jmp T_9;
    .thread T_9;
    .scope S_0x104dc27f0;
T_10 ;
    %pushi/vec4 0, 0, 1;
    %store/vec4 v0xc510c10e0_0, 0, 1;
T_10.0 ;
    %delay 5, 0;
    %load/vec4 v0xc510c10e0_0;
    %inv;
    %store/vec4 v0xc510c10e0_0, 0, 1;
    %jmp T_10.0;
T_10.1 ;
    %end;
    .thread T_10;
    .scope S_0x104dc27f0;
T_11 ;
    %vpi_call/w 7 66 "$dumpfile", "sim/tb_bms_master_control_unit_enhanced.vcd" {0 0 0};
    %vpi_call/w 7 67 "$dumpvars", 32'sb00000000000000000000000000000000, S_0x104dc27f0 {0 0 0};
    %pushi/vec4 0, 0, 32;
    %store/vec4 v0xc510c2120_0, 0, 32;
    %pushi/vec4 0, 0, 32;
    %store/vec4 v0xc510c12c0_0, 0, 32;
    %pushi/vec4 0, 0, 1;
    %store/vec4 v0xc510c2260_0, 0, 1;
    %pushi/vec4 0, 0, 1;
    %store/vec4 v0xc510c2580_0, 0, 1;
    %pushi/vec4 0, 0, 1;
    %store/vec4 v0xc510c23a0_0, 0, 1;
    %pushi/vec4 120, 0, 16;
    %store/vec4 v0xc510c1f40_0, 0, 16;
    %pushi/vec4 35, 0, 12;
    %store/vec4 v0xc510c1720_0, 0, 12;
    %pushi/vec4 40, 0, 12;
    %store/vec4 v0xc510c1a40_0, 0, 12;
    %pushi/vec4 38, 0, 12;
    %store/vec4 v0xc510c1d60_0, 0, 12;
    %pushi/vec4 810, 0, 16;
    %store/vec4 v0xc510c15e0_0, 0, 16;
    %pushi/vec4 780, 0, 16;
    %store/vec4 v0xc510c1900_0, 0, 16;
    %pushi/vec4 750, 0, 16;
    %store/vec4 v0xc510c1c20_0, 0, 16;
    %pushi/vec4 970, 0, 16;
    %store/vec4 v0xc510c1680_0, 0, 16;
    %pushi/vec4 940, 0, 16;
    %store/vec4 v0xc510c19a0_0, 0, 16;
    %pushi/vec4 910, 0, 16;
    %store/vec4 v0xc510c1cc0_0, 0, 16;
    %pushi/vec4 0, 0, 1;
    %store/vec4 v0xc510c14a0_0, 0, 1;
    %pushi/vec4 0, 0, 1;
    %store/vec4 v0xc510c17c0_0, 0, 1;
    %pushi/vec4 0, 0, 1;
    %store/vec4 v0xc510c1ae0_0, 0, 1;
    %pushi/vec4 17, 0, 8;
    %store/vec4 v0xc510c1540_0, 0, 8;
    %pushi/vec4 34, 0, 8;
    %store/vec4 v0xc510c1860_0, 0, 8;
    %pushi/vec4 51, 0, 8;
    %store/vec4 v0xc510c1b80_0, 0, 8;
    %pushi/vec4 8, 0, 32;
T_11.0 %dup/vec4;
    %cmpi/s 0, 0, 32;
    %jmp/1xz T_11.1, 5;
    %jmp/1 T_11.1, 4;
    %subi 1, 0, 32;
    %wait E_0xc50c21980;
    %jmp T_11.0;
T_11.1 ;
    %pop/vec4 1;
    %pushi/vec4 1, 0, 1;
    %store/vec4 v0xc510c2260_0, 0, 1;
    %pushi/vec4 10, 0, 32;
T_11.2 %dup/vec4;
    %cmpi/s 0, 0, 32;
    %jmp/1xz T_11.3, 5;
    %jmp/1 T_11.3, 4;
    %subi 1, 0, 32;
    %wait E_0xc50c21980;
    %jmp T_11.2;
T_11.3 ;
    %pop/vec4 1;
    %fork TD_tb_bms_master_control_unit_enhanced.poll_once, S_0x104dda920;
    %join;
    %vpi_call/w 7 86 "$display", "INFO MCU nominal: avg_soc=%0d avg_soh=%0d max_temp=%0d global_fault=%b code=0x%0h", v0xc510c1fe0_0, v0xc510c2080_0, v0xc510c1ea0_0, v0xc510c1360_0, v0xc510c1400_0 {0 0 0};
    %load/vec4 v0xc510c1fe0_0;
    %pushi/vec4 65535, 65535, 16;
    %cmp/ne;
    %flag_get/vec4 6;
    %store/vec4 v0xc510a9f40_0, 0, 1;
    %pushi/vec4 0, 0, 32; draw_string_vec4
    %pushi/vec4 77, 0, 32; draw_string_vec4
    %concat/vec4; draw_string_vec4
    %pushi/vec4 1129652321, 0, 32; draw_string_vec4
    %concat/vec4; draw_string_vec4
    %pushi/vec4 1986359905, 0, 32; draw_string_vec4
    %concat/vec4; draw_string_vec4
    %pushi/vec4 1734680659, 0, 32; draw_string_vec4
    %concat/vec4; draw_string_vec4
    %pushi/vec4 1329799273, 0, 32; draw_string_vec4
    %concat/vec4; draw_string_vec4
    %pushi/vec4 1931502706, 0, 32; draw_string_vec4
    %concat/vec4; draw_string_vec4
    %pushi/vec4 1769366894, 0, 32; draw_string_vec4
    %concat/vec4; draw_string_vec4
    %store/vec4 v0xc510a9fe0_0, 0, 256;
    %fork TD_tb_bms_master_control_unit_enhanced.check, S_0x104dce7d0;
    %join;
    %load/vec4 v0xc510c2080_0;
    %pushi/vec4 65535, 65535, 16;
    %cmp/ne;
    %flag_get/vec4 6;
    %store/vec4 v0xc510a9f40_0, 0, 1;
    %pushi/vec4 0, 0, 32; draw_string_vec4
    %pushi/vec4 77, 0, 32; draw_string_vec4
    %concat/vec4; draw_string_vec4
    %pushi/vec4 1129652321, 0, 32; draw_string_vec4
    %concat/vec4; draw_string_vec4
    %pushi/vec4 1986359905, 0, 32; draw_string_vec4
    %concat/vec4; draw_string_vec4
    %pushi/vec4 1734680659, 0, 32; draw_string_vec4
    %concat/vec4; draw_string_vec4
    %pushi/vec4 1330126953, 0, 32; draw_string_vec4
    %concat/vec4; draw_string_vec4
    %pushi/vec4 1931502706, 0, 32; draw_string_vec4
    %concat/vec4; draw_string_vec4
    %pushi/vec4 1769366894, 0, 32; draw_string_vec4
    %concat/vec4; draw_string_vec4
    %store/vec4 v0xc510a9fe0_0, 0, 256;
    %fork TD_tb_bms_master_control_unit_enhanced.check, S_0x104dce7d0;
    %join;
    %load/vec4 v0xc510c1ea0_0;
    %pushi/vec4 4095, 4095, 12;
    %cmp/ne;
    %flag_get/vec4 6;
    %store/vec4 v0xc510a9f40_0, 0, 1;
    %pushi/vec4 77, 0, 32; draw_string_vec4
    %pushi/vec4 1129652333, 0, 32; draw_string_vec4
    %concat/vec4; draw_string_vec4
    %pushi/vec4 1635262580, 0, 32; draw_string_vec4
    %concat/vec4; draw_string_vec4
    %pushi/vec4 1701671013, 0, 32; draw_string_vec4
    %concat/vec4; draw_string_vec4
    %pushi/vec4 1918989429, 0, 32; draw_string_vec4
    %concat/vec4; draw_string_vec4
    %pushi/vec4 1919230057, 0, 32; draw_string_vec4
    %concat/vec4; draw_string_vec4
    %pushi/vec4 1931502706, 0, 32; draw_string_vec4
    %concat/vec4; draw_string_vec4
    %pushi/vec4 1769366894, 0, 32; draw_string_vec4
    %concat/vec4; draw_string_vec4
    %store/vec4 v0xc510a9fe0_0, 0, 256;
    %fork TD_tb_bms_master_control_unit_enhanced.check, S_0x104dce7d0;
    %join;
    %pushi/vec4 250, 0, 16;
    %store/vec4 v0xc510c1f40_0, 0, 16;
    %fork TD_tb_bms_master_control_unit_enhanced.poll_once, S_0x104dda920;
    %join;
    %load/vec4 v0xc510c1220_0;
    %pushi/vec4 1, 1, 1;
    %cmp/ne;
    %flag_get/vec4 6;
    %store/vec4 v0xc510a9f40_0, 0, 1;
    %pushi/vec4 17269, 0, 32; draw_string_vec4
    %pushi/vec4 1920099694, 0, 32; draw_string_vec4
    %concat/vec4; draw_string_vec4
    %pushi/vec4 1948284769, 0, 32; draw_string_vec4
    %concat/vec4; draw_string_vec4
    %pushi/vec4 1919838574, 0, 32; draw_string_vec4
    %concat/vec4; draw_string_vec4
    %pushi/vec4 1730179169, 0, 32; draw_string_vec4
    %concat/vec4; draw_string_vec4
    %pushi/vec4 1952981097, 0, 32; draw_string_vec4
    %concat/vec4; draw_string_vec4
    %pushi/vec4 1931502706, 0, 32; draw_string_vec4
    %concat/vec4; draw_string_vec4
    %pushi/vec4 1769366894, 0, 32; draw_string_vec4
    %concat/vec4; draw_string_vec4
    %store/vec4 v0xc510a9fe0_0, 0, 256;
    %fork TD_tb_bms_master_control_unit_enhanced.check, S_0x104dce7d0;
    %join;
    %pushi/vec4 320, 0, 16;
    %store/vec4 v0xc510c1f40_0, 0, 16;
    %fork TD_tb_bms_master_control_unit_enhanced.poll_once, S_0x104dda920;
    %join;
    %load/vec4 v0xc510c1180_0;
    %pushi/vec4 1, 1, 1;
    %cmp/ne;
    %flag_get/vec4 6;
    %store/vec4 v0xc510a9f40_0, 0, 1;
    %pushi/vec4 0, 0, 32; draw_string_vec4
    %pushi/vec4 4420978, 0, 32; draw_string_vec4
    %concat/vec4; draw_string_vec4
    %pushi/vec4 1919250036, 0, 32; draw_string_vec4
    %concat/vec4; draw_string_vec4
    %pushi/vec4 544502377, 0, 32; draw_string_vec4
    %concat/vec4; draw_string_vec4
    %pushi/vec4 1881174113, 0, 32; draw_string_vec4
    %concat/vec4; draw_string_vec4
    %pushi/vec4 1952981097, 0, 32; draw_string_vec4
    %concat/vec4; draw_string_vec4
    %pushi/vec4 1931502706, 0, 32; draw_string_vec4
    %concat/vec4; draw_string_vec4
    %pushi/vec4 1769366894, 0, 32; draw_string_vec4
    %concat/vec4; draw_string_vec4
    %store/vec4 v0xc510a9fe0_0, 0, 256;
    %fork TD_tb_bms_master_control_unit_enhanced.check, S_0x104dce7d0;
    %join;
    %pushi/vec4 100, 0, 16;
    %store/vec4 v0xc510c1f40_0, 0, 16;
    %pushi/vec4 70, 0, 12;
    %store/vec4 v0xc510c1d60_0, 0, 12;
    %fork TD_tb_bms_master_control_unit_enhanced.poll_once, S_0x104dda920;
    %join;
    %load/vec4 v0xc510c2760_0;
    %pushi/vec4 1, 1, 1;
    %cmp/ne;
    %flag_get/vec4 6;
    %store/vec4 v0xc510a9f40_0, 0, 1;
    %pushi/vec4 21608, 0, 32; draw_string_vec4
    %pushi/vec4 1701997921, 0, 32; draw_string_vec4
    %concat/vec4; draw_string_vec4
    %pushi/vec4 1814067041, 0, 32; draw_string_vec4
    %concat/vec4; draw_string_vec4
    %pushi/vec4 1919838574, 0, 32; draw_string_vec4
    %concat/vec4; draw_string_vec4
    %pushi/vec4 1730179169, 0, 32; draw_string_vec4
    %concat/vec4; draw_string_vec4
    %pushi/vec4 1952981097, 0, 32; draw_string_vec4
    %concat/vec4; draw_string_vec4
    %pushi/vec4 1931502706, 0, 32; draw_string_vec4
    %concat/vec4; draw_string_vec4
    %pushi/vec4 1769366894, 0, 32; draw_string_vec4
    %concat/vec4; draw_string_vec4
    %store/vec4 v0xc510a9fe0_0, 0, 256;
    %fork TD_tb_bms_master_control_unit_enhanced.check, S_0x104dce7d0;
    %join;
    %pushi/vec4 90, 0, 12;
    %store/vec4 v0xc510c1d60_0, 0, 12;
    %fork TD_tb_bms_master_control_unit_enhanced.poll_once, S_0x104dda920;
    %join;
    %load/vec4 v0xc510c26c0_0;
    %pushi/vec4 1, 1, 1;
    %cmp/ne;
    %flag_get/vec4 6;
    %store/vec4 v0xc510a9f40_0, 0, 1;
    %pushi/vec4 0, 0, 32; draw_string_vec4
    %pushi/vec4 5531749, 0, 32; draw_string_vec4
    %concat/vec4; draw_string_vec4
    %pushi/vec4 1919770988, 0, 32; draw_string_vec4
    %concat/vec4; draw_string_vec4
    %pushi/vec4 544502377, 0, 32; draw_string_vec4
    %concat/vec4; draw_string_vec4
    %pushi/vec4 1881174113, 0, 32; draw_string_vec4
    %concat/vec4; draw_string_vec4
    %pushi/vec4 1952981097, 0, 32; draw_string_vec4
    %concat/vec4; draw_string_vec4
    %pushi/vec4 1931502706, 0, 32; draw_string_vec4
    %concat/vec4; draw_string_vec4
    %pushi/vec4 1769366894, 0, 32; draw_string_vec4
    %concat/vec4; draw_string_vec4
    %store/vec4 v0xc510a9fe0_0, 0, 256;
    %fork TD_tb_bms_master_control_unit_enhanced.check, S_0x104dce7d0;
    %join;
    %pushi/vec4 38, 0, 12;
    %store/vec4 v0xc510c1d60_0, 0, 12;
    %pushi/vec4 600, 0, 16;
    %store/vec4 v0xc510c15e0_0, 0, 16;
    %pushi/vec4 900, 0, 16;
    %store/vec4 v0xc510c1900_0, 0, 16;
    %pushi/vec4 300, 0, 16;
    %store/vec4 v0xc510c1c20_0, 0, 16;
    %pushi/vec4 980, 0, 16;
    %store/vec4 v0xc510c1680_0, 0, 16;
    %pushi/vec4 920, 0, 16;
    %store/vec4 v0xc510c19a0_0, 0, 16;
    %pushi/vec4 860, 0, 16;
    %store/vec4 v0xc510c1cc0_0, 0, 16;
    %fork TD_tb_bms_master_control_unit_enhanced.poll_once, S_0x104dda920;
    %join;
    %load/vec4 v0xc510c1fe0_0;
    %pushi/vec4 65535, 65535, 16;
    %cmp/ne;
    %flag_get/vec4 6;
    %store/vec4 v0xc510a9f40_0, 0, 1;
    %pushi/vec4 3863003884, 0, 33;
    %concati/vec4 3403989710, 0, 32;
    %concati/vec4 3393234590, 0, 32;
    %concati/vec4 2252393694, 0, 32;
    %concati/vec4 3829456074, 0, 32;
    %concati/vec4 3997210778, 0, 32;
    %concati/vec4 2856381634, 0, 32;
    %concati/vec4 1819633011, 0, 31;
    %store/vec4 v0xc510a9fe0_0, 0, 256;
    %fork TD_tb_bms_master_control_unit_enhanced.check, S_0x104dce7d0;
    %join;
    %load/vec4 v0xc510c2080_0;
    %pushi/vec4 65535, 65535, 16;
    %cmp/ne;
    %flag_get/vec4 6;
    %store/vec4 v0xc510a9f40_0, 0, 1;
    %pushi/vec4 3863003884, 0, 33;
    %concati/vec4 3403989710, 0, 32;
    %concati/vec4 3393234590, 0, 32;
    %concati/vec4 2420165854, 0, 32;
    %concati/vec4 3829456074, 0, 32;
    %concati/vec4 3997210778, 0, 32;
    %concati/vec4 2856381634, 0, 32;
    %concati/vec4 1819633011, 0, 31;
    %store/vec4 v0xc510a9fe0_0, 0, 256;
    %fork TD_tb_bms_master_control_unit_enhanced.check, S_0x104dce7d0;
    %join;
    %pushi/vec4 1, 0, 1;
    %store/vec4 v0xc510c17c0_0, 0, 1;
    %fork TD_tb_bms_master_control_unit_enhanced.poll_once, S_0x104dda920;
    %join;
    %load/vec4 v0xc510c1360_0;
    %pushi/vec4 1, 1, 1;
    %cmp/ne;
    %flag_get/vec4 6;
    %store/vec4 v0xc510a9f40_0, 0, 1;
    %pushi/vec4 3538305224, 0, 33;
    %concati/vec4 3839028426, 0, 32;
    %concati/vec4 3695242960, 0, 32;
    %concati/vec4 3403432088, 0, 32;
    %concati/vec4 2594848972, 0, 32;
    %concati/vec4 3270170856, 0, 32;
    %concati/vec4 2176960917, 0, 33;
    %concati/vec4 862285428, 0, 30;
    %store/vec4 v0xc510a9fe0_0, 0, 256;
    %fork TD_tb_bms_master_control_unit_enhanced.check, S_0x104dce7d0;
    %join;
    %load/vec4 v0xc510c1400_0;
    %pushi/vec4 255, 255, 8;
    %cmp/ne;
    %flag_get/vec4 6;
    %store/vec4 v0xc510a9f40_0, 0, 1;
    %pushi/vec4 3538305224, 0, 33;
    %concati/vec4 3839028426, 0, 32;
    %concati/vec4 3695242960, 0, 32;
    %concati/vec4 3403432088, 0, 32;
    %concati/vec4 2594848972, 0, 32;
    %concati/vec4 3270170856, 0, 32;
    %concati/vec4 2176960917, 0, 33;
    %concati/vec4 862285428, 0, 30;
    %store/vec4 v0xc510a9fe0_0, 0, 256;
    %fork TD_tb_bms_master_control_unit_enhanced.check, S_0x104dce7d0;
    %join;
    %pushi/vec4 0, 0, 1;
    %store/vec4 v0xc510c17c0_0, 0, 1;
    %pushi/vec4 1, 0, 1;
    %store/vec4 v0xc510c14a0_0, 0, 1;
    %fork TD_tb_bms_master_control_unit_enhanced.poll_once, S_0x104dda920;
    %join;
    %load/vec4 v0xc510c1400_0;
    %pushi/vec4 255, 255, 8;
    %cmp/ne;
    %flag_get/vec4 6;
    %store/vec4 v0xc510a9f40_0, 0, 1;
    %pushi/vec4 3670201052, 0, 33;
    %concati/vec4 3863005412, 0, 32;
    %concati/vec4 3538733788, 0, 32;
    %concati/vec4 2174336456, 0, 33;
    %concati/vec4 2167485780, 0, 32;
    %concati/vec4 3229718917, 0, 32;
    %concati/vec4 3585200257, 0, 32;
    %concati/vec4 593589093, 0, 30;
    %store/vec4 v0xc510a9fe0_0, 0, 256;
    %fork TD_tb_bms_master_control_unit_enhanced.check, S_0x104dce7d0;
    %join;
    %pushi/vec4 0, 0, 1;
    %store/vec4 v0xc510c14a0_0, 0, 1;
    %pushi/vec4 1, 0, 1;
    %store/vec4 v0xc510c1ae0_0, 0, 1;
    %fork TD_tb_bms_master_control_unit_enhanced.poll_once, S_0x104dda920;
    %join;
    %load/vec4 v0xc510c1400_0;
    %pushi/vec4 255, 255, 8;
    %cmp/ne;
    %flag_get/vec4 6;
    %store/vec4 v0xc510a9f40_0, 0, 1;
    %pushi/vec4 3670201052, 0, 33;
    %concati/vec4 3863005412, 0, 32;
    %concati/vec4 3538733788, 0, 32;
    %concati/vec4 2174336456, 0, 33;
    %concati/vec4 2167485780, 0, 32;
    %concati/vec4 3363936645, 0, 32;
    %concati/vec4 3585200257, 0, 32;
    %concati/vec4 593589093, 0, 30;
    %store/vec4 v0xc510a9fe0_0, 0, 256;
    %fork TD_tb_bms_master_control_unit_enhanced.check, S_0x104dce7d0;
    %join;
    %pushi/vec4 0, 0, 1;
    %store/vec4 v0xc510c1ae0_0, 0, 1;
    %fork TD_tb_bms_master_control_unit_enhanced.poll_once, S_0x104dda920;
    %join;
    %load/vec4 v0xc510c1360_0;
    %pushi/vec4 1, 1, 1;
    %cmp/ne;
    %flag_get/vec4 6;
    %store/vec4 v0xc510a9f40_0, 0, 1;
    %pushi/vec4 3838499522, 0, 33;
    %concati/vec4 3537692224, 0, 32;
    %concati/vec4 3370439404, 0, 32;
    %concati/vec4 3403432130, 0, 32;
    %concati/vec4 3437808356, 0, 32;
    %concati/vec4 2174322133, 0, 33;
    %concati/vec4 2983231885, 0, 32;
    %concati/vec4 744841586, 0, 30;
    %store/vec4 v0xc510a9fe0_0, 0, 256;
    %fork TD_tb_bms_master_control_unit_enhanced.check, S_0x104dce7d0;
    %join;
    %vpi_call/w 7 135 "$display", "MCU TB SUMMARY: PASS=%0d FAIL=%0d", v0xc510c2120_0, v0xc510c12c0_0 {0 0 0};
    %load/vec4 v0xc510c12c0_0;
    %cmpi/e 0, 0, 32;
    %jmp/0xz  T_11.4, 4;
    %vpi_call/w 7 136 "$display", "TB_RESULT: PASS" {0 0 0};
    %jmp T_11.5;
T_11.4 ;
    %vpi_call/w 7 136 "$display", "TB_RESULT: FAIL" {0 0 0};
T_11.5 ;
    %delay 50, 0;
    %vpi_call/w 7 138 "$finish" {0 0 0};
    %end;
    .thread T_11;
# The file index is used to find the file name in the following table.
:file_names 11;
    "N/A";
    "<interactive>";
    "-";
    "rtl/common/bms_comm_hub.v";
    "rtl/common/bms_can_status_if.v";
    "rtl/common/bms_spi_slave.v";
    "rtl/common/bms_uart_tx.v";
    "tb/mcu/tb_bms_master_control_unit_enhanced.v";
    "rtl/mcu/bms_master_control_unit_enhanced.v";
    "rtl/mcu/bms_current_limit_supervisor.v";
    "rtl/mcu/bms_spi_master.v";
