 
****************************************
Report : timing
        -path full
        -delay max
        -group reg2out
        -max_paths 1
Design : bms_master_control_unit_enhanced
Version: T-2022.03-SP4
Date   : Sat Jul 18 22:03:55 2026
****************************************
Wire Load Model Mode: top

  Startpoint: u_curr_sup/allowed_current_reg_5_
              (rising edge-triggered flip-flop clocked by sys_clk)
  Endpoint: allowed_current[5]
            (output port clocked by sys_clk)
  Path Group: reg2out
  Path Type: max

  Des/Clust/Port     Wire Load Model       Library
  ------------------------------------------------
  bms_master_control_unit_enhanced
                     8000                  saed14rvt_ss0p6v125c

  Point                                                   Incr       Path      Voltage
  ------------------------------------------------------------------------------------
  clock sys_clk (rise edge)                               0.00       0.00      
  clock network delay (ideal)                             0.00       0.00      
  u_curr_sup/allowed_current_reg_5_/CK (SAEDRVT14_FSDPSBQ_V2LP_1)
                                                          0.00       0.00 r    0.60
  u_curr_sup/allowed_current_reg_5_/Q (SAEDRVT14_FSDPSBQ_V2LP_1)
                                                          0.07       0.07 f    0.60
  u_curr_sup/U7/X (SAEDRVT14_INV_0P5)                     0.01       0.08 r    0.60
  u_curr_sup/U8/X (SAEDRVT14_INV_0P5)                     0.09       0.17 f    0.60
  u_curr_sup/allowed_current[5] (bms_master_control_unit_enhanced_bms_current_limit_supervisor_0)
                                                          0.00       0.17 f    
  allowed_current[5] (out)                                0.13       0.29 f    
  data arrival time                                                  0.29      

  clock sys_clk (rise edge)                              10.00      10.00      
  clock network delay (ideal)                             0.00      10.00      
  clock uncertainty                                      -0.15       9.85      
  output external delay                                  -3.00       6.85      
  data required time                                                 6.85      
  ------------------------------------------------------------------------------------
  data required time                                                 6.85      
  data arrival time                                                 -0.29      
  ------------------------------------------------------------------------------------
  slack (MET)                                                        6.56      


1
