 
****************************************
Report : timing
        -path full
        -delay max
        -group in2reg
        -max_paths 1
Design : bms_master_control_unit_enhanced
Version: T-2022.03-SP4
Date   : Sat Jul  4 19:53:50 2026
****************************************
Wire Load Model Mode: top

  Startpoint: lmu2_soc[0]
              (input port clocked by sys_clk)
  Endpoint: pack_soc_avg_reg_0_
            (rising edge-triggered flip-flop clocked by sys_clk)
  Path Group: in2reg
  Path Type: max

  Des/Clust/Port     Wire Load Model       Library
  ------------------------------------------------
  bms_master_control_unit_enhanced
                     8000                  saed14rvt_ss0p6v125c

  Point                                                   Incr       Path      Voltage
  ------------------------------------------------------------------------------------
  clock sys_clk (rise edge)                               0.00       0.00      
  clock network delay (ideal)                             0.00       0.00      
  input external delay                                    3.00       3.00 f    
  lmu2_soc[0] (in)                                        0.00       3.00 f    
  DP_OP_26J1_122_5989/I3[0] (bms_master_control_unit_enhanced_bms_master_control_unit_enhanced_DP_OP_26J1_122_5989_J1_0_0)
                                                          0.00       3.00 f    
  DP_OP_26J1_122_5989/U37/CO (SAEDRVT14_ADDF_V2_0P5)      0.05       3.05 f    0.60
  DP_OP_26J1_122_5989/U36/CO (SAEDRVT14_ADDF_V2_0P5)      0.06       3.11 f    0.60
  DP_OP_26J1_122_5989/U50/CO (SAEDRVT14_ADDF_V2_0P5)      0.06       3.17 f    0.60
  DP_OP_26J1_122_5989/U49/CO (SAEDRVT14_ADDF_V2_0P5)      0.06       3.24 f    0.60
  DP_OP_26J1_122_5989/U63/CO (SAEDRVT14_ADDF_V1_0P5)      0.05       3.29 f    0.60
  DP_OP_26J1_122_5989/U48/CO (SAEDRVT14_ADDF_V2_0P5)      0.06       3.35 f    0.60
  DP_OP_26J1_122_5989/U47/CO (SAEDRVT14_ADDF_V2_0P5)      0.06       3.41 f    0.60
  DP_OP_26J1_122_5989/U62/CO (SAEDRVT14_ADDF_V1_0P5)      0.05       3.47 f    0.60
  DP_OP_26J1_122_5989/U46/CO (SAEDRVT14_ADDF_V2_0P5)      0.06       3.53 f    0.60
  DP_OP_26J1_122_5989/U45/CO (SAEDRVT14_ADDF_V2_0P5)      0.06       3.59 f    0.60
  DP_OP_26J1_122_5989/U61/CO (SAEDRVT14_ADDF_V1_0P5)      0.05       3.64 f    0.60
  DP_OP_26J1_122_5989/U41/CO (SAEDRVT14_ADDF_V2_0P5)      0.06       3.70 f    0.60
  DP_OP_26J1_122_5989/U52/CO (SAEDRVT14_ADDF_V2_0P5)      0.06       3.76 f    0.60
  DP_OP_26J1_122_5989/U51/CO (SAEDRVT14_ADDF_V2_0P5)      0.06       3.83 f    0.60
  DP_OP_26J1_122_5989/U65/S (SAEDRVT14_ADDF_V1_0P5)       0.09       3.91 r    0.60
  DP_OP_26J1_122_5989/O1[14] (bms_master_control_unit_enhanced_bms_master_control_unit_enhanced_DP_OP_26J1_122_5989_J1_0_0)
                                                          0.00       3.91 r    
  div_1/a[14] (bms_master_control_unit_enhanced_bms_master_control_unit_enhanced_DW_div_uns_J1_1_0)
                                                          0.00       3.91 r    
  div_1/U2/X (SAEDRVT14_NR2B_2)                           0.04       3.95 r    0.60
  div_1/U1/X (SAEDRVT14_AO2BB2_V1_0P5)                    0.04       4.00 r    0.60
  div_1/U8/X (SAEDRVT14_ND2_CDC_1)                        0.02       4.02 f    0.60
  div_1/U10/X (SAEDRVT14_EN2_0P5)                         0.03       4.05 r    0.60
  div_1/U11/X (SAEDRVT14_OAI21_0P5)                       0.02       4.07 f    0.60
  div_1/U14/X (SAEDRVT14_ND2_CDC_1)                       0.02       4.09 r    0.60
  div_1/U15/X (SAEDRVT14_EN2_0P5)                         0.03       4.12 f    0.60
  div_1/U16/X (SAEDRVT14_OAI21_0P5)                       0.02       4.14 r    0.60
  div_1/U19/X (SAEDRVT14_ND2_CDC_1)                       0.02       4.16 f    0.60
  div_1/U20/X (SAEDRVT14_EN2_0P5)                         0.03       4.20 r    0.60
  div_1/U21/X (SAEDRVT14_OAI21_0P5)                       0.02       4.22 f    0.60
  div_1/U24/X (SAEDRVT14_ND2_CDC_1)                       0.02       4.24 r    0.60
  div_1/U25/X (SAEDRVT14_EN2_0P5)                         0.03       4.27 f    0.60
  div_1/U26/X (SAEDRVT14_OAI21_0P5)                       0.02       4.29 r    0.60
  div_1/U29/X (SAEDRVT14_ND2_CDC_1)                       0.02       4.31 f    0.60
  div_1/U30/X (SAEDRVT14_EN2_0P5)                         0.03       4.34 r    0.60
  div_1/U31/X (SAEDRVT14_OAI21_0P5)                       0.02       4.36 f    0.60
  div_1/U34/X (SAEDRVT14_ND2_CDC_1)                       0.02       4.38 r    0.60
  div_1/U35/X (SAEDRVT14_EN2_0P5)                         0.03       4.41 f    0.60
  div_1/U36/X (SAEDRVT14_OAI21_0P5)                       0.02       4.43 r    0.60
  div_1/U39/X (SAEDRVT14_ND2_CDC_1)                       0.02       4.45 f    0.60
  div_1/U40/X (SAEDRVT14_EN2_0P5)                         0.03       4.49 r    0.60
  div_1/U41/X (SAEDRVT14_OAI21_0P5)                       0.02       4.51 f    0.60
  div_1/U44/X (SAEDRVT14_ND2_CDC_1)                       0.02       4.53 r    0.60
  div_1/U45/X (SAEDRVT14_EN2_0P5)                         0.03       4.56 f    0.60
  div_1/U46/X (SAEDRVT14_OAI21_0P5)                       0.02       4.58 r    0.60
  div_1/U49/X (SAEDRVT14_ND2_CDC_1)                       0.02       4.60 f    0.60
  div_1/U50/X (SAEDRVT14_EN2_0P5)                         0.03       4.63 r    0.60
  div_1/U51/X (SAEDRVT14_OAI21_0P5)                       0.02       4.65 f    0.60
  div_1/U54/X (SAEDRVT14_ND2_CDC_1)                       0.02       4.67 r    0.60
  div_1/U55/X (SAEDRVT14_EN2_0P5)                         0.03       4.70 f    0.60
  div_1/U56/X (SAEDRVT14_OAI21_0P5)                       0.02       4.72 r    0.60
  div_1/U59/X (SAEDRVT14_ND2_CDC_1)                       0.02       4.74 f    0.60
  div_1/U60/X (SAEDRVT14_EN2_0P5)                         0.03       4.77 r    0.60
  div_1/U61/X (SAEDRVT14_OAI21_0P5)                       0.02       4.79 f    0.60
  div_1/U64/X (SAEDRVT14_ND2_CDC_1)                       0.02       4.81 r    0.60
  div_1/U65/X (SAEDRVT14_EN2_0P5)                         0.03       4.84 f    0.60
  div_1/U66/X (SAEDRVT14_OAI21_0P5)                       0.02       4.86 r    0.60
  div_1/U68/X (SAEDRVT14_NR2_1)                           0.02       4.87 f    0.60
  div_1/U4/X (SAEDRVT14_OA2BB2_V1_0P5)                    0.02       4.90 f    0.60
  div_1/U70/X (SAEDRVT14_OAI21_0P5)                       0.02       4.92 r    0.60
  div_1/quotient[0] (bms_master_control_unit_enhanced_bms_master_control_unit_enhanced_DW_div_uns_J1_1_0)
                                                          0.00       4.92 r    
  pack_soc_avg_reg_0_/D (SAEDRVT14_FSDPRBQ_V2LP_2)        0.01       4.93 r    0.60
  data arrival time                                                  4.93      

  clock sys_clk (rise edge)                              10.00      10.00      
  clock network delay (ideal)                             0.00      10.00      
  clock uncertainty                                      -0.15       9.85      
  pack_soc_avg_reg_0_/CK (SAEDRVT14_FSDPRBQ_V2LP_2)       0.00       9.85 r    
  library setup time                                     -0.02       9.83      
  data required time                                                 9.83      
  ------------------------------------------------------------------------------------
  data required time                                                 9.83      
  data arrival time                                                 -4.93      
  ------------------------------------------------------------------------------------
  slack (MET)                                                        4.90      


1
