Information: Updating design information... (UID-85)
 
****************************************
Report : timing
        -path full
        -delay max
        -group reg2reg
        -max_paths 1
Design : bms_master_control_unit_enhanced
Version: T-2022.03-SP4
Date   : Sat Jul  4 19:53:50 2026
****************************************
Wire Load Model Mode: top

  Startpoint: u_spi_master/clk_cnt_reg_0_
              (rising edge-triggered flip-flop clocked by sys_clk)
  Endpoint: u_spi_master/clk_cnt_reg_7_
            (rising edge-triggered flip-flop clocked by sys_clk)
  Path Group: reg2reg
  Path Type: max

  Des/Clust/Port     Wire Load Model       Library
  ------------------------------------------------
  bms_master_control_unit_enhanced
                     8000                  saed14rvt_ss0p6v125c

  Point                                                   Incr       Path      Voltage
  ------------------------------------------------------------------------------------
  clock sys_clk (rise edge)                               0.00       0.00      
  clock network delay (ideal)                             0.00       0.00      
  u_spi_master/clk_cnt_reg_0_/CK (SAEDRVT14_FSDPRBQ_V2LP_2)
                                                          0.00       0.00 r    0.60
  u_spi_master/clk_cnt_reg_0_/Q (SAEDRVT14_FSDPRBQ_V2LP_2)
                                                          0.07       0.07 r    0.60
  u_spi_master/add_x_2/A[0] (bms_master_control_unit_enhanced_bms_spi_master_DW01_inc_J1_0_0)
                                                          0.00       0.07 r    
  u_spi_master/add_x_2/U12/CO (SAEDRVT14_ADDH_0P5)        0.03       0.11 r    0.60
  u_spi_master/add_x_2/U11/CO (SAEDRVT14_ADDH_0P5)        0.03       0.14 r    0.60
  u_spi_master/add_x_2/U13/CO (SAEDRVT14_ADDH_0P5)        0.03       0.17 r    0.60
  u_spi_master/add_x_2/U14/CO (SAEDRVT14_ADDH_0P5)        0.03       0.20 r    0.60
  u_spi_master/add_x_2/U15/CO (SAEDRVT14_ADDH_0P5)        0.03       0.23 r    0.60
  u_spi_master/add_x_2/U16/CO (SAEDRVT14_ADDH_0P5)        0.03       0.26 r    0.60
  u_spi_master/add_x_2/U17/X (SAEDRVT14_EO2_V1_0P75)      0.03       0.29 r    0.60
  u_spi_master/add_x_2/SUM[7] (bms_master_control_unit_enhanced_bms_spi_master_DW01_inc_J1_0_0)
                                                          0.00       0.29 r    
  u_spi_master/U95/X (SAEDRVT14_AN2_MM_1)                 0.03       0.32 r    0.60
  u_spi_master/clk_cnt_reg_7_/D (SAEDRVT14_FSDPRBQ_V2LP_2)
                                                          0.01       0.32 r    0.60
  data arrival time                                                  0.32      

  clock sys_clk (rise edge)                              10.00      10.00      
  clock network delay (ideal)                             0.00      10.00      
  clock uncertainty                                      -0.15       9.85      
  u_spi_master/clk_cnt_reg_7_/CK (SAEDRVT14_FSDPRBQ_V2LP_2)
                                                          0.00       9.85 r    
  library setup time                                     -0.02       9.83      
  data required time                                                 9.83      
  ------------------------------------------------------------------------------------
  data required time                                                 9.83      
  data arrival time                                                 -0.32      
  ------------------------------------------------------------------------------------
  slack (MET)                                                        9.51      


1
