/home/cad/eda/Mentor_Graphics/tessent_2022.2/bin/tessent -shell -logfile ./logs/lmu_wrap_tr2.log -replace
//  Tessent Shell  2022.2    Fri May 27 22:24:01 GMT 2022
//                Unpublished work. Copyright 2022 Siemens
//
//      This material contains trade secrets or otherwise confidential 
//  information owned by Siemens Industry Software Inc. or its affiliates 
//   (collectively, "SISW"), or its licensors. Access to and use of this 
//     information is strictly limited as set forth in the Customer's 
//                   applicable agreements with SISW. 
//
//  Siemens software executing under x86-64 Linux on Wed Jul 08 13:23:31 IST 2026.
//  64 bit version
//  Host: mavenserver-RH3 (255072 MB RAM, 122071 MB Swap)
//
//  command: set_context patterns -scan
//  command: set_context dft -scan
//  command: read_cell_library adk.tcelllib 
//  Reading DFT Library file adk.tcelllib
//  Finished reading file adk.tcelllib
//  command: read_verilog /home1/14_nmts/14_nmts/stdcell_hvt/verilog/*.v
//  command: read_verilog /home1/14_nmts/14_nmts/stdcell_lvt/verilog/*.v
//  command: read_verilog /home1/14_nmts/14_nmts/stdcell_rvt/verilog/*.v
//  command: read_verilog /home1/14_nmts/14_nmts/stdcell_slvt/verilog/*.v
//  command: read_verilog bms_lmu_wrapper.mapped.v 
//  command: set_current_design bms_lmu_wrapper -show_elaboration_warnings
//  Warning: Pin 'preset' of module '\**SEQGEN** ' is undefined, direction assumed to be input
//  Warning: Pin 'data_in' of module '\**SEQGEN** ' is undefined, direction assumed to be input
//  Warning: Pin 'enable' of module '\**SEQGEN** ' is undefined, direction assumed to be input
//  Warning: Pin 'synch_clear' of module '\**SEQGEN** ' is undefined, direction assumed to be input
//  Warning: Pin 'synch_preset' of module '\**SEQGEN** ' is undefined, direction assumed to be input
//  Warning: Pin 'synch_toggle' of module '\**SEQGEN** ' is undefined, direction assumed to be input
//  Warning: Undefined modules were found.
//           Before using "set_system_mode" or "create_flat_model", you must either define
//           the missing modules using "read_verilog" and/or "read_cell_library", or use the
//           following command to treat them as black boxes:
             add_black_boxes -modules { \
                    \**SEQGEN**  \
             }
//           You can also use "add_black_boxes -auto" to black box all undefined modules but
//           it is recommended that you do not add this command to your dofile. Doing so may
//           unintentionally black-box new undefined modules in future runs.
//  Warning: Net 'net42916' in module 'bms_lmu_wrapper' is not driven
//  Warning: Net 'net42917' in module 'bms_lmu_wrapper' is not driven
//  Warning: Net 'net42918' in module 'bms_lmu_wrapper' is not driven
//  Warning: Net 'net42919' in module 'bms_lmu_wrapper' is not driven
//  Warning: Net 'net42920' in module 'bms_lmu_wrapper' is not driven
//  Warning: Net 'net42921' in module 'bms_lmu_wrapper' is not driven
//  Warning: Net 'net42922' in module 'bms_lmu_wrapper' is not driven
//  Warning: Net 'net42923' in module 'bms_lmu_wrapper' is not driven
//  Warning: Net 'net42924' in module 'bms_lmu_wrapper' is not driven
//  Warning: Net 'net42925' in module 'bms_lmu_wrapper' is not driven
//  Warning: Net 'net42926' in module 'bms_lmu_wrapper' is not driven
//  Warning: Net 'net42927' in module 'bms_lmu_wrapper' is not driven
//  Warning: Net 'net42928' in module 'bms_lmu_wrapper' is not driven
//  Warning: Net 'net42929' in module 'bms_lmu_wrapper' is not driven
//  Warning: Net 'net42930' in module 'bms_lmu_wrapper' is not driven
//  Warning: Net 'net42931' in module 'bms_lmu_wrapper' is not driven
//  Warning: Net 'net42932' in module 'bms_lmu_wrapper' is not driven
//  Warning: Net 'net42933' in module 'bms_lmu_wrapper' is not driven
//  Warning: Net 'net42934' in module 'bms_lmu_wrapper' is not driven
//  Warning: Net 'net42935' in module 'bms_lmu_wrapper' is not driven
//  Warning: Net 'net42936' in module 'bms_lmu_wrapper' is not driven
//  Warning: Net 'net42937' in module 'bms_lmu_wrapper' is not driven
//  Warning: Net 'net42938' in module 'bms_lmu_wrapper' is not driven
//  Warning: Net 'net42939' in module 'bms_lmu_wrapper' is not driven
//  Warning: Net 'net42940' in module 'bms_lmu_wrapper' is not driven
//  Warning: Net 'net42941' in module 'bms_lmu_wrapper' is not driven
//  Warning: Net 'net42942' in module 'bms_lmu_wrapper' is not driven
//  Warning: Net 'net42943' in module 'bms_lmu_wrapper' is not driven
//  Warning: Net 'net42944' in module 'bms_lmu_wrapper' is not driven
//  Warning: Net 'net42945' in module 'bms_lmu_wrapper' is not driven
//  Warning: Net 'net42946' in module 'bms_lmu_wrapper' is not driven
//  Warning: Net 'net42947' in module 'bms_lmu_wrapper' is not driven
//  Warning: Net 'net42948' in module 'bms_lmu_wrapper' is not driven
//  Warning: Net 'net42949' in module 'bms_lmu_wrapper' is not driven
//  Warning: Net 'net42950' in module 'bms_lmu_wrapper' is not driven
//  Warning: Net 'net42951' in module 'bms_lmu_wrapper' is not driven
//  Warning: Net 'net42952' in module 'bms_lmu_wrapper' is not driven
//  Warning: Net 'net42953' in module 'bms_lmu_wrapper' is not driven
//  Warning: Net 'net42954' in module 'bms_lmu_wrapper' is not driven
//  Warning: Net 'net42955' in module 'bms_lmu_wrapper' is not driven
//  Warning: Net 'net42956' in module 'bms_lmu_wrapper' is not driven
//  Warning: Net 'net42957' in module 'bms_lmu_wrapper' is not driven
//  Warning: Net 'net42958' in module 'bms_lmu_wrapper' is not driven
//  Warning: Net 'net42959' in module 'bms_lmu_wrapper' is not driven
//  Warning: Net 'net42960' in module 'bms_lmu_wrapper' is not driven
//  Warning: Net 'net42961' in module 'bms_lmu_wrapper' is not driven
//  Warning: Net 'net42962' in module 'bms_lmu_wrapper' is not driven
//  Warning: Net 'net42963' in module 'bms_lmu_wrapper' is not driven
//  Warning: Net 'net42964' in module 'bms_lmu_wrapper' is not driven
//  Warning: Net 'net42965' in module 'bms_lmu_wrapper' is not driven
//  Warning: Net 'net42966' in module 'bms_lmu_wrapper' is not driven
//  Warning: Net 'net42967' in module 'bms_lmu_wrapper' is not driven
//  Warning: Net 'net42968' in module 'bms_lmu_wrapper' is not driven
//  Warning: Net 'net42969' in module 'bms_lmu_wrapper' is not driven
//  Warning: Net 'net42970' in module 'bms_lmu_wrapper' is not driven
//  Warning: Net 'net42971' in module 'bms_lmu_wrapper' is not driven
//  Warning: Net 'net42972' in module 'bms_lmu_wrapper' is not driven
//  Warning: Net 'net42973' in module 'bms_lmu_wrapper' is not driven
//  Warning: Net 'net42974' in module 'bms_lmu_wrapper' is not driven
//  Warning: Net 'net42975' in module 'bms_lmu_wrapper' is not driven
//  Warning: Net 'net42976' in module 'bms_lmu_wrapper' is not driven
//  Warning: Net 'net42977' in module 'bms_lmu_wrapper' is not driven
//  Warning: Net 'net42978' in module 'bms_lmu_wrapper' is not driven
//  Warning: Net 'net42979' in module 'bms_lmu_wrapper' is not driven
//  Warning: Net 'net42980' in module 'bms_lmu_wrapper' is not driven
//  Warning: Net 'net42981' in module 'bms_lmu_wrapper' is not driven
//  Warning: Net 'can_frame[63]' in module 'bms_lmu_wrapper_bms_satellite_top_0' is not driven
//  Warning: Net 'can_frame[62]' in module 'bms_lmu_wrapper_bms_satellite_top_0' is not driven
//  Warning: Net 'can_frame[61]' in module 'bms_lmu_wrapper_bms_satellite_top_0' is not driven
//  Warning: Net 'can_frame[60]' in module 'bms_lmu_wrapper_bms_satellite_top_0' is not driven
//  Warning: Net 'can_frame[59]' in module 'bms_lmu_wrapper_bms_satellite_top_0' is not driven
//  Warning: Net 'can_frame[58]' in module 'bms_lmu_wrapper_bms_satellite_top_0' is not driven
//  Warning: Net 'can_frame[57]' in module 'bms_lmu_wrapper_bms_satellite_top_0' is not driven
//  Warning: Net 'can_frame[56]' in module 'bms_lmu_wrapper_bms_satellite_top_0' is not driven
//  Warning: Net 'can_frame[55]' in module 'bms_lmu_wrapper_bms_satellite_top_0' is not driven
//  Warning: Net 'can_frame[54]' in module 'bms_lmu_wrapper_bms_satellite_top_0' is not driven
//  Warning: Net 'can_frame[53]' in module 'bms_lmu_wrapper_bms_satellite_top_0' is not driven
//  Warning: Net 'can_frame[52]' in module 'bms_lmu_wrapper_bms_satellite_top_0' is not driven
//  Warning: Net 'can_frame[51]' in module 'bms_lmu_wrapper_bms_satellite_top_0' is not driven
//  Warning: Net 'can_frame[50]' in module 'bms_lmu_wrapper_bms_satellite_top_0' is not driven
//  Warning: Net 'can_frame[49]' in module 'bms_lmu_wrapper_bms_satellite_top_0' is not driven
//  Warning: Net 'can_frame[48]' in module 'bms_lmu_wrapper_bms_satellite_top_0' is not driven
//  Warning: Net 'can_frame[47]' in module 'bms_lmu_wrapper_bms_satellite_top_0' is not driven
//  Warning: Net 'can_frame[46]' in module 'bms_lmu_wrapper_bms_satellite_top_0' is not driven
//  Warning: Net 'can_frame[45]' in module 'bms_lmu_wrapper_bms_satellite_top_0' is not driven
//  Warning: Net 'can_frame[44]' in module 'bms_lmu_wrapper_bms_satellite_top_0' is not driven
//  Warning: Net 'can_frame[43]' in module 'bms_lmu_wrapper_bms_satellite_top_0' is not driven
//  Warning: Net 'can_frame[42]' in module 'bms_lmu_wrapper_bms_satellite_top_0' is not driven
//  Warning: Net 'can_frame[41]' in module 'bms_lmu_wrapper_bms_satellite_top_0' is not driven
//  Warning: Net 'can_frame[40]' in module 'bms_lmu_wrapper_bms_satellite_top_0' is not driven
//  Warning: Net 'can_frame[39]' in module 'bms_lmu_wrapper_bms_satellite_top_0' is not driven
//  Warning: Net 'can_frame[38]' in module 'bms_lmu_wrapper_bms_satellite_top_0' is not driven
//  Warning: Net 'can_frame[37]' in module 'bms_lmu_wrapper_bms_satellite_top_0' is not driven
//  Warning: Net 'can_frame[36]' in module 'bms_lmu_wrapper_bms_satellite_top_0' is not driven
//  Warning: Net 'can_frame[35]' in module 'bms_lmu_wrapper_bms_satellite_top_0' is not driven
//  Warning: Net 'can_frame[34]' in module 'bms_lmu_wrapper_bms_satellite_top_0' is not driven
//  Warning: Net 'can_frame[33]' in module 'bms_lmu_wrapper_bms_satellite_top_0' is not driven
//  Warning: Net 'can_frame[32]' in module 'bms_lmu_wrapper_bms_satellite_top_0' is not driven
//  Warning: Net 'can_frame[31]' in module 'bms_lmu_wrapper_bms_satellite_top_0' is not driven
//  Warning: Net 'can_frame[30]' in module 'bms_lmu_wrapper_bms_satellite_top_0' is not driven
//  Warning: Net 'can_frame[29]' in module 'bms_lmu_wrapper_bms_satellite_top_0' is not driven
//  Warning: Net 'can_frame[28]' in module 'bms_lmu_wrapper_bms_satellite_top_0' is not driven
//  Warning: Net 'can_frame[27]' in module 'bms_lmu_wrapper_bms_satellite_top_0' is not driven
//  Warning: Net 'can_frame[26]' in module 'bms_lmu_wrapper_bms_satellite_top_0' is not driven
//  Warning: Net 'can_frame[25]' in module 'bms_lmu_wrapper_bms_satellite_top_0' is not driven
//  Warning: Net 'can_frame[24]' in module 'bms_lmu_wrapper_bms_satellite_top_0' is not driven
//  Warning: Net 'can_frame[23]' in module 'bms_lmu_wrapper_bms_satellite_top_0' is not driven
//  Warning: Net 'can_frame[22]' in module 'bms_lmu_wrapper_bms_satellite_top_0' is not driven
//  Warning: Net 'can_frame[21]' in module 'bms_lmu_wrapper_bms_satellite_top_0' is not driven
//  Warning: Net 'can_frame[20]' in module 'bms_lmu_wrapper_bms_satellite_top_0' is not driven
//  Warning: Net 'can_frame[19]' in module 'bms_lmu_wrapper_bms_satellite_top_0' is not driven
//  Warning: Net 'can_frame[18]' in module 'bms_lmu_wrapper_bms_satellite_top_0' is not driven
//  Warning: Net 'can_frame[17]' in module 'bms_lmu_wrapper_bms_satellite_top_0' is not driven
//  Warning: Net 'can_frame[16]' in module 'bms_lmu_wrapper_bms_satellite_top_0' is not driven
//  Warning: Net 'can_frame[15]' in module 'bms_lmu_wrapper_bms_satellite_top_0' is not driven
//  Warning: Net 'can_frame[14]' in module 'bms_lmu_wrapper_bms_satellite_top_0' is not driven
//  Warning: Net 'can_frame[13]' in module 'bms_lmu_wrapper_bms_satellite_top_0' is not driven
//  Warning: Net 'can_frame[12]' in module 'bms_lmu_wrapper_bms_satellite_top_0' is not driven
//  Warning: Net 'can_frame[11]' in module 'bms_lmu_wrapper_bms_satellite_top_0' is not driven
//  Warning: Net 'can_frame[10]' in module 'bms_lmu_wrapper_bms_satellite_top_0' is not driven
//  Warning: Net 'can_frame[9]' in module 'bms_lmu_wrapper_bms_satellite_top_0' is not driven
//  Warning: Net 'can_frame[8]' in module 'bms_lmu_wrapper_bms_satellite_top_0' is not driven
//  Warning: Net 'fault_code[7]' in module 'bms_lmu_wrapper_bms_satellite_top_0' is not driven
//  Warning: Net 'fault_code[6]' in module 'bms_lmu_wrapper_bms_satellite_top_0' is not driven
//  Warning: Net 'fault_code[5]' in module 'bms_lmu_wrapper_bms_satellite_top_0' is not driven
//  Warning: Net 'fault_code[4]' in module 'bms_lmu_wrapper_bms_satellite_top_0' is not driven
//  Warning: Net 'fault_code[3]' in module 'bms_lmu_wrapper_bms_satellite_top_0' is not driven
//  Warning: Net 'cell_v_bus[63]' in module 'bms_lmu_wrapper_bms_satellite_top_0' has no pins
//  Warning: Net 'sample_idx[4]' in module 'bms_lmu_wrapper_bms_adc_if_0' is not driven
//  Warning: Net 'sample_idx[3]' in module 'bms_lmu_wrapper_bms_adc_if_0' is not driven
//  Warning: Net 'sample_idx[2]' in module 'bms_lmu_wrapper_bms_adc_if_0' is not driven
//  Warning: Net 'sample_idx[1]' in module 'bms_lmu_wrapper_bms_adc_if_0' is not driven
//  Warning: Net 'sample_idx[0]' in module 'bms_lmu_wrapper_bms_adc_if_0' is not driven
//  Warning: Net 'iso_margin[15]' in module 'bms_lmu_wrapper_bms_isolation_monitor_0' is not driven
//  Warning: Net 'iso_margin[14]' in module 'bms_lmu_wrapper_bms_isolation_monitor_0' is not driven
//  Warning: Net 'iso_margin[13]' in module 'bms_lmu_wrapper_bms_isolation_monitor_0' is not driven
//  Warning: Net 'iso_margin[12]' in module 'bms_lmu_wrapper_bms_isolation_monitor_0' is not driven
//  Warning: Net 'iso_margin[11]' in module 'bms_lmu_wrapper_bms_isolation_monitor_0' is not driven
//  Warning: Net 'iso_margin[10]' in module 'bms_lmu_wrapper_bms_isolation_monitor_0' is not driven
//  Warning: Net 'iso_margin[9]' in module 'bms_lmu_wrapper_bms_isolation_monitor_0' is not driven
//  Warning: Net 'iso_margin[8]' in module 'bms_lmu_wrapper_bms_isolation_monitor_0' is not driven
//  Warning: Net 'iso_margin[7]' in module 'bms_lmu_wrapper_bms_isolation_monitor_0' is not driven
//  Warning: Net 'iso_margin[6]' in module 'bms_lmu_wrapper_bms_isolation_monitor_0' is not driven
//  Warning: Net 'iso_margin[5]' in module 'bms_lmu_wrapper_bms_isolation_monitor_0' is not driven
//  Warning: Net 'iso_margin[4]' in module 'bms_lmu_wrapper_bms_isolation_monitor_0' is not driven
//  Warning: Net 'iso_margin[3]' in module 'bms_lmu_wrapper_bms_isolation_monitor_0' is not driven
//  Warning: Net 'iso_margin[2]' in module 'bms_lmu_wrapper_bms_isolation_monitor_0' is not driven
//  Warning: Net 'iso_margin[1]' in module 'bms_lmu_wrapper_bms_isolation_monitor_0' is not driven
//  Warning: Net 'iso_margin[0]' in module 'bms_lmu_wrapper_bms_isolation_monitor_0' is not driven
//  Warning: Net 'fault_code[7]' in module 'bms_lmu_wrapper_bms_fault_processor_0' is not driven
//  Warning: Net 'fault_code[6]' in module 'bms_lmu_wrapper_bms_fault_processor_0' is not driven
//  Warning: Net 'fault_code[5]' in module 'bms_lmu_wrapper_bms_fault_processor_0' is not driven
//  Warning: Net 'fault_code[4]' in module 'bms_lmu_wrapper_bms_fault_processor_0' is not driven
//  Warning: Net 'fault_code[3]' in module 'bms_lmu_wrapper_bms_fault_processor_0' is not driven
//  Warning: Net 'ov_map[15]' in module 'bms_lmu_wrapper_bms_fault_processor_0' is not driven
//  Warning: Net 'ov_map[14]' in module 'bms_lmu_wrapper_bms_fault_processor_0' is not driven
//  Warning: Net 'ov_map[13]' in module 'bms_lmu_wrapper_bms_fault_processor_0' is not driven
//  Warning: Net 'ov_map[12]' in module 'bms_lmu_wrapper_bms_fault_processor_0' is not driven
//  Warning: Net 'ov_map[11]' in module 'bms_lmu_wrapper_bms_fault_processor_0' is not driven
//  Warning: Net 'ov_map[10]' in module 'bms_lmu_wrapper_bms_fault_processor_0' is not driven
//  Warning: Net 'ov_map[9]' in module 'bms_lmu_wrapper_bms_fault_processor_0' is not driven
//  Warning: Net 'ov_map[8]' in module 'bms_lmu_wrapper_bms_fault_processor_0' is not driven
//  Warning: Net 'ov_map[7]' in module 'bms_lmu_wrapper_bms_fault_processor_0' is not driven
//  Warning: Net 'ov_map[6]' in module 'bms_lmu_wrapper_bms_fault_processor_0' is not driven
//  Warning: Net 'ov_map[5]' in module 'bms_lmu_wrapper_bms_fault_processor_0' is not driven
//  Warning: Net 'ov_map[4]' in module 'bms_lmu_wrapper_bms_fault_processor_0' is not driven
//  Warning: Net 'ov_map[3]' in module 'bms_lmu_wrapper_bms_fault_processor_0' is not driven
//  Warning: Net 'ov_map[2]' in module 'bms_lmu_wrapper_bms_fault_processor_0' is not driven
//  Warning: Net 'ov_map[1]' in module 'bms_lmu_wrapper_bms_fault_processor_0' is not driven
//  Warning: Net 'ov_map[0]' in module 'bms_lmu_wrapper_bms_fault_processor_0' is not driven
//  Warning: Net 'uv_map[15]' in module 'bms_lmu_wrapper_bms_fault_processor_0' is not driven
//  Warning: Net 'uv_map[14]' in module 'bms_lmu_wrapper_bms_fault_processor_0' is not driven
//  Warning: Net 'uv_map[13]' in module 'bms_lmu_wrapper_bms_fault_processor_0' is not driven
//  Warning: Net 'uv_map[12]' in module 'bms_lmu_wrapper_bms_fault_processor_0' is not driven
//  Warning: Net 'uv_map[11]' in module 'bms_lmu_wrapper_bms_fault_processor_0' is not driven
//  Warning: Net 'uv_map[10]' in module 'bms_lmu_wrapper_bms_fault_processor_0' is not driven
//  Warning: Net 'uv_map[9]' in module 'bms_lmu_wrapper_bms_fault_processor_0' is not driven
//  Warning: Net 'uv_map[8]' in module 'bms_lmu_wrapper_bms_fault_processor_0' is not driven
//  Warning: Net 'uv_map[7]' in module 'bms_lmu_wrapper_bms_fault_processor_0' is not driven
//  Warning: Net 'uv_map[6]' in module 'bms_lmu_wrapper_bms_fault_processor_0' is not driven
//  Warning: Net 'uv_map[5]' in module 'bms_lmu_wrapper_bms_fault_processor_0' is not driven
//  Warning: Net 'uv_map[4]' in module 'bms_lmu_wrapper_bms_fault_processor_0' is not driven
//  Warning: Net 'uv_map[3]' in module 'bms_lmu_wrapper_bms_fault_processor_0' is not driven
//  Warning: Net 'uv_map[2]' in module 'bms_lmu_wrapper_bms_fault_processor_0' is not driven
//  Warning: Net 'uv_map[1]' in module 'bms_lmu_wrapper_bms_fault_processor_0' is not driven
//  Warning: Net 'uv_map[0]' in module 'bms_lmu_wrapper_bms_fault_processor_0' is not driven
//  Warning: Net 'sensor_mismatch' in module 'bms_lmu_wrapper_bms_fault_processor_0' is not driven
//  Warning: Net 'CO' in module 'bms_lmu_wrapper_bms_fault_processor_DW01_sub_J3_0_0' is not driven
//  Warning: Net 'EQ_NE' in module 'bms_lmu_wrapper_bms_fault_processor_DW_cmp_J3_2_0' is not driven
//  Warning: Net 'CO' in module 'bms_lmu_wrapper_bms_fault_processor_DW01_sub_J3_1_0' is not driven
//  Warning: Net 'EQ_NE' in module 'bms_lmu_wrapper_bms_fault_processor_DW_cmp_J3_4_0' is not driven
//  Warning: Net 'CO' in module 'bms_lmu_wrapper_bms_fault_processor_DW01_sub_J3_2_0' is not driven
//  Warning: Net 'EQ_NE' in module 'bms_lmu_wrapper_bms_fault_processor_DW_cmp_J3_7_0' is not driven
//  Warning: Net 'CO' in module 'bms_lmu_wrapper_bms_fault_processor_DW01_sub_J3_3_0' is not driven
//  Warning: Net 'EQ_NE' in module 'bms_lmu_wrapper_bms_fault_processor_DW_cmp_J3_9_0' is not driven
//  Warning: Net 'CO' in module 'bms_lmu_wrapper_bms_fault_processor_DW01_sub_J3_4_0' is not driven
//  Warning: Net 'EQ_NE' in module 'bms_lmu_wrapper_bms_fault_processor_DW_cmp_J3_12_0' is not driven
//  Warning: Net 'CO' in module 'bms_lmu_wrapper_bms_fault_processor_DW01_sub_J3_5_0' is not driven
//  Warning: Net 'EQ_NE' in module 'bms_lmu_wrapper_bms_fault_processor_DW_cmp_J3_14_0' is not driven
//  Warning: Net 'CO' in module 'bms_lmu_wrapper_bms_fault_processor_DW01_sub_J3_6_0' is not driven
//  Warning: Net 'EQ_NE' in module 'bms_lmu_wrapper_bms_fault_processor_DW_cmp_J3_17_0' is not driven
//  Warning: Net 'CO' in module 'bms_lmu_wrapper_bms_fault_processor_DW01_sub_J3_7_0' is not driven
//  Warning: Net 'EQ_NE' in module 'bms_lmu_wrapper_bms_fault_processor_DW_cmp_J3_19_0' is not driven
//  Warning: Net 'CO' in module 'bms_lmu_wrapper_bms_fault_processor_DW01_sub_J3_8_0' is not driven
//  Warning: Net 'EQ_NE' in module 'bms_lmu_wrapper_bms_fault_processor_DW_cmp_J3_22_0' is not driven
//  Warning: Net 'CO' in module 'bms_lmu_wrapper_bms_fault_processor_DW01_sub_J3_9_0' is not driven
//  Warning: Net 'EQ_NE' in module 'bms_lmu_wrapper_bms_fault_processor_DW_cmp_J3_24_0' is not driven
//  Warning: Net 'CO' in module 'bms_lmu_wrapper_bms_fault_processor_DW01_sub_J3_10_0' is not driven
//  Warning: Net 'EQ_NE' in module 'bms_lmu_wrapper_bms_fault_processor_DW_cmp_J3_27_0' is not driven
//  Warning: Net 'CO' in module 'bms_lmu_wrapper_bms_fault_processor_DW01_sub_J3_11_0' is not driven
//  Warning: Net 'EQ_NE' in module 'bms_lmu_wrapper_bms_fault_processor_DW_cmp_J3_29_0' is not driven
//  Warning: Net 'CO' in module 'bms_lmu_wrapper_bms_fault_processor_DW01_sub_J3_12_0' is not driven
//  Warning: Net 'EQ_NE' in module 'bms_lmu_wrapper_bms_fault_processor_DW_cmp_J3_32_0' is not driven
//  Warning: Net 'CO' in module 'bms_lmu_wrapper_bms_fault_processor_DW01_sub_J3_13_0' is not driven
//  Warning: Net 'EQ_NE' in module 'bms_lmu_wrapper_bms_fault_processor_DW_cmp_J3_34_0' is not driven
//  Warning: Net 'CO' in module 'bms_lmu_wrapper_bms_fault_processor_DW01_sub_J3_14_0' is not driven
//  Warning: Net 'EQ_NE' in module 'bms_lmu_wrapper_bms_fault_processor_DW_cmp_J3_37_0' is not driven
//  Warning: Net 'CO' in module 'bms_lmu_wrapper_bms_fault_processor_DW01_sub_J3_15_0' is not driven
//  Warning: Net 'EQ_NE' in module 'bms_lmu_wrapper_bms_fault_processor_DW_cmp_J3_39_0' is not driven
//  Warning: Net 'CO' in module 'bms_lmu_wrapper_bms_fault_processor_DW01_sub_J3_16_0' is not driven
//  Warning: Net 'EQ_NE' in module 'bms_lmu_wrapper_bms_fault_processor_DW_cmp_J3_42_0' is not driven
//  Warning: Net 'CO' in module 'bms_lmu_wrapper_bms_fault_processor_DW01_sub_J3_17_0' is not driven
//  Warning: Net 'EQ_NE' in module 'bms_lmu_wrapper_bms_fault_processor_DW_cmp_J3_44_0' is not driven
//  Warning: Net 'CO' in module 'bms_lmu_wrapper_bms_fault_processor_DW01_sub_J3_18_0' is not driven
//  Warning: Net 'EQ_NE' in module 'bms_lmu_wrapper_bms_fault_processor_DW_cmp_J3_47_0' is not driven
//  Warning: Net 'CO' in module 'bms_lmu_wrapper_bms_fault_processor_DW01_sub_J3_19_0' is not driven
//  Warning: Net 'EQ_NE' in module 'bms_lmu_wrapper_bms_fault_processor_DW_cmp_J3_49_0' is not driven
//  Warning: Net 'CO' in module 'bms_lmu_wrapper_bms_fault_processor_DW01_sub_J3_20_0' is not driven
//  Warning: Net 'EQ_NE' in module 'bms_lmu_wrapper_bms_fault_processor_DW_cmp_J3_52_0' is not driven
//  Warning: Net 'CO' in module 'bms_lmu_wrapper_bms_fault_processor_DW01_sub_J3_21_0' is not driven
//  Warning: Net 'EQ_NE' in module 'bms_lmu_wrapper_bms_fault_processor_DW_cmp_J3_54_0' is not driven
//  Warning: Net 'CO' in module 'bms_lmu_wrapper_bms_fault_processor_DW01_sub_J3_22_0' is not driven
//  Warning: Net 'EQ_NE' in module 'bms_lmu_wrapper_bms_fault_processor_DW_cmp_J3_57_0' is not driven
//  Warning: Net 'CO' in module 'bms_lmu_wrapper_bms_fault_processor_DW01_sub_J3_23_0' is not driven
//  Warning: Net 'EQ_NE' in module 'bms_lmu_wrapper_bms_fault_processor_DW_cmp_J3_59_0' is not driven
//  Warning: Net 'CO' in module 'bms_lmu_wrapper_bms_fault_processor_DW01_sub_J3_24_0' is not driven
//  Warning: Net 'EQ_NE' in module 'bms_lmu_wrapper_bms_fault_processor_DW_cmp_J3_62_0' is not driven
//  Warning: Net 'CO' in module 'bms_lmu_wrapper_bms_fault_processor_DW01_sub_J3_25_0' is not driven
//  Warning: Net 'EQ_NE' in module 'bms_lmu_wrapper_bms_fault_processor_DW_cmp_J3_64_0' is not driven
//  Warning: Net 'CO' in module 'bms_lmu_wrapper_bms_fault_processor_DW01_sub_J3_26_0' is not driven
//  Warning: Net 'EQ_NE' in module 'bms_lmu_wrapper_bms_fault_processor_DW_cmp_J3_67_0' is not driven
//  Warning: Net 'CO' in module 'bms_lmu_wrapper_bms_fault_processor_DW01_sub_J3_27_0' is not driven
//  Warning: Net 'EQ_NE' in module 'bms_lmu_wrapper_bms_fault_processor_DW_cmp_J3_69_0' is not driven
//  Warning: Net 'CO' in module 'bms_lmu_wrapper_bms_fault_processor_DW01_sub_J3_28_0' is not driven
//  Warning: Net 'EQ_NE' in module 'bms_lmu_wrapper_bms_fault_processor_DW_cmp_J3_72_0' is not driven
//  Warning: Net 'CO' in module 'bms_lmu_wrapper_bms_fault_processor_DW01_sub_J3_29_0' is not driven
//  Warning: Net 'EQ_NE' in module 'bms_lmu_wrapper_bms_fault_processor_DW_cmp_J3_74_0' is not driven
//  Warning: Net 'CO' in module 'bms_lmu_wrapper_bms_fault_processor_DW01_sub_J3_30_0' is not driven
//  Warning: Net 'EQ_NE' in module 'bms_lmu_wrapper_bms_fault_processor_DW_cmp_J3_77_0' is not driven
//  Warning: Net 'CO' in module 'bms_lmu_wrapper_bms_fault_processor_DW01_sub_J3_31_0' is not driven
//  Warning: Net 'EQ_NE' in module 'bms_lmu_wrapper_bms_fault_processor_DW_cmp_J3_79_0' is not driven
//  Warning: Net 'ocv_soc[14]' in module 'bms_lmu_wrapper_bms_soc_soh_engine_0' has no pins
//  Warning: Net 'ocv_soc[13]' in module 'bms_lmu_wrapper_bms_soc_soh_engine_0' has no pins
//  Warning: Net 'ocv_soc[12]' in module 'bms_lmu_wrapper_bms_soc_soh_engine_0' has no pins
//  Warning: Net 'ocv_soc[11]' in module 'bms_lmu_wrapper_bms_soc_soh_engine_0' has no pins
//  Warning: Net 'ocv_soc[9]' in module 'bms_lmu_wrapper_bms_soc_soh_engine_0' has no pins
//  Warning: Net 'ocv_soc[8]' in module 'bms_lmu_wrapper_bms_soc_soh_engine_0' has no pins
//  Warning: Net 'ocv_soc[7]' in module 'bms_lmu_wrapper_bms_soc_soh_engine_0' has no pins
//  Warning: Net 'ocv_soc[6]' in module 'bms_lmu_wrapper_bms_soc_soh_engine_0' has no pins
//  Warning: Net 'ocv_soc[5]' in module 'bms_lmu_wrapper_bms_soc_soh_engine_0' has no pins
//  Warning: Net 'ocv_soc[4]' in module 'bms_lmu_wrapper_bms_soc_soh_engine_0' has no pins
//  Warning: Net 'ocv_soc[3]' in module 'bms_lmu_wrapper_bms_soc_soh_engine_0' has no pins
//  Warning: Net 'ocv_soc[2]' in module 'bms_lmu_wrapper_bms_soc_soh_engine_0' has no pins
//  Warning: Net 'O1[1]' in module 'bms_lmu_wrapper_bms_soc_soh_engine_DP_OP_30J4_123_4080_J4_0_0' is not driven
//  Warning: Net 'O1[0]' in module 'bms_lmu_wrapper_bms_soc_soh_engine_DP_OP_30J4_123_4080_J4_0_0' is not driven
//  Warning: Net 'O1[0]' in module 'bms_lmu_wrapper_bms_soc_soh_engine_DP_OP_29J4_122_4080_J4_0_0' is not driven
//  Warning: Net 'quotient[31]' in module 'bms_lmu_wrapper_bms_soc_soh_engine_DW_div_uns_J4_0_0' is not driven
//  Warning: Net 'quotient[30]' in module 'bms_lmu_wrapper_bms_soc_soh_engine_DW_div_uns_J4_0_0' is not driven
//  Warning: Net 'quotient[29]' in module 'bms_lmu_wrapper_bms_soc_soh_engine_DW_div_uns_J4_0_0' is not driven
//  Warning: Net 'quotient[28]' in module 'bms_lmu_wrapper_bms_soc_soh_engine_DW_div_uns_J4_0_0' is not driven
//  Warning: Net 'quotient[27]' in module 'bms_lmu_wrapper_bms_soc_soh_engine_DW_div_uns_J4_0_0' is not driven
//  Warning: Net 'quotient[26]' in module 'bms_lmu_wrapper_bms_soc_soh_engine_DW_div_uns_J4_0_0' is not driven
//  Warning: Net 'quotient[25]' in module 'bms_lmu_wrapper_bms_soc_soh_engine_DW_div_uns_J4_0_0' is not driven
//  Warning: Net 'quotient[24]' in module 'bms_lmu_wrapper_bms_soc_soh_engine_DW_div_uns_J4_0_0' is not driven
//  Warning: Net 'quotient[23]' in module 'bms_lmu_wrapper_bms_soc_soh_engine_DW_div_uns_J4_0_0' is not driven
//  Warning: Net 'quotient[22]' in module 'bms_lmu_wrapper_bms_soc_soh_engine_DW_div_uns_J4_0_0' is not driven
//  Warning: Net 'quotient[21]' in module 'bms_lmu_wrapper_bms_soc_soh_engine_DW_div_uns_J4_0_0' is not driven
//  Warning: Net 'quotient[20]' in module 'bms_lmu_wrapper_bms_soc_soh_engine_DW_div_uns_J4_0_0' is not driven
//  Warning: Net 'quotient[19]' in module 'bms_lmu_wrapper_bms_soc_soh_engine_DW_div_uns_J4_0_0' is not driven
//  Warning: Net 'quotient[18]' in module 'bms_lmu_wrapper_bms_soc_soh_engine_DW_div_uns_J4_0_0' is not driven
//  Warning: Net 'quotient[17]' in module 'bms_lmu_wrapper_bms_soc_soh_engine_DW_div_uns_J4_0_0' is not driven
//  Warning: Net 'quotient[16]' in module 'bms_lmu_wrapper_bms_soc_soh_engine_DW_div_uns_J4_0_0' is not driven
//  Warning: Net 'remainder[16]' in module 'bms_lmu_wrapper_bms_soc_soh_engine_DW_div_uns_J4_0_0' is not driven
//  Warning: Net 'remainder[15]' in module 'bms_lmu_wrapper_bms_soc_soh_engine_DW_div_uns_J4_0_0' is not driven
//  Warning: Net 'remainder[14]' in module 'bms_lmu_wrapper_bms_soc_soh_engine_DW_div_uns_J4_0_0' is not driven
//  Warning: Net 'remainder[13]' in module 'bms_lmu_wrapper_bms_soc_soh_engine_DW_div_uns_J4_0_0' is not driven
//  Warning: Net 'remainder[12]' in module 'bms_lmu_wrapper_bms_soc_soh_engine_DW_div_uns_J4_0_0' is not driven
//  Warning: Net 'remainder[11]' in module 'bms_lmu_wrapper_bms_soc_soh_engine_DW_div_uns_J4_0_0' is not driven
//  Warning: Net 'remainder[10]' in module 'bms_lmu_wrapper_bms_soc_soh_engine_DW_div_uns_J4_0_0' is not driven
//  Warning: Net 'remainder[9]' in module 'bms_lmu_wrapper_bms_soc_soh_engine_DW_div_uns_J4_0_0' is not driven
//  Warning: Net 'remainder[8]' in module 'bms_lmu_wrapper_bms_soc_soh_engine_DW_div_uns_J4_0_0' is not driven
//  Warning: Net 'remainder[7]' in module 'bms_lmu_wrapper_bms_soc_soh_engine_DW_div_uns_J4_0_0' is not driven
//  Warning: Net 'remainder[6]' in module 'bms_lmu_wrapper_bms_soc_soh_engine_DW_div_uns_J4_0_0' is not driven
//  Warning: Net 'remainder[5]' in module 'bms_lmu_wrapper_bms_soc_soh_engine_DW_div_uns_J4_0_0' is not driven
//  Warning: Net 'remainder[4]' in module 'bms_lmu_wrapper_bms_soc_soh_engine_DW_div_uns_J4_0_0' is not driven
//  Warning: Net 'remainder[3]' in module 'bms_lmu_wrapper_bms_soc_soh_engine_DW_div_uns_J4_0_0' is not driven
//  Warning: Net 'remainder[2]' in module 'bms_lmu_wrapper_bms_soc_soh_engine_DW_div_uns_J4_0_0' is not driven
//  Warning: Net 'remainder[1]' in module 'bms_lmu_wrapper_bms_soc_soh_engine_DW_div_uns_J4_0_0' is not driven
//  Warning: Net 'remainder[0]' in module 'bms_lmu_wrapper_bms_soc_soh_engine_DW_div_uns_J4_0_0' is not driven
//  Warning: Net 'divide_by_0' in module 'bms_lmu_wrapper_bms_soc_soh_engine_DW_div_uns_J4_0_0' is not driven
//  Warning: Net 'CO' in module 'bms_lmu_wrapper_bms_soc_soh_engine_DW01_add_J4_38_0' is not driven
//  Warning: Net 'product[47]' in module 'bms_lmu_wrapper_bms_soc_soh_engine_DW_mult_uns_J15_0_0' is not driven
//  Warning: Net 'product[46]' in module 'bms_lmu_wrapper_bms_soc_soh_engine_DW_mult_uns_J15_0_0' is not driven
//  Warning: Net 'product[45]' in module 'bms_lmu_wrapper_bms_soc_soh_engine_DW_mult_uns_J15_0_0' is not driven
//  Warning: Net 'product[44]' in module 'bms_lmu_wrapper_bms_soc_soh_engine_DW_mult_uns_J15_0_0' is not driven
//  Warning: Net 'product[43]' in module 'bms_lmu_wrapper_bms_soc_soh_engine_DW_mult_uns_J15_0_0' is not driven
//  Warning: Net 'product[42]' in module 'bms_lmu_wrapper_bms_soc_soh_engine_DW_mult_uns_J15_0_0' is not driven
//  Warning: Net 'product[41]' in module 'bms_lmu_wrapper_bms_soc_soh_engine_DW_mult_uns_J15_0_0' is not driven
//  Warning: Net 'product[40]' in module 'bms_lmu_wrapper_bms_soc_soh_engine_DW_mult_uns_J15_0_0' is not driven
//  Warning: Net 'product[39]' in module 'bms_lmu_wrapper_bms_soc_soh_engine_DW_mult_uns_J15_0_0' is not driven
//  Warning: Net 'product[38]' in module 'bms_lmu_wrapper_bms_soc_soh_engine_DW_mult_uns_J15_0_0' is not driven
//  Warning: Net 'product[37]' in module 'bms_lmu_wrapper_bms_soc_soh_engine_DW_mult_uns_J15_0_0' is not driven
//  Warning: Net 'product[36]' in module 'bms_lmu_wrapper_bms_soc_soh_engine_DW_mult_uns_J15_0_0' is not driven
//  Warning: Net 'product[35]' in module 'bms_lmu_wrapper_bms_soc_soh_engine_DW_mult_uns_J15_0_0' is not driven
//  Warning: Net 'product[34]' in module 'bms_lmu_wrapper_bms_soc_soh_engine_DW_mult_uns_J15_0_0' is not driven
//  Warning: Net 'product[33]' in module 'bms_lmu_wrapper_bms_soc_soh_engine_DW_mult_uns_J15_0_0' is not driven
//  Warning: Net 'product[32]' in module 'bms_lmu_wrapper_bms_soc_soh_engine_DW_mult_uns_J15_0_0' is not driven
//  Warning: Net 'product[3]' in module 'bms_lmu_wrapper_bms_soc_soh_engine_DW_mult_uns_J15_0_0' is not driven
//  Warning: Net 'product[2]' in module 'bms_lmu_wrapper_bms_soc_soh_engine_DW_mult_uns_J15_0_0' is not driven
//  Warning: Net 'product[1]' in module 'bms_lmu_wrapper_bms_soc_soh_engine_DW_mult_uns_J15_0_0' is not driven
//  Warning: Net 'product[0]' in module 'bms_lmu_wrapper_bms_soc_soh_engine_DW_mult_uns_J15_0_0' is not driven
//  Warning: Net 'high_id_o[3]' in module 'bms_lmu_wrapper_bms_active_balancer_0' is not driven
//  Warning: Net 'high_id_o[2]' in module 'bms_lmu_wrapper_bms_active_balancer_0' is not driven
//  Warning: Net 'high_id_o[1]' in module 'bms_lmu_wrapper_bms_active_balancer_0' is not driven
//  Warning: Net 'high_id_o[0]' in module 'bms_lmu_wrapper_bms_active_balancer_0' is not driven
//  Warning: Net 'low_id_o[3]' in module 'bms_lmu_wrapper_bms_active_balancer_0' is not driven
//  Warning: Net 'low_id_o[2]' in module 'bms_lmu_wrapper_bms_active_balancer_0' is not driven
//  Warning: Net 'low_id_o[1]' in module 'bms_lmu_wrapper_bms_active_balancer_0' is not driven
//  Warning: Net 'low_id_o[0]' in module 'bms_lmu_wrapper_bms_active_balancer_0' is not driven
//  Warning: Net 'balance_busy' in module 'bms_lmu_wrapper_bms_active_balancer_0' is not driven
//  Warning: Net 'SUM[0]' in module 'bms_lmu_wrapper_bms_active_balancer_DW01_inc_J2_0_0' is not driven
//  Warning: Net 'EQ_NE' in module 'bms_lmu_wrapper_bms_active_balancer_DW_cmp_J2_6_0' is not driven
//  Warning: Net 'EQ_NE' in module 'bms_lmu_wrapper_bms_active_balancer_DW_cmp_J2_8_0' is not driven
//  Warning: Net 'EQ_NE' in module 'bms_lmu_wrapper_bms_active_balancer_DW_cmp_J2_10_0' is not driven
//  Warning: Net 'EQ_NE' in module 'bms_lmu_wrapper_bms_active_balancer_DW_cmp_J2_12_0' is not driven
//  Warning: Net 'EQ_NE' in module 'bms_lmu_wrapper_bms_active_balancer_DW_cmp_J2_14_0' is not driven
//  Warning: Net 'EQ_NE' in module 'bms_lmu_wrapper_bms_active_balancer_DW_cmp_J2_16_0' is not driven
//  Warning: Net 'EQ_NE' in module 'bms_lmu_wrapper_bms_active_balancer_DW_cmp_J2_18_0' is not driven
//  Warning: Net 'EQ_NE' in module 'bms_lmu_wrapper_bms_active_balancer_DW_cmp_J2_20_0' is not driven
//  Warning: Net 'EQ_NE' in module 'bms_lmu_wrapper_bms_active_balancer_DW_cmp_J2_22_0' is not driven
//  Warning: Net 'EQ_NE' in module 'bms_lmu_wrapper_bms_active_balancer_DW_cmp_J2_24_0' is not driven
//  Warning: Net 'EQ_NE' in module 'bms_lmu_wrapper_bms_active_balancer_DW_cmp_J2_26_0' is not driven
//  Warning: Net 'EQ_NE' in module 'bms_lmu_wrapper_bms_active_balancer_DW_cmp_J2_28_0' is not driven
//  Warning: Net 'EQ_NE' in module 'bms_lmu_wrapper_bms_active_balancer_DW_cmp_J2_30_0' is not driven
//  Warning: Net 'EQ_NE' in module 'bms_lmu_wrapper_bms_active_balancer_DW_cmp_J2_32_0' is not driven
//  Warning: Net 'EQ_NE' in module 'bms_lmu_wrapper_bms_active_balancer_DW_cmp_J2_34_0' is not driven
//  Warning: Net 'CO' in module 'bms_lmu_wrapper_bms_active_balancer_DW01_sub_J20_0_0' is not driven
//  Warning: Net 'EQ_NE' in module 'bms_lmu_wrapper_bms_active_balancer_DW_cmp_J16_0_0' is not driven
//  Warning: Net 'EQ_NE' in module 'bms_lmu_wrapper_bms_active_balancer_DW_cmp_J17_0_0' is not driven
//  Warning: Net 'EQ_NE' in module 'bms_lmu_wrapper_bms_active_balancer_DW_cmp_J18_0_0' is not driven
//  Warning: Net 'EQ_NE' in module 'bms_lmu_wrapper_bms_active_balancer_DW_cmp_J15_0_0' is not driven
//  Warning: Net 'EQ_NE' in module 'bms_lmu_wrapper_bms_active_balancer_DW_cmp_J19_0_0' is not driven
//  Warning: Net 'EQ_NE' in module 'bms_lmu_wrapper_bms_active_balancer_DW_cmp_J16_1_0' is not driven
//  Warning: Net 'EQ_NE' in module 'bms_lmu_wrapper_bms_active_balancer_DW_cmp_J20_0_0' is not driven
//  Warning: Net 'EQ_NE' in module 'bms_lmu_wrapper_bms_active_balancer_DW_cmp_J17_1_0' is not driven
//  Warning: Net 'EQ_NE' in module 'bms_lmu_wrapper_bms_active_balancer_DW_cmp_0_0' is not driven
//  Warning: Net 'EQ_NE' in module 'bms_lmu_wrapper_bms_active_balancer_DW_cmp_J21_0_0' is not driven
//  Warning: Net 'EQ_NE' in module 'bms_lmu_wrapper_bms_active_balancer_DW_cmp_J18_1_0' is not driven
//  Warning: Net 'EQ_NE' in module 'bms_lmu_wrapper_bms_active_balancer_DW_cmp_J16_2_0' is not driven
//  Warning: Net 'EQ_NE' in module 'bms_lmu_wrapper_bms_active_balancer_DW_cmp_J15_1_0' is not driven
//  Warning: Net 'EQ_NE' in module 'bms_lmu_wrapper_bms_active_balancer_DW_cmp_J19_1_0' is not driven
//  Warning: Net 'EQ_NE' in module 'bms_lmu_wrapper_bms_active_balancer_DW_cmp_J17_2_0' is not driven
//  Warning: Net 'sleep_mode' in module 'bms_lmu_wrapper_bms_power_mgmt_0' is not driven
//  Warning: Net 'can_frame[63]' in module 'bms_lmu_wrapper_bms_comm_hub_0' is not driven
//  Warning: Net 'can_frame[62]' in module 'bms_lmu_wrapper_bms_comm_hub_0' is not driven
//  Warning: Net 'can_frame[61]' in module 'bms_lmu_wrapper_bms_comm_hub_0' is not driven
//  Warning: Net 'can_frame[60]' in module 'bms_lmu_wrapper_bms_comm_hub_0' is not driven
//  Warning: Net 'can_frame[59]' in module 'bms_lmu_wrapper_bms_comm_hub_0' is not driven
//  Warning: Net 'can_frame[58]' in module 'bms_lmu_wrapper_bms_comm_hub_0' is not driven
//  Warning: Net 'can_frame[57]' in module 'bms_lmu_wrapper_bms_comm_hub_0' is not driven
//  Warning: Net 'can_frame[56]' in module 'bms_lmu_wrapper_bms_comm_hub_0' is not driven
//  Warning: Net 'can_frame[55]' in module 'bms_lmu_wrapper_bms_comm_hub_0' is not driven
//  Warning: Net 'can_frame[54]' in module 'bms_lmu_wrapper_bms_comm_hub_0' is not driven
//  Warning: Net 'can_frame[53]' in module 'bms_lmu_wrapper_bms_comm_hub_0' is not driven
//  Warning: Net 'can_frame[52]' in module 'bms_lmu_wrapper_bms_comm_hub_0' is not driven
//  Warning: Net 'can_frame[51]' in module 'bms_lmu_wrapper_bms_comm_hub_0' is not driven
//  Warning: Net 'can_frame[50]' in module 'bms_lmu_wrapper_bms_comm_hub_0' is not driven
//  Warning: Net 'can_frame[49]' in module 'bms_lmu_wrapper_bms_comm_hub_0' is not driven
//  Warning: Net 'can_frame[48]' in module 'bms_lmu_wrapper_bms_comm_hub_0' is not driven
//  Warning: Net 'can_frame[47]' in module 'bms_lmu_wrapper_bms_comm_hub_0' is not driven
//  Warning: Net 'can_frame[46]' in module 'bms_lmu_wrapper_bms_comm_hub_0' is not driven
//  Warning: Net 'can_frame[45]' in module 'bms_lmu_wrapper_bms_comm_hub_0' is not driven
//  Warning: Net 'can_frame[44]' in module 'bms_lmu_wrapper_bms_comm_hub_0' is not driven
//  Warning: Net 'can_frame[43]' in module 'bms_lmu_wrapper_bms_comm_hub_0' is not driven
//  Warning: Net 'can_frame[42]' in module 'bms_lmu_wrapper_bms_comm_hub_0' is not driven
//  Warning: Net 'can_frame[41]' in module 'bms_lmu_wrapper_bms_comm_hub_0' is not driven
//  Warning: Net 'can_frame[40]' in module 'bms_lmu_wrapper_bms_comm_hub_0' is not driven
//  Warning: Net 'can_frame[39]' in module 'bms_lmu_wrapper_bms_comm_hub_0' is not driven
//  Warning: Net 'can_frame[38]' in module 'bms_lmu_wrapper_bms_comm_hub_0' is not driven
//  Warning: Net 'can_frame[37]' in module 'bms_lmu_wrapper_bms_comm_hub_0' is not driven
//  Warning: Net 'can_frame[36]' in module 'bms_lmu_wrapper_bms_comm_hub_0' is not driven
//  Warning: Net 'can_frame[35]' in module 'bms_lmu_wrapper_bms_comm_hub_0' is not driven
//  Warning: Net 'can_frame[34]' in module 'bms_lmu_wrapper_bms_comm_hub_0' is not driven
//  Warning: Net 'can_frame[33]' in module 'bms_lmu_wrapper_bms_comm_hub_0' is not driven
//  Warning: Net 'can_frame[32]' in module 'bms_lmu_wrapper_bms_comm_hub_0' is not driven
//  Warning: Net 'can_frame[31]' in module 'bms_lmu_wrapper_bms_comm_hub_0' is not driven
//  Warning: Net 'can_frame[30]' in module 'bms_lmu_wrapper_bms_comm_hub_0' is not driven
//  Warning: Net 'can_frame[29]' in module 'bms_lmu_wrapper_bms_comm_hub_0' is not driven
//  Warning: Net 'can_frame[28]' in module 'bms_lmu_wrapper_bms_comm_hub_0' is not driven
//  Warning: Net 'can_frame[27]' in module 'bms_lmu_wrapper_bms_comm_hub_0' is not driven
//  Warning: Net 'can_frame[26]' in module 'bms_lmu_wrapper_bms_comm_hub_0' is not driven
//  Warning: Net 'can_frame[25]' in module 'bms_lmu_wrapper_bms_comm_hub_0' is not driven
//  Warning: Net 'can_frame[24]' in module 'bms_lmu_wrapper_bms_comm_hub_0' is not driven
//  Warning: Net 'can_frame[23]' in module 'bms_lmu_wrapper_bms_comm_hub_0' is not driven
//  Warning: Net 'can_frame[22]' in module 'bms_lmu_wrapper_bms_comm_hub_0' is not driven
//  Warning: Net 'can_frame[21]' in module 'bms_lmu_wrapper_bms_comm_hub_0' is not driven
//  Warning: Net 'can_frame[20]' in module 'bms_lmu_wrapper_bms_comm_hub_0' is not driven
//  Warning: Net 'can_frame[19]' in module 'bms_lmu_wrapper_bms_comm_hub_0' is not driven
//  Warning: Net 'can_frame[18]' in module 'bms_lmu_wrapper_bms_comm_hub_0' is not driven
//  Warning: Net 'can_frame[17]' in module 'bms_lmu_wrapper_bms_comm_hub_0' is not driven
//  Warning: Net 'can_frame[16]' in module 'bms_lmu_wrapper_bms_comm_hub_0' is not driven
//  Warning: Net 'can_frame[15]' in module 'bms_lmu_wrapper_bms_comm_hub_0' is not driven
//  Warning: Net 'can_frame[14]' in module 'bms_lmu_wrapper_bms_comm_hub_0' is not driven
//  Warning: Net 'can_frame[13]' in module 'bms_lmu_wrapper_bms_comm_hub_0' is not driven
//  Warning: Net 'can_frame[12]' in module 'bms_lmu_wrapper_bms_comm_hub_0' is not driven
//  Warning: Net 'can_frame[11]' in module 'bms_lmu_wrapper_bms_comm_hub_0' is not driven
//  Warning: Net 'can_frame[10]' in module 'bms_lmu_wrapper_bms_comm_hub_0' is not driven
//  Warning: Net 'can_frame[9]' in module 'bms_lmu_wrapper_bms_comm_hub_0' is not driven
//  Warning: Net 'can_frame[8]' in module 'bms_lmu_wrapper_bms_comm_hub_0' is not driven
//  Warning: Net 'tx_ready' in module 'bms_lmu_wrapper_bms_uart_tx_0' is not driven
//  Warning: Net 'SUM[0]' in module 'bms_lmu_wrapper_bms_uart_tx_DW01_inc_J4_0_0' is not driven
//  Warning: Net 'rx_byte[7]' in module 'bms_lmu_wrapper_bms_spi_slave_0' is not driven
//  Warning: Net 'rx_byte[6]' in module 'bms_lmu_wrapper_bms_spi_slave_0' is not driven
//  Warning: Net 'rx_byte[5]' in module 'bms_lmu_wrapper_bms_spi_slave_0' is not driven
//  Warning: Net 'rx_byte[4]' in module 'bms_lmu_wrapper_bms_spi_slave_0' is not driven
//  Warning: Net 'rx_byte[3]' in module 'bms_lmu_wrapper_bms_spi_slave_0' is not driven
//  Warning: Net 'rx_byte[2]' in module 'bms_lmu_wrapper_bms_spi_slave_0' is not driven
//  Warning: Net 'rx_byte[1]' in module 'bms_lmu_wrapper_bms_spi_slave_0' is not driven
//  Warning: Net 'rx_byte[0]' in module 'bms_lmu_wrapper_bms_spi_slave_0' is not driven
//  Warning: Net 'rx_valid' in module 'bms_lmu_wrapper_bms_spi_slave_0' is not driven
//  Warning: Net 'frame_data[63]' in module 'bms_lmu_wrapper_bms_can_status_if_0' is not driven
//  Warning: Net 'frame_data[62]' in module 'bms_lmu_wrapper_bms_can_status_if_0' is not driven
//  Warning: Net 'frame_data[61]' in module 'bms_lmu_wrapper_bms_can_status_if_0' is not driven
//  Warning: Net 'frame_data[60]' in module 'bms_lmu_wrapper_bms_can_status_if_0' is not driven
//  Warning: Net 'frame_data[59]' in module 'bms_lmu_wrapper_bms_can_status_if_0' is not driven
//  Warning: Net 'frame_data[58]' in module 'bms_lmu_wrapper_bms_can_status_if_0' is not driven
//  Warning: Net 'frame_data[57]' in module 'bms_lmu_wrapper_bms_can_status_if_0' is not driven
//  Warning: Net 'frame_data[56]' in module 'bms_lmu_wrapper_bms_can_status_if_0' is not driven
//  Warning: Net 'frame_data[55]' in module 'bms_lmu_wrapper_bms_can_status_if_0' is not driven
//  Warning: Net 'frame_data[54]' in module 'bms_lmu_wrapper_bms_can_status_if_0' is not driven
//  Warning: Net 'frame_data[53]' in module 'bms_lmu_wrapper_bms_can_status_if_0' is not driven
//  Warning: Net 'frame_data[52]' in module 'bms_lmu_wrapper_bms_can_status_if_0' is not driven
//  Warning: Net 'frame_data[51]' in module 'bms_lmu_wrapper_bms_can_status_if_0' is not driven
//  Warning: Net 'frame_data[50]' in module 'bms_lmu_wrapper_bms_can_status_if_0' is not driven
//  Warning: Net 'frame_data[49]' in module 'bms_lmu_wrapper_bms_can_status_if_0' is not driven
//  Warning: Net 'frame_data[48]' in module 'bms_lmu_wrapper_bms_can_status_if_0' is not driven
//  Warning: Net 'frame_data[47]' in module 'bms_lmu_wrapper_bms_can_status_if_0' is not driven
//  Warning: Net 'frame_data[46]' in module 'bms_lmu_wrapper_bms_can_status_if_0' is not driven
//  Warning: Net 'frame_data[45]' in module 'bms_lmu_wrapper_bms_can_status_if_0' is not driven
//  Warning: Net 'frame_data[44]' in module 'bms_lmu_wrapper_bms_can_status_if_0' is not driven
//  Warning: Net 'frame_data[43]' in module 'bms_lmu_wrapper_bms_can_status_if_0' is not driven
//  Warning: Net 'frame_data[42]' in module 'bms_lmu_wrapper_bms_can_status_if_0' is not driven
//  Warning: Net 'frame_data[41]' in module 'bms_lmu_wrapper_bms_can_status_if_0' is not driven
//  Warning: Net 'frame_data[40]' in module 'bms_lmu_wrapper_bms_can_status_if_0' is not driven
//  Warning: Net 'frame_data[39]' in module 'bms_lmu_wrapper_bms_can_status_if_0' is not driven
//  Warning: Net 'frame_data[38]' in module 'bms_lmu_wrapper_bms_can_status_if_0' is not driven
//  Warning: Net 'frame_data[37]' in module 'bms_lmu_wrapper_bms_can_status_if_0' is not driven
//  Warning: Net 'frame_data[36]' in module 'bms_lmu_wrapper_bms_can_status_if_0' is not driven
//  Warning: Net 'frame_data[35]' in module 'bms_lmu_wrapper_bms_can_status_if_0' is not driven
//  Warning: Net 'frame_data[34]' in module 'bms_lmu_wrapper_bms_can_status_if_0' is not driven
//  Warning: Net 'frame_data[33]' in module 'bms_lmu_wrapper_bms_can_status_if_0' is not driven
//  Warning: Net 'frame_data[32]' in module 'bms_lmu_wrapper_bms_can_status_if_0' is not driven
//  Warning: Net 'frame_data[31]' in module 'bms_lmu_wrapper_bms_can_status_if_0' is not driven
//  Warning: Net 'frame_data[30]' in module 'bms_lmu_wrapper_bms_can_status_if_0' is not driven
//  Warning: Net 'frame_data[29]' in module 'bms_lmu_wrapper_bms_can_status_if_0' is not driven
//  Warning: Net 'frame_data[28]' in module 'bms_lmu_wrapper_bms_can_status_if_0' is not driven
//  Warning: Net 'frame_data[27]' in module 'bms_lmu_wrapper_bms_can_status_if_0' is not driven
//  Warning: Net 'frame_data[26]' in module 'bms_lmu_wrapper_bms_can_status_if_0' is not driven
//  Warning: Net 'frame_data[25]' in module 'bms_lmu_wrapper_bms_can_status_if_0' is not driven
//  Warning: Net 'frame_data[24]' in module 'bms_lmu_wrapper_bms_can_status_if_0' is not driven
//  Warning: Net 'frame_data[23]' in module 'bms_lmu_wrapper_bms_can_status_if_0' is not driven
//  Warning: Net 'frame_data[22]' in module 'bms_lmu_wrapper_bms_can_status_if_0' is not driven
//  Warning: Net 'frame_data[21]' in module 'bms_lmu_wrapper_bms_can_status_if_0' is not driven
//  Warning: Net 'frame_data[20]' in module 'bms_lmu_wrapper_bms_can_status_if_0' is not driven
//  Warning: Net 'frame_data[19]' in module 'bms_lmu_wrapper_bms_can_status_if_0' is not driven
//  Warning: Net 'frame_data[18]' in module 'bms_lmu_wrapper_bms_can_status_if_0' is not driven
//  Warning: Net 'frame_data[17]' in module 'bms_lmu_wrapper_bms_can_status_if_0' is not driven
//  Warning: Net 'frame_data[16]' in module 'bms_lmu_wrapper_bms_can_status_if_0' is not driven
//  Warning: Net 'frame_data[15]' in module 'bms_lmu_wrapper_bms_can_status_if_0' is not driven
//  Warning: Net 'frame_data[14]' in module 'bms_lmu_wrapper_bms_can_status_if_0' is not driven
//  Warning: Net 'frame_data[13]' in module 'bms_lmu_wrapper_bms_can_status_if_0' is not driven
//  Warning: Net 'frame_data[12]' in module 'bms_lmu_wrapper_bms_can_status_if_0' is not driven
//  Warning: Net 'frame_data[11]' in module 'bms_lmu_wrapper_bms_can_status_if_0' is not driven
//  Warning: Net 'frame_data[10]' in module 'bms_lmu_wrapper_bms_can_status_if_0' is not driven
//  Warning: Net 'frame_data[9]' in module 'bms_lmu_wrapper_bms_can_status_if_0' is not driven
//  Warning: Net 'frame_data[8]' in module 'bms_lmu_wrapper_bms_can_status_if_0' is not driven
//  command: set_design_level sub_block
//  command: analyze_control_signals -auto
//  Error: Undefined module '\**SEQGEN** ' found.
//  Error: Instance of undefined model found. Check black box warnings and use add_black_boxes -auto to make these default black box models.
